D 15:43:52.3262200 GameState.DebugPrintPowerList() - Count=38
D 15:43:52.3262200 GameState.DebugPrintPower() - CREATE_GAME
D 15:43:52.3262200 GameState.DebugPrintPower() -     GameEntity EntityID=16
D 15:43:52.3262200 GameState.DebugPrintPower() -         tag=CARDTYPE value=GAME
D 15:43:52.3262200 GameState.DebugPrintPower() -         tag=ZONE value=PLAY
D 15:43:52.3262200 GameState.DebugPrintPower() -         tag=ENTITY_ID value=16
D 15:43:52.3262200 GameState.DebugPrintPower() -         tag=937 value=3459
D 15:43:52.3262200 GameState.DebugPrintPower() -         tag=END_TURN_BUTTON_ALTERNATIVE_APPEARANCE value=3
D 15:43:52.3262200 GameState.DebugPrintPower() -         tag=COIN_MANA_GEM value=1
D 15:43:52.3262200 GameState.DebugPrintPower() -         tag=TECH_LEVEL_MANA_GEM value=1
D 15:43:52.3262200 GameState.DebugPrintPower() -         tag=DISABLE_TURN_INDICATORS value=1
D 15:43:52.3262200 GameState.DebugPrintPower() -         tag=SUPPRESS_ALL_SUMMON_VO value=1
D 15:43:52.3262200 GameState.DebugPrintPower() -         tag=ALWAYS_USE_FAST_ACTOR_TRIGGERS value=1
D 15:43:52.3262200 GameState.DebugPrintPower() -         tag=1488 value=1
D 15:43:52.3262200 GameState.DebugPrintPower() -         tag=DISABLE_NONHERO_GOLDEN_ANIMATIONS value=1
D 15:43:52.3262200 GameState.DebugPrintPower() -         tag=ALLOW_GAME_SPEEDUP value=1
D 15:43:52.3262200 GameState.DebugPrintPower() -         tag=1543 value=1
D 15:43:52.3262200 GameState.DebugPrintPower() -         tag=SPAWN_TIME_COUNT value=1
D 15:43:52.3262200 GameState.DebugPrintPower() -         tag=COIN_MANA_GEM_FOR_CHOICE_CARDS value=1
D 15:43:52.3262200 GameState.DebugPrintPower() -         tag=GAME_SEED value=224283679
D 15:43:52.3262200 GameState.DebugPrintPower() -         tag=2053 value=57110
D 15:43:52.3262200 GameState.DebugPrintPower() -         tag=BACON_BUDDY_ENABLED value=1
D 15:43:52.3262200 GameState.DebugPrintPower() -         tag=2955 value=1
D 15:43:52.3262200 GameState.DebugPrintPower() -         tag=2956 value=1
D 15:43:52.3262200 GameState.DebugPrintPower() -         tag=3032 value=1
D 15:43:52.3262200 GameState.DebugPrintPower() -         tag=3033 value=1
D 15:43:52.3262200 GameState.DebugPrintPower() -         tag=3084 value=1
D 15:43:52.3262200 GameState.DebugPrintPower() -         tag=3165 value=1
D 15:43:52.3262200 GameState.DebugPrintPower() -         tag=3169 value=1
D 15:43:52.3262200 GameState.DebugPrintPower() -         tag=3170 value=1
D 15:43:52.3262200 GameState.DebugPrintPower() -         tag=BACON_DUOS_PUNISH_LEAVERS value=1
D 15:43:52.3262200 GameState.DebugPrintPower() -     Player EntityID=17 PlayerID=6 GameAccountId=[hi=144115198130930503 lo=79121057]
D 15:43:52.3262200 GameState.DebugPrintPower() -         tag=CONTROLLER value=6
D 15:43:52.3262200 GameState.DebugPrintPower() -         tag=CARDTYPE value=PLAYER
D 15:43:52.3262200 GameState.DebugPrintPower() -         tag=PLAYER_ID value=6
D 15:43:52.3262200 GameState.DebugPrintPower() -         tag=HERO_ENTITY value=35
D 15:43:52.3262200 GameState.DebugPrintPower() -         tag=MAXHANDSIZE value=10
D 15:43:52.3262200 GameState.DebugPrintPower() -         tag=STARTHANDSIZE value=4
D 15:43:52.3262200 GameState.DebugPrintPower() -         tag=TEAM_ID value=6
D 15:43:52.3262200 GameState.DebugPrintPower() -         tag=ZONE value=PLAY
D 15:43:52.3262200 GameState.DebugPrintPower() -         tag=ENTITY_ID value=17
D 15:43:52.3262200 GameState.DebugPrintPower() -         tag=CANT_DRAW value=1
D 15:43:52.3262200 GameState.DebugPrintPower() -         tag=OVERRIDE_EMOTE_0 value=15
D 15:43:52.3262200 GameState.DebugPrintPower() -         tag=OVERRIDE_EMOTE_1 value=16
D 15:43:52.3262200 GameState.DebugPrintPower() -         tag=OVERRIDE_EMOTE_2 value=17
D 15:43:52.3262200 GameState.DebugPrintPower() -         tag=OVERRIDE_EMOTE_3 value=18
D 15:43:52.3262200 GameState.DebugPrintPower() -         tag=OVERRIDE_EMOTE_4 value=19
D 15:43:52.3262200 GameState.DebugPrintPower() -         tag=OVERRIDE_EMOTE_5 value=20
D 15:43:52.3262200 GameState.DebugPrintPower() -         tag=1355 value=1
D 15:43:52.3262200 GameState.DebugPrintPower() -         tag=NEXT_OPPONENT_PLAYER_ID value=5
D 15:43:52.3262200 GameState.DebugPrintPower() -         tag=PLAYER_TECH_LEVEL value=1
D 15:43:52.3262200 GameState.DebugPrintPower() -         tag=BACON_MAX_PLAYER_TECH_LEVEL value=6
D 15:43:52.3262200 GameState.DebugPrintPower() -         tag=SPAWN_TIME_COUNT value=1
D 15:43:52.3262200 GameState.DebugPrintPower() -         tag=BACON_NUMBER_HERO_REFRESH_AVAILABLE value=1
D 15:43:52.3262200 GameState.DebugPrintPower() -         tag=MAX_EXCAVATE_TIER value=2
D 15:43:52.3262200 GameState.DebugPrintPower() -     Player EntityID=18 PlayerID=14 GameAccountId=[hi=0 lo=0]
D 15:43:52.3262200 GameState.DebugPrintPower() -         tag=CONTROLLER value=14
D 15:43:52.3262200 GameState.DebugPrintPower() -         tag=CARDTYPE value=PLAYER
D 15:43:52.3262200 GameState.DebugPrintPower() -         tag=PLAYER_ID value=14
D 15:43:52.3262200 GameState.DebugPrintPower() -         tag=HERO_ENTITY value=62
D 15:43:52.3262200 GameState.DebugPrintPower() -         tag=MAXHANDSIZE value=10
D 15:43:52.3262200 GameState.DebugPrintPower() -         tag=STARTHANDSIZE value=4
D 15:43:52.3262200 GameState.DebugPrintPower() -         tag=TEAM_ID value=14
D 15:43:52.3262200 GameState.DebugPrintPower() -         tag=ZONE value=PLAY
D 15:43:52.3262200 GameState.DebugPrintPower() -         tag=ENTITY_ID value=18
D 15:43:52.3262200 GameState.DebugPrintPower() -         tag=CANT_DRAW value=1
D 15:43:52.3262200 GameState.DebugPrintPower() -         tag=OVERRIDE_EMOTE_0 value=15
D 15:43:52.3262200 GameState.DebugPrintPower() -         tag=OVERRIDE_EMOTE_1 value=16
D 15:43:52.3262200 GameState.DebugPrintPower() -         tag=OVERRIDE_EMOTE_2 value=17
D 15:43:52.3262200 GameState.DebugPrintPower() -         tag=OVERRIDE_EMOTE_3 value=18
D 15:43:52.3262200 GameState.DebugPrintPower() -         tag=OVERRIDE_EMOTE_4 value=19
D 15:43:52.3262200 GameState.DebugPrintPower() -         tag=OVERRIDE_EMOTE_5 value=20
D 15:43:52.3262200 GameState.DebugPrintPower() -         tag=BACON_DUMMY_PLAYER value=1
D 15:43:52.3262200 GameState.DebugPrintPower() -         tag=SUPPRESS_SUMMON_VO_FOR_PLAYER value=1
D 15:43:52.3262200 GameState.DebugPrintPower() -         tag=SPAWN_TIME_COUNT value=1
D 15:43:52.3262200 GameState.DebugPrintPower() -         tag=MAX_EXCAVATE_TIER value=2
D 15:43:52.3262200 GameState.DebugPrintPower() - FULL_ENTITY - Creating ID=35 CardID=TB_BaconShop_HERO_PH
D 15:43:52.3262200 GameState.DebugPrintPower() -     tag=CONTROLLER value=6
D 15:43:52.3262200 GameState.DebugPrintPower() -     tag=CARDTYPE value=HERO
D 15:43:52.3262200 GameState.DebugPrintPower() -     tag=HEALTH value=30
D 15:43:52.3262200 GameState.DebugPrintPower() -     tag=ZONE value=PLAY
D 15:43:52.3262200 GameState.DebugPrintPower() -     tag=ENTITY_ID value=35
D 15:43:52.3262200 GameState.DebugPrintPower() -     tag=SPAWN_TIME_COUNT value=1
D 15:43:52.3262200 GameState.DebugPrintPower() -     tag=HAS_ACTIVATE_POWER value=1
D 15:43:52.3262200 GameState.DebugPrintPower() -     tag=3085 value=30
D 15:43:52.3262200 GameState.DebugPrintPower() -     tag=3234 value=1
D 15:43:52.3262200 GameState.DebugPrintPower() - FULL_ENTITY - Creating ID=36 CardID=TB_BaconShop_HERO_PH
D 15:43:52.3262200 GameState.DebugPrintPower() -     tag=CONTROLLER value=14
D 15:43:52.3262200 GameState.DebugPrintPower() -     tag=CARDTYPE value=HERO
D 15:43:52.3262200 GameState.DebugPrintPower() -     tag=HEALTH value=30
D 15:43:52.3262200 GameState.DebugPrintPower() -     tag=ZONE value=SETASIDE
D 15:43:52.3262200 GameState.DebugPrintPower() -     tag=ENTITY_ID value=36
D 15:43:52.3262200 GameState.DebugPrintPower() -     tag=REVEALED value=1
D 15:43:52.3262200 GameState.DebugPrintPower() -     tag=SPAWN_TIME_COUNT value=1
D 15:43:52.3262200 GameState.DebugPrintPower() -     tag=HAS_ACTIVATE_POWER value=1
D 15:43:52.3262200 GameState.DebugPrintPower() -     tag=3085 value=30
D 15:43:52.3262200 GameState.DebugPrintPower() -     tag=3234 value=1
D 15:43:52.3262200 GameState.DebugPrintPower() - FULL_ENTITY - Creating ID=61 CardID=TB_BaconShop_HERO_KelThuzad
D 15:43:52.3262200 GameState.DebugPrintPower() -     tag=CONTROLLER value=6
D 15:43:52.3262200 GameState.DebugPrintPower() -     tag=CARDTYPE value=HERO
D 15:43:52.3262200 GameState.DebugPrintPower() -     tag=ZONE value=SETASIDE
D 15:43:52.3262200 GameState.DebugPrintPower() -     tag=ENTITY_ID value=61
D 15:43:52.3262200 GameState.DebugPrintPower() -     tag=FACTION value=NEUTRAL
D 15:43:52.3262200 GameState.DebugPrintPower() -     tag=CANT_BE_DESTROYED value=1
D 15:43:52.3262200 GameState.DebugPrintPower() -     tag=CREATOR value=16
D 15:43:52.3262200 GameState.DebugPrintPower() -     tag=BACON_IS_KEL_THUZAD value=1
D 15:43:52.3262200 GameState.DebugPrintPower() -     tag=SUPPRESS_ALL_SUMMON_VO value=1
D 15:43:52.3262200 GameState.DebugPrintPower() -     tag=SPAWN_TIME_COUNT value=1
D 15:43:52.3262200 GameState.DebugPrintPower() -     tag=HAS_ACTIVATE_POWER value=1
D 15:43:52.3262200 GameState.DebugPrintPower() - FULL_ENTITY - Creating ID=62 CardID=TB_BaconShopBob
D 15:43:52.3262200 GameState.DebugPrintPower() -     tag=CONTROLLER value=14
D 15:43:52.3262200 GameState.DebugPrintPower() -     tag=CARDTYPE value=HERO
D 15:43:52.3262200 GameState.DebugPrintPower() -     tag=HEALTH value=60
D 15:43:52.3262200 GameState.DebugPrintPower() -     tag=ZONE value=PLAY
D 15:43:52.3262200 GameState.DebugPrintPower() -     tag=ENTITY_ID value=62
D 15:43:52.3262200 GameState.DebugPrintPower() -     tag=RARITY value=FREE
D 15:43:52.3262200 GameState.DebugPrintPower() -     tag=LINKED_ENTITY value=36
D 15:43:52.3262200 GameState.DebugPrintPower() -     tag=CREATOR value=16
D 15:43:52.3262200 GameState.DebugPrintPower() -     tag=HIDE_STATS value=1
D 15:43:52.3262200 GameState.DebugPrintPower() -     tag=HIDE_HEALTH value=1
D 15:43:52.3262200 GameState.DebugPrintPower() -     tag=SUPPRESS_ALL_SUMMON_VO value=1
D 15:43:52.3262200 GameState.DebugPrintPower() -     tag=SPAWN_TIME_COUNT value=1
D 15:43:52.3262200 GameState.DebugPrintPower() -     tag=HAS_ACTIVATE_POWER value=1
D 15:43:52.3262200 GameState.DebugPrintPower() -     tag=3085 value=60
D 15:43:52.3262200 GameState.DebugPrintPower() - FULL_ENTITY - Creating ID=63 CardID=TB_BaconShop_8P_PlayerE
D 15:43:52.3262200 GameState.DebugPrintPower() -     tag=CONTROLLER value=6
D 15:43:52.3262200 GameState.DebugPrintPower() -     tag=CARDTYPE value=ENCHANTMENT
D 15:43:52.3262200 GameState.DebugPrintPower() -     tag=ATTACHED value=17
D 15:43:52.3262200 GameState.DebugPrintPower() -     tag=ZONE value=PLAY
D 15:43:52.3262200 GameState.DebugPrintPower() -     tag=ENTITY_ID value=63
D 15:43:52.3262200 GameState.DebugPrintPower() -     tag=CREATOR value=17
D 15:43:52.3262200 GameState.DebugPrintPower() -     tag=SPAWN_TIME_COUNT value=1
D 15:43:52.3262200 GameState.DebugPrintPower() -     tag=1724 value=1
D 15:43:52.3262200 GameState.DebugPrintPower() -     tag=SHOW_DISCOVER_FROM_DECK value=1
D 15:43:52.3262200 GameState.DebugPrintPower() -     tag=2882 value=1
D 15:43:52.3262200 GameState.DebugPrintPower() - FULL_ENTITY - Creating ID=64 CardID=TB_BaconShop_3ofKindChecke
D 15:43:52.3262200 GameState.DebugPrintPower() -     tag=CONTROLLER value=6
D 15:43:52.3262200 GameState.DebugPrintPower() -     tag=CARDTYPE value=ENCHANTMENT
D 15:43:52.3262200 GameState.DebugPrintPower() -     tag=ATTACHED value=17
D 15:43:52.3262200 GameState.DebugPrintPower() -     tag=ZONE value=PLAY
D 15:43:52.3262200 GameState.DebugPrintPower() -     tag=ENTITY_ID value=64
D 15:43:52.3262200 GameState.DebugPrintPower() -     tag=CREATOR value=17
D 15:43:52.3262200 GameState.DebugPrintPower() -     tag=SPAWN_TIME_COUNT value=1
D 15:43:52.3262200 GameState.DebugPrintPower() - TAG_CHANGE Entity=16 tag=STATE value=RUNNING 
D 15:43:52.3262200 GameState.DebugPrintPower() - TAG_CHANGE Entity=17 tag=PLAYSTATE value=PLAYING 
D 15:43:52.3262200 GameState.DebugPrintPower() - TAG_CHANGE Entity=18 tag=PLAYSTATE value=PLAYING 
D 15:43:52.3262200 GameState.DebugPrintPower() - BLOCK_START BlockType=TRIGGER Entity=16 EffectCardId=System.Collections.Generic.List`1[System.String] EffectIndex=0 Target=0 SubOption=-1 TriggerKeyword=3169
D 15:43:52.3262200 GameState.DebugPrintPower() - BLOCK_END
D 15:43:52.3262200 GameState.DebugPrintPower() - BLOCK_START BlockType=TRIGGER Entity=16 EffectCardId=System.Collections.Generic.List`1[System.String] EffectIndex=0 Target=0 SubOption=-1 TriggerKeyword=TAG_NOT_SET
D 15:43:52.3262200 GameState.DebugPrintPower() - BLOCK_END
D 15:43:52.3262200 GameState.DebugPrintPower() - BLOCK_START BlockType=TRIGGER Entity=16 EffectCardId=System.Collections.Generic.List`1[System.String] EffectIndex=0 Target=0 SubOption=-1 TriggerKeyword=TAG_NOT_SET
D 15:43:52.3262200 GameState.DebugPrintPower() - BLOCK_END
D 15:43:52.3262200 GameState.DebugPrintPower() - BLOCK_START BlockType=TRIGGER Entity=16 EffectCardId=System.Collections.Generic.List`1[System.String] EffectIndex=0 Target=0 SubOption=-1 TriggerKeyword=TAG_NOT_SET
D 15:43:52.3262200 GameState.DebugPrintPower() -     TAG_CHANGE Entity=18 tag=CURRENT_PLAYER value=1 
D 15:43:52.3262200 GameState.DebugPrintPower() -     TAG_CHANGE Entity=18 tag=FIRST_PLAYER value=1 
D 15:43:52.3262200 GameState.DebugPrintPower() -     TAG_CHANGE Entity=17 tag=NUM_TURNS_LEFT value=1 
D 15:43:52.3262200 GameState.DebugPrintPower() -     TAG_CHANGE Entity=18 tag=NUM_TURNS_LEFT value=1 
D 15:43:52.3262200 GameState.DebugPrintPower() -     TAG_CHANGE Entity=16 tag=10 value=60 
D 15:43:52.3262200 GameState.DebugPrintPower() -     TAG_CHANGE Entity=17 tag=TIMEOUT value=45 
D 15:43:52.3262200 GameState.DebugPrintPower() -     TAG_CHANGE Entity=16 tag=NEXT_STEP value=BEGIN_MULLIGAN 
D 15:43:52.3262200 GameState.DebugPrintPower() -     TAG_CHANGE Entity=16 tag=ALLOW_MOVE_MINION value=1 
D 15:43:52.3262200 GameState.DebugPrintPower() -     TAG_CHANGE Entity=16 tag=ALLOW_MOVE_BACON_SPELL value=1 
D 15:43:52.3262200 GameState.DebugPrintPower() -     TAG_CHANGE Entity=16 tag=FORCE_NO_CUSTOM_SUMMON_SPELLS value=1 
D 15:43:52.3262200 GameState.DebugPrintPower() -     TAG_CHANGE Entity=16 tag=FORCE_NO_CUSTOM_LIFETIME_SPELLS value=1 
D 15:43:52.3262200 GameState.DebugPrintPower() -     TAG_CHANGE Entity=16 tag=USE_FAST_ACTOR_TRANSITION_ANIMATIONS value=1 
D 15:43:52.3262200 GameState.DebugPrintPower() -     TAG_CHANGE Entity=16 tag=HIGHLIGHT_ATTACKING_MINION_DURING_COMBAT value=1 
D 15:43:52.3262200 GameState.DebugPrintPower() -     TAG_CHANGE Entity=16 tag=DONT_SUPPRESS_KEYWORD_VO value=1 
D 15:43:52.3262200 GameState.DebugPrintPower() -     TAG_CHANGE Entity=16 tag=BACON_USE_COIN_BASED_BUDDY_METER value=1 
D 15:43:52.3262200 GameState.DebugPrintPower() -     TAG_CHANGE Entity=16 tag=3488 value=1 
D 15:43:52.3262200 GameState.DebugPrintPower() -     TAG_CHANGE Entity=16 tag=TUTORIAL_HERO_POWER_TARGET_MINION_ANIM value=20 
D 15:43:52.3262200 GameState.DebugPrintPower() -     TAG_CHANGE Entity=16 tag=BACON_COMBAT_DAMAGE_CAP value=15 
D 15:43:52.3262200 GameState.DebugPrintPower() -     TAG_CHANGE Entity=16 tag=BACON_COMBAT_DAMAGE_CAP_ENABLED value=1 
D 15:43:52.3262200 GameState.DebugPrintPower() -     TAG_CHANGE Entity=16 tag=BACON_MAX_LEADERBOARD_ARMOR value=20 
D 15:43:52.3262200 GameState.DebugPrintPower() - BLOCK_END
D 15:43:52.3262200 GameState.DebugPrintGame() - BuildNumber=201392
D 15:43:52.3262200 GameState.DebugPrintGame() - GameType=GT_BATTLEGROUNDS
D 15:43:52.3262200 GameState.DebugPrintGame() - FormatType=FT_WILD
D 15:43:52.3262200 GameState.DebugPrintGame() - ScenarioID=3459
D 15:43:52.3262200 GameState.DebugPrintGame() - PlayerID=6, PlayerName=dymitrq#2316
D 15:43:52.3262200 GameState.DebugPrintGame() - PlayerID=14, PlayerName=VoleurRapide
D 15:43:52.3262200 PowerTaskList.DebugDump() - ID=1 ParentID=0 PreviousID=0 TaskCount=10
D 15:43:52.3262200 PowerTaskList.DebugDump() - Block Start=(null)
D 15:43:52.3262200 PowerTaskList.DebugPrintPower() -     CREATE_GAME
D 15:43:52.3262200 PowerTaskList.DebugPrintPower() -         GameEntity EntityID=16
D 15:43:52.3262200 PowerTaskList.DebugPrintPower() -             tag=CARDTYPE value=GAME
D 15:43:52.3262200 PowerTaskList.DebugPrintPower() -             tag=ZONE value=PLAY
D 15:43:52.3262200 PowerTaskList.DebugPrintPower() -             tag=ENTITY_ID value=16
D 15:43:52.3262200 PowerTaskList.DebugPrintPower() -             tag=937 value=3459
D 15:43:52.3262200 PowerTaskList.DebugPrintPower() -             tag=END_TURN_BUTTON_ALTERNATIVE_APPEARANCE value=3
D 15:43:52.3262200 PowerTaskList.DebugPrintPower() -             tag=COIN_MANA_GEM value=1
D 15:43:52.3262200 PowerTaskList.DebugPrintPower() -             tag=TECH_LEVEL_MANA_GEM value=1
D 15:43:52.3262200 PowerTaskList.DebugPrintPower() -             tag=DISABLE_TURN_INDICATORS value=1
D 15:43:52.3262200 PowerTaskList.DebugPrintPower() -             tag=SUPPRESS_ALL_SUMMON_VO value=1
D 15:43:52.3262200 PowerTaskList.DebugPrintPower() -             tag=ALWAYS_USE_FAST_ACTOR_TRIGGERS value=1
D 15:43:52.3262200 PowerTaskList.DebugPrintPower() -             tag=1488 value=1
D 15:43:52.3262200 PowerTaskList.DebugPrintPower() -             tag=DISABLE_NONHERO_GOLDEN_ANIMATIONS value=1
D 15:43:52.3262200 PowerTaskList.DebugPrintPower() -             tag=ALLOW_GAME_SPEEDUP value=1
D 15:43:52.3262200 PowerTaskList.DebugPrintPower() -             tag=1543 value=1
D 15:43:52.3262200 PowerTaskList.DebugPrintPower() -             tag=SPAWN_TIME_COUNT value=1
D 15:43:52.3262200 PowerTaskList.DebugPrintPower() -             tag=COIN_MANA_GEM_FOR_CHOICE_CARDS value=1
D 15:43:52.3262200 PowerTaskList.DebugPrintPower() -             tag=GAME_SEED value=224283679
D 15:43:52.3262200 PowerTaskList.DebugPrintPower() -             tag=2053 value=57110
D 15:43:52.3262200 PowerTaskList.DebugPrintPower() -             tag=BACON_BUDDY_ENABLED value=1
D 15:43:52.3262200 PowerTaskList.DebugPrintPower() -             tag=2955 value=1
D 15:43:52.3262200 PowerTaskList.DebugPrintPower() -             tag=2956 value=1
D 15:43:52.3262200 PowerTaskList.DebugPrintPower() -             tag=3032 value=1
D 15:43:52.3262200 PowerTaskList.DebugPrintPower() -             tag=3033 value=1
D 15:43:52.3262200 PowerTaskList.DebugPrintPower() -             tag=3084 value=1
D 15:43:52.3262200 PowerTaskList.DebugPrintPower() -             tag=3165 value=1
D 15:43:52.3262200 PowerTaskList.DebugPrintPower() -             tag=3169 value=1
D 15:43:52.3262200 PowerTaskList.DebugPrintPower() -             tag=3170 value=1
D 15:43:52.3262200 PowerTaskList.DebugPrintPower() -             tag=BACON_DUOS_PUNISH_LEAVERS value=1
D 15:43:52.3262200 PowerTaskList.DebugPrintPower() -         Player EntityID=17 PlayerID=6 GameAccountId=[hi=144115198130930503 lo=79121057]
D 15:43:52.3262200 PowerTaskList.DebugPrintPower() -             tag=CONTROLLER value=6
D 15:43:52.3262200 PowerTaskList.DebugPrintPower() -             tag=CARDTYPE value=PLAYER
D 15:43:52.3262200 PowerTaskList.DebugPrintPower() -             tag=PLAYER_ID value=6
D 15:43:52.3262200 PowerTaskList.DebugPrintPower() -             tag=HERO_ENTITY value=35
D 15:43:52.3262200 PowerTaskList.DebugPrintPower() -             tag=MAXHANDSIZE value=10
D 15:43:52.3262200 PowerTaskList.DebugPrintPower() -             tag=STARTHANDSIZE value=4
D 15:43:52.3262200 PowerTaskList.DebugPrintPower() -             tag=TEAM_ID value=6
D 15:43:52.3262200 PowerTaskList.DebugPrintPower() -             tag=ZONE value=PLAY
D 15:43:52.3262200 PowerTaskList.DebugPrintPower() -             tag=ENTITY_ID value=17
D 15:43:52.3262200 PowerTaskList.DebugPrintPower() -             tag=CANT_DRAW value=1
D 15:43:52.3262200 PowerTaskList.DebugPrintPower() -             tag=OVERRIDE_EMOTE_0 value=15
D 15:43:52.3262200 PowerTaskList.DebugPrintPower() -             tag=OVERRIDE_EMOTE_1 value=16
D 15:43:52.3262200 PowerTaskList.DebugPrintPower() -             tag=OVERRIDE_EMOTE_2 value=17
D 15:43:52.3262200 PowerTaskList.DebugPrintPower() -             tag=OVERRIDE_EMOTE_3 value=18
D 15:43:52.3262200 PowerTaskList.DebugPrintPower() -             tag=OVERRIDE_EMOTE_4 value=19
D 15:43:52.3262200 PowerTaskList.DebugPrintPower() -             tag=OVERRIDE_EMOTE_5 value=20
D 15:43:52.3262200 PowerTaskList.DebugPrintPower() -             tag=1355 value=1
D 15:43:52.3262200 PowerTaskList.DebugPrintPower() -             tag=NEXT_OPPONENT_PLAYER_ID value=5
D 15:43:52.3262200 PowerTaskList.DebugPrintPower() -             tag=PLAYER_TECH_LEVEL value=1
D 15:43:52.3262200 PowerTaskList.DebugPrintPower() -             tag=BACON_MAX_PLAYER_TECH_LEVEL value=6
D 15:43:52.3262200 PowerTaskList.DebugPrintPower() -             tag=SPAWN_TIME_COUNT value=1
D 15:43:52.3262200 PowerTaskList.DebugPrintPower() -             tag=BACON_NUMBER_HERO_REFRESH_AVAILABLE value=1
D 15:43:52.3262200 PowerTaskList.DebugPrintPower() -             tag=MAX_EXCAVATE_TIER value=2
D 15:43:52.3262200 PowerTaskList.DebugPrintPower() -         Player EntityID=18 PlayerID=14 GameAccountId=[hi=0 lo=0]
D 15:43:52.3262200 PowerTaskList.DebugPrintPower() -             tag=CONTROLLER value=14
D 15:43:52.3262200 PowerTaskList.DebugPrintPower() -             tag=CARDTYPE value=PLAYER
D 15:43:52.3262200 PowerTaskList.DebugPrintPower() -             tag=PLAYER_ID value=14
D 15:43:52.3262200 PowerTaskList.DebugPrintPower() -             tag=HERO_ENTITY value=62
D 15:43:52.3262200 PowerTaskList.DebugPrintPower() -             tag=MAXHANDSIZE value=10
D 15:43:52.3262200 PowerTaskList.DebugPrintPower() -             tag=STARTHANDSIZE value=4
D 15:43:52.3262200 PowerTaskList.DebugPrintPower() -             tag=TEAM_ID value=14
D 15:43:52.3262200 PowerTaskList.DebugPrintPower() -             tag=ZONE value=PLAY
D 15:43:52.3262200 PowerTaskList.DebugPrintPower() -             tag=ENTITY_ID value=18
D 15:43:52.3262200 PowerTaskList.DebugPrintPower() -             tag=CANT_DRAW value=1
D 15:43:52.3262200 PowerTaskList.DebugPrintPower() -             tag=OVERRIDE_EMOTE_0 value=15
D 15:43:52.3262200 PowerTaskList.DebugPrintPower() -             tag=OVERRIDE_EMOTE_1 value=16
D 15:43:52.3262200 PowerTaskList.DebugPrintPower() -             tag=OVERRIDE_EMOTE_2 value=17
D 15:43:52.3262200 PowerTaskList.DebugPrintPower() -             tag=OVERRIDE_EMOTE_3 value=18
D 15:43:52.3262200 PowerTaskList.DebugPrintPower() -             tag=OVERRIDE_EMOTE_4 value=19
D 15:43:52.3262200 PowerTaskList.DebugPrintPower() -             tag=OVERRIDE_EMOTE_5 value=20
D 15:43:52.3262200 PowerTaskList.DebugPrintPower() -             tag=BACON_DUMMY_PLAYER value=1
D 15:43:52.3262200 PowerTaskList.DebugPrintPower() -             tag=SUPPRESS_SUMMON_VO_FOR_PLAYER value=1
D 15:43:52.3262200 PowerTaskList.DebugPrintPower() -             tag=SPAWN_TIME_COUNT value=1
D 15:43:52.3262200 PowerTaskList.DebugPrintPower() -             tag=MAX_EXCAVATE_TIER value=2
D 15:43:52.3262200 PowerTaskList.DebugPrintPower() -     FULL_ENTITY - Updating [entityName=BaconPHhero id=35 zone=PLAY zonePos=0 cardId=TB_BaconShop_HERO_PH player=6] CardID=TB_BaconShop_HERO_PH
D 15:43:52.3262200 PowerTaskList.DebugPrintPower() -         tag=CONTROLLER value=6
D 15:43:52.3262200 PowerTaskList.DebugPrintPower() -         tag=CARDTYPE value=HERO
D 15:43:52.3262200 PowerTaskList.DebugPrintPower() -         tag=HEALTH value=30
D 15:43:52.3262200 PowerTaskList.DebugPrintPower() -         tag=ZONE value=PLAY
D 15:43:52.3262200 PowerTaskList.DebugPrintPower() -         tag=ENTITY_ID value=35
D 15:43:52.3262200 PowerTaskList.DebugPrintPower() -         tag=SPAWN_TIME_COUNT value=1
D 15:43:52.3262200 PowerTaskList.DebugPrintPower() -         tag=HAS_ACTIVATE_POWER value=1
D 15:43:52.3262200 PowerTaskList.DebugPrintPower() -         tag=3085 value=30
D 15:43:52.3262200 PowerTaskList.DebugPrintPower() -         tag=3234 value=1
D 15:43:52.3262200 PowerTaskList.DebugPrintPower() -     FULL_ENTITY - Updating [entityName=BaconPHhero id=36 zone=SETASIDE zonePos=0 cardId=TB_BaconShop_HERO_PH player=14] CardID=TB_BaconShop_HERO_PH
D 15:43:52.3262200 PowerTaskList.DebugPrintPower() -         tag=CONTROLLER value=14
D 15:43:52.3262200 PowerTaskList.DebugPrintPower() -         tag=CARDTYPE value=HERO
D 15:43:52.3262200 PowerTaskList.DebugPrintPower() -         tag=HEALTH value=30
D 15:43:52.3262200 PowerTaskList.DebugPrintPower() -         tag=ZONE value=SETASIDE
D 15:43:52.3262200 PowerTaskList.DebugPrintPower() -         tag=ENTITY_ID value=36
D 15:43:52.3262200 PowerTaskList.DebugPrintPower() -         tag=REVEALED value=1
D 15:43:52.3262200 PowerTaskList.DebugPrintPower() -         tag=SPAWN_TIME_COUNT value=1
D 15:43:52.3262200 PowerTaskList.DebugPrintPower() -         tag=HAS_ACTIVATE_POWER value=1
D 15:43:52.3262200 PowerTaskList.DebugPrintPower() -         tag=3085 value=30
D 15:43:52.3262200 PowerTaskList.DebugPrintPower() -         tag=3234 value=1
D 15:43:52.3262200 PowerTaskList.DebugPrintPower() -     FULL_ENTITY - Updating [entityName=Kel'Thuzad id=61 zone=SETASIDE zonePos=0 cardId=TB_BaconShop_HERO_KelThuzad player=6] CardID=TB_BaconShop_HERO_KelThuzad
D 15:43:52.3262200 PowerTaskList.DebugPrintPower() -         tag=CONTROLLER value=6
D 15:43:52.3262200 PowerTaskList.DebugPrintPower() -         tag=CARDTYPE value=HERO
D 15:43:52.3262200 PowerTaskList.DebugPrintPower() -         tag=ZONE value=SETASIDE
D 15:43:52.3262200 PowerTaskList.DebugPrintPower() -         tag=ENTITY_ID value=61
D 15:43:52.3262200 PowerTaskList.DebugPrintPower() -         tag=FACTION value=NEUTRAL
D 15:43:52.3262200 PowerTaskList.DebugPrintPower() -         tag=CANT_BE_DESTROYED value=1
D 15:43:52.3262200 PowerTaskList.DebugPrintPower() -         tag=CREATOR value=16
D 15:43:52.3262200 PowerTaskList.DebugPrintPower() -         tag=BACON_IS_KEL_THUZAD value=1
D 15:43:52.3262200 PowerTaskList.DebugPrintPower() -         tag=SUPPRESS_ALL_SUMMON_VO value=1
D 15:43:52.3262200 PowerTaskList.DebugPrintPower() -         tag=SPAWN_TIME_COUNT value=1
D 15:43:52.3262200 PowerTaskList.DebugPrintPower() -         tag=HAS_ACTIVATE_POWER value=1
D 15:43:52.3262200 PowerTaskList.DebugPrintPower() -     FULL_ENTITY - Updating [entityName=Bartender Bob id=62 zone=PLAY zonePos=0 cardId=TB_BaconShopBob player=14] CardID=TB_BaconShopBob
D 15:43:52.3262200 PowerTaskList.DebugPrintPower() -         tag=CONTROLLER value=14
D 15:43:52.3262200 PowerTaskList.DebugPrintPower() -         tag=CARDTYPE value=HERO
D 15:43:52.3262200 PowerTaskList.DebugPrintPower() -         tag=HEALTH value=60
D 15:43:52.3262200 PowerTaskList.DebugPrintPower() -         tag=ZONE value=PLAY
D 15:43:52.3262200 PowerTaskList.DebugPrintPower() -         tag=ENTITY_ID value=62
D 15:43:52.3262200 PowerTaskList.DebugPrintPower() -         tag=RARITY value=FREE
D 15:43:52.3262200 PowerTaskList.DebugPrintPower() -         tag=LINKED_ENTITY value=36
D 15:43:52.3262200 PowerTaskList.DebugPrintPower() -         tag=CREATOR value=16
D 15:43:52.3262200 PowerTaskList.DebugPrintPower() -         tag=HIDE_STATS value=1
D 15:43:52.3262200 PowerTaskList.DebugPrintPower() -         tag=HIDE_HEALTH value=1
D 15:43:52.3262200 PowerTaskList.DebugPrintPower() -         tag=SUPPRESS_ALL_SUMMON_VO value=1
D 15:43:52.3262200 PowerTaskList.DebugPrintPower() -         tag=SPAWN_TIME_COUNT value=1
D 15:43:52.3262200 PowerTaskList.DebugPrintPower() -         tag=HAS_ACTIVATE_POWER value=1
D 15:43:52.3262200 PowerTaskList.DebugPrintPower() -         tag=3085 value=60
D 15:43:52.3262200 PowerTaskList.DebugPrintPower() -     FULL_ENTITY - Updating [entityName=BaconShop8PlayerEnchant id=63 zone=PLAY zonePos=0 cardId=TB_BaconShop_8P_PlayerE player=6] CardID=TB_BaconShop_8P_PlayerE
D 15:43:52.3262200 PowerTaskList.DebugPrintPower() -         tag=CONTROLLER value=6
D 15:43:52.3262200 PowerTaskList.DebugPrintPower() -         tag=CARDTYPE value=ENCHANTMENT
D 15:43:52.3262200 PowerTaskList.DebugPrintPower() -         tag=ATTACHED value=17
D 15:43:52.3262200 PowerTaskList.DebugPrintPower() -         tag=ZONE value=PLAY
D 15:43:52.3262200 PowerTaskList.DebugPrintPower() -         tag=ENTITY_ID value=63
D 15:43:52.3262200 PowerTaskList.DebugPrintPower() -         tag=CREATOR value=17
D 15:43:52.3262200 PowerTaskList.DebugPrintPower() -         tag=SPAWN_TIME_COUNT value=1
D 15:43:52.3262200 PowerTaskList.DebugPrintPower() -         tag=1724 value=1
D 15:43:52.3262200 PowerTaskList.DebugPrintPower() -         tag=SHOW_DISCOVER_FROM_DECK value=1
D 15:43:52.3262200 PowerTaskList.DebugPrintPower() -         tag=2882 value=1
D 15:43:52.3262200 PowerTaskList.DebugPrintPower() -     FULL_ENTITY - Updating [entityName=3ofKindCheckPlayerEnchant id=64 zone=PLAY zonePos=0 cardId=TB_BaconShop_3ofKindChecke player=6] CardID=TB_BaconShop_3ofKindChecke
D 15:43:52.3262200 PowerTaskList.DebugPrintPower() -         tag=CONTROLLER value=6
D 15:43:52.3262200 PowerTaskList.DebugPrintPower() -         tag=CARDTYPE value=ENCHANTMENT
D 15:43:52.3262200 PowerTaskList.DebugPrintPower() -         tag=ATTACHED value=17
D 15:43:52.3262200 PowerTaskList.DebugPrintPower() -         tag=ZONE value=PLAY
D 15:43:52.3262200 PowerTaskList.DebugPrintPower() -         tag=ENTITY_ID value=64
D 15:43:52.3262200 PowerTaskList.DebugPrintPower() -         tag=CREATOR value=17
D 15:43:52.3262200 PowerTaskList.DebugPrintPower() -         tag=SPAWN_TIME_COUNT value=1
D 15:43:52.3262200 PowerTaskList.DebugPrintPower() -     TAG_CHANGE Entity=GameEntity tag=STATE value=RUNNING 
D 15:43:52.3262200 PowerTaskList.DebugPrintPower() -     TAG_CHANGE Entity=dymitrq#2316 tag=PLAYSTATE value=PLAYING 
D 15:43:52.3262200 PowerTaskList.DebugPrintPower() -     TAG_CHANGE Entity=VoleurRapide tag=PLAYSTATE value=PLAYING 
D 15:43:52.3262200 PowerTaskList.DebugDump() - Block End=(null)
D 15:43:52.3262200 PowerProcessor.PrepareHistoryForCurrentTaskList() - m_currentTaskList=1
D 15:43:52.6503724 GameState.DebugPrintPowerList() - Count=29
D 15:43:52.6503724 GameState.DebugPrintPower() - TAG_CHANGE Entity=GameEntity tag=STEP value=BEGIN_MULLIGAN 
D 15:43:52.6503724 GameState.DebugPrintPower() - BLOCK_START BlockType=TRIGGER Entity=GameEntity EffectCardId=System.Collections.Generic.List`1[System.String] EffectIndex=0 Target=0 SubOption=-1 TriggerKeyword=TAG_NOT_SET
D 15:43:52.6503724 GameState.DebugPrintPower() -     FULL_ENTITY - Creating ID=85 CardID=BG23_HERO_305_SKIN_B
D 15:43:52.6503724 GameState.DebugPrintPower() -         tag=CONTROLLER value=6
D 15:43:52.6503724 GameState.DebugPrintPower() -         tag=CARDTYPE value=HERO
D 15:43:52.6503724 GameState.DebugPrintPower() -         tag=HEALTH value=30
D 15:43:52.6503724 GameState.DebugPrintPower() -         tag=ZONE value=HAND
D 15:43:52.6503724 GameState.DebugPrintPower() -         tag=ENTITY_ID value=85
D 15:43:52.6503724 GameState.DebugPrintPower() -         tag=RARITY value=RARE
D 15:43:52.6503724 GameState.DebugPrintPower() -         tag=ZONE_POSITION value=1
D 15:43:52.6503724 GameState.DebugPrintPower() -         tag=NUM_TURNS_IN_HAND value=1
D 15:43:52.6503724 GameState.DebugPrintPower() -         tag=CREATOR value=16
D 15:43:52.6503724 GameState.DebugPrintPower() -         tag=HERO_POWER value=86292
D 15:43:52.6503724 GameState.DebugPrintPower() -         tag=SPAWN_TIME_COUNT value=1
D 15:43:52.6503724 GameState.DebugPrintPower() -         tag=BACON_SKIN value=1
D 15:43:52.6503724 GameState.DebugPrintPower() -         tag=BACON_SKIN_PARENT_ID value=86291
D 15:43:52.6503724 GameState.DebugPrintPower() -         tag=HAS_ACTIVATE_POWER value=1
D 15:43:52.6503724 GameState.DebugPrintPower() -         tag=3085 value=30
D 15:43:52.6503724 GameState.DebugPrintPower() -     TAG_CHANGE Entity=85 tag=ARMOR value=13 
D 15:43:52.6503724 GameState.DebugPrintPower() -     FULL_ENTITY - Creating ID=86 CardID=TB_BaconShop_HERO_702
D 15:43:52.6503724 GameState.DebugPrintPower() -         tag=CONTROLLER value=6
D 15:43:52.6503724 GameState.DebugPrintPower() -         tag=CARDTYPE value=HERO
D 15:43:52.6503724 GameState.DebugPrintPower() -         tag=HEALTH value=30
D 15:43:52.6503724 GameState.DebugPrintPower() -         tag=ZONE value=HAND
D 15:43:52.6503724 GameState.DebugPrintPower() -         tag=ENTITY_ID value=86
D 15:43:52.6503724 GameState.DebugPrintPower() -         tag=FACTION value=NEUTRAL
D 15:43:52.6503724 GameState.DebugPrintPower() -         tag=RARITY value=FREE
D 15:43:52.6503724 GameState.DebugPrintPower() -         tag=ZONE_POSITION value=2
D 15:43:52.6503724 GameState.DebugPrintPower() -         tag=NUM_TURNS_IN_HAND value=1
D 15:43:52.6503724 GameState.DebugPrintPower() -         tag=ARMOR value=19
D 15:43:52.6503724 GameState.DebugPrintPower() -         tag=CREATOR value=16
D 15:43:52.6503724 GameState.DebugPrintPower() -         tag=HERO_POWER value=97185
D 15:43:52.6503724 GameState.DebugPrintPower() -         tag=BACON_HERO_CAN_BE_DRAFTED value=1
D 15:43:52.6503724 GameState.DebugPrintPower() -         tag=SPAWN_TIME_COUNT value=1
D 15:43:52.6503724 GameState.DebugPrintPower() -         tag=1593 value=1
D 15:43:52.6503724 GameState.DebugPrintPower() -         tag=1594 value=1
D 15:43:52.6503724 GameState.DebugPrintPower() -         tag=1595 value=1
D 15:43:52.6503724 GameState.DebugPrintPower() -         tag=BACON_COMPANION_ID value=98690
D 15:43:52.6503724 GameState.DebugPrintPower() -         tag=2347 value=1
D 15:43:52.6503724 GameState.DebugPrintPower() -         tag=HAS_ACTIVATE_POWER value=1
D 15:43:52.6503724 GameState.DebugPrintPower() -         tag=3085 value=30
D 15:43:52.6503724 GameState.DebugPrintPower() -         tag=3190 value=100
D 15:43:52.6503724 GameState.DebugPrintPower() -         tag=3206 value=17
D 15:43:52.6503724 GameState.DebugPrintPower() -     TAG_CHANGE Entity=86 tag=2210 value=1 
D 15:43:52.6503724 GameState.DebugPrintPower() -     TAG_CHANGE Entity=86 tag=BATTLEGROUNDS_FAVORITE_FINISHER value=68 
D 15:43:52.6503724 GameState.DebugPrintPower() -     TAG_CHANGE Entity=86 tag=1068 value=6 
D 15:43:52.6503724 GameState.DebugPrintPower() -     TAG_CHANGE Entity=86 tag=1068 value=0 
D 15:43:52.6503724 GameState.DebugPrintPower() -     TAG_CHANGE Entity=86 tag=ZONE_POSITION value=0 
D 15:43:52.6503724 GameState.DebugPrintPower() -     TAG_CHANGE Entity=86 tag=ZONE value=SETASIDE 
D 15:43:52.6503724 GameState.DebugPrintPower() -     TAG_CHANGE Entity=86 tag=LAST_AFFECTED_BY value=16 
D 15:43:52.6503724 GameState.DebugPrintPower() -     TAG_CHANGE Entity=86 tag=1068 value=3 
D 15:43:52.6503724 GameState.DebugPrintPower() -     TAG_CHANGE Entity=86 tag=1068 value=0 
D 15:43:52.6503724 GameState.DebugPrintPower() -     TAG_CHANGE Entity=86 tag=ZONE value=HAND 
D 15:43:52.6503724 GameState.DebugPrintPower() -     TAG_CHANGE Entity=86 tag=ZONE_POSITION value=2 
D 15:43:52.6503724 GameState.DebugPrintPower() -     TAG_CHANGE Entity=85 tag=2210 value=1 
D 15:43:52.6503724 GameState.DebugPrintPower() -     TAG_CHANGE Entity=85 tag=BATTLEGROUNDS_FAVORITE_FINISHER value=68 
D 15:43:52.6503724 GameState.DebugPrintPower() -     TAG_CHANGE Entity=85 tag=1068 value=6 
D 15:43:52.6503724 GameState.DebugPrintPower() -     TAG_CHANGE Entity=85 tag=1068 value=0 
D 15:43:52.6503724 GameState.DebugPrintPower() -     TAG_CHANGE Entity=86 tag=ZONE_POSITION value=1 
D 15:43:52.6503724 GameState.DebugPrintPower() -     TAG_CHANGE Entity=85 tag=ZONE_POSITION value=0 
D 15:43:52.6503724 GameState.DebugPrintPower() -     TAG_CHANGE Entity=85 tag=ZONE value=SETASIDE 
D 15:43:52.6503724 GameState.DebugPrintPower() -     TAG_CHANGE Entity=85 tag=LAST_AFFECTED_BY value=16 
D 15:43:52.6503724 GameState.DebugPrintPower() -     TAG_CHANGE Entity=85 tag=1068 value=3 
D 15:43:52.6503724 GameState.DebugPrintPower() -     TAG_CHANGE Entity=85 tag=1068 value=0 
D 15:43:52.6503724 GameState.DebugPrintPower() -     TAG_CHANGE Entity=85 tag=ZONE value=HAND 
D 15:43:52.6503724 GameState.DebugPrintPower() -     TAG_CHANGE Entity=85 tag=ZONE_POSITION value=2 
D 15:43:52.6503724 GameState.DebugPrintPower() -     TAG_CHANGE Entity=dymitrq#2316 tag=MULLIGAN_STATE value=INPUT 
D 15:43:52.6579831 GameState.DebugPrintEntityChoices() - id=1 Player=dymitrq#2316 TaskList=7 ChoiceType=MULLIGAN CountMin=1 CountMax=1
D 15:43:52.6579831 GameState.DebugPrintEntityChoices() -   Source=GameEntity
D 15:43:52.6579831 GameState.DebugPrintEntityChoices() -   Entities[0]=[entityName=The Jailer id=86 zone=HAND zonePos=2 cardId=TB_BaconShop_HERO_702 player=6]
D 15:43:52.6579831 GameState.DebugPrintEntityChoices() -   Entities[1]=[entityName=Sparkhoarder Togwaggle id=85 zone=HAND zonePos=1 cardId=BG23_HERO_305_SKIN_B player=6]
D 15:43:52.8180437 GameState.DebugPrintPowerList() - Count=13
D 15:43:52.8180437 GameState.DebugPrintPower() - BLOCK_END
D 15:43:52.8180437 GameState.DebugPrintPower() - FULL_ENTITY - Creating ID=102 CardID=TB_BaconShop_HP_085
D 15:43:52.8180437 GameState.DebugPrintPower() -     tag=CONTROLLER value=14
D 15:43:52.8180437 GameState.DebugPrintPower() -     tag=CARDTYPE value=HERO_POWER
D 15:43:52.8180437 GameState.DebugPrintPower() -     tag=TAG_LAST_KNOWN_COST_IN_HAND value=1
D 15:43:52.8180437 GameState.DebugPrintPower() -     tag=COST value=1
D 15:43:52.8180437 GameState.DebugPrintPower() -     tag=ZONE value=SETASIDE
D 15:43:52.8180437 GameState.DebugPrintPower() -     tag=ENTITY_ID value=102
D 15:43:52.8180437 GameState.DebugPrintPower() -     tag=CREATOR value=91
D 15:43:52.8180437 GameState.DebugPrintPower() -     tag=REVEALED value=1
D 15:43:52.8180437 GameState.DebugPrintPower() -     tag=CREATOR_DBID value=64401
D 15:43:52.8180437 GameState.DebugPrintPower() -     tag=SUPPRESS_ALL_SUMMON_VO value=1
D 15:43:52.8180437 GameState.DebugPrintPower() -     tag=SPAWN_TIME_COUNT value=1
D 15:43:52.8180437 GameState.DebugPrintPower() -     tag=2169 value=8
D 15:43:52.8180437 GameState.DebugPrintPower() -     tag=BACON_HEROPOWER_BASE_HERO_ID value=64400
D 15:43:52.8180437 GameState.DebugPrintPower() -     tag=HAS_ACTIVATE_POWER value=1
D 15:43:52.8180437 GameState.DebugPrintPower() - TAG_CHANGE Entity=102 tag=COPIED_FROM_ENTITY_ID value=91 
D 15:43:52.8180437 GameState.DebugPrintPower() - TAG_CHANGE Entity=102 tag=3669 value=1 
D 15:43:52.8180437 GameState.DebugPrintPower() - FULL_ENTITY - Creating ID=103 CardID=TB_BaconShop_HERO_75
D 15:43:52.8180437 GameState.DebugPrintPower() -     tag=CONTROLLER value=14
D 15:43:52.8180437 GameState.DebugPrintPower() -     tag=CARDTYPE value=HERO
D 15:43:52.8180437 GameState.DebugPrintPower() -     tag=PLAYER_ID value=8
D 15:43:52.8180437 GameState.DebugPrintPower() -     tag=HEALTH value=30
D 15:43:52.8180437 GameState.DebugPrintPower() -     tag=ZONE value=SETASIDE
D 15:43:52.8180437 GameState.DebugPrintPower() -     tag=ENTITY_ID value=103
D 15:43:52.8180437 GameState.DebugPrintPower() -     tag=FACTION value=NEUTRAL
D 15:43:52.8180437 GameState.DebugPrintPower() -     tag=RARITY value=FREE
D 15:43:52.8180437 GameState.DebugPrintPower() -     tag=ARMOR value=13
D 15:43:52.8180437 GameState.DebugPrintPower() -     tag=CREATOR value=77
D 15:43:52.8180437 GameState.DebugPrintPower() -     tag=HERO_POWER value=64401
D 15:43:52.8180437 GameState.DebugPrintPower() -     tag=REVEALED value=1
D 15:43:52.8180437 GameState.DebugPrintPower() -     tag=CREATOR_DBID value=64400
D 15:43:52.8180437 GameState.DebugPrintPower() -     tag=PLAYER_LEADERBOARD_PLACE value=1
D 15:43:52.8180437 GameState.DebugPrintPower() -     tag=SUPPRESS_ALL_SUMMON_VO value=1
D 15:43:52.8180437 GameState.DebugPrintPower() -     tag=BACON_HERO_CAN_BE_DRAFTED value=1
D 15:43:52.8180437 GameState.DebugPrintPower() -     tag=SPAWN_TIME_COUNT value=1
D 15:43:52.8180437 GameState.DebugPrintPower() -     tag=USE_LEADERBOARD_AS_SPAWN_ORIGIN value=1
D 15:43:52.8180437 GameState.DebugPrintPower() -     tag=HERO_POWER_ENTITY value=102
D 15:43:52.8180437 GameState.DebugPrintPower() -     tag=BACON_COMPANION_ID value=77823
D 15:43:52.8180437 GameState.DebugPrintPower() -     tag=HAS_ACTIVATE_POWER value=1
D 15:43:52.8180437 GameState.DebugPrintPower() -     tag=3085 value=30
D 15:43:52.8180437 GameState.DebugPrintPower() -     tag=3190 value=100
D 15:43:52.8180437 GameState.DebugPrintPower() -     tag=3206 value=10
D 15:43:52.8180437 GameState.DebugPrintPower() - TAG_CHANGE Entity=103 tag=LINKED_ENTITY value=39 
D 15:43:52.8180437 GameState.DebugPrintPower() - TAG_CHANGE Entity=103 tag=2210 value=1 
D 15:43:52.8180437 GameState.DebugPrintPower() - TAG_CHANGE Entity=103 tag=BATTLEGROUNDS_FAVORITE_FINISHER value=1 
D 15:43:52.8180437 GameState.DebugPrintPower() - TAG_CHANGE Entity=103 tag=LAST_AFFECTED_BY value=22 
D 15:43:52.8180437 GameState.DebugPrintPower() - TAG_CHANGE Entity=103 tag=COPIED_FROM_ENTITY_ID value=77 
D 15:43:52.8180437 GameState.DebugPrintPower() - TAG_CHANGE Entity=103 tag=3669 value=1 
D 15:43:52.8180437 GameState.DebugPrintPower() - TAG_CHANGE Entity=103 tag=LINKED_ENTITY value=0 
D 15:43:52.8180437 GameState.DebugPrintPower() - TAG_CHANGE Entity=103 tag=3025 value=30 
D 15:43:52.8354022 GameState.DebugPrintPowerList() - Count=1
D 15:43:52.8354022 GameState.DebugPrintPower() - TAG_CHANGE Entity=[entityName=Rakanishu id=103 zone=SETASIDE zonePos=0 cardId=TB_BaconShop_HERO_75 player=14] tag=3026 value=13 
D 15:43:53.3856718 PowerProcessor.EndCurrentTaskList() - m_currentTaskList=1
D 15:43:53.4016204 PowerTaskList.DebugDump() - ID=2 ParentID=0 PreviousID=0 TaskCount=0
D 15:43:53.4016204 PowerTaskList.DebugPrintPower() - BLOCK_START BlockType=TRIGGER Entity=GameEntity EffectCardId=System.Collections.Generic.List`1[System.String] EffectIndex=0 Target=0 SubOption=-1 TriggerKeyword=3169
D 15:43:53.4016204 PowerTaskList.DebugPrintPower() - BLOCK_END
D 15:43:53.4016204 PowerProcessor.PrepareHistoryForCurrentTaskList() - m_currentTaskList=2
D 15:43:53.4016204 PowerProcessor.EndCurrentTaskList() - m_currentTaskList=2
D 15:43:53.4016204 PowerTaskList.DebugDump() - ID=3 ParentID=0 PreviousID=0 TaskCount=0
D 15:43:53.4016204 PowerTaskList.DebugPrintPower() - BLOCK_START BlockType=TRIGGER Entity=GameEntity EffectCardId=System.Collections.Generic.List`1[System.String] EffectIndex=0 Target=0 SubOption=-1 TriggerKeyword=TAG_NOT_SET
D 15:43:53.4016204 PowerTaskList.DebugPrintPower() - BLOCK_END
D 15:43:53.4016204 PowerProcessor.PrepareHistoryForCurrentTaskList() - m_currentTaskList=3
D 15:43:53.4016204 PowerProcessor.EndCurrentTaskList() - m_currentTaskList=3
D 15:43:53.4016204 PowerTaskList.DebugDump() - ID=4 ParentID=0 PreviousID=0 TaskCount=0
D 15:43:53.4016204 PowerTaskList.DebugPrintPower() - BLOCK_START BlockType=TRIGGER Entity=GameEntity EffectCardId=System.Collections.Generic.List`1[System.String] EffectIndex=0 Target=0 SubOption=-1 TriggerKeyword=TAG_NOT_SET
D 15:43:53.4016204 PowerTaskList.DebugPrintPower() - BLOCK_END
D 15:43:53.4016204 PowerProcessor.PrepareHistoryForCurrentTaskList() - m_currentTaskList=4
D 15:43:53.4016204 PowerProcessor.EndCurrentTaskList() - m_currentTaskList=4
D 15:43:53.4016204 PowerTaskList.DebugDump() - ID=5 ParentID=0 PreviousID=0 TaskCount=20
D 15:43:53.4016204 PowerTaskList.DebugPrintPower() - BLOCK_START BlockType=TRIGGER Entity=GameEntity EffectCardId=System.Collections.Generic.List`1[System.String] EffectIndex=0 Target=0 SubOption=-1 TriggerKeyword=TAG_NOT_SET
D 15:43:53.4016204 PowerTaskList.DebugPrintPower() -     TAG_CHANGE Entity=Bartender Bob tag=CURRENT_PLAYER value=1 
D 15:43:53.4016204 PowerTaskList.DebugPrintPower() -     TAG_CHANGE Entity=Bartender Bob tag=FIRST_PLAYER value=1 
D 15:43:53.4016204 PowerTaskList.DebugPrintPower() -     TAG_CHANGE Entity=dymitrq#2316 tag=NUM_TURNS_LEFT value=1 
D 15:43:53.4016204 PowerTaskList.DebugPrintPower() -     TAG_CHANGE Entity=Bartender Bob tag=NUM_TURNS_LEFT value=1 
D 15:43:53.4016204 PowerTaskList.DebugPrintPower() -     TAG_CHANGE Entity=GameEntity tag=10 value=60 
D 15:43:53.4016204 PowerTaskList.DebugPrintPower() -     TAG_CHANGE Entity=dymitrq#2316 tag=TIMEOUT value=45 
D 15:43:53.4016204 PowerTaskList.DebugPrintPower() -     TAG_CHANGE Entity=GameEntity tag=NEXT_STEP value=BEGIN_MULLIGAN 
D 15:43:53.4016204 PowerTaskList.DebugPrintPower() -     TAG_CHANGE Entity=GameEntity tag=ALLOW_MOVE_MINION value=1 
D 15:43:53.4016204 PowerTaskList.DebugPrintPower() -     TAG_CHANGE Entity=GameEntity tag=ALLOW_MOVE_BACON_SPELL value=1 
D 15:43:53.4016204 PowerTaskList.DebugPrintPower() -     TAG_CHANGE Entity=GameEntity tag=FORCE_NO_CUSTOM_SUMMON_SPELLS value=1 
D 15:43:53.4016204 PowerTaskList.DebugPrintPower() -     TAG_CHANGE Entity=GameEntity tag=FORCE_NO_CUSTOM_LIFETIME_SPELLS value=1 
D 15:43:53.4016204 PowerTaskList.DebugPrintPower() -     TAG_CHANGE Entity=GameEntity tag=USE_FAST_ACTOR_TRANSITION_ANIMATIONS value=1 
D 15:43:53.4016204 PowerTaskList.DebugPrintPower() -     TAG_CHANGE Entity=GameEntity tag=HIGHLIGHT_ATTACKING_MINION_DURING_COMBAT value=1 
D 15:43:53.4016204 PowerTaskList.DebugPrintPower() -     TAG_CHANGE Entity=GameEntity tag=DONT_SUPPRESS_KEYWORD_VO value=1 
D 15:43:53.4016204 PowerTaskList.DebugPrintPower() -     TAG_CHANGE Entity=GameEntity tag=BACON_USE_COIN_BASED_BUDDY_METER value=1 
D 15:43:53.4016204 PowerTaskList.DebugPrintPower() -     TAG_CHANGE Entity=GameEntity tag=3488 value=1 
D 15:43:53.4016204 PowerTaskList.DebugPrintPower() -     TAG_CHANGE Entity=GameEntity tag=TUTORIAL_HERO_POWER_TARGET_MINION_ANIM value=20 
D 15:43:53.4016204 PowerTaskList.DebugPrintPower() -     TAG_CHANGE Entity=GameEntity tag=BACON_COMBAT_DAMAGE_CAP value=15 
D 15:43:53.4016204 PowerTaskList.DebugPrintPower() -     TAG_CHANGE Entity=GameEntity tag=BACON_COMBAT_DAMAGE_CAP_ENABLED value=1 
D 15:43:53.4016204 PowerTaskList.DebugPrintPower() -     TAG_CHANGE Entity=GameEntity tag=BACON_MAX_LEADERBOARD_ARMOR value=20 
D 15:43:53.4016204 PowerTaskList.DebugPrintPower() - BLOCK_END
D 15:43:53.4016204 PowerProcessor.PrepareHistoryForCurrentTaskList() - m_currentTaskList=5
D 15:43:53.4016204 PowerProcessor.EndCurrentTaskList() - m_currentTaskList=5
D 15:43:53.4016204 PowerTaskList.DebugDump() - ID=6 ParentID=0 PreviousID=0 TaskCount=1
D 15:43:53.4016204 PowerTaskList.DebugDump() - Block Start=(null)
D 15:43:53.4016204 PowerTaskList.DebugPrintPower() -     TAG_CHANGE Entity=GameEntity tag=STEP value=BEGIN_MULLIGAN 
D 15:43:53.4016204 PowerTaskList.DebugDump() - Block End=(null)
D 15:43:53.4016204 PowerProcessor.PrepareHistoryForCurrentTaskList() - m_currentTaskList=6
D 15:43:53.4016204 PowerProcessor.EndCurrentTaskList() - m_currentTaskList=6
D 15:43:53.4016204 PowerTaskList.DebugDump() - ID=7 ParentID=0 PreviousID=0 TaskCount=27
D 15:43:53.4016204 PowerTaskList.DebugPrintPower() - BLOCK_START BlockType=TRIGGER Entity=GameEntity EffectCardId=System.Collections.Generic.List`1[System.String] EffectIndex=0 Target=0 SubOption=-1 TriggerKeyword=TAG_NOT_SET
D 15:43:53.4016204 PowerTaskList.DebugPrintPower() -     FULL_ENTITY - Updating [entityName=Sparkhoarder Togwaggle id=85 zone=HAND zonePos=1 cardId=BG23_HERO_305_SKIN_B player=6] CardID=BG23_HERO_305_SKIN_B
D 15:43:53.4016204 PowerTaskList.DebugPrintPower() -         tag=CONTROLLER value=6
D 15:43:53.4016204 PowerTaskList.DebugPrintPower() -         tag=CARDTYPE value=HERO
D 15:43:53.4016204 PowerTaskList.DebugPrintPower() -         tag=HEALTH value=30
D 15:43:53.4016204 PowerTaskList.DebugPrintPower() -         tag=ZONE value=HAND
D 15:43:53.4016204 PowerTaskList.DebugPrintPower() -         tag=ENTITY_ID value=85
D 15:43:53.4016204 PowerTaskList.DebugPrintPower() -         tag=RARITY value=RARE
D 15:43:53.4016204 PowerTaskList.DebugPrintPower() -         tag=ZONE_POSITION value=1
D 15:43:53.4016204 PowerTaskList.DebugPrintPower() -         tag=NUM_TURNS_IN_HAND value=1
D 15:43:53.4016204 PowerTaskList.DebugPrintPower() -         tag=CREATOR value=16
D 15:43:53.4016204 PowerTaskList.DebugPrintPower() -         tag=HERO_POWER value=86292
D 15:43:53.4016204 PowerTaskList.DebugPrintPower() -         tag=SPAWN_TIME_COUNT value=1
D 15:43:53.4016204 PowerTaskList.DebugPrintPower() -         tag=BACON_SKIN value=1
D 15:43:53.4016204 PowerTaskList.DebugPrintPower() -         tag=BACON_SKIN_PARENT_ID value=86291
D 15:43:53.4016204 PowerTaskList.DebugPrintPower() -         tag=HAS_ACTIVATE_POWER value=1
D 15:43:53.4016204 PowerTaskList.DebugPrintPower() -         tag=3085 value=30
D 15:43:53.4016204 PowerTaskList.DebugPrintPower() -     TAG_CHANGE Entity=[entityName=Sparkhoarder Togwaggle id=85 zone=HAND zonePos=1 cardId=BG23_HERO_305_SKIN_B player=6] tag=ARMOR value=13 
D 15:43:53.4016204 PowerTaskList.DebugPrintPower() -     FULL_ENTITY - Updating [entityName=The Jailer id=86 zone=HAND zonePos=2 cardId=TB_BaconShop_HERO_702 player=6] CardID=TB_BaconShop_HERO_702
D 15:43:53.4016204 PowerTaskList.DebugPrintPower() -         tag=CONTROLLER value=6
D 15:43:53.4016204 PowerTaskList.DebugPrintPower() -         tag=CARDTYPE value=HERO
D 15:43:53.4016204 PowerTaskList.DebugPrintPower() -         tag=HEALTH value=30
D 15:43:53.4016204 PowerTaskList.DebugPrintPower() -         tag=ZONE value=HAND
D 15:43:53.4016204 PowerTaskList.DebugPrintPower() -         tag=ENTITY_ID value=86
D 15:43:53.4016204 PowerTaskList.DebugPrintPower() -         tag=FACTION value=NEUTRAL
D 15:43:53.4016204 PowerTaskList.DebugPrintPower() -         tag=RARITY value=FREE
D 15:43:53.4016204 PowerTaskList.DebugPrintPower() -         tag=ZONE_POSITION value=2
D 15:43:53.4016204 PowerTaskList.DebugPrintPower() -         tag=NUM_TURNS_IN_HAND value=1
D 15:43:53.4016204 PowerTaskList.DebugPrintPower() -         tag=ARMOR value=19
D 15:43:53.4016204 PowerTaskList.DebugPrintPower() -         tag=CREATOR value=16
D 15:43:53.4016204 PowerTaskList.DebugPrintPower() -         tag=HERO_POWER value=97185
D 15:43:53.4016204 PowerTaskList.DebugPrintPower() -         tag=BACON_HERO_CAN_BE_DRAFTED value=1
D 15:43:53.4016204 PowerTaskList.DebugPrintPower() -         tag=SPAWN_TIME_COUNT value=1
D 15:43:53.4016204 PowerTaskList.DebugPrintPower() -         tag=1593 value=1
D 15:43:53.4016204 PowerTaskList.DebugPrintPower() -         tag=1594 value=1
D 15:43:53.4016204 PowerTaskList.DebugPrintPower() -         tag=1595 value=1
D 15:43:53.4016204 PowerTaskList.DebugPrintPower() -         tag=BACON_COMPANION_ID value=98690
D 15:43:53.4016204 PowerTaskList.DebugPrintPower() -         tag=2347 value=1
D 15:43:53.4016204 PowerTaskList.DebugPrintPower() -         tag=HAS_ACTIVATE_POWER value=1
D 15:43:53.4016204 PowerTaskList.DebugPrintPower() -         tag=3085 value=30
D 15:43:53.4016204 PowerTaskList.DebugPrintPower() -         tag=3190 value=100
D 15:43:53.4016204 PowerTaskList.DebugPrintPower() -         tag=3206 value=17
D 15:43:53.4016204 PowerTaskList.DebugPrintPower() -     TAG_CHANGE Entity=[entityName=The Jailer id=86 zone=HAND zonePos=2 cardId=TB_BaconShop_HERO_702 player=6] tag=2210 value=1 
D 15:43:53.4016204 PowerTaskList.DebugPrintPower() -     TAG_CHANGE Entity=[entityName=The Jailer id=86 zone=HAND zonePos=2 cardId=TB_BaconShop_HERO_702 player=6] tag=BATTLEGROUNDS_FAVORITE_FINISHER value=68 
D 15:43:53.4016204 PowerTaskList.DebugPrintPower() -     TAG_CHANGE Entity=[entityName=The Jailer id=86 zone=HAND zonePos=2 cardId=TB_BaconShop_HERO_702 player=6] tag=1068 value=6 
D 15:43:53.4016204 PowerTaskList.DebugPrintPower() -     TAG_CHANGE Entity=[entityName=The Jailer id=86 zone=HAND zonePos=2 cardId=TB_BaconShop_HERO_702 player=6] tag=1068 value=0 
D 15:43:53.4016204 PowerTaskList.DebugPrintPower() -     TAG_CHANGE Entity=[entityName=The Jailer id=86 zone=HAND zonePos=2 cardId=TB_BaconShop_HERO_702 player=6] tag=ZONE_POSITION value=0 
D 15:43:53.4016204 PowerTaskList.DebugPrintPower() -     TAG_CHANGE Entity=[entityName=The Jailer id=86 zone=HAND zonePos=2 cardId=TB_BaconShop_HERO_702 player=6] tag=ZONE value=SETASIDE 
D 15:43:53.4016204 PowerTaskList.DebugPrintPower() -     TAG_CHANGE Entity=[entityName=The Jailer id=86 zone=HAND zonePos=2 cardId=TB_BaconShop_HERO_702 player=6] tag=LAST_AFFECTED_BY value=16 
D 15:43:53.4016204 PowerTaskList.DebugPrintPower() -     TAG_CHANGE Entity=[entityName=The Jailer id=86 zone=HAND zonePos=2 cardId=TB_BaconShop_HERO_702 player=6] tag=1068 value=3 
D 15:43:53.4016204 PowerTaskList.DebugPrintPower() -     TAG_CHANGE Entity=[entityName=The Jailer id=86 zone=HAND zonePos=2 cardId=TB_BaconShop_HERO_702 player=6] tag=1068 value=0 
D 15:43:53.4016204 PowerTaskList.DebugPrintPower() -     TAG_CHANGE Entity=[entityName=The Jailer id=86 zone=HAND zonePos=2 cardId=TB_BaconShop_HERO_702 player=6] tag=ZONE value=HAND 
D 15:43:53.4016204 PowerTaskList.DebugPrintPower() -     TAG_CHANGE Entity=[entityName=The Jailer id=86 zone=HAND zonePos=2 cardId=TB_BaconShop_HERO_702 player=6] tag=ZONE_POSITION value=2 
D 15:43:53.4016204 PowerTaskList.DebugPrintPower() -     TAG_CHANGE Entity=[entityName=Sparkhoarder Togwaggle id=85 zone=HAND zonePos=1 cardId=BG23_HERO_305_SKIN_B player=6] tag=2210 value=1 
D 15:43:53.4016204 PowerTaskList.DebugPrintPower() -     TAG_CHANGE Entity=[entityName=Sparkhoarder Togwaggle id=85 zone=HAND zonePos=1 cardId=BG23_HERO_305_SKIN_B player=6] tag=BATTLEGROUNDS_FAVORITE_FINISHER value=68 
D 15:43:53.4016204 PowerTaskList.DebugPrintPower() -     TAG_CHANGE Entity=[entityName=Sparkhoarder Togwaggle id=85 zone=HAND zonePos=1 cardId=BG23_HERO_305_SKIN_B player=6] tag=1068 value=6 
D 15:43:53.4016204 PowerTaskList.DebugPrintPower() -     TAG_CHANGE Entity=[entityName=Sparkhoarder Togwaggle id=85 zone=HAND zonePos=1 cardId=BG23_HERO_305_SKIN_B player=6] tag=1068 value=0 
D 15:43:53.4016204 PowerTaskList.DebugPrintPower() -     TAG_CHANGE Entity=[entityName=The Jailer id=86 zone=HAND zonePos=2 cardId=TB_BaconShop_HERO_702 player=6] tag=ZONE_POSITION value=1 
D 15:43:53.4016204 PowerTaskList.DebugPrintPower() -     TAG_CHANGE Entity=[entityName=Sparkhoarder Togwaggle id=85 zone=HAND zonePos=1 cardId=BG23_HERO_305_SKIN_B player=6] tag=ZONE_POSITION value=0 
D 15:43:53.4016204 PowerTaskList.DebugPrintPower() -     TAG_CHANGE Entity=[entityName=Sparkhoarder Togwaggle id=85 zone=HAND zonePos=1 cardId=BG23_HERO_305_SKIN_B player=6] tag=ZONE value=SETASIDE 
D 15:43:53.4016204 PowerTaskList.DebugPrintPower() -     TAG_CHANGE Entity=[entityName=Sparkhoarder Togwaggle id=85 zone=HAND zonePos=1 cardId=BG23_HERO_305_SKIN_B player=6] tag=LAST_AFFECTED_BY value=16 
D 15:43:53.4016204 PowerTaskList.DebugPrintPower() -     TAG_CHANGE Entity=[entityName=Sparkhoarder Togwaggle id=85 zone=HAND zonePos=1 cardId=BG23_HERO_305_SKIN_B player=6] tag=1068 value=3 
D 15:43:53.4016204 PowerTaskList.DebugPrintPower() -     TAG_CHANGE Entity=[entityName=Sparkhoarder Togwaggle id=85 zone=HAND zonePos=1 cardId=BG23_HERO_305_SKIN_B player=6] tag=1068 value=0 
D 15:43:53.4016204 PowerTaskList.DebugPrintPower() -     TAG_CHANGE Entity=[entityName=Sparkhoarder Togwaggle id=85 zone=HAND zonePos=1 cardId=BG23_HERO_305_SKIN_B player=6] tag=ZONE value=HAND 
D 15:43:53.4016204 PowerTaskList.DebugPrintPower() -     TAG_CHANGE Entity=[entityName=Sparkhoarder Togwaggle id=85 zone=HAND zonePos=1 cardId=BG23_HERO_305_SKIN_B player=6] tag=ZONE_POSITION value=2 
D 15:43:53.4016204 PowerTaskList.DebugPrintPower() -     TAG_CHANGE Entity=dymitrq#2316 tag=MULLIGAN_STATE value=INPUT 
D 15:43:53.4016204 PowerTaskList.DebugDump() - Block End=(null)
D 15:43:53.4016204 PowerProcessor.PrepareHistoryForCurrentTaskList() - m_currentTaskList=7
D 15:43:53.6068025 PowerProcessor.EndCurrentTaskList() - m_currentTaskList=7
D 15:43:53.6298700 PowerTaskList.DebugDump() - ID=8 ParentID=0 PreviousID=7 TaskCount=0
D 15:43:53.6298700 PowerTaskList.DebugDump() - Block Start=(null)
D 15:43:53.6298700 PowerTaskList.DebugPrintPower() - BLOCK_END
D 15:43:53.6298700 PowerProcessor.PrepareHistoryForCurrentTaskList() - m_currentTaskList=8
D 15:43:53.6298700 PowerProcessor.EndCurrentTaskList() - m_currentTaskList=8
D 15:43:53.6298700 PowerTaskList.DebugDump() - ID=9 ParentID=0 PreviousID=0 TaskCount=12
D 15:43:53.6298700 PowerTaskList.DebugDump() - Block Start=(null)
D 15:43:53.6298700 PowerTaskList.DebugPrintPower() -     FULL_ENTITY - Updating [entityName=Tavern Lighting id=102 zone=SETASIDE zonePos=0 cardId=TB_BaconShop_HP_085 player=14] CardID=TB_BaconShop_HP_085
D 15:43:53.6298700 PowerTaskList.DebugPrintPower() -         tag=CONTROLLER value=14
D 15:43:53.6298700 PowerTaskList.DebugPrintPower() -         tag=CARDTYPE value=HERO_POWER
D 15:43:53.6298700 PowerTaskList.DebugPrintPower() -         tag=TAG_LAST_KNOWN_COST_IN_HAND value=1
D 15:43:53.6298700 PowerTaskList.DebugPrintPower() -         tag=COST value=1
D 15:43:53.6298700 PowerTaskList.DebugPrintPower() -         tag=ZONE value=SETASIDE
D 15:43:53.6298700 PowerTaskList.DebugPrintPower() -         tag=ENTITY_ID value=102
D 15:43:53.6298700 PowerTaskList.DebugPrintPower() -         tag=CREATOR value=91
D 15:43:53.6298700 PowerTaskList.DebugPrintPower() -         tag=REVEALED value=1
D 15:43:53.6298700 PowerTaskList.DebugPrintPower() -         tag=CREATOR_DBID value=64401
D 15:43:53.6298700 PowerTaskList.DebugPrintPower() -         tag=SUPPRESS_ALL_SUMMON_VO value=1
D 15:43:53.6298700 PowerTaskList.DebugPrintPower() -         tag=SPAWN_TIME_COUNT value=1
D 15:43:53.6298700 PowerTaskList.DebugPrintPower() -         tag=2169 value=8
D 15:43:53.6298700 PowerTaskList.DebugPrintPower() -         tag=BACON_HEROPOWER_BASE_HERO_ID value=64400
D 15:43:53.6298700 PowerTaskList.DebugPrintPower() -         tag=HAS_ACTIVATE_POWER value=1
D 15:43:53.6298700 PowerTaskList.DebugPrintPower() -     TAG_CHANGE Entity=[entityName=Tavern Lighting id=102 zone=SETASIDE zonePos=0 cardId=TB_BaconShop_HP_085 player=14] tag=COPIED_FROM_ENTITY_ID value=91 
D 15:43:53.6298700 PowerTaskList.DebugPrintPower() -     TAG_CHANGE Entity=[entityName=Tavern Lighting id=102 zone=SETASIDE zonePos=0 cardId=TB_BaconShop_HP_085 player=14] tag=3669 value=1 
D 15:43:53.6298700 PowerTaskList.DebugPrintPower() -     FULL_ENTITY - Updating [entityName=Rakanishu id=103 zone=SETASIDE zonePos=0 cardId=TB_BaconShop_HERO_75 player=14] CardID=TB_BaconShop_HERO_75
D 15:43:53.6298700 PowerTaskList.DebugPrintPower() -         tag=CONTROLLER value=14
D 15:43:53.6298700 PowerTaskList.DebugPrintPower() -         tag=CARDTYPE value=HERO
D 15:43:53.6298700 PowerTaskList.DebugPrintPower() -         tag=PLAYER_ID value=8
D 15:43:53.6298700 PowerTaskList.DebugPrintPower() -         tag=HEALTH value=30
D 15:43:53.6298700 PowerTaskList.DebugPrintPower() -         tag=ZONE value=SETASIDE
D 15:43:53.6298700 PowerTaskList.DebugPrintPower() -         tag=ENTITY_ID value=103
D 15:43:53.6298700 PowerTaskList.DebugPrintPower() -         tag=FACTION value=NEUTRAL
D 15:43:53.6298700 PowerTaskList.DebugPrintPower() -         tag=RARITY value=FREE
D 15:43:53.6298700 PowerTaskList.DebugPrintPower() -         tag=ARMOR value=13
D 15:43:53.6298700 PowerTaskList.DebugPrintPower() -         tag=CREATOR value=77
D 15:43:53.6298700 PowerTaskList.DebugPrintPower() -         tag=HERO_POWER value=64401
D 15:43:53.6298700 PowerTaskList.DebugPrintPower() -         tag=REVEALED value=1
D 15:43:53.6298700 PowerTaskList.DebugPrintPower() -         tag=CREATOR_DBID value=64400
D 15:43:53.6298700 PowerTaskList.DebugPrintPower() -         tag=PLAYER_LEADERBOARD_PLACE value=1
D 15:43:53.6298700 PowerTaskList.DebugPrintPower() -         tag=SUPPRESS_ALL_SUMMON_VO value=1
D 15:43:53.6298700 PowerTaskList.DebugPrintPower() -         tag=BACON_HERO_CAN_BE_DRAFTED value=1
D 15:43:53.6298700 PowerTaskList.DebugPrintPower() -         tag=SPAWN_TIME_COUNT value=1
D 15:43:53.6298700 PowerTaskList.DebugPrintPower() -         tag=USE_LEADERBOARD_AS_SPAWN_ORIGIN value=1
D 15:43:53.6298700 PowerTaskList.DebugPrintPower() -         tag=HERO_POWER_ENTITY value=102
D 15:43:53.6298700 PowerTaskList.DebugPrintPower() -         tag=BACON_COMPANION_ID value=77823
D 15:43:53.6298700 PowerTaskList.DebugPrintPower() -         tag=HAS_ACTIVATE_POWER value=1
D 15:43:53.6298700 PowerTaskList.DebugPrintPower() -         tag=3085 value=30
D 15:43:53.6298700 PowerTaskList.DebugPrintPower() -         tag=3190 value=100
D 15:43:53.6298700 PowerTaskList.DebugPrintPower() -         tag=3206 value=10
D 15:43:53.6298700 PowerTaskList.DebugPrintPower() -     TAG_CHANGE Entity=[entityName=Rakanishu id=103 zone=SETASIDE zonePos=0 cardId=TB_BaconShop_HERO_75 player=14] tag=LINKED_ENTITY value=39 
D 15:43:53.6298700 PowerTaskList.DebugPrintPower() -     TAG_CHANGE Entity=[entityName=Rakanishu id=103 zone=SETASIDE zonePos=0 cardId=TB_BaconShop_HERO_75 player=14] tag=2210 value=1 
D 15:43:53.6298700 PowerTaskList.DebugPrintPower() -     TAG_CHANGE Entity=[entityName=Rakanishu id=103 zone=SETASIDE zonePos=0 cardId=TB_BaconShop_HERO_75 player=14] tag=BATTLEGROUNDS_FAVORITE_FINISHER value=1 
D 15:43:53.6298700 PowerTaskList.DebugPrintPower() -     TAG_CHANGE Entity=[entityName=Rakanishu id=103 zone=SETASIDE zonePos=0 cardId=TB_BaconShop_HERO_75 player=14] tag=LAST_AFFECTED_BY value=22 
D 15:43:53.6298700 PowerTaskList.DebugPrintPower() -     TAG_CHANGE Entity=[entityName=Rakanishu id=103 zone=SETASIDE zonePos=0 cardId=TB_BaconShop_HERO_75 player=14] tag=COPIED_FROM_ENTITY_ID value=77 
D 15:43:53.6298700 PowerTaskList.DebugPrintPower() -     TAG_CHANGE Entity=[entityName=Rakanishu id=103 zone=SETASIDE zonePos=0 cardId=TB_BaconShop_HERO_75 player=14] tag=3669 value=1 
D 15:43:53.6298700 PowerTaskList.DebugPrintPower() -     TAG_CHANGE Entity=[entityName=Rakanishu id=103 zone=SETASIDE zonePos=0 cardId=TB_BaconShop_HERO_75 player=14] tag=LINKED_ENTITY value=0 
D 15:43:53.6298700 PowerTaskList.DebugPrintPower() -     TAG_CHANGE Entity=[entityName=Rakanishu id=103 zone=SETASIDE zonePos=0 cardId=TB_BaconShop_HERO_75 player=14] tag=3025 value=30 
D 15:43:53.6298700 PowerTaskList.DebugDump() - Block End=(null)
D 15:43:53.6298700 PowerProcessor.PrepareHistoryForCurrentTaskList() - m_currentTaskList=9
D 15:43:53.6518025 PowerProcessor.EndCurrentTaskList() - m_currentTaskList=9
D 15:43:53.6679049 PowerTaskList.DebugDump() - ID=10 ParentID=0 PreviousID=0 TaskCount=1
D 15:43:53.6679049 PowerTaskList.DebugDump() - Block Start=(null)
D 15:43:53.6679049 PowerTaskList.DebugPrintPower() -     TAG_CHANGE Entity=[entityName=Rakanishu id=103 zone=SETASIDE zonePos=0 cardId=TB_BaconShop_HERO_75 player=14] tag=3026 value=13 
D 15:43:53.6679049 PowerTaskList.DebugDump() - Block End=(null)
D 15:43:53.6679049 PowerProcessor.PrepareHistoryForCurrentTaskList() - m_currentTaskList=10
D 15:43:53.6679049 PowerProcessor.EndCurrentTaskList() - m_currentTaskList=10
D 15:44:04.4676703 GameState.DebugPrintPowerList() - Count=12
D 15:44:04.4676703 GameState.DebugPrintPower() - FULL_ENTITY - Creating ID=115 CardID=TB_BaconShop_HP_068
D 15:44:04.4676703 GameState.DebugPrintPower() -     tag=CONTROLLER value=14
D 15:44:04.4676703 GameState.DebugPrintPower() -     tag=CARDTYPE value=HERO_POWER
D 15:44:04.4676703 GameState.DebugPrintPower() -     tag=TAG_LAST_KNOWN_COST_IN_HAND value=1
D 15:44:04.4676703 GameState.DebugPrintPower() -     tag=COST value=1
D 15:44:04.4676703 GameState.DebugPrintPower() -     tag=ZONE value=SETASIDE
D 15:44:04.4676703 GameState.DebugPrintPower() -     tag=ENTITY_ID value=115
D 15:44:04.4676703 GameState.DebugPrintPower() -     tag=CREATOR value=106
D 15:44:04.4676703 GameState.DebugPrintPower() -     tag=REVEALED value=1
D 15:44:04.4676703 GameState.DebugPrintPower() -     tag=CREATOR_DBID value=61919
D 15:44:04.4676703 GameState.DebugPrintPower() -     tag=SUPPRESS_ALL_SUMMON_VO value=1
D 15:44:04.4676703 GameState.DebugPrintPower() -     tag=SPAWN_TIME_COUNT value=1
D 15:44:04.4676703 GameState.DebugPrintPower() -     tag=2169 value=1
D 15:44:04.4676703 GameState.DebugPrintPower() -     tag=BACON_HEROPOWER_BASE_HERO_ID value=61914
D 15:44:04.4676703 GameState.DebugPrintPower() -     tag=HAS_ACTIVATE_POWER value=1
D 15:44:04.4676703 GameState.DebugPrintPower() - TAG_CHANGE Entity=115 tag=COPIED_FROM_ENTITY_ID value=106 
D 15:44:04.4676703 GameState.DebugPrintPower() - TAG_CHANGE Entity=115 tag=3669 value=1 
D 15:44:04.4676703 GameState.DebugPrintPower() - FULL_ENTITY - Creating ID=116 CardID=TB_BaconShop_HERO_62
D 15:44:04.4676703 GameState.DebugPrintPower() -     tag=CONTROLLER value=14
D 15:44:04.4676703 GameState.DebugPrintPower() -     tag=CARDTYPE value=HERO
D 15:44:04.4676703 GameState.DebugPrintPower() -     tag=PLAYER_ID value=1
D 15:44:04.4676703 GameState.DebugPrintPower() -     tag=HEALTH value=30
D 15:44:04.4676703 GameState.DebugPrintPower() -     tag=ZONE value=SETASIDE
D 15:44:04.4676703 GameState.DebugPrintPower() -     tag=ENTITY_ID value=116
D 15:44:04.4676703 GameState.DebugPrintPower() -     tag=FACTION value=NEUTRAL
D 15:44:04.4676703 GameState.DebugPrintPower() -     tag=RARITY value=FREE
D 15:44:04.4676703 GameState.DebugPrintPower() -     tag=ARMOR value=10
D 15:44:04.4676703 GameState.DebugPrintPower() -     tag=CREATOR value=73
D 15:44:04.4676703 GameState.DebugPrintPower() -     tag=HERO_POWER value=61919
D 15:44:04.4676703 GameState.DebugPrintPower() -     tag=REVEALED value=1
D 15:44:04.4676703 GameState.DebugPrintPower() -     tag=CREATOR_DBID value=61914
D 15:44:04.4676703 GameState.DebugPrintPower() -     tag=PLAYER_LEADERBOARD_PLACE value=1
D 15:44:04.4676703 GameState.DebugPrintPower() -     tag=SUPPRESS_ALL_SUMMON_VO value=1
D 15:44:04.4676703 GameState.DebugPrintPower() -     tag=BACON_HERO_CAN_BE_DRAFTED value=1
D 15:44:04.4676703 GameState.DebugPrintPower() -     tag=SPAWN_TIME_COUNT value=1
D 15:44:04.4676703 GameState.DebugPrintPower() -     tag=USE_LEADERBOARD_AS_SPAWN_ORIGIN value=1
D 15:44:04.4676703 GameState.DebugPrintPower() -     tag=HERO_POWER_ENTITY value=115
D 15:44:04.4676703 GameState.DebugPrintPower() -     tag=BACON_COMPANION_ID value=77800
D 15:44:04.4676703 GameState.DebugPrintPower() -     tag=HAS_ACTIVATE_POWER value=1
D 15:44:04.4676703 GameState.DebugPrintPower() -     tag=2954 value=15
D 15:44:04.4676703 GameState.DebugPrintPower() -     tag=3085 value=30
D 15:44:04.4676703 GameState.DebugPrintPower() -     tag=3206 value=7
D 15:44:04.4676703 GameState.DebugPrintPower() - TAG_CHANGE Entity=116 tag=LINKED_ENTITY value=25 
D 15:44:04.4676703 GameState.DebugPrintPower() - TAG_CHANGE Entity=116 tag=2210 value=42 
D 15:44:04.4676703 GameState.DebugPrintPower() - TAG_CHANGE Entity=116 tag=BATTLEGROUNDS_FAVORITE_FINISHER value=34 
D 15:44:04.4676703 GameState.DebugPrintPower() - TAG_CHANGE Entity=116 tag=LAST_AFFECTED_BY value=1 
D 15:44:04.4676703 GameState.DebugPrintPower() - TAG_CHANGE Entity=116 tag=COPIED_FROM_ENTITY_ID value=73 
D 15:44:04.4676703 GameState.DebugPrintPower() - TAG_CHANGE Entity=116 tag=3669 value=1 
D 15:44:04.4676703 GameState.DebugPrintPower() - TAG_CHANGE Entity=116 tag=LINKED_ENTITY value=0 
D 15:44:04.4676703 GameState.DebugPrintPower() - TAG_CHANGE Entity=116 tag=3025 value=30 
D 15:44:04.4676703 PowerTaskList.DebugDump() - ID=11 ParentID=0 PreviousID=0 TaskCount=12
D 15:44:04.4676703 PowerTaskList.DebugDump() - Block Start=(null)
D 15:44:04.4676703 PowerTaskList.DebugPrintPower() -     FULL_ENTITY - Updating [entityName=Imprison id=115 zone=SETASIDE zonePos=0 cardId=TB_BaconShop_HP_068 player=14] CardID=TB_BaconShop_HP_068
D 15:44:04.4676703 PowerTaskList.DebugPrintPower() -         tag=CONTROLLER value=14
D 15:44:04.4676703 PowerTaskList.DebugPrintPower() -         tag=CARDTYPE value=HERO_POWER
D 15:44:04.4676703 PowerTaskList.DebugPrintPower() -         tag=TAG_LAST_KNOWN_COST_IN_HAND value=1
D 15:44:04.4676703 PowerTaskList.DebugPrintPower() -         tag=COST value=1
D 15:44:04.4676703 PowerTaskList.DebugPrintPower() -         tag=ZONE value=SETASIDE
D 15:44:04.4676703 PowerTaskList.DebugPrintPower() -         tag=ENTITY_ID value=115
D 15:44:04.4676703 PowerTaskList.DebugPrintPower() -         tag=CREATOR value=106
D 15:44:04.4676703 PowerTaskList.DebugPrintPower() -         tag=REVEALED value=1
D 15:44:04.4676703 PowerTaskList.DebugPrintPower() -         tag=CREATOR_DBID value=61919
D 15:44:04.4676703 PowerTaskList.DebugPrintPower() -         tag=SUPPRESS_ALL_SUMMON_VO value=1
D 15:44:04.4676703 PowerTaskList.DebugPrintPower() -         tag=SPAWN_TIME_COUNT value=1
D 15:44:04.4676703 PowerTaskList.DebugPrintPower() -         tag=2169 value=1
D 15:44:04.4676703 PowerTaskList.DebugPrintPower() -         tag=BACON_HEROPOWER_BASE_HERO_ID value=61914
D 15:44:04.4676703 PowerTaskList.DebugPrintPower() -         tag=HAS_ACTIVATE_POWER value=1
D 15:44:04.4676703 PowerTaskList.DebugPrintPower() -     TAG_CHANGE Entity=[entityName=Imprison id=115 zone=SETASIDE zonePos=0 cardId=TB_BaconShop_HP_068 player=14] tag=COPIED_FROM_ENTITY_ID value=106 
D 15:44:04.4676703 PowerTaskList.DebugPrintPower() -     TAG_CHANGE Entity=[entityName=Imprison id=115 zone=SETASIDE zonePos=0 cardId=TB_BaconShop_HP_068 player=14] tag=3669 value=1 
D 15:44:04.4676703 PowerTaskList.DebugPrintPower() -     FULL_ENTITY - Updating [entityName=Maiev Shadowsong id=116 zone=SETASIDE zonePos=0 cardId=TB_BaconShop_HERO_62 player=14] CardID=TB_BaconShop_HERO_62
D 15:44:04.4676703 PowerTaskList.DebugPrintPower() -         tag=CONTROLLER value=14
D 15:44:04.4676703 PowerTaskList.DebugPrintPower() -         tag=CARDTYPE value=HERO
D 15:44:04.4676703 PowerTaskList.DebugPrintPower() -         tag=PLAYER_ID value=1
D 15:44:04.4676703 PowerTaskList.DebugPrintPower() -         tag=HEALTH value=30
D 15:44:04.4676703 PowerTaskList.DebugPrintPower() -         tag=ZONE value=SETASIDE
D 15:44:04.4676703 PowerTaskList.DebugPrintPower() -         tag=ENTITY_ID value=116
D 15:44:04.4676703 PowerTaskList.DebugPrintPower() -         tag=FACTION value=NEUTRAL
D 15:44:04.4676703 PowerTaskList.DebugPrintPower() -         tag=RARITY value=FREE
D 15:44:04.4676703 PowerTaskList.DebugPrintPower() -         tag=ARMOR value=10
D 15:44:04.4676703 PowerTaskList.DebugPrintPower() -         tag=CREATOR value=73
D 15:44:04.4676703 PowerTaskList.DebugPrintPower() -         tag=HERO_POWER value=61919
D 15:44:04.4676703 PowerTaskList.DebugPrintPower() -         tag=REVEALED value=1
D 15:44:04.4676703 PowerTaskList.DebugPrintPower() -         tag=CREATOR_DBID value=61914
D 15:44:04.4676703 PowerTaskList.DebugPrintPower() -         tag=PLAYER_LEADERBOARD_PLACE value=1
D 15:44:04.4676703 PowerTaskList.DebugPrintPower() -         tag=SUPPRESS_ALL_SUMMON_VO value=1
D 15:44:04.4676703 PowerTaskList.DebugPrintPower() -         tag=BACON_HERO_CAN_BE_DRAFTED value=1
D 15:44:04.4676703 PowerTaskList.DebugPrintPower() -         tag=SPAWN_TIME_COUNT value=1
D 15:44:04.4676703 PowerTaskList.DebugPrintPower() -         tag=USE_LEADERBOARD_AS_SPAWN_ORIGIN value=1
D 15:44:04.4676703 PowerTaskList.DebugPrintPower() -         tag=HERO_POWER_ENTITY value=115
D 15:44:04.4676703 PowerTaskList.DebugPrintPower() -         tag=BACON_COMPANION_ID value=77800
D 15:44:04.4676703 PowerTaskList.DebugPrintPower() -         tag=HAS_ACTIVATE_POWER value=1
D 15:44:04.4676703 PowerTaskList.DebugPrintPower() -         tag=2954 value=15
D 15:44:04.4676703 PowerTaskList.DebugPrintPower() -         tag=3085 value=30
D 15:44:04.4676703 PowerTaskList.DebugPrintPower() -         tag=3206 value=7
D 15:44:04.4676703 PowerTaskList.DebugPrintPower() -     TAG_CHANGE Entity=[entityName=Maiev Shadowsong id=116 zone=SETASIDE zonePos=0 cardId=TB_BaconShop_HERO_62 player=14] tag=LINKED_ENTITY value=25 
D 15:44:04.4676703 PowerTaskList.DebugPrintPower() -     TAG_CHANGE Entity=[entityName=Maiev Shadowsong id=116 zone=SETASIDE zonePos=0 cardId=TB_BaconShop_HERO_62 player=14] tag=2210 value=42 
D 15:44:04.4676703 PowerTaskList.DebugPrintPower() -     TAG_CHANGE Entity=[entityName=Maiev Shadowsong id=116 zone=SETASIDE zonePos=0 cardId=TB_BaconShop_HERO_62 player=14] tag=BATTLEGROUNDS_FAVORITE_FINISHER value=34 
D 15:44:04.4676703 PowerTaskList.DebugPrintPower() -     TAG_CHANGE Entity=[entityName=Maiev Shadowsong id=116 zone=SETASIDE zonePos=0 cardId=TB_BaconShop_HERO_62 player=14] tag=LAST_AFFECTED_BY value=1 
D 15:44:04.4676703 PowerTaskList.DebugPrintPower() -     TAG_CHANGE Entity=[entityName=Maiev Shadowsong id=116 zone=SETASIDE zonePos=0 cardId=TB_BaconShop_HERO_62 player=14] tag=COPIED_FROM_ENTITY_ID value=73 
D 15:44:04.4676703 PowerTaskList.DebugPrintPower() -     TAG_CHANGE Entity=[entityName=Maiev Shadowsong id=116 zone=SETASIDE zonePos=0 cardId=TB_BaconShop_HERO_62 player=14] tag=3669 value=1 
D 15:44:04.4676703 PowerTaskList.DebugPrintPower() -     TAG_CHANGE Entity=[entityName=Maiev Shadowsong id=116 zone=SETASIDE zonePos=0 cardId=TB_BaconShop_HERO_62 player=14] tag=LINKED_ENTITY value=0 
D 15:44:04.4676703 PowerTaskList.DebugPrintPower() -     TAG_CHANGE Entity=[entityName=Maiev Shadowsong id=116 zone=SETASIDE zonePos=0 cardId=TB_BaconShop_HERO_62 player=14] tag=3025 value=30 
D 15:44:04.4676703 PowerTaskList.DebugDump() - Block End=(null)
D 15:44:04.4676703 PowerProcessor.PrepareHistoryForCurrentTaskList() - m_currentTaskList=11
D 15:44:04.4869632 PowerProcessor.EndCurrentTaskList() - m_currentTaskList=11
D 15:44:04.5508134 GameState.DebugPrintPowerList() - Count=1
D 15:44:04.5508134 GameState.DebugPrintPower() - TAG_CHANGE Entity=[entityName=Maiev Shadowsong id=116 zone=SETASIDE zonePos=0 cardId=TB_BaconShop_HERO_62 player=14] tag=3026 value=15 
D 15:44:04.5508134 PowerTaskList.DebugDump() - ID=12 ParentID=0 PreviousID=0 TaskCount=1
D 15:44:04.5508134 PowerTaskList.DebugDump() - Block Start=(null)
D 15:44:04.5508134 PowerTaskList.DebugPrintPower() -     TAG_CHANGE Entity=[entityName=Maiev Shadowsong id=116 zone=SETASIDE zonePos=0 cardId=TB_BaconShop_HERO_62 player=14] tag=3026 value=15 
D 15:44:04.5508134 PowerTaskList.DebugDump() - Block End=(null)
D 15:44:04.5508134 PowerProcessor.PrepareHistoryForCurrentTaskList() - m_currentTaskList=12
D 15:44:04.5508134 PowerProcessor.EndCurrentTaskList() - m_currentTaskList=12
D 15:44:04.5677393 GameState.DebugPrintPowerList() - Count=1
D 15:44:04.5677393 GameState.DebugPrintPower() - TAG_CHANGE Entity=[entityName=Maiev Shadowsong id=116 zone=SETASIDE zonePos=0 cardId=TB_BaconShop_HERO_62 player=14] tag=ARMOR value=15 
D 15:44:04.5677393 PowerTaskList.DebugDump() - ID=13 ParentID=0 PreviousID=0 TaskCount=1
D 15:44:04.5677393 PowerTaskList.DebugDump() - Block Start=(null)
D 15:44:04.5677393 PowerTaskList.DebugPrintPower() -     TAG_CHANGE Entity=[entityName=Maiev Shadowsong id=116 zone=SETASIDE zonePos=0 cardId=TB_BaconShop_HERO_62 player=14] tag=ARMOR value=15 
D 15:44:04.5677393 PowerTaskList.DebugDump() - Block End=(null)
D 15:44:04.5677393 PowerProcessor.PrepareHistoryForCurrentTaskList() - m_currentTaskList=13
D 15:44:04.5677393 PowerProcessor.EndCurrentTaskList() - m_currentTaskList=13
D 15:44:06.1673992 GameState.DebugPrintPowerList() - Count=12
D 15:44:06.1673992 GameState.DebugPrintPower() - FULL_ENTITY - Creating ID=130 CardID=BG24_HERO_100p
D 15:44:06.1673992 GameState.DebugPrintPower() -     tag=CONTROLLER value=14
D 15:44:06.1673992 GameState.DebugPrintPower() -     tag=CARDTYPE value=HERO_POWER
D 15:44:06.1673992 GameState.DebugPrintPower() -     tag=TRIGGER_VISUAL value=1
D 15:44:06.1673992 GameState.DebugPrintPower() -     tag=ZONE value=SETASIDE
D 15:44:06.1673992 GameState.DebugPrintPower() -     tag=ENTITY_ID value=130
D 15:44:06.1673992 GameState.DebugPrintPower() -     tag=CREATOR value=121
D 15:44:06.1673992 GameState.DebugPrintPower() -     tag=REVEALED value=1
D 15:44:06.1673992 GameState.DebugPrintPower() -     tag=CREATOR_DBID value=92961
D 15:44:06.1673992 GameState.DebugPrintPower() -     tag=SUPPRESS_ALL_SUMMON_VO value=1
D 15:44:06.1673992 GameState.DebugPrintPower() -     tag=SPAWN_TIME_COUNT value=1
D 15:44:06.1673992 GameState.DebugPrintPower() -     tag=2169 value=2
D 15:44:06.1673992 GameState.DebugPrintPower() -     tag=BACON_HEROPOWER_BASE_HERO_ID value=92960
D 15:44:06.1673992 GameState.DebugPrintPower() -     tag=BACON_DOUBLE_QUEST_HERO_POWER value=1
D 15:44:06.1673992 GameState.DebugPrintPower() - TAG_CHANGE Entity=130 tag=COPIED_FROM_ENTITY_ID value=121 
D 15:44:06.1673992 GameState.DebugPrintPower() - TAG_CHANGE Entity=130 tag=3669 value=1 
D 15:44:06.1673992 GameState.DebugPrintPower() - FULL_ENTITY - Creating ID=131 CardID=BG24_HERO_100
D 15:44:06.1673992 GameState.DebugPrintPower() -     tag=CONTROLLER value=14
D 15:44:06.1673992 GameState.DebugPrintPower() -     tag=CARDTYPE value=HERO
D 15:44:06.1673992 GameState.DebugPrintPower() -     tag=PLAYER_ID value=2
D 15:44:06.1673992 GameState.DebugPrintPower() -     tag=HEALTH value=30
D 15:44:06.1673992 GameState.DebugPrintPower() -     tag=ZONE value=SETASIDE
D 15:44:06.1673992 GameState.DebugPrintPower() -     tag=ENTITY_ID value=131
D 15:44:06.1673992 GameState.DebugPrintPower() -     tag=FACTION value=NEUTRAL
D 15:44:06.1673992 GameState.DebugPrintPower() -     tag=RARITY value=FREE
D 15:44:06.1673992 GameState.DebugPrintPower() -     tag=ARMOR value=11
D 15:44:06.1673992 GameState.DebugPrintPower() -     tag=CREATOR value=84
D 15:44:06.1673992 GameState.DebugPrintPower() -     tag=HERO_POWER value=92961
D 15:44:06.1673992 GameState.DebugPrintPower() -     tag=REVEALED value=1
D 15:44:06.1673992 GameState.DebugPrintPower() -     tag=CREATOR_DBID value=92960
D 15:44:06.1673992 GameState.DebugPrintPower() -     tag=PLAYER_LEADERBOARD_PLACE value=1
D 15:44:06.1673992 GameState.DebugPrintPower() -     tag=SUPPRESS_ALL_SUMMON_VO value=1
D 15:44:06.1673992 GameState.DebugPrintPower() -     tag=BACON_HERO_CAN_BE_DRAFTED value=1
D 15:44:06.1673992 GameState.DebugPrintPower() -     tag=SPAWN_TIME_COUNT value=1
D 15:44:06.1673992 GameState.DebugPrintPower() -     tag=USE_LEADERBOARD_AS_SPAWN_ORIGIN value=1
D 15:44:06.1673992 GameState.DebugPrintPower() -     tag=HERO_POWER_ENTITY value=130
D 15:44:06.1673992 GameState.DebugPrintPower() -     tag=BACON_COMPANION_ID value=101435
D 15:44:06.1673992 GameState.DebugPrintPower() -     tag=HAS_ACTIVATE_POWER value=1
D 15:44:06.1673992 GameState.DebugPrintPower() -     tag=3085 value=30
D 15:44:06.1673992 GameState.DebugPrintPower() -     tag=3206 value=8
D 15:44:06.1673992 GameState.DebugPrintPower() - TAG_CHANGE Entity=131 tag=LINKED_ENTITY value=27 
D 15:44:06.1673992 GameState.DebugPrintPower() - TAG_CHANGE Entity=131 tag=2210 value=1 
D 15:44:06.1673992 GameState.DebugPrintPower() - TAG_CHANGE Entity=131 tag=BATTLEGROUNDS_FAVORITE_FINISHER value=1 
D 15:44:06.1673992 GameState.DebugPrintPower() - TAG_CHANGE Entity=131 tag=LAST_AFFECTED_BY value=4 
D 15:44:06.1673992 GameState.DebugPrintPower() - TAG_CHANGE Entity=131 tag=COPIED_FROM_ENTITY_ID value=84 
D 15:44:06.1673992 GameState.DebugPrintPower() - TAG_CHANGE Entity=131 tag=3669 value=1 
D 15:44:06.1673992 GameState.DebugPrintPower() - TAG_CHANGE Entity=131 tag=LINKED_ENTITY value=0 
D 15:44:06.1673992 GameState.DebugPrintPower() - TAG_CHANGE Entity=131 tag=3025 value=30 
D 15:44:06.1673992 PowerTaskList.DebugDump() - ID=14 ParentID=0 PreviousID=0 TaskCount=12
D 15:44:06.1673992 PowerTaskList.DebugDump() - Block Start=(null)
D 15:44:06.1673992 PowerTaskList.DebugPrintPower() -     FULL_ENTITY - Updating [entityName=Whodunit? id=130 zone=SETASIDE zonePos=0 cardId=BG24_HERO_100p player=14] CardID=BG24_HERO_100p
D 15:44:06.1673992 PowerTaskList.DebugPrintPower() -         tag=CONTROLLER value=14
D 15:44:06.1673992 PowerTaskList.DebugPrintPower() -         tag=CARDTYPE value=HERO_POWER
D 15:44:06.1673992 PowerTaskList.DebugPrintPower() -         tag=TRIGGER_VISUAL value=1
D 15:44:06.1673992 PowerTaskList.DebugPrintPower() -         tag=ZONE value=SETASIDE
D 15:44:06.1673992 PowerTaskList.DebugPrintPower() -         tag=ENTITY_ID value=130
D 15:44:06.1673992 PowerTaskList.DebugPrintPower() -         tag=CREATOR value=121
D 15:44:06.1673992 PowerTaskList.DebugPrintPower() -         tag=REVEALED value=1
D 15:44:06.1673992 PowerTaskList.DebugPrintPower() -         tag=CREATOR_DBID value=92961
D 15:44:06.1673992 PowerTaskList.DebugPrintPower() -         tag=SUPPRESS_ALL_SUMMON_VO value=1
D 15:44:06.1673992 PowerTaskList.DebugPrintPower() -         tag=SPAWN_TIME_COUNT value=1
D 15:44:06.1673992 PowerTaskList.DebugPrintPower() -         tag=2169 value=2
D 15:44:06.1673992 PowerTaskList.DebugPrintPower() -         tag=BACON_HEROPOWER_BASE_HERO_ID value=92960
D 15:44:06.1673992 PowerTaskList.DebugPrintPower() -         tag=BACON_DOUBLE_QUEST_HERO_POWER value=1
D 15:44:06.1673992 PowerTaskList.DebugPrintPower() -     TAG_CHANGE Entity=[entityName=Whodunit? id=130 zone=SETASIDE zonePos=0 cardId=BG24_HERO_100p player=14] tag=COPIED_FROM_ENTITY_ID value=121 
D 15:44:06.1673992 PowerTaskList.DebugPrintPower() -     TAG_CHANGE Entity=[entityName=Whodunit? id=130 zone=SETASIDE zonePos=0 cardId=BG24_HERO_100p player=14] tag=3669 value=1 
D 15:44:06.1673992 PowerTaskList.DebugPrintPower() -     FULL_ENTITY - Updating [entityName=Sire Denathrius id=131 zone=SETASIDE zonePos=0 cardId=BG24_HERO_100 player=14] CardID=BG24_HERO_100
D 15:44:06.1673992 PowerTaskList.DebugPrintPower() -         tag=CONTROLLER value=14
D 15:44:06.1673992 PowerTaskList.DebugPrintPower() -         tag=CARDTYPE value=HERO
D 15:44:06.1673992 PowerTaskList.DebugPrintPower() -         tag=PLAYER_ID value=2
D 15:44:06.1673992 PowerTaskList.DebugPrintPower() -         tag=HEALTH value=30
D 15:44:06.1673992 PowerTaskList.DebugPrintPower() -         tag=ZONE value=SETASIDE
D 15:44:06.1673992 PowerTaskList.DebugPrintPower() -         tag=ENTITY_ID value=131
D 15:44:06.1673992 PowerTaskList.DebugPrintPower() -         tag=FACTION value=NEUTRAL
D 15:44:06.1673992 PowerTaskList.DebugPrintPower() -         tag=RARITY value=FREE
D 15:44:06.1673992 PowerTaskList.DebugPrintPower() -         tag=ARMOR value=11
D 15:44:06.1673992 PowerTaskList.DebugPrintPower() -         tag=CREATOR value=84
D 15:44:06.1673992 PowerTaskList.DebugPrintPower() -         tag=HERO_POWER value=92961
D 15:44:06.1673992 PowerTaskList.DebugPrintPower() -         tag=REVEALED value=1
D 15:44:06.1673992 PowerTaskList.DebugPrintPower() -         tag=CREATOR_DBID value=92960
D 15:44:06.1673992 PowerTaskList.DebugPrintPower() -         tag=PLAYER_LEADERBOARD_PLACE value=1
D 15:44:06.1673992 PowerTaskList.DebugPrintPower() -         tag=SUPPRESS_ALL_SUMMON_VO value=1
D 15:44:06.1673992 PowerTaskList.DebugPrintPower() -         tag=BACON_HERO_CAN_BE_DRAFTED value=1
D 15:44:06.1673992 PowerTaskList.DebugPrintPower() -         tag=SPAWN_TIME_COUNT value=1
D 15:44:06.1673992 PowerTaskList.DebugPrintPower() -         tag=USE_LEADERBOARD_AS_SPAWN_ORIGIN value=1
D 15:44:06.1673992 PowerTaskList.DebugPrintPower() -         tag=HERO_POWER_ENTITY value=130
D 15:44:06.1673992 PowerTaskList.DebugPrintPower() -         tag=BACON_COMPANION_ID value=101435
D 15:44:06.1673992 PowerTaskList.DebugPrintPower() -         tag=HAS_ACTIVATE_POWER value=1
D 15:44:06.1673992 PowerTaskList.DebugPrintPower() -         tag=3085 value=30
D 15:44:06.1673992 PowerTaskList.DebugPrintPower() -         tag=3206 value=8
D 15:44:06.1673992 PowerTaskList.DebugPrintPower() -     TAG_CHANGE Entity=[entityName=Sire Denathrius id=131 zone=SETASIDE zonePos=0 cardId=BG24_HERO_100 player=14] tag=LINKED_ENTITY value=27 
D 15:44:06.1673992 PowerTaskList.DebugPrintPower() -     TAG_CHANGE Entity=[entityName=Sire Denathrius id=131 zone=SETASIDE zonePos=0 cardId=BG24_HERO_100 player=14] tag=2210 value=1 
D 15:44:06.1673992 PowerTaskList.DebugPrintPower() -     TAG_CHANGE Entity=[entityName=Sire Denathrius id=131 zone=SETASIDE zonePos=0 cardId=BG24_HERO_100 player=14] tag=BATTLEGROUNDS_FAVORITE_FINISHER value=1 
D 15:44:06.1673992 PowerTaskList.DebugPrintPower() -     TAG_CHANGE Entity=[entityName=Sire Denathrius id=131 zone=SETASIDE zonePos=0 cardId=BG24_HERO_100 player=14] tag=LAST_AFFECTED_BY value=4 
D 15:44:06.1673992 PowerTaskList.DebugPrintPower() -     TAG_CHANGE Entity=[entityName=Sire Denathrius id=131 zone=SETASIDE zonePos=0 cardId=BG24_HERO_100 player=14] tag=COPIED_FROM_ENTITY_ID value=84 
D 15:44:06.1673992 PowerTaskList.DebugPrintPower() -     TAG_CHANGE Entity=[entityName=Sire Denathrius id=131 zone=SETASIDE zonePos=0 cardId=BG24_HERO_100 player=14] tag=3669 value=1 
D 15:44:06.1673992 PowerTaskList.DebugPrintPower() -     TAG_CHANGE Entity=[entityName=Sire Denathrius id=131 zone=SETASIDE zonePos=0 cardId=BG24_HERO_100 player=14] tag=LINKED_ENTITY value=0 
D 15:44:06.1673992 PowerTaskList.DebugPrintPower() -     TAG_CHANGE Entity=[entityName=Sire Denathrius id=131 zone=SETASIDE zonePos=0 cardId=BG24_HERO_100 player=14] tag=3025 value=30 
D 15:44:06.1673992 PowerTaskList.DebugDump() - Block End=(null)
D 15:44:06.1673992 PowerProcessor.PrepareHistoryForCurrentTaskList() - m_currentTaskList=14
D 15:44:06.1870958 GameState.DebugPrintPowerList() - Count=1
D 15:44:06.1870958 GameState.DebugPrintPower() - TAG_CHANGE Entity=[entityName=Sire Denathrius id=131 zone=SETASIDE zonePos=0 cardId=BG24_HERO_100 player=14] tag=3026 value=11 
D 15:44:06.1870958 PowerProcessor.EndCurrentTaskList() - m_currentTaskList=14
D 15:44:06.2176476 PowerTaskList.DebugDump() - ID=15 ParentID=0 PreviousID=0 TaskCount=1
D 15:44:06.2176476 PowerTaskList.DebugDump() - Block Start=(null)
D 15:44:06.2176476 PowerTaskList.DebugPrintPower() -     TAG_CHANGE Entity=[entityName=Sire Denathrius id=131 zone=SETASIDE zonePos=0 cardId=BG24_HERO_100 player=14] tag=3026 value=11 
D 15:44:06.2176476 PowerTaskList.DebugDump() - Block End=(null)
D 15:44:06.2176476 PowerProcessor.PrepareHistoryForCurrentTaskList() - m_currentTaskList=15
D 15:44:06.2176476 PowerProcessor.EndCurrentTaskList() - m_currentTaskList=15
D 15:44:11.2516221 GameState.DebugPrintPowerList() - Count=12
D 15:44:11.2516221 GameState.DebugPrintPower() - FULL_ENTITY - Creating ID=145 CardID=BG23_HERO_303p2
D 15:44:11.2516221 GameState.DebugPrintPower() -     tag=CONTROLLER value=14
D 15:44:11.2516221 GameState.DebugPrintPower() -     tag=CARDTYPE value=HERO_POWER
D 15:44:11.2516221 GameState.DebugPrintPower() -     tag=ZONE value=SETASIDE
D 15:44:11.2516221 GameState.DebugPrintPower() -     tag=ENTITY_ID value=145
D 15:44:11.2516221 GameState.DebugPrintPower() -     tag=CREATOR value=136
D 15:44:11.2516221 GameState.DebugPrintPower() -     tag=REVEALED value=1
D 15:44:11.2516221 GameState.DebugPrintPower() -     tag=CREATOR_DBID value=90403
D 15:44:11.2516221 GameState.DebugPrintPower() -     tag=SUPPRESS_ALL_SUMMON_VO value=1
D 15:44:11.2516221 GameState.DebugPrintPower() -     tag=SPAWN_TIME_COUNT value=1
D 15:44:11.2516221 GameState.DebugPrintPower() -     tag=2169 value=4
D 15:44:11.2516221 GameState.DebugPrintPower() -     tag=BACON_HEROPOWER_BASE_HERO_ID value=84867
D 15:44:11.2516221 GameState.DebugPrintPower() -     tag=HAS_ACTIVATE_POWER value=1
D 15:44:11.2516221 GameState.DebugPrintPower() -     tag=2887 value=1
D 15:44:11.2516221 GameState.DebugPrintPower() - TAG_CHANGE Entity=145 tag=COPIED_FROM_ENTITY_ID value=136 
D 15:44:11.2516221 GameState.DebugPrintPower() - TAG_CHANGE Entity=145 tag=3669 value=1 
D 15:44:11.2516221 GameState.DebugPrintPower() - FULL_ENTITY - Creating ID=146 CardID=BG23_HERO_303
D 15:44:11.2516221 GameState.DebugPrintPower() -     tag=CONTROLLER value=14
D 15:44:11.2516221 GameState.DebugPrintPower() -     tag=CARDTYPE value=HERO
D 15:44:11.2516221 GameState.DebugPrintPower() -     tag=PLAYER_ID value=4
D 15:44:11.2516221 GameState.DebugPrintPower() -     tag=HEALTH value=30
D 15:44:11.2516221 GameState.DebugPrintPower() -     tag=ZONE value=SETASIDE
D 15:44:11.2516221 GameState.DebugPrintPower() -     tag=ENTITY_ID value=146
D 15:44:11.2516221 GameState.DebugPrintPower() -     tag=RARITY value=FREE
D 15:44:11.2516221 GameState.DebugPrintPower() -     tag=ARMOR value=10
D 15:44:11.2516221 GameState.DebugPrintPower() -     tag=CREATOR value=90
D 15:44:11.2516221 GameState.DebugPrintPower() -     tag=HERO_POWER value=90403
D 15:44:11.2516221 GameState.DebugPrintPower() -     tag=REVEALED value=1
D 15:44:11.2516221 GameState.DebugPrintPower() -     tag=CREATOR_DBID value=84867
D 15:44:11.2516221 GameState.DebugPrintPower() -     tag=PLAYER_LEADERBOARD_PLACE value=1
D 15:44:11.2516221 GameState.DebugPrintPower() -     tag=SUPPRESS_ALL_SUMMON_VO value=1
D 15:44:11.2516221 GameState.DebugPrintPower() -     tag=BACON_HERO_CAN_BE_DRAFTED value=1
D 15:44:11.2516221 GameState.DebugPrintPower() -     tag=SPAWN_TIME_COUNT value=1
D 15:44:11.2516221 GameState.DebugPrintPower() -     tag=USE_LEADERBOARD_AS_SPAWN_ORIGIN value=1
D 15:44:11.2516221 GameState.DebugPrintPower() -     tag=HERO_POWER_ENTITY value=145
D 15:44:11.2516221 GameState.DebugPrintPower() -     tag=BACON_COMPANION_ID value=98656
D 15:44:11.2516221 GameState.DebugPrintPower() -     tag=HAS_ACTIVATE_POWER value=1
D 15:44:11.2516221 GameState.DebugPrintPower() -     tag=3085 value=30
D 15:44:11.2516221 GameState.DebugPrintPower() -     tag=3167 value=1
D 15:44:11.2516221 GameState.DebugPrintPower() -     tag=3190 value=100
D 15:44:11.2516221 GameState.DebugPrintPower() -     tag=3206 value=7
D 15:44:11.2516221 GameState.DebugPrintPower() - TAG_CHANGE Entity=146 tag=LINKED_ENTITY value=31 
D 15:44:11.2516221 GameState.DebugPrintPower() - TAG_CHANGE Entity=146 tag=2210 value=1 
D 15:44:11.2516221 GameState.DebugPrintPower() - TAG_CHANGE Entity=146 tag=BATTLEGROUNDS_FAVORITE_FINISHER value=59 
D 15:44:11.2516221 GameState.DebugPrintPower() - TAG_CHANGE Entity=146 tag=LAST_AFFECTED_BY value=10 
D 15:44:11.2516221 GameState.DebugPrintPower() - TAG_CHANGE Entity=146 tag=COPIED_FROM_ENTITY_ID value=90 
D 15:44:11.2516221 GameState.DebugPrintPower() - TAG_CHANGE Entity=146 tag=3669 value=1 
D 15:44:11.2516221 GameState.DebugPrintPower() - TAG_CHANGE Entity=146 tag=LINKED_ENTITY value=0 
D 15:44:11.2516221 GameState.DebugPrintPower() - TAG_CHANGE Entity=146 tag=3025 value=30 
D 15:44:11.2516221 PowerTaskList.DebugDump() - ID=16 ParentID=0 PreviousID=0 TaskCount=12
D 15:44:11.2516221 PowerTaskList.DebugDump() - Block Start=(null)
D 15:44:11.2516221 PowerTaskList.DebugPrintPower() -     FULL_ENTITY - Updating [entityName=Detective for Hire id=145 zone=SETASIDE zonePos=0 cardId=BG23_HERO_303p2 player=14] CardID=BG23_HERO_303p2
D 15:44:11.2516221 PowerTaskList.DebugPrintPower() -         tag=CONTROLLER value=14
D 15:44:11.2516221 PowerTaskList.DebugPrintPower() -         tag=CARDTYPE value=HERO_POWER
D 15:44:11.2516221 PowerTaskList.DebugPrintPower() -         tag=ZONE value=SETASIDE
D 15:44:11.2516221 PowerTaskList.DebugPrintPower() -         tag=ENTITY_ID value=145
D 15:44:11.2516221 PowerTaskList.DebugPrintPower() -         tag=CREATOR value=136
D 15:44:11.2516221 PowerTaskList.DebugPrintPower() -         tag=REVEALED value=1
D 15:44:11.2516221 PowerTaskList.DebugPrintPower() -         tag=CREATOR_DBID value=90403
D 15:44:11.2516221 PowerTaskList.DebugPrintPower() -         tag=SUPPRESS_ALL_SUMMON_VO value=1
D 15:44:11.2516221 PowerTaskList.DebugPrintPower() -         tag=SPAWN_TIME_COUNT value=1
D 15:44:11.2516221 PowerTaskList.DebugPrintPower() -         tag=2169 value=4
D 15:44:11.2516221 PowerTaskList.DebugPrintPower() -         tag=BACON_HEROPOWER_BASE_HERO_ID value=84867
D 15:44:11.2516221 PowerTaskList.DebugPrintPower() -         tag=HAS_ACTIVATE_POWER value=1
D 15:44:11.2516221 PowerTaskList.DebugPrintPower() -         tag=2887 value=1
D 15:44:11.2516221 PowerTaskList.DebugPrintPower() -     TAG_CHANGE Entity=[entityName=Detective for Hire id=145 zone=SETASIDE zonePos=0 cardId=BG23_HERO_303p2 player=14] tag=COPIED_FROM_ENTITY_ID value=136 
D 15:44:11.2516221 PowerTaskList.DebugPrintPower() -     TAG_CHANGE Entity=[entityName=Detective for Hire id=145 zone=SETASIDE zonePos=0 cardId=BG23_HERO_303p2 player=14] tag=3669 value=1 
D 15:44:11.2516221 PowerTaskList.DebugPrintPower() -     FULL_ENTITY - Updating [entityName=Murloc Holmes id=146 zone=SETASIDE zonePos=0 cardId=BG23_HERO_303 player=14] CardID=BG23_HERO_303
D 15:44:11.2516221 PowerTaskList.DebugPrintPower() -         tag=CONTROLLER value=14
D 15:44:11.2516221 PowerTaskList.DebugPrintPower() -         tag=CARDTYPE value=HERO
D 15:44:11.2516221 PowerTaskList.DebugPrintPower() -         tag=PLAYER_ID value=4
D 15:44:11.2516221 PowerTaskList.DebugPrintPower() -         tag=HEALTH value=30
D 15:44:11.2516221 PowerTaskList.DebugPrintPower() -         tag=ZONE value=SETASIDE
D 15:44:11.2516221 PowerTaskList.DebugPrintPower() -         tag=ENTITY_ID value=146
D 15:44:11.2516221 PowerTaskList.DebugPrintPower() -         tag=RARITY value=FREE
D 15:44:11.2516221 PowerTaskList.DebugPrintPower() -         tag=ARMOR value=10
D 15:44:11.2516221 PowerTaskList.DebugPrintPower() -         tag=CREATOR value=90
D 15:44:11.2516221 PowerTaskList.DebugPrintPower() -         tag=HERO_POWER value=90403
D 15:44:11.2516221 PowerTaskList.DebugPrintPower() -         tag=REVEALED value=1
D 15:44:11.2516221 PowerTaskList.DebugPrintPower() -         tag=CREATOR_DBID value=84867
D 15:44:11.2516221 PowerTaskList.DebugPrintPower() -         tag=PLAYER_LEADERBOARD_PLACE value=1
D 15:44:11.2516221 PowerTaskList.DebugPrintPower() -         tag=SUPPRESS_ALL_SUMMON_VO value=1
D 15:44:11.2516221 PowerTaskList.DebugPrintPower() -         tag=BACON_HERO_CAN_BE_DRAFTED value=1
D 15:44:11.2516221 PowerTaskList.DebugPrintPower() -         tag=SPAWN_TIME_COUNT value=1
D 15:44:11.2516221 PowerTaskList.DebugPrintPower() -         tag=USE_LEADERBOARD_AS_SPAWN_ORIGIN value=1
D 15:44:11.2516221 PowerTaskList.DebugPrintPower() -         tag=HERO_POWER_ENTITY value=145
D 15:44:11.2516221 PowerTaskList.DebugPrintPower() -         tag=BACON_COMPANION_ID value=98656
D 15:44:11.2516221 PowerTaskList.DebugPrintPower() -         tag=HAS_ACTIVATE_POWER value=1
D 15:44:11.2516221 PowerTaskList.DebugPrintPower() -         tag=3085 value=30
D 15:44:11.2516221 PowerTaskList.DebugPrintPower() -         tag=3167 value=1
D 15:44:11.2516221 PowerTaskList.DebugPrintPower() -         tag=3190 value=100
D 15:44:11.2516221 PowerTaskList.DebugPrintPower() -         tag=3206 value=7
D 15:44:11.2516221 PowerTaskList.DebugPrintPower() -     TAG_CHANGE Entity=[entityName=Murloc Holmes id=146 zone=SETASIDE zonePos=0 cardId=BG23_HERO_303 player=14] tag=LINKED_ENTITY value=31 
D 15:44:11.2516221 PowerTaskList.DebugPrintPower() -     TAG_CHANGE Entity=[entityName=Murloc Holmes id=146 zone=SETASIDE zonePos=0 cardId=BG23_HERO_303 player=14] tag=2210 value=1 
D 15:44:11.2516221 PowerTaskList.DebugPrintPower() -     TAG_CHANGE Entity=[entityName=Murloc Holmes id=146 zone=SETASIDE zonePos=0 cardId=BG23_HERO_303 player=14] tag=BATTLEGROUNDS_FAVORITE_FINISHER value=59 
D 15:44:11.2516221 PowerTaskList.DebugPrintPower() -     TAG_CHANGE Entity=[entityName=Murloc Holmes id=146 zone=SETASIDE zonePos=0 cardId=BG23_HERO_303 player=14] tag=LAST_AFFECTED_BY value=10 
D 15:44:11.2516221 PowerTaskList.DebugPrintPower() -     TAG_CHANGE Entity=[entityName=Murloc Holmes id=146 zone=SETASIDE zonePos=0 cardId=BG23_HERO_303 player=14] tag=COPIED_FROM_ENTITY_ID value=90 
D 15:44:11.2516221 PowerTaskList.DebugPrintPower() -     TAG_CHANGE Entity=[entityName=Murloc Holmes id=146 zone=SETASIDE zonePos=0 cardId=BG23_HERO_303 player=14] tag=3669 value=1 
D 15:44:11.2516221 PowerTaskList.DebugPrintPower() -     TAG_CHANGE Entity=[entityName=Murloc Holmes id=146 zone=SETASIDE zonePos=0 cardId=BG23_HERO_303 player=14] tag=LINKED_ENTITY value=0 
D 15:44:11.2516221 PowerTaskList.DebugPrintPower() -     TAG_CHANGE Entity=[entityName=Murloc Holmes id=146 zone=SETASIDE zonePos=0 cardId=BG23_HERO_303 player=14] tag=3025 value=30 
D 15:44:11.2516221 PowerTaskList.DebugDump() - Block End=(null)
D 15:44:11.2516221 PowerProcessor.PrepareHistoryForCurrentTaskList() - m_currentTaskList=16
D 15:44:11.2713727 PowerProcessor.EndCurrentTaskList() - m_currentTaskList=16
D 15:44:11.3351299 GameState.DebugPrintPowerList() - Count=1
D 15:44:11.3351299 GameState.DebugPrintPower() - TAG_CHANGE Entity=[entityName=Murloc Holmes id=146 zone=SETASIDE zonePos=0 cardId=BG23_HERO_303 player=14] tag=3026 value=10 
D 15:44:11.3351299 PowerTaskList.DebugDump() - ID=17 ParentID=0 PreviousID=0 TaskCount=1
D 15:44:11.3351299 PowerTaskList.DebugDump() - Block Start=(null)
D 15:44:11.3351299 PowerTaskList.DebugPrintPower() -     TAG_CHANGE Entity=[entityName=Murloc Holmes id=146 zone=SETASIDE zonePos=0 cardId=BG23_HERO_303 player=14] tag=3026 value=10 
D 15:44:11.3351299 PowerTaskList.DebugDump() - Block End=(null)
D 15:44:11.3351299 PowerProcessor.PrepareHistoryForCurrentTaskList() - m_currentTaskList=17
D 15:44:11.3351299 PowerProcessor.EndCurrentTaskList() - m_currentTaskList=17
D 15:44:13.6173115 GameState.DebugPrintPowerList() - Count=12
D 15:44:13.6173115 GameState.DebugPrintPower() - FULL_ENTITY - Creating ID=160 CardID=TB_BaconShop_HP_022
D 15:44:13.6173115 GameState.DebugPrintPower() -     tag=CONTROLLER value=14
D 15:44:13.6173115 GameState.DebugPrintPower() -     tag=CARDTYPE value=HERO_POWER
D 15:44:13.6173115 GameState.DebugPrintPower() -     tag=TAG_SCRIPT_DATA_NUM_1 value=2
D 15:44:13.6173115 GameState.DebugPrintPower() -     tag=ZONE value=SETASIDE
D 15:44:13.6173115 GameState.DebugPrintPower() -     tag=ENTITY_ID value=160
D 15:44:13.6173115 GameState.DebugPrintPower() -     tag=CREATOR value=151
D 15:44:13.6173115 GameState.DebugPrintPower() -     tag=REVEALED value=1
D 15:44:13.6173115 GameState.DebugPrintPower() -     tag=CREATOR_DBID value=58028
D 15:44:13.6173115 GameState.DebugPrintPower() -     tag=SUPPRESS_ALL_SUMMON_VO value=1
D 15:44:13.6173115 GameState.DebugPrintPower() -     tag=SPAWN_TIME_COUNT value=1
D 15:44:13.6173115 GameState.DebugPrintPower() -     tag=2169 value=3
D 15:44:13.6173115 GameState.DebugPrintPower() -     tag=BACON_HEROPOWER_BASE_HERO_ID value=58027
D 15:44:13.6173115 GameState.DebugPrintPower() -     tag=HAS_ACTIVATE_POWER value=1
D 15:44:13.6173115 GameState.DebugPrintPower() - TAG_CHANGE Entity=160 tag=COPIED_FROM_ENTITY_ID value=151 
D 15:44:13.6173115 GameState.DebugPrintPower() - TAG_CHANGE Entity=160 tag=3669 value=1 
D 15:44:13.6173115 GameState.DebugPrintPower() - FULL_ENTITY - Creating ID=161 CardID=TB_BaconShop_HERO_23
D 15:44:13.6173115 GameState.DebugPrintPower() -     tag=CONTROLLER value=14
D 15:44:13.6173115 GameState.DebugPrintPower() -     tag=CARDTYPE value=HERO
D 15:44:13.6173115 GameState.DebugPrintPower() -     tag=PLAYER_ID value=3
D 15:44:13.6173115 GameState.DebugPrintPower() -     tag=HEALTH value=30
D 15:44:13.6173115 GameState.DebugPrintPower() -     tag=ZONE value=SETASIDE
D 15:44:13.6173115 GameState.DebugPrintPower() -     tag=ENTITY_ID value=161
D 15:44:13.6173115 GameState.DebugPrintPower() -     tag=FACTION value=NEUTRAL
D 15:44:13.6173115 GameState.DebugPrintPower() -     tag=RARITY value=FREE
D 15:44:13.6173115 GameState.DebugPrintPower() -     tag=ARMOR value=5
D 15:44:13.6173115 GameState.DebugPrintPower() -     tag=CREATOR value=76
D 15:44:13.6173115 GameState.DebugPrintPower() -     tag=HERO_POWER value=58028
D 15:44:13.6173115 GameState.DebugPrintPower() -     tag=REVEALED value=1
D 15:44:13.6173115 GameState.DebugPrintPower() -     tag=CREATOR_DBID value=58027
D 15:44:13.6173115 GameState.DebugPrintPower() -     tag=PLAYER_LEADERBOARD_PLACE value=1
D 15:44:13.6173115 GameState.DebugPrintPower() -     tag=SUPPRESS_ALL_SUMMON_VO value=1
D 15:44:13.6173115 GameState.DebugPrintPower() -     tag=BACON_HERO_CAN_BE_DRAFTED value=1
D 15:44:13.6173115 GameState.DebugPrintPower() -     tag=SPAWN_TIME_COUNT value=1
D 15:44:13.6173115 GameState.DebugPrintPower() -     tag=USE_LEADERBOARD_AS_SPAWN_ORIGIN value=1
D 15:44:13.6173115 GameState.DebugPrintPower() -     tag=HERO_POWER_ENTITY value=160
D 15:44:13.6173115 GameState.DebugPrintPower() -     tag=BACON_COMPANION_ID value=77827
D 15:44:13.6173115 GameState.DebugPrintPower() -     tag=HAS_ACTIVATE_POWER value=1
D 15:44:13.6173115 GameState.DebugPrintPower() -     tag=2954 value=10
D 15:44:13.6173115 GameState.DebugPrintPower() -     tag=3085 value=30
D 15:44:13.6173115 GameState.DebugPrintPower() -     tag=3206 value=2
D 15:44:13.6173115 GameState.DebugPrintPower() -     tag=3323 value=18627
D 15:44:13.6173115 GameState.DebugPrintPower() - TAG_CHANGE Entity=161 tag=LINKED_ENTITY value=29 
D 15:44:13.6173115 GameState.DebugPrintPower() - TAG_CHANGE Entity=161 tag=2210 value=1 
D 15:44:13.6173115 GameState.DebugPrintPower() - TAG_CHANGE Entity=161 tag=BATTLEGROUNDS_FAVORITE_FINISHER value=1 
D 15:44:13.6173115 GameState.DebugPrintPower() - TAG_CHANGE Entity=161 tag=LAST_AFFECTED_BY value=7 
D 15:44:13.6173115 GameState.DebugPrintPower() - TAG_CHANGE Entity=161 tag=COPIED_FROM_ENTITY_ID value=76 
D 15:44:13.6173115 GameState.DebugPrintPower() - TAG_CHANGE Entity=161 tag=3669 value=1 
D 15:44:13.6173115 GameState.DebugPrintPower() - TAG_CHANGE Entity=161 tag=LINKED_ENTITY value=0 
D 15:44:13.6173115 GameState.DebugPrintPower() - TAG_CHANGE Entity=161 tag=3025 value=30 
D 15:44:13.6173115 PowerTaskList.DebugDump() - ID=18 ParentID=0 PreviousID=0 TaskCount=12
D 15:44:13.6173115 PowerTaskList.DebugDump() - Block Start=(null)
D 15:44:13.6173115 PowerTaskList.DebugPrintPower() -     FULL_ENTITY - Updating [entityName=Snicker-snack id=160 zone=SETASIDE zonePos=0 cardId=TB_BaconShop_HP_022 player=14] CardID=TB_BaconShop_HP_022
D 15:44:13.6173115 PowerTaskList.DebugPrintPower() -         tag=CONTROLLER value=14
D 15:44:13.6173115 PowerTaskList.DebugPrintPower() -         tag=CARDTYPE value=HERO_POWER
D 15:44:13.6173115 PowerTaskList.DebugPrintPower() -         tag=TAG_SCRIPT_DATA_NUM_1 value=2
D 15:44:13.6173115 PowerTaskList.DebugPrintPower() -         tag=ZONE value=SETASIDE
D 15:44:13.6173115 PowerTaskList.DebugPrintPower() -         tag=ENTITY_ID value=160
D 15:44:13.6173115 PowerTaskList.DebugPrintPower() -         tag=CREATOR value=151
D 15:44:13.6173115 PowerTaskList.DebugPrintPower() -         tag=REVEALED value=1
D 15:44:13.6173115 PowerTaskList.DebugPrintPower() -         tag=CREATOR_DBID value=58028
D 15:44:13.6173115 PowerTaskList.DebugPrintPower() -         tag=SUPPRESS_ALL_SUMMON_VO value=1
D 15:44:13.6173115 PowerTaskList.DebugPrintPower() -         tag=SPAWN_TIME_COUNT value=1
D 15:44:13.6173115 PowerTaskList.DebugPrintPower() -         tag=2169 value=3
D 15:44:13.6173115 PowerTaskList.DebugPrintPower() -         tag=BACON_HEROPOWER_BASE_HERO_ID value=58027
D 15:44:13.6173115 PowerTaskList.DebugPrintPower() -         tag=HAS_ACTIVATE_POWER value=1
D 15:44:13.6173115 PowerTaskList.DebugPrintPower() -     TAG_CHANGE Entity=[entityName=Snicker-snack id=160 zone=SETASIDE zonePos=0 cardId=TB_BaconShop_HP_022 player=14] tag=COPIED_FROM_ENTITY_ID value=151 
D 15:44:13.6173115 PowerTaskList.DebugPrintPower() -     TAG_CHANGE Entity=[entityName=Snicker-snack id=160 zone=SETASIDE zonePos=0 cardId=TB_BaconShop_HP_022 player=14] tag=3669 value=1 
D 15:44:13.6173115 PowerTaskList.DebugPrintPower() -     FULL_ENTITY - Updating [entityName=Shudderwock id=161 zone=SETASIDE zonePos=0 cardId=TB_BaconShop_HERO_23 player=14] CardID=TB_BaconShop_HERO_23
D 15:44:13.6173115 PowerTaskList.DebugPrintPower() -         tag=CONTROLLER value=14
D 15:44:13.6173115 PowerTaskList.DebugPrintPower() -         tag=CARDTYPE value=HERO
D 15:44:13.6173115 PowerTaskList.DebugPrintPower() -         tag=PLAYER_ID value=3
D 15:44:13.6173115 PowerTaskList.DebugPrintPower() -         tag=HEALTH value=30
D 15:44:13.6173115 PowerTaskList.DebugPrintPower() -         tag=ZONE value=SETASIDE
D 15:44:13.6173115 PowerTaskList.DebugPrintPower() -         tag=ENTITY_ID value=161
D 15:44:13.6173115 PowerTaskList.DebugPrintPower() -         tag=FACTION value=NEUTRAL
D 15:44:13.6173115 PowerTaskList.DebugPrintPower() -         tag=RARITY value=FREE
D 15:44:13.6173115 PowerTaskList.DebugPrintPower() -         tag=ARMOR value=5
D 15:44:13.6173115 PowerTaskList.DebugPrintPower() -         tag=CREATOR value=76
D 15:44:13.6173115 PowerTaskList.DebugPrintPower() -         tag=HERO_POWER value=58028
D 15:44:13.6173115 PowerTaskList.DebugPrintPower() -         tag=REVEALED value=1
D 15:44:13.6173115 PowerTaskList.DebugPrintPower() -         tag=CREATOR_DBID value=58027
D 15:44:13.6173115 PowerTaskList.DebugPrintPower() -         tag=PLAYER_LEADERBOARD_PLACE value=1
D 15:44:13.6173115 PowerTaskList.DebugPrintPower() -         tag=SUPPRESS_ALL_SUMMON_VO value=1
D 15:44:13.6173115 PowerTaskList.DebugPrintPower() -         tag=BACON_HERO_CAN_BE_DRAFTED value=1
D 15:44:13.6173115 PowerTaskList.DebugPrintPower() -         tag=SPAWN_TIME_COUNT value=1
D 15:44:13.6173115 PowerTaskList.DebugPrintPower() -         tag=USE_LEADERBOARD_AS_SPAWN_ORIGIN value=1
D 15:44:13.6173115 PowerTaskList.DebugPrintPower() -         tag=HERO_POWER_ENTITY value=160
D 15:44:13.6173115 PowerTaskList.DebugPrintPower() -         tag=BACON_COMPANION_ID value=77827
D 15:44:13.6173115 PowerTaskList.DebugPrintPower() -         tag=HAS_ACTIVATE_POWER value=1
D 15:44:13.6173115 PowerTaskList.DebugPrintPower() -         tag=2954 value=10
D 15:44:13.6173115 PowerTaskList.DebugPrintPower() -         tag=3085 value=30
D 15:44:13.6173115 PowerTaskList.DebugPrintPower() -         tag=3206 value=2
D 15:44:13.6173115 PowerTaskList.DebugPrintPower() -         tag=3323 value=18627
D 15:44:13.6173115 PowerTaskList.DebugPrintPower() -     TAG_CHANGE Entity=[entityName=Shudderwock id=161 zone=SETASIDE zonePos=0 cardId=TB_BaconShop_HERO_23 player=14] tag=LINKED_ENTITY value=29 
D 15:44:13.6173115 PowerTaskList.DebugPrintPower() -     TAG_CHANGE Entity=[entityName=Shudderwock id=161 zone=SETASIDE zonePos=0 cardId=TB_BaconShop_HERO_23 player=14] tag=2210 value=1 
D 15:44:13.6173115 PowerTaskList.DebugPrintPower() -     TAG_CHANGE Entity=[entityName=Shudderwock id=161 zone=SETASIDE zonePos=0 cardId=TB_BaconShop_HERO_23 player=14] tag=BATTLEGROUNDS_FAVORITE_FINISHER value=1 
D 15:44:13.6173115 PowerTaskList.DebugPrintPower() -     TAG_CHANGE Entity=[entityName=Shudderwock id=161 zone=SETASIDE zonePos=0 cardId=TB_BaconShop_HERO_23 player=14] tag=LAST_AFFECTED_BY value=7 
D 15:44:13.6173115 PowerTaskList.DebugPrintPower() -     TAG_CHANGE Entity=[entityName=Shudderwock id=161 zone=SETASIDE zonePos=0 cardId=TB_BaconShop_HERO_23 player=14] tag=COPIED_FROM_ENTITY_ID value=76 
D 15:44:13.6173115 PowerTaskList.DebugPrintPower() -     TAG_CHANGE Entity=[entityName=Shudderwock id=161 zone=SETASIDE zonePos=0 cardId=TB_BaconShop_HERO_23 player=14] tag=3669 value=1 
D 15:44:13.6173115 PowerTaskList.DebugPrintPower() -     TAG_CHANGE Entity=[entityName=Shudderwock id=161 zone=SETASIDE zonePos=0 cardId=TB_BaconShop_HERO_23 player=14] tag=LINKED_ENTITY value=0 
D 15:44:13.6173115 PowerTaskList.DebugPrintPower() -     TAG_CHANGE Entity=[entityName=Shudderwock id=161 zone=SETASIDE zonePos=0 cardId=TB_BaconShop_HERO_23 player=14] tag=3025 value=30 
D 15:44:13.6173115 PowerTaskList.DebugDump() - Block End=(null)
D 15:44:13.6173115 PowerProcessor.PrepareHistoryForCurrentTaskList() - m_currentTaskList=18
D 15:44:13.6371977 PowerProcessor.EndCurrentTaskList() - m_currentTaskList=18
D 15:44:13.7172372 GameState.DebugPrintPowerList() - Count=1
D 15:44:13.7172372 GameState.DebugPrintPower() - TAG_CHANGE Entity=[entityName=Shudderwock id=161 zone=SETASIDE zonePos=0 cardId=TB_BaconShop_HERO_23 player=14] tag=3026 value=10 
D 15:44:13.7172372 PowerTaskList.DebugDump() - ID=19 ParentID=0 PreviousID=0 TaskCount=1
D 15:44:13.7172372 PowerTaskList.DebugDump() - Block Start=(null)
D 15:44:13.7172372 PowerTaskList.DebugPrintPower() -     TAG_CHANGE Entity=[entityName=Shudderwock id=161 zone=SETASIDE zonePos=0 cardId=TB_BaconShop_HERO_23 player=14] tag=3026 value=10 
D 15:44:13.7172372 PowerTaskList.DebugDump() - Block End=(null)
D 15:44:13.7172372 PowerProcessor.PrepareHistoryForCurrentTaskList() - m_currentTaskList=19
D 15:44:13.7172372 PowerProcessor.EndCurrentTaskList() - m_currentTaskList=19
D 15:44:13.7343171 GameState.DebugPrintPowerList() - Count=1
D 15:44:13.7343171 GameState.DebugPrintPower() - TAG_CHANGE Entity=[entityName=Shudderwock id=161 zone=SETASIDE zonePos=0 cardId=TB_BaconShop_HERO_23 player=14] tag=ARMOR value=10 
D 15:44:13.7343171 PowerTaskList.DebugDump() - ID=20 ParentID=0 PreviousID=0 TaskCount=1
D 15:44:13.7343171 PowerTaskList.DebugDump() - Block Start=(null)
D 15:44:13.7343171 PowerTaskList.DebugPrintPower() -     TAG_CHANGE Entity=[entityName=Shudderwock id=161 zone=SETASIDE zonePos=0 cardId=TB_BaconShop_HERO_23 player=14] tag=ARMOR value=10 
D 15:44:13.7343171 PowerTaskList.DebugDump() - Block End=(null)
D 15:44:13.7343171 PowerProcessor.PrepareHistoryForCurrentTaskList() - m_currentTaskList=20
D 15:44:13.7343171 PowerProcessor.EndCurrentTaskList() - m_currentTaskList=20
D 15:44:14.2727971 GameState.SendChoices() - id=1 ChoiceType=MULLIGAN
D 15:44:14.2727971 GameState.SendChoices() -   m_chosenEntities[0]=[entityName=Sparkhoarder Togwaggle id=85 zone=HAND zonePos=2 cardId=BG23_HERO_305_SKIN_B player=6]
D 15:44:14.5194246 GameState.DebugPrintEntitiesChosen() - id=1 Player=dymitrq#2316 EntitiesCount=1
D 15:44:14.5194246 GameState.DebugPrintEntitiesChosen() -   Entities[0]=[entityName=Sparkhoarder Togwaggle id=85 zone=HAND zonePos=2 cardId=BG23_HERO_305_SKIN_B player=6]
D 15:44:14.6172200 GameState.DebugPrintPowerList() - Count=48
D 15:44:14.6172200 GameState.DebugPrintPower() - TAG_CHANGE Entity=dymitrq#2316 tag=MULLIGAN_STATE value=DEALING 
D 15:44:14.6172200 GameState.DebugPrintPower() - BLOCK_START BlockType=TRIGGER Entity=dymitrq#2316 EffectCardId=System.Collections.Generic.List`1[System.String] EffectIndex=7 Target=0 SubOption=-1 TriggerKeyword=TAG_NOT_SET
D 15:44:14.6172200 GameState.DebugPrintPower() -     TAG_CHANGE Entity=[entityName=The Jailer id=86 zone=HAND zonePos=1 cardId=TB_BaconShop_HERO_702 player=6] tag=2747 value=17 
D 15:44:14.6172200 GameState.DebugPrintPower() -     TAG_CHANGE Entity=[entityName=The Jailer id=86 zone=HAND zonePos=1 cardId=TB_BaconShop_HERO_702 player=6] tag=1068 value=6 
D 15:44:14.6172200 GameState.DebugPrintPower() -     TAG_CHANGE Entity=[entityName=The Jailer id=86 zone=HAND zonePos=1 cardId=TB_BaconShop_HERO_702 player=6] tag=1068 value=0 
D 15:44:14.6172200 GameState.DebugPrintPower() -     TAG_CHANGE Entity=[entityName=Sparkhoarder Togwaggle id=85 zone=HAND zonePos=2 cardId=BG23_HERO_305_SKIN_B player=6] tag=ZONE_POSITION value=1 
D 15:44:14.6172200 GameState.DebugPrintPower() -     TAG_CHANGE Entity=[entityName=The Jailer id=86 zone=HAND zonePos=1 cardId=TB_BaconShop_HERO_702 player=6] tag=1037 value=6 
D 15:44:14.6172200 GameState.DebugPrintPower() -     TAG_CHANGE Entity=[entityName=The Jailer id=86 zone=HAND zonePos=1 cardId=TB_BaconShop_HERO_702 player=6] tag=ZONE_POSITION value=0 
D 15:44:14.6172200 GameState.DebugPrintPower() -     TAG_CHANGE Entity=[entityName=The Jailer id=86 zone=HAND zonePos=1 cardId=TB_BaconShop_HERO_702 player=6] tag=ZONE value=SETASIDE 
D 15:44:14.6172200 GameState.DebugPrintPower() -     TAG_CHANGE Entity=[entityName=The Jailer id=86 zone=HAND zonePos=1 cardId=TB_BaconShop_HERO_702 player=6] tag=LAST_AFFECTED_BY value=17 
D 15:44:14.6172200 GameState.DebugPrintPower() -     TAG_CHANGE Entity=[entityName=The Jailer id=86 zone=HAND zonePos=1 cardId=TB_BaconShop_HERO_702 player=6] tag=1068 value=4 
D 15:44:14.6172200 GameState.DebugPrintPower() -     TAG_CHANGE Entity=[entityName=The Jailer id=86 zone=HAND zonePos=1 cardId=TB_BaconShop_HERO_702 player=6] tag=1068 value=0 
D 15:44:14.6172200 GameState.DebugPrintPower() -     TAG_CHANGE Entity=[entityName=The Jailer id=86 zone=HAND zonePos=1 cardId=TB_BaconShop_HERO_702 player=6] tag=ZONE value=GRAVEYARD 
D 15:44:14.6172200 GameState.DebugPrintPower() -     TAG_CHANGE Entity=[entityName=Sparkhoarder Togwaggle id=85 zone=HAND zonePos=2 cardId=BG23_HERO_305_SKIN_B player=6] tag=1068 value=1 
D 15:44:14.6172200 GameState.DebugPrintPower() -     TAG_CHANGE Entity=[entityName=Sparkhoarder Togwaggle id=85 zone=HAND zonePos=2 cardId=BG23_HERO_305_SKIN_B player=6] tag=1068 value=0 
D 15:44:14.6172200 GameState.DebugPrintPower() -     TAG_CHANGE Entity=[entityName=Sparkhoarder Togwaggle id=85 zone=HAND zonePos=2 cardId=BG23_HERO_305_SKIN_B player=6] tag=1037 value=6 
D 15:44:14.6172200 GameState.DebugPrintPower() -     TAG_CHANGE Entity=[entityName=Sparkhoarder Togwaggle id=85 zone=HAND zonePos=2 cardId=BG23_HERO_305_SKIN_B player=6] tag=ZONE_POSITION value=0 
D 15:44:14.6172200 GameState.DebugPrintPower() -     TAG_CHANGE Entity=[entityName=Sparkhoarder Togwaggle id=85 zone=HAND zonePos=2 cardId=BG23_HERO_305_SKIN_B player=6] tag=SPAWN_TIME_COUNT value=0 
D 15:44:14.6172200 GameState.DebugPrintPower() -     TAG_CHANGE Entity=[entityName=Sparkhoarder Togwaggle id=85 zone=HAND zonePos=2 cardId=BG23_HERO_305_SKIN_B player=6] tag=SPAWN_TIME_COUNT value=1 
D 15:44:14.6172200 GameState.DebugPrintPower() -     TAG_CHANGE Entity=[entityName=Sparkhoarder Togwaggle id=85 zone=HAND zonePos=2 cardId=BG23_HERO_305_SKIN_B player=6] tag=ZONE value=PLAY 
D 15:44:14.6172200 GameState.DebugPrintPower() -     TAG_CHANGE Entity=[entityName=Sparkhoarder Togwaggle id=85 zone=HAND zonePos=2 cardId=BG23_HERO_305_SKIN_B player=6] tag=LINKED_ENTITY value=35 
D 15:44:14.6172200 GameState.DebugPrintPower() -     TAG_CHANGE Entity=[entityName=BaconPHhero id=35 zone=PLAY zonePos=0 cardId=TB_BaconShop_HERO_PH player=6] tag=1068 value=6 
D 15:44:14.6172200 GameState.DebugPrintPower() -     TAG_CHANGE Entity=[entityName=BaconPHhero id=35 zone=PLAY zonePos=0 cardId=TB_BaconShop_HERO_PH player=6] tag=1068 value=0 
D 15:44:14.6172200 GameState.DebugPrintPower() -     TAG_CHANGE Entity=[entityName=BaconPHhero id=35 zone=PLAY zonePos=0 cardId=TB_BaconShop_HERO_PH player=6] tag=1037 value=6 
D 15:44:14.6172200 GameState.DebugPrintPower() -     TAG_CHANGE Entity=[entityName=BaconPHhero id=35 zone=PLAY zonePos=0 cardId=TB_BaconShop_HERO_PH player=6] tag=ZONE value=SETASIDE 
D 15:44:14.6172200 GameState.DebugPrintPower() -     TAG_CHANGE Entity=[entityName=BaconPHhero id=35 zone=PLAY zonePos=0 cardId=TB_BaconShop_HERO_PH player=6] tag=REVEALED value=1 
D 15:44:14.6172200 GameState.DebugPrintPower() -     TAG_CHANGE Entity=dymitrq#2316 tag=HERO_ENTITY value=85 
D 15:44:14.6172200 GameState.DebugPrintPower() -     TAG_CHANGE Entity=[entityName=Sparkhoarder Togwaggle id=85 zone=HAND zonePos=2 cardId=BG23_HERO_305_SKIN_B player=6] tag=PLAYER_ID value=6 
D 15:44:14.6172200 GameState.DebugPrintPower() -     TAG_CHANGE Entity=[entityName=Sparkhoarder Togwaggle id=85 zone=HAND zonePos=2 cardId=BG23_HERO_305_SKIN_B player=6] tag=PLAYER_LEADERBOARD_PLACE value=1 
D 15:44:14.6172200 GameState.DebugPrintPower() -     FULL_ENTITY - Creating ID=166 CardID=BG23_HERO_305p
D 15:44:14.6172200 GameState.DebugPrintPower() -         tag=CONTROLLER value=6
D 15:44:14.6172200 GameState.DebugPrintPower() -         tag=CARDTYPE value=HERO_POWER
D 15:44:14.6172200 GameState.DebugPrintPower() -         tag=TAG_LAST_KNOWN_COST_IN_HAND value=11
D 15:44:14.6172200 GameState.DebugPrintPower() -         tag=COST value=11
D 15:44:14.6172200 GameState.DebugPrintPower() -         tag=ZONE value=PLAY
D 15:44:14.6172200 GameState.DebugPrintPower() -         tag=ENTITY_ID value=166
D 15:44:14.6172200 GameState.DebugPrintPower() -         tag=CREATOR value=17
D 15:44:14.6172200 GameState.DebugPrintPower() -         tag=1037 value=6
D 15:44:14.6172200 GameState.DebugPrintPower() -         tag=SUPPRESS_ALL_SUMMON_VO value=1
D 15:44:14.6172200 GameState.DebugPrintPower() -         tag=SPAWN_TIME_COUNT value=1
D 15:44:14.6172200 GameState.DebugPrintPower() -         tag=BACON_HEROPOWER_BASE_HERO_ID value=86291
D 15:44:14.6172200 GameState.DebugPrintPower() -         tag=HAS_ACTIVATE_POWER value=1
D 15:44:14.6172200 GameState.DebugPrintPower() -     TAG_CHANGE Entity=[entityName=Sparkhoarder Togwaggle id=85 zone=HAND zonePos=2 cardId=BG23_HERO_305_SKIN_B player=6] tag=3025 value=30 
D 15:44:14.6172200 GameState.DebugPrintPower() -     TAG_CHANGE Entity=[entityName=Sparkhoarder Togwaggle id=85 zone=HAND zonePos=2 cardId=BG23_HERO_305_SKIN_B player=6] tag=3026 value=13 
D 15:44:14.6172200 GameState.DebugPrintPower() -     TAG_CHANGE Entity=dymitrq#2316 tag=MULLIGAN_STATE value=WAITING 
D 15:44:14.6172200 GameState.DebugPrintPower() - BLOCK_END
D 15:44:14.6172200 GameState.DebugPrintPower() - TAG_CHANGE Entity=[entityName=Tavern Lighting id=102 zone=SETASIDE zonePos=0 cardId=TB_BaconShop_HP_085 player=14] tag=3669 value=0 
D 15:44:14.6172200 GameState.DebugPrintPower() - TAG_CHANGE Entity=[entityName=Rakanishu id=103 zone=SETASIDE zonePos=0 cardId=TB_BaconShop_HERO_75 player=14] tag=3669 value=0 
D 15:44:14.6172200 GameState.DebugPrintPower() - TAG_CHANGE Entity=[entityName=Imprison id=115 zone=SETASIDE zonePos=0 cardId=TB_BaconShop_HP_068 player=14] tag=3669 value=0 
D 15:44:14.6172200 GameState.DebugPrintPower() - TAG_CHANGE Entity=[entityName=Maiev Shadowsong id=116 zone=SETASIDE zonePos=0 cardId=TB_BaconShop_HERO_62 player=14] tag=3669 value=0 
D 15:44:14.6172200 GameState.DebugPrintPower() - TAG_CHANGE Entity=[entityName=Whodunit? id=130 zone=SETASIDE zonePos=0 cardId=BG24_HERO_100p player=14] tag=3669 value=0 
D 15:44:14.6172200 GameState.DebugPrintPower() - TAG_CHANGE Entity=[entityName=Sire Denathrius id=131 zone=SETASIDE zonePos=0 cardId=BG24_HERO_100 player=14] tag=3669 value=0 
D 15:44:14.6172200 GameState.DebugPrintPower() - TAG_CHANGE Entity=[entityName=Detective for Hire id=145 zone=SETASIDE zonePos=0 cardId=BG23_HERO_303p2 player=14] tag=3669 value=0 
D 15:44:14.6172200 GameState.DebugPrintPower() - TAG_CHANGE Entity=[entityName=Murloc Holmes id=146 zone=SETASIDE zonePos=0 cardId=BG23_HERO_303 player=14] tag=3669 value=0 
D 15:44:14.6172200 GameState.DebugPrintPower() - TAG_CHANGE Entity=[entityName=Snicker-snack id=160 zone=SETASIDE zonePos=0 cardId=TB_BaconShop_HP_022 player=14] tag=3669 value=0 
D 15:44:14.6172200 GameState.DebugPrintPower() - TAG_CHANGE Entity=[entityName=Shudderwock id=161 zone=SETASIDE zonePos=0 cardId=TB_BaconShop_HERO_23 player=14] tag=3669 value=0 
D 15:44:14.6172200 GameState.DebugPrintPower() - BLOCK_START BlockType=TRIGGER Entity=dymitrq#2316 EffectCardId=System.Collections.Generic.List`1[System.String] EffectIndex=8 Target=0 SubOption=-1 TriggerKeyword=TAG_NOT_SET
D 15:44:14.6172200 GameState.DebugPrintPower() -     TAG_CHANGE Entity=dymitrq#2316 tag=MULLIGAN_STATE value=DONE 
D 15:44:14.6172200 GameState.DebugPrintPower() -     TAG_CHANGE Entity=GameEntity tag=NEXT_STEP value=MAIN_READY 
D 15:44:14.6172200 GameState.DebugPrintPower() - BLOCK_END
D 15:44:14.6172200 PowerTaskList.DebugDump() - ID=21 ParentID=0 PreviousID=0 TaskCount=1
D 15:44:14.6172200 PowerTaskList.DebugDump() - Block Start=(null)
D 15:44:14.6172200 PowerTaskList.DebugPrintPower() -     TAG_CHANGE Entity=dymitrq#2316 tag=MULLIGAN_STATE value=DEALING 
D 15:44:14.6172200 PowerTaskList.DebugDump() - Block End=(null)
D 15:44:14.6172200 PowerProcessor.PrepareHistoryForCurrentTaskList() - m_currentTaskList=21
D 15:44:14.6172200 PowerProcessor.EndCurrentTaskList() - m_currentTaskList=21
D 15:44:14.6172200 PowerTaskList.DebugDump() - ID=22 ParentID=0 PreviousID=0 TaskCount=31
D 15:44:14.6172200 PowerTaskList.DebugPrintPower() - BLOCK_START BlockType=TRIGGER Entity=dymitrq#2316 EffectCardId=System.Collections.Generic.List`1[System.String] EffectIndex=7 Target=0 SubOption=-1 TriggerKeyword=TAG_NOT_SET
D 15:44:14.6172200 PowerTaskList.DebugPrintPower() -     TAG_CHANGE Entity=[entityName=The Jailer id=86 zone=HAND zonePos=1 cardId=TB_BaconShop_HERO_702 player=6] tag=2747 value=17 
D 15:44:14.6172200 PowerTaskList.DebugPrintPower() -     TAG_CHANGE Entity=[entityName=The Jailer id=86 zone=HAND zonePos=1 cardId=TB_BaconShop_HERO_702 player=6] tag=1068 value=6 
D 15:44:14.6172200 PowerTaskList.DebugPrintPower() -     TAG_CHANGE Entity=[entityName=The Jailer id=86 zone=HAND zonePos=1 cardId=TB_BaconShop_HERO_702 player=6] tag=1068 value=0 
D 15:44:14.6172200 PowerTaskList.DebugPrintPower() -     TAG_CHANGE Entity=[entityName=Sparkhoarder Togwaggle id=85 zone=HAND zonePos=2 cardId=BG23_HERO_305_SKIN_B player=6] tag=ZONE_POSITION value=1 
D 15:44:14.6172200 PowerTaskList.DebugPrintPower() -     TAG_CHANGE Entity=[entityName=The Jailer id=86 zone=HAND zonePos=1 cardId=TB_BaconShop_HERO_702 player=6] tag=1037 value=6 
D 15:44:14.6172200 PowerTaskList.DebugPrintPower() -     TAG_CHANGE Entity=[entityName=The Jailer id=86 zone=HAND zonePos=1 cardId=TB_BaconShop_HERO_702 player=6] tag=ZONE_POSITION value=0 
D 15:44:14.6172200 PowerTaskList.DebugPrintPower() -     TAG_CHANGE Entity=[entityName=The Jailer id=86 zone=HAND zonePos=1 cardId=TB_BaconShop_HERO_702 player=6] tag=ZONE value=SETASIDE 
D 15:44:14.6172200 PowerTaskList.DebugPrintPower() -     TAG_CHANGE Entity=[entityName=The Jailer id=86 zone=HAND zonePos=1 cardId=TB_BaconShop_HERO_702 player=6] tag=LAST_AFFECTED_BY value=17 
D 15:44:14.6172200 PowerTaskList.DebugPrintPower() -     TAG_CHANGE Entity=[entityName=The Jailer id=86 zone=HAND zonePos=1 cardId=TB_BaconShop_HERO_702 player=6] tag=1068 value=4 
D 15:44:14.6172200 PowerTaskList.DebugPrintPower() -     TAG_CHANGE Entity=[entityName=The Jailer id=86 zone=HAND zonePos=1 cardId=TB_BaconShop_HERO_702 player=6] tag=1068 value=0 
D 15:44:14.6172200 PowerTaskList.DebugPrintPower() -     TAG_CHANGE Entity=[entityName=The Jailer id=86 zone=HAND zonePos=1 cardId=TB_BaconShop_HERO_702 player=6] tag=ZONE value=GRAVEYARD 
D 15:44:14.6172200 PowerTaskList.DebugPrintPower() -     TAG_CHANGE Entity=[entityName=Sparkhoarder Togwaggle id=85 zone=HAND zonePos=2 cardId=BG23_HERO_305_SKIN_B player=6] tag=1068 value=1 
D 15:44:14.6172200 PowerTaskList.DebugPrintPower() -     TAG_CHANGE Entity=[entityName=Sparkhoarder Togwaggle id=85 zone=HAND zonePos=2 cardId=BG23_HERO_305_SKIN_B player=6] tag=1068 value=0 
D 15:44:14.6172200 PowerTaskList.DebugPrintPower() -     TAG_CHANGE Entity=[entityName=Sparkhoarder Togwaggle id=85 zone=HAND zonePos=2 cardId=BG23_HERO_305_SKIN_B player=6] tag=1037 value=6 
D 15:44:14.6172200 PowerTaskList.DebugPrintPower() -     TAG_CHANGE Entity=[entityName=Sparkhoarder Togwaggle id=85 zone=HAND zonePos=2 cardId=BG23_HERO_305_SKIN_B player=6] tag=ZONE_POSITION value=0 
D 15:44:14.6172200 PowerTaskList.DebugPrintPower() -     TAG_CHANGE Entity=[entityName=Sparkhoarder Togwaggle id=85 zone=HAND zonePos=2 cardId=BG23_HERO_305_SKIN_B player=6] tag=SPAWN_TIME_COUNT value=0 
D 15:44:14.6172200 PowerTaskList.DebugPrintPower() -     TAG_CHANGE Entity=[entityName=Sparkhoarder Togwaggle id=85 zone=HAND zonePos=2 cardId=BG23_HERO_305_SKIN_B player=6] tag=SPAWN_TIME_COUNT value=1 
D 15:44:14.6172200 PowerTaskList.DebugPrintPower() -     TAG_CHANGE Entity=[entityName=Sparkhoarder Togwaggle id=85 zone=HAND zonePos=2 cardId=BG23_HERO_305_SKIN_B player=6] tag=ZONE value=PLAY 
D 15:44:14.6172200 PowerTaskList.DebugPrintPower() -     TAG_CHANGE Entity=[entityName=Sparkhoarder Togwaggle id=85 zone=HAND zonePos=2 cardId=BG23_HERO_305_SKIN_B player=6] tag=LINKED_ENTITY value=35 
D 15:44:14.6172200 PowerTaskList.DebugPrintPower() -     TAG_CHANGE Entity=[entityName=BaconPHhero id=35 zone=PLAY zonePos=0 cardId=TB_BaconShop_HERO_PH player=6] tag=1068 value=6 
D 15:44:14.6172200 PowerTaskList.DebugPrintPower() -     TAG_CHANGE Entity=[entityName=BaconPHhero id=35 zone=PLAY zonePos=0 cardId=TB_BaconShop_HERO_PH player=6] tag=1068 value=0 
D 15:44:14.6172200 PowerTaskList.DebugPrintPower() -     TAG_CHANGE Entity=[entityName=BaconPHhero id=35 zone=PLAY zonePos=0 cardId=TB_BaconShop_HERO_PH player=6] tag=1037 value=6 
D 15:44:14.6172200 PowerTaskList.DebugPrintPower() -     TAG_CHANGE Entity=[entityName=BaconPHhero id=35 zone=PLAY zonePos=0 cardId=TB_BaconShop_HERO_PH player=6] tag=ZONE value=SETASIDE 
D 15:44:14.6172200 PowerTaskList.DebugPrintPower() -     TAG_CHANGE Entity=[entityName=BaconPHhero id=35 zone=PLAY zonePos=0 cardId=TB_BaconShop_HERO_PH player=6] tag=REVEALED value=1 
D 15:44:14.6172200 PowerTaskList.DebugPrintPower() -     TAG_CHANGE Entity=dymitrq#2316 tag=HERO_ENTITY value=85 
D 15:44:14.6172200 PowerTaskList.DebugPrintPower() -     TAG_CHANGE Entity=[entityName=Sparkhoarder Togwaggle id=85 zone=HAND zonePos=2 cardId=BG23_HERO_305_SKIN_B player=6] tag=PLAYER_ID value=6 
D 15:44:14.6172200 PowerTaskList.DebugPrintPower() -     TAG_CHANGE Entity=[entityName=Sparkhoarder Togwaggle id=85 zone=HAND zonePos=2 cardId=BG23_HERO_305_SKIN_B player=6] tag=PLAYER_LEADERBOARD_PLACE value=1 
D 15:44:14.6172200 PowerTaskList.DebugPrintPower() -     FULL_ENTITY - Updating [entityName=The Perfect Crime id=166 zone=PLAY zonePos=0 cardId=BG23_HERO_305p player=6] CardID=BG23_HERO_305p
D 15:44:14.6172200 PowerTaskList.DebugPrintPower() -         tag=CONTROLLER value=6
D 15:44:14.6172200 PowerTaskList.DebugPrintPower() -         tag=CARDTYPE value=HERO_POWER
D 15:44:14.6172200 PowerTaskList.DebugPrintPower() -         tag=TAG_LAST_KNOWN_COST_IN_HAND value=11
D 15:44:14.6172200 PowerTaskList.DebugPrintPower() -         tag=COST value=11
D 15:44:14.6172200 PowerTaskList.DebugPrintPower() -         tag=ZONE value=PLAY
D 15:44:14.6172200 PowerTaskList.DebugPrintPower() -         tag=ENTITY_ID value=166
D 15:44:14.6172200 PowerTaskList.DebugPrintPower() -         tag=CREATOR value=17
D 15:44:14.6172200 PowerTaskList.DebugPrintPower() -         tag=1037 value=6
D 15:44:14.6172200 PowerTaskList.DebugPrintPower() -         tag=SUPPRESS_ALL_SUMMON_VO value=1
D 15:44:14.6172200 PowerTaskList.DebugPrintPower() -         tag=SPAWN_TIME_COUNT value=1
D 15:44:14.6172200 PowerTaskList.DebugPrintPower() -         tag=BACON_HEROPOWER_BASE_HERO_ID value=86291
D 15:44:14.6172200 PowerTaskList.DebugPrintPower() -         tag=HAS_ACTIVATE_POWER value=1
D 15:44:14.6172200 PowerTaskList.DebugPrintPower() -     TAG_CHANGE Entity=[entityName=Sparkhoarder Togwaggle id=85 zone=HAND zonePos=2 cardId=BG23_HERO_305_SKIN_B player=6] tag=3025 value=30 
D 15:44:14.6172200 PowerTaskList.DebugPrintPower() -     TAG_CHANGE Entity=[entityName=Sparkhoarder Togwaggle id=85 zone=HAND zonePos=2 cardId=BG23_HERO_305_SKIN_B player=6] tag=3026 value=13 
D 15:44:14.6172200 PowerTaskList.DebugPrintPower() -     TAG_CHANGE Entity=dymitrq#2316 tag=MULLIGAN_STATE value=WAITING 
D 15:44:14.6172200 PowerTaskList.DebugPrintPower() - BLOCK_END
D 15:44:14.6172200 PowerProcessor.PrepareHistoryForCurrentTaskList() - m_currentTaskList=22
D 15:44:14.6387432 GameState.DebugPrintPowerList() - Count=4
D 15:44:14.6387432 GameState.DebugPrintPower() - BLOCK_START BlockType=TRIGGER Entity=dymitrq#2316 EffectCardId=System.Collections.Generic.List`1[System.String] EffectIndex=14 Target=0 SubOption=-1 TriggerKeyword=TAG_NOT_SET
D 15:44:14.6387432 GameState.DebugPrintPower() - BLOCK_END
D 15:44:14.6387432 GameState.DebugPrintPower() - BLOCK_START BlockType=TRIGGER Entity=Bartender Bob EffectCardId=System.Collections.Generic.List`1[System.String] EffectIndex=14 Target=0 SubOption=-1 TriggerKeyword=TAG_NOT_SET
D 15:44:14.6387432 GameState.DebugPrintPower() - BLOCK_END
D 15:44:14.6745711 PowerProcessor.EndCurrentTaskList() - m_currentTaskList=22
D 15:44:14.6770867 PowerTaskList.DebugDump() - ID=23 ParentID=0 PreviousID=0 TaskCount=10
D 15:44:14.6770867 PowerTaskList.DebugDump() - Block Start=(null)
D 15:44:14.6770867 PowerTaskList.DebugPrintPower() -     TAG_CHANGE Entity=[entityName=Tavern Lighting id=102 zone=SETASIDE zonePos=0 cardId=TB_BaconShop_HP_085 player=14] tag=3669 value=0 
D 15:44:14.6770867 PowerTaskList.DebugPrintPower() -     TAG_CHANGE Entity=[entityName=Rakanishu id=103 zone=SETASIDE zonePos=0 cardId=TB_BaconShop_HERO_75 player=14] tag=3669 value=0 
D 15:44:14.6770867 PowerTaskList.DebugPrintPower() -     TAG_CHANGE Entity=[entityName=Imprison id=115 zone=SETASIDE zonePos=0 cardId=TB_BaconShop_HP_068 player=14] tag=3669 value=0 
D 15:44:14.6770867 PowerTaskList.DebugPrintPower() -     TAG_CHANGE Entity=[entityName=Maiev Shadowsong id=116 zone=SETASIDE zonePos=0 cardId=TB_BaconShop_HERO_62 player=14] tag=3669 value=0 
D 15:44:14.6770867 PowerTaskList.DebugPrintPower() -     TAG_CHANGE Entity=[entityName=Whodunit? id=130 zone=SETASIDE zonePos=0 cardId=BG24_HERO_100p player=14] tag=3669 value=0 
D 15:44:14.6770867 PowerTaskList.DebugPrintPower() -     TAG_CHANGE Entity=[entityName=Sire Denathrius id=131 zone=SETASIDE zonePos=0 cardId=BG24_HERO_100 player=14] tag=3669 value=0 
D 15:44:14.6770867 PowerTaskList.DebugPrintPower() -     TAG_CHANGE Entity=[entityName=Detective for Hire id=145 zone=SETASIDE zonePos=0 cardId=BG23_HERO_303p2 player=14] tag=3669 value=0 
D 15:44:14.6770867 PowerTaskList.DebugPrintPower() -     TAG_CHANGE Entity=[entityName=Murloc Holmes id=146 zone=SETASIDE zonePos=0 cardId=BG23_HERO_303 player=14] tag=3669 value=0 
D 15:44:14.6770867 PowerTaskList.DebugPrintPower() -     TAG_CHANGE Entity=[entityName=Snicker-snack id=160 zone=SETASIDE zonePos=0 cardId=TB_BaconShop_HP_022 player=14] tag=3669 value=0 
D 15:44:14.6770867 PowerTaskList.DebugPrintPower() -     TAG_CHANGE Entity=[entityName=Shudderwock id=161 zone=SETASIDE zonePos=0 cardId=TB_BaconShop_HERO_23 player=14] tag=3669 value=0 
D 15:44:14.6770867 PowerTaskList.DebugDump() - Block End=(null)
D 15:44:14.6770867 PowerProcessor.PrepareHistoryForCurrentTaskList() - m_currentTaskList=23
D 15:44:14.6770867 PowerProcessor.EndCurrentTaskList() - m_currentTaskList=23
D 15:44:14.6770867 PowerTaskList.DebugDump() - ID=24 ParentID=0 PreviousID=0 TaskCount=2
D 15:44:14.6770867 PowerTaskList.DebugPrintPower() - BLOCK_START BlockType=TRIGGER Entity=dymitrq#2316 EffectCardId=System.Collections.Generic.List`1[System.String] EffectIndex=8 Target=0 SubOption=-1 TriggerKeyword=TAG_NOT_SET
D 15:44:14.6770867 PowerTaskList.DebugPrintPower() -     TAG_CHANGE Entity=dymitrq#2316 tag=MULLIGAN_STATE value=DONE 
D 15:44:14.6770867 PowerTaskList.DebugPrintPower() -     TAG_CHANGE Entity=GameEntity tag=NEXT_STEP value=MAIN_READY 
D 15:44:14.6770867 PowerTaskList.DebugPrintPower() - BLOCK_END
D 15:44:14.6770867 PowerProcessor.PrepareHistoryForCurrentTaskList() - m_currentTaskList=24
D 15:44:14.6770867 PowerProcessor.EndCurrentTaskList() - m_currentTaskList=24
D 15:44:14.6770867 PowerTaskList.DebugDump() - ID=25 ParentID=0 PreviousID=0 TaskCount=0
D 15:44:14.6770867 PowerTaskList.DebugPrintPower() - BLOCK_START BlockType=TRIGGER Entity=dymitrq#2316 EffectCardId=System.Collections.Generic.List`1[System.String] EffectIndex=14 Target=0 SubOption=-1 TriggerKeyword=TAG_NOT_SET
D 15:44:14.6770867 PowerTaskList.DebugPrintPower() - BLOCK_END
D 15:44:14.6770867 PowerProcessor.PrepareHistoryForCurrentTaskList() - m_currentTaskList=25
D 15:44:14.6770867 PowerProcessor.EndCurrentTaskList() - m_currentTaskList=25
D 15:44:14.6770867 PowerTaskList.DebugDump() - ID=26 ParentID=0 PreviousID=0 TaskCount=0
D 15:44:14.6770867 PowerTaskList.DebugPrintPower() - BLOCK_START BlockType=TRIGGER Entity=Bartender Bob EffectCardId=System.Collections.Generic.List`1[System.String] EffectIndex=14 Target=0 SubOption=-1 TriggerKeyword=TAG_NOT_SET
D 15:44:14.6770867 PowerTaskList.DebugPrintPower() - BLOCK_END
D 15:44:14.6770867 PowerProcessor.PrepareHistoryForCurrentTaskList() - m_currentTaskList=26
D 15:44:14.6770867 PowerProcessor.EndCurrentTaskList() - m_currentTaskList=26
D 15:44:19.5835915 GameState.DebugPrintPowerList() - Count=12
D 15:44:19.5835915 GameState.DebugPrintPower() - FULL_ENTITY - Creating ID=192 CardID=TB_BaconShop_HP_035
D 15:44:19.5835915 GameState.DebugPrintPower() -     tag=CONTROLLER value=14
D 15:44:19.5835915 GameState.DebugPrintPower() -     tag=CARDTYPE value=HERO_POWER
D 15:44:19.5835915 GameState.DebugPrintPower() -     tag=ZONE value=SETASIDE
D 15:44:19.5835915 GameState.DebugPrintPower() -     tag=ENTITY_ID value=192
D 15:44:19.5835915 GameState.DebugPrintPower() -     tag=CREATOR value=181
D 15:44:19.5835915 GameState.DebugPrintPower() -     tag=REVEALED value=1
D 15:44:19.5835915 GameState.DebugPrintPower() -     tag=HIDE_COST value=1
D 15:44:19.5835915 GameState.DebugPrintPower() -     tag=CREATOR_DBID value=59399
D 15:44:19.5835915 GameState.DebugPrintPower() -     tag=SUPPRESS_ALL_SUMMON_VO value=1
D 15:44:19.5835915 GameState.DebugPrintPower() -     tag=SPAWN_TIME_COUNT value=1
D 15:44:19.5835915 GameState.DebugPrintPower() -     tag=2169 value=7
D 15:44:19.5835915 GameState.DebugPrintPower() -     tag=BACON_HEROPOWER_BASE_HERO_ID value=59397
D 15:44:19.5835915 GameState.DebugPrintPower() - TAG_CHANGE Entity=192 tag=COPIED_FROM_ENTITY_ID value=181 
D 15:44:19.5835915 GameState.DebugPrintPower() - TAG_CHANGE Entity=192 tag=3669 value=1 
D 15:44:19.5835915 GameState.DebugPrintPower() - FULL_ENTITY - Creating ID=193 CardID=TB_BaconShop_HERO_34
D 15:44:19.5835915 GameState.DebugPrintPower() -     tag=CONTROLLER value=14
D 15:44:19.5835915 GameState.DebugPrintPower() -     tag=CARDTYPE value=HERO
D 15:44:19.5835915 GameState.DebugPrintPower() -     tag=PLAYER_ID value=7
D 15:44:19.5835915 GameState.DebugPrintPower() -     tag=HEALTH value=60
D 15:44:19.5835915 GameState.DebugPrintPower() -     tag=ZONE value=SETASIDE
D 15:44:19.5835915 GameState.DebugPrintPower() -     tag=ENTITY_ID value=193
D 15:44:19.5835915 GameState.DebugPrintPower() -     tag=FACTION value=NEUTRAL
D 15:44:19.5835915 GameState.DebugPrintPower() -     tag=RARITY value=FREE
D 15:44:19.5835915 GameState.DebugPrintPower() -     tag=CREATOR value=80
D 15:44:19.5835915 GameState.DebugPrintPower() -     tag=HERO_POWER value=59399
D 15:44:19.5835915 GameState.DebugPrintPower() -     tag=REVEALED value=1
D 15:44:19.5835915 GameState.DebugPrintPower() -     tag=CREATOR_DBID value=59397
D 15:44:19.5835915 GameState.DebugPrintPower() -     tag=PLAYER_LEADERBOARD_PLACE value=1
D 15:44:19.5835915 GameState.DebugPrintPower() -     tag=SUPPRESS_ALL_SUMMON_VO value=1
D 15:44:19.5835915 GameState.DebugPrintPower() -     tag=BACON_HERO_CAN_BE_DRAFTED value=1
D 15:44:19.5835915 GameState.DebugPrintPower() -     tag=SPAWN_TIME_COUNT value=1
D 15:44:19.5835915 GameState.DebugPrintPower() -     tag=USE_LEADERBOARD_AS_SPAWN_ORIGIN value=1
D 15:44:19.5835915 GameState.DebugPrintPower() -     tag=HERO_POWER_ENTITY value=192
D 15:44:19.5835915 GameState.DebugPrintPower() -     tag=BACON_COMPANION_ID value=77817
D 15:44:19.5835915 GameState.DebugPrintPower() -     tag=HAS_ACTIVATE_POWER value=1
D 15:44:19.5835915 GameState.DebugPrintPower() -     tag=3085 value=60
D 15:44:19.5835915 GameState.DebugPrintPower() -     tag=3190 value=100
D 15:44:19.5835915 GameState.DebugPrintPower() -     tag=3323 value=18425
D 15:44:19.5835915 GameState.DebugPrintPower() - TAG_CHANGE Entity=193 tag=LINKED_ENTITY value=37 
D 15:44:19.5835915 GameState.DebugPrintPower() - TAG_CHANGE Entity=193 tag=2210 value=1 
D 15:44:19.5835915 GameState.DebugPrintPower() - TAG_CHANGE Entity=193 tag=BATTLEGROUNDS_FAVORITE_FINISHER value=35 
D 15:44:19.5835915 GameState.DebugPrintPower() - TAG_CHANGE Entity=193 tag=LAST_AFFECTED_BY value=19 
D 15:44:19.5835915 GameState.DebugPrintPower() - TAG_CHANGE Entity=193 tag=COPIED_FROM_ENTITY_ID value=80 
D 15:44:19.5835915 GameState.DebugPrintPower() - TAG_CHANGE Entity=193 tag=3669 value=1 
D 15:44:19.5835915 GameState.DebugPrintPower() - TAG_CHANGE Entity=193 tag=LINKED_ENTITY value=0 
D 15:44:19.5835915 GameState.DebugPrintPower() - TAG_CHANGE Entity=193 tag=3025 value=60 
D 15:44:19.5835915 PowerTaskList.DebugDump() - ID=27 ParentID=0 PreviousID=0 TaskCount=12
D 15:44:19.5835915 PowerTaskList.DebugDump() - Block Start=(null)
D 15:44:19.5835915 PowerTaskList.DebugPrintPower() -     FULL_ENTITY - Updating [entityName=All Patched Up id=192 zone=SETASIDE zonePos=0 cardId=TB_BaconShop_HP_035 player=14] CardID=TB_BaconShop_HP_035
D 15:44:19.5835915 PowerTaskList.DebugPrintPower() -         tag=CONTROLLER value=14
D 15:44:19.5835915 PowerTaskList.DebugPrintPower() -         tag=CARDTYPE value=HERO_POWER
D 15:44:19.5835915 PowerTaskList.DebugPrintPower() -         tag=ZONE value=SETASIDE
D 15:44:19.5835915 PowerTaskList.DebugPrintPower() -         tag=ENTITY_ID value=192
D 15:44:19.5835915 PowerTaskList.DebugPrintPower() -         tag=CREATOR value=181
D 15:44:19.5835915 PowerTaskList.DebugPrintPower() -         tag=REVEALED value=1
D 15:44:19.5835915 PowerTaskList.DebugPrintPower() -         tag=HIDE_COST value=1
D 15:44:19.5835915 PowerTaskList.DebugPrintPower() -         tag=CREATOR_DBID value=59399
D 15:44:19.5835915 PowerTaskList.DebugPrintPower() -         tag=SUPPRESS_ALL_SUMMON_VO value=1
D 15:44:19.5835915 PowerTaskList.DebugPrintPower() -         tag=SPAWN_TIME_COUNT value=1
D 15:44:19.5835915 PowerTaskList.DebugPrintPower() -         tag=2169 value=7
D 15:44:19.5835915 PowerTaskList.DebugPrintPower() -         tag=BACON_HEROPOWER_BASE_HERO_ID value=59397
D 15:44:19.5835915 PowerTaskList.DebugPrintPower() -     TAG_CHANGE Entity=[entityName=All Patched Up id=192 zone=SETASIDE zonePos=0 cardId=TB_BaconShop_HP_035 player=14] tag=COPIED_FROM_ENTITY_ID value=181 
D 15:44:19.5835915 PowerTaskList.DebugPrintPower() -     TAG_CHANGE Entity=[entityName=All Patched Up id=192 zone=SETASIDE zonePos=0 cardId=TB_BaconShop_HP_035 player=14] tag=3669 value=1 
D 15:44:19.5835915 PowerTaskList.DebugPrintPower() -     FULL_ENTITY - Updating [entityName=Patchwerk id=193 zone=SETASIDE zonePos=0 cardId=TB_BaconShop_HERO_34 player=14] CardID=TB_BaconShop_HERO_34
D 15:44:19.5835915 PowerTaskList.DebugPrintPower() -         tag=CONTROLLER value=14
D 15:44:19.5835915 PowerTaskList.DebugPrintPower() -         tag=CARDTYPE value=HERO
D 15:44:19.5835915 PowerTaskList.DebugPrintPower() -         tag=PLAYER_ID value=7
D 15:44:19.5835915 PowerTaskList.DebugPrintPower() -         tag=HEALTH value=60
D 15:44:19.5835915 PowerTaskList.DebugPrintPower() -         tag=ZONE value=SETASIDE
D 15:44:19.5835915 PowerTaskList.DebugPrintPower() -         tag=ENTITY_ID value=193
D 15:44:19.5835915 PowerTaskList.DebugPrintPower() -         tag=FACTION value=NEUTRAL
D 15:44:19.5835915 PowerTaskList.DebugPrintPower() -         tag=RARITY value=FREE
D 15:44:19.5835915 PowerTaskList.DebugPrintPower() -         tag=CREATOR value=80
D 15:44:19.5835915 PowerTaskList.DebugPrintPower() -         tag=HERO_POWER value=59399
D 15:44:19.5835915 PowerTaskList.DebugPrintPower() -         tag=REVEALED value=1
D 15:44:19.5835915 PowerTaskList.DebugPrintPower() -         tag=CREATOR_DBID value=59397
D 15:44:19.5835915 PowerTaskList.DebugPrintPower() -         tag=PLAYER_LEADERBOARD_PLACE value=1
D 15:44:19.5835915 PowerTaskList.DebugPrintPower() -         tag=SUPPRESS_ALL_SUMMON_VO value=1
D 15:44:19.5835915 PowerTaskList.DebugPrintPower() -         tag=BACON_HERO_CAN_BE_DRAFTED value=1
D 15:44:19.5835915 PowerTaskList.DebugPrintPower() -         tag=SPAWN_TIME_COUNT value=1
D 15:44:19.5835915 PowerTaskList.DebugPrintPower() -         tag=USE_LEADERBOARD_AS_SPAWN_ORIGIN value=1
D 15:44:19.5835915 PowerTaskList.DebugPrintPower() -         tag=HERO_POWER_ENTITY value=192
D 15:44:19.5835915 PowerTaskList.DebugPrintPower() -         tag=BACON_COMPANION_ID value=77817
D 15:44:19.5835915 PowerTaskList.DebugPrintPower() -         tag=HAS_ACTIVATE_POWER value=1
D 15:44:19.5835915 PowerTaskList.DebugPrintPower() -         tag=3085 value=60
D 15:44:19.5835915 PowerTaskList.DebugPrintPower() -         tag=3190 value=100
D 15:44:19.5835915 PowerTaskList.DebugPrintPower() -         tag=3323 value=18425
D 15:44:19.5835915 PowerTaskList.DebugPrintPower() -     TAG_CHANGE Entity=[entityName=Patchwerk id=193 zone=SETASIDE zonePos=0 cardId=TB_BaconShop_HERO_34 player=14] tag=LINKED_ENTITY value=37 
D 15:44:19.5835915 PowerTaskList.DebugPrintPower() -     TAG_CHANGE Entity=[entityName=Patchwerk id=193 zone=SETASIDE zonePos=0 cardId=TB_BaconShop_HERO_34 player=14] tag=2210 value=1 
D 15:44:19.5835915 PowerTaskList.DebugPrintPower() -     TAG_CHANGE Entity=[entityName=Patchwerk id=193 zone=SETASIDE zonePos=0 cardId=TB_BaconShop_HERO_34 player=14] tag=BATTLEGROUNDS_FAVORITE_FINISHER value=35 
D 15:44:19.5835915 PowerTaskList.DebugPrintPower() -     TAG_CHANGE Entity=[entityName=Patchwerk id=193 zone=SETASIDE zonePos=0 cardId=TB_BaconShop_HERO_34 player=14] tag=LAST_AFFECTED_BY value=19 
D 15:44:19.5835915 PowerTaskList.DebugPrintPower() -     TAG_CHANGE Entity=[entityName=Patchwerk id=193 zone=SETASIDE zonePos=0 cardId=TB_BaconShop_HERO_34 player=14] tag=COPIED_FROM_ENTITY_ID value=80 
D 15:44:19.5835915 PowerTaskList.DebugPrintPower() -     TAG_CHANGE Entity=[entityName=Patchwerk id=193 zone=SETASIDE zonePos=0 cardId=TB_BaconShop_HERO_34 player=14] tag=3669 value=1 
D 15:44:19.5835915 PowerTaskList.DebugPrintPower() -     TAG_CHANGE Entity=[entityName=Patchwerk id=193 zone=SETASIDE zonePos=0 cardId=TB_BaconShop_HERO_34 player=14] tag=LINKED_ENTITY value=0 
D 15:44:19.5835915 PowerTaskList.DebugPrintPower() -     TAG_CHANGE Entity=[entityName=Patchwerk id=193 zone=SETASIDE zonePos=0 cardId=TB_BaconShop_HERO_34 player=14] tag=3025 value=60 
D 15:44:19.5835915 PowerTaskList.DebugDump() - Block End=(null)
D 15:44:19.5835915 PowerProcessor.PrepareHistoryForCurrentTaskList() - m_currentTaskList=27
D 15:44:19.6036400 PowerProcessor.EndCurrentTaskList() - m_currentTaskList=27
D 15:44:19.6839652 GameState.DebugPrintPowerList() - Count=1
D 15:44:19.6839652 GameState.DebugPrintPower() - TAG_CHANGE Entity=[entityName=Rakanishu id=103 zone=SETASIDE zonePos=0 cardId=TB_BaconShop_HERO_75 player=14] tag=PLAYER_LEADERBOARD_PLACE value=2 
D 15:44:19.6839652 PowerTaskList.DebugDump() - ID=28 ParentID=0 PreviousID=0 TaskCount=1
D 15:44:19.6839652 PowerTaskList.DebugDump() - Block Start=(null)
D 15:44:19.6839652 PowerTaskList.DebugPrintPower() -     TAG_CHANGE Entity=[entityName=Rakanishu id=103 zone=SETASIDE zonePos=0 cardId=TB_BaconShop_HERO_75 player=14] tag=PLAYER_LEADERBOARD_PLACE value=2 
D 15:44:19.6839652 PowerTaskList.DebugDump() - Block End=(null)
D 15:44:19.6839652 PowerProcessor.PrepareHistoryForCurrentTaskList() - m_currentTaskList=28
D 15:44:19.6839652 PowerProcessor.EndCurrentTaskList() - m_currentTaskList=28
D 15:44:19.7008762 GameState.DebugPrintPowerList() - Count=2
D 15:44:19.7008762 GameState.DebugPrintPower() - TAG_CHANGE Entity=[entityName=Sparkhoarder Togwaggle id=85 zone=PLAY zonePos=0 cardId=BG23_HERO_305_SKIN_B player=6] tag=PLAYER_LEADERBOARD_PLACE value=3 
D 15:44:19.7008762 GameState.DebugPrintPower() - TAG_CHANGE Entity=[entityName=Sire Denathrius id=131 zone=SETASIDE zonePos=0 cardId=BG24_HERO_100 player=14] tag=PLAYER_LEADERBOARD_PLACE value=4 
D 15:44:19.7008762 PowerTaskList.DebugDump() - ID=29 ParentID=0 PreviousID=0 TaskCount=2
D 15:44:19.7008762 PowerTaskList.DebugDump() - Block Start=(null)
D 15:44:19.7008762 PowerTaskList.DebugPrintPower() -     TAG_CHANGE Entity=[entityName=Sparkhoarder Togwaggle id=85 zone=PLAY zonePos=0 cardId=BG23_HERO_305_SKIN_B player=6] tag=PLAYER_LEADERBOARD_PLACE value=3 
D 15:44:19.7008762 PowerTaskList.DebugPrintPower() -     TAG_CHANGE Entity=[entityName=Sire Denathrius id=131 zone=SETASIDE zonePos=0 cardId=BG24_HERO_100 player=14] tag=PLAYER_LEADERBOARD_PLACE value=4 
D 15:44:19.7008762 PowerTaskList.DebugDump() - Block End=(null)
D 15:44:19.7008762 PowerProcessor.PrepareHistoryForCurrentTaskList() - m_currentTaskList=29
D 15:44:19.7008762 PowerProcessor.EndCurrentTaskList() - m_currentTaskList=29
D 15:44:19.7171083 GameState.DebugPrintPowerList() - Count=1
D 15:44:19.7171083 GameState.DebugPrintPower() - TAG_CHANGE Entity=[entityName=Shudderwock id=161 zone=SETASIDE zonePos=0 cardId=TB_BaconShop_HERO_23 player=14] tag=PLAYER_LEADERBOARD_PLACE value=5 
D 15:44:19.7171083 PowerTaskList.DebugDump() - ID=30 ParentID=0 PreviousID=0 TaskCount=1
D 15:44:19.7171083 PowerTaskList.DebugDump() - Block Start=(null)
D 15:44:19.7171083 PowerTaskList.DebugPrintPower() -     TAG_CHANGE Entity=[entityName=Shudderwock id=161 zone=SETASIDE zonePos=0 cardId=TB_BaconShop_HERO_23 player=14] tag=PLAYER_LEADERBOARD_PLACE value=5 
D 15:44:19.7171083 PowerTaskList.DebugDump() - Block End=(null)
D 15:44:19.7171083 PowerProcessor.PrepareHistoryForCurrentTaskList() - m_currentTaskList=30
D 15:44:19.7171083 PowerProcessor.EndCurrentTaskList() - m_currentTaskList=30
D 15:44:19.7338312 GameState.DebugPrintPowerList() - Count=1
D 15:44:19.7338312 GameState.DebugPrintPower() - TAG_CHANGE Entity=[entityName=Murloc Holmes id=146 zone=SETASIDE zonePos=0 cardId=BG23_HERO_303 player=14] tag=PLAYER_LEADERBOARD_PLACE value=6 
D 15:44:19.7338312 PowerTaskList.DebugDump() - ID=31 ParentID=0 PreviousID=0 TaskCount=1
D 15:44:19.7338312 PowerTaskList.DebugDump() - Block Start=(null)
D 15:44:19.7338312 PowerTaskList.DebugPrintPower() -     TAG_CHANGE Entity=[entityName=Murloc Holmes id=146 zone=SETASIDE zonePos=0 cardId=BG23_HERO_303 player=14] tag=PLAYER_LEADERBOARD_PLACE value=6 
D 15:44:19.7338312 PowerTaskList.DebugDump() - Block End=(null)
D 15:44:19.7338312 PowerProcessor.PrepareHistoryForCurrentTaskList() - m_currentTaskList=31
D 15:44:19.7338312 PowerProcessor.EndCurrentTaskList() - m_currentTaskList=31
D 15:44:19.7509818 GameState.DebugPrintPowerList() - Count=1
D 15:44:19.7509818 GameState.DebugPrintPower() - TAG_CHANGE Entity=[entityName=Patchwerk id=193 zone=SETASIDE zonePos=0 cardId=TB_BaconShop_HERO_34 player=14] tag=PLAYER_LEADERBOARD_PLACE value=8 
D 15:44:19.7509818 PowerTaskList.DebugDump() - ID=32 ParentID=0 PreviousID=0 TaskCount=1
D 15:44:19.7509818 PowerTaskList.DebugDump() - Block Start=(null)
D 15:44:19.7509818 PowerTaskList.DebugPrintPower() -     TAG_CHANGE Entity=[entityName=Patchwerk id=193 zone=SETASIDE zonePos=0 cardId=TB_BaconShop_HERO_34 player=14] tag=PLAYER_LEADERBOARD_PLACE value=8 
D 15:44:19.7509818 PowerTaskList.DebugDump() - Block End=(null)
D 15:44:19.7509818 PowerProcessor.PrepareHistoryForCurrentTaskList() - m_currentTaskList=32
D 15:44:19.7509818 PowerProcessor.EndCurrentTaskList() - m_currentTaskList=32
D 15:44:19.7675086 GameState.DebugPrintPowerList() - Count=1
D 15:44:19.7675086 GameState.DebugPrintPower() - TAG_CHANGE Entity=[entityName=Patchwerk id=193 zone=SETASIDE zonePos=0 cardId=TB_BaconShop_HERO_34 player=14] tag=DAMAGE value=60 
D 15:44:19.7675086 PowerTaskList.DebugDump() - ID=33 ParentID=0 PreviousID=0 TaskCount=1
D 15:44:19.7675086 PowerTaskList.DebugDump() - Block Start=(null)
D 15:44:19.7675086 PowerTaskList.DebugPrintPower() -     TAG_CHANGE Entity=[entityName=Patchwerk id=193 zone=SETASIDE zonePos=0 cardId=TB_BaconShop_HERO_34 player=14] tag=DAMAGE value=60 
D 15:44:19.7675086 PowerTaskList.DebugDump() - Block End=(null)
D 15:44:19.7675086 PowerProcessor.PrepareHistoryForCurrentTaskList() - m_currentTaskList=33
D 15:44:19.7675086 PowerProcessor.EndCurrentTaskList() - m_currentTaskList=33
D 15:44:19.7835454 GameState.DebugPrintPowerList() - Count=1
D 15:44:19.7835454 GameState.DebugPrintPower() - TAG_CHANGE Entity=[entityName=Patchwerk id=193 zone=SETASIDE zonePos=0 cardId=TB_BaconShop_HERO_34 player=14] tag=1640 value=1 
D 15:44:19.7835454 PowerTaskList.DebugDump() - ID=34 ParentID=0 PreviousID=0 TaskCount=1
D 15:44:19.7835454 PowerTaskList.DebugDump() - Block Start=(null)
D 15:44:19.7835454 PowerTaskList.DebugPrintPower() -     TAG_CHANGE Entity=[entityName=Patchwerk id=193 zone=SETASIDE zonePos=0 cardId=TB_BaconShop_HERO_34 player=14] tag=1640 value=1 
D 15:44:19.7835454 PowerTaskList.DebugDump() - Block End=(null)
D 15:44:19.7835454 PowerProcessor.PrepareHistoryForCurrentTaskList() - m_currentTaskList=34
D 15:44:19.7835454 PowerProcessor.EndCurrentTaskList() - m_currentTaskList=34
D 15:44:27.6675664 GameState.DebugPrintPowerList() - Count=12
D 15:44:27.6675664 GameState.DebugPrintPower() - FULL_ENTITY - Creating ID=205 CardID=TB_BaconShop_HP_101
D 15:44:27.6675664 GameState.DebugPrintPower() -     tag=CONTROLLER value=14
D 15:44:27.6675664 GameState.DebugPrintPower() -     tag=CARDTYPE value=HERO_POWER
D 15:44:27.6675664 GameState.DebugPrintPower() -     tag=ZONE value=SETASIDE
D 15:44:27.6675664 GameState.DebugPrintPower() -     tag=ENTITY_ID value=205
D 15:44:27.6675664 GameState.DebugPrintPower() -     tag=CREATOR value=196
D 15:44:27.6675664 GameState.DebugPrintPower() -     tag=REVEALED value=1
D 15:44:27.6675664 GameState.DebugPrintPower() -     tag=HIDE_COST value=1
D 15:44:27.6675664 GameState.DebugPrintPower() -     tag=CREATOR_DBID value=64481
D 15:44:27.6675664 GameState.DebugPrintPower() -     tag=SUPPRESS_ALL_SUMMON_VO value=1
D 15:44:27.6675664 GameState.DebugPrintPower() -     tag=SPAWN_TIME_COUNT value=1
D 15:44:27.6675664 GameState.DebugPrintPower() -     tag=2169 value=5
D 15:44:27.6675664 GameState.DebugPrintPower() -     tag=BACON_HEROPOWER_BASE_HERO_ID value=64480
D 15:44:27.6675664 GameState.DebugPrintPower() - TAG_CHANGE Entity=205 tag=COPIED_FROM_ENTITY_ID value=196 
D 15:44:27.6675664 GameState.DebugPrintPower() - TAG_CHANGE Entity=205 tag=3669 value=1 
D 15:44:27.6675664 GameState.DebugPrintPower() - FULL_ENTITY - Creating ID=206 CardID=TB_BaconShop_HERO_90
D 15:44:27.6675664 GameState.DebugPrintPower() -     tag=CONTROLLER value=14
D 15:44:27.6675664 GameState.DebugPrintPower() -     tag=CARDTYPE value=HERO
D 15:44:27.6675664 GameState.DebugPrintPower() -     tag=PLAYER_ID value=5
D 15:44:27.6675664 GameState.DebugPrintPower() -     tag=HEALTH value=30
D 15:44:27.6675664 GameState.DebugPrintPower() -     tag=ZONE value=SETASIDE
D 15:44:27.6675664 GameState.DebugPrintPower() -     tag=ENTITY_ID value=206
D 15:44:27.6675664 GameState.DebugPrintPower() -     tag=FACTION value=NEUTRAL
D 15:44:27.6675664 GameState.DebugPrintPower() -     tag=RARITY value=FREE
D 15:44:27.6675664 GameState.DebugPrintPower() -     tag=ARMOR value=10
D 15:44:27.6675664 GameState.DebugPrintPower() -     tag=CREATOR value=88
D 15:44:27.6675664 GameState.DebugPrintPower() -     tag=HERO_POWER value=64481
D 15:44:27.6675664 GameState.DebugPrintPower() -     tag=REVEALED value=1
D 15:44:27.6675664 GameState.DebugPrintPower() -     tag=CREATOR_DBID value=64480
D 15:44:27.6675664 GameState.DebugPrintPower() -     tag=PLAYER_LEADERBOARD_PLACE value=1
D 15:44:27.6675664 GameState.DebugPrintPower() -     tag=SUPPRESS_ALL_SUMMON_VO value=1
D 15:44:27.6675664 GameState.DebugPrintPower() -     tag=BACON_HERO_CAN_BE_DRAFTED value=1
D 15:44:27.6675664 GameState.DebugPrintPower() -     tag=SPAWN_TIME_COUNT value=1
D 15:44:27.6675664 GameState.DebugPrintPower() -     tag=USE_LEADERBOARD_AS_SPAWN_ORIGIN value=1
D 15:44:27.6675664 GameState.DebugPrintPower() -     tag=HERO_POWER_ENTITY value=205
D 15:44:27.6675664 GameState.DebugPrintPower() -     tag=BACON_COMPANION_ID value=77829
D 15:44:27.6675664 GameState.DebugPrintPower() -     tag=HAS_ACTIVATE_POWER value=1
D 15:44:27.6675664 GameState.DebugPrintPower() -     tag=3085 value=30
D 15:44:27.6675664 GameState.DebugPrintPower() -     tag=3190 value=100
D 15:44:27.6675664 GameState.DebugPrintPower() -     tag=3206 value=8
D 15:44:27.6675664 GameState.DebugPrintPower() - TAG_CHANGE Entity=206 tag=LINKED_ENTITY value=33 
D 15:44:27.6675664 GameState.DebugPrintPower() - TAG_CHANGE Entity=206 tag=2210 value=1 
D 15:44:27.6675664 GameState.DebugPrintPower() - TAG_CHANGE Entity=206 tag=BATTLEGROUNDS_FAVORITE_FINISHER value=69 
D 15:44:27.6675664 GameState.DebugPrintPower() - TAG_CHANGE Entity=206 tag=LAST_AFFECTED_BY value=13 
D 15:44:27.6675664 GameState.DebugPrintPower() - TAG_CHANGE Entity=206 tag=COPIED_FROM_ENTITY_ID value=88 
D 15:44:27.6675664 GameState.DebugPrintPower() - TAG_CHANGE Entity=206 tag=3669 value=1 
D 15:44:27.6675664 GameState.DebugPrintPower() - TAG_CHANGE Entity=206 tag=LINKED_ENTITY value=0 
D 15:44:27.6675664 GameState.DebugPrintPower() - TAG_CHANGE Entity=206 tag=3025 value=30 
D 15:44:27.6675664 PowerTaskList.DebugDump() - ID=35 ParentID=0 PreviousID=0 TaskCount=12
D 15:44:27.6675664 PowerTaskList.DebugDump() - Block Start=(null)
D 15:44:27.6675664 PowerTaskList.DebugPrintPower() -     FULL_ENTITY - Updating [entityName=Come One, Come All! id=205 zone=SETASIDE zonePos=0 cardId=TB_BaconShop_HP_101 player=14] CardID=TB_BaconShop_HP_101
D 15:44:27.6675664 PowerTaskList.DebugPrintPower() -         tag=CONTROLLER value=14
D 15:44:27.6675664 PowerTaskList.DebugPrintPower() -         tag=CARDTYPE value=HERO_POWER
D 15:44:27.6675664 PowerTaskList.DebugPrintPower() -         tag=ZONE value=SETASIDE
D 15:44:27.6675664 PowerTaskList.DebugPrintPower() -         tag=ENTITY_ID value=205
D 15:44:27.6675664 PowerTaskList.DebugPrintPower() -         tag=CREATOR value=196
D 15:44:27.6675664 PowerTaskList.DebugPrintPower() -         tag=REVEALED value=1
D 15:44:27.6675664 PowerTaskList.DebugPrintPower() -         tag=HIDE_COST value=1
D 15:44:27.6675664 PowerTaskList.DebugPrintPower() -         tag=CREATOR_DBID value=64481
D 15:44:27.6675664 PowerTaskList.DebugPrintPower() -         tag=SUPPRESS_ALL_SUMMON_VO value=1
D 15:44:27.6675664 PowerTaskList.DebugPrintPower() -         tag=SPAWN_TIME_COUNT value=1
D 15:44:27.6675664 PowerTaskList.DebugPrintPower() -         tag=2169 value=5
D 15:44:27.6675664 PowerTaskList.DebugPrintPower() -         tag=BACON_HEROPOWER_BASE_HERO_ID value=64480
D 15:44:27.6675664 PowerTaskList.DebugPrintPower() -     TAG_CHANGE Entity=[entityName=Come One, Come All! id=205 zone=SETASIDE zonePos=0 cardId=TB_BaconShop_HP_101 player=14] tag=COPIED_FROM_ENTITY_ID value=196 
D 15:44:27.6675664 PowerTaskList.DebugPrintPower() -     TAG_CHANGE Entity=[entityName=Come One, Come All! id=205 zone=SETASIDE zonePos=0 cardId=TB_BaconShop_HP_101 player=14] tag=3669 value=1 
D 15:44:27.6675664 PowerTaskList.DebugPrintPower() -     FULL_ENTITY - Updating [entityName=Silas Darkmoon id=206 zone=SETASIDE zonePos=0 cardId=TB_BaconShop_HERO_90 player=14] CardID=TB_BaconShop_HERO_90
D 15:44:27.6675664 PowerTaskList.DebugPrintPower() -         tag=CONTROLLER value=14
D 15:44:27.6675664 PowerTaskList.DebugPrintPower() -         tag=CARDTYPE value=HERO
D 15:44:27.6675664 PowerTaskList.DebugPrintPower() -         tag=PLAYER_ID value=5
D 15:44:27.6675664 PowerTaskList.DebugPrintPower() -         tag=HEALTH value=30
D 15:44:27.6675664 PowerTaskList.DebugPrintPower() -         tag=ZONE value=SETASIDE
D 15:44:27.6675664 PowerTaskList.DebugPrintPower() -         tag=ENTITY_ID value=206
D 15:44:27.6675664 PowerTaskList.DebugPrintPower() -         tag=FACTION value=NEUTRAL
D 15:44:27.6675664 PowerTaskList.DebugPrintPower() -         tag=RARITY value=FREE
D 15:44:27.6675664 PowerTaskList.DebugPrintPower() -         tag=ARMOR value=10
D 15:44:27.6675664 PowerTaskList.DebugPrintPower() -         tag=CREATOR value=88
D 15:44:27.6675664 PowerTaskList.DebugPrintPower() -         tag=HERO_POWER value=64481
D 15:44:27.6675664 PowerTaskList.DebugPrintPower() -         tag=REVEALED value=1
D 15:44:27.6675664 PowerTaskList.DebugPrintPower() -         tag=CREATOR_DBID value=64480
D 15:44:27.6675664 PowerTaskList.DebugPrintPower() -         tag=PLAYER_LEADERBOARD_PLACE value=1
D 15:44:27.6675664 PowerTaskList.DebugPrintPower() -         tag=SUPPRESS_ALL_SUMMON_VO value=1
D 15:44:27.6675664 PowerTaskList.DebugPrintPower() -         tag=BACON_HERO_CAN_BE_DRAFTED value=1
D 15:44:27.6675664 PowerTaskList.DebugPrintPower() -         tag=SPAWN_TIME_COUNT value=1
D 15:44:27.6675664 PowerTaskList.DebugPrintPower() -         tag=USE_LEADERBOARD_AS_SPAWN_ORIGIN value=1
D 15:44:27.6675664 PowerTaskList.DebugPrintPower() -         tag=HERO_POWER_ENTITY value=205
D 15:44:27.6675664 PowerTaskList.DebugPrintPower() -         tag=BACON_COMPANION_ID value=77829
D 15:44:27.6675664 PowerTaskList.DebugPrintPower() -         tag=HAS_ACTIVATE_POWER value=1
D 15:44:27.6675664 PowerTaskList.DebugPrintPower() -         tag=3085 value=30
D 15:44:27.6675664 PowerTaskList.DebugPrintPower() -         tag=3190 value=100
D 15:44:27.6675664 PowerTaskList.DebugPrintPower() -         tag=3206 value=8
D 15:44:27.6675664 PowerTaskList.DebugPrintPower() -     TAG_CHANGE Entity=[entityName=Silas Darkmoon id=206 zone=SETASIDE zonePos=0 cardId=TB_BaconShop_HERO_90 player=14] tag=LINKED_ENTITY value=33 
D 15:44:27.6675664 PowerTaskList.DebugPrintPower() -     TAG_CHANGE Entity=[entityName=Silas Darkmoon id=206 zone=SETASIDE zonePos=0 cardId=TB_BaconShop_HERO_90 player=14] tag=2210 value=1 
D 15:44:27.6675664 PowerTaskList.DebugPrintPower() -     TAG_CHANGE Entity=[entityName=Silas Darkmoon id=206 zone=SETASIDE zonePos=0 cardId=TB_BaconShop_HERO_90 player=14] tag=BATTLEGROUNDS_FAVORITE_FINISHER value=69 
D 15:44:27.6675664 PowerTaskList.DebugPrintPower() -     TAG_CHANGE Entity=[entityName=Silas Darkmoon id=206 zone=SETASIDE zonePos=0 cardId=TB_BaconShop_HERO_90 player=14] tag=LAST_AFFECTED_BY value=13 
D 15:44:27.6675664 PowerTaskList.DebugPrintPower() -     TAG_CHANGE Entity=[entityName=Silas Darkmoon id=206 zone=SETASIDE zonePos=0 cardId=TB_BaconShop_HERO_90 player=14] tag=COPIED_FROM_ENTITY_ID value=88 
D 15:44:27.6675664 PowerTaskList.DebugPrintPower() -     TAG_CHANGE Entity=[entityName=Silas Darkmoon id=206 zone=SETASIDE zonePos=0 cardId=TB_BaconShop_HERO_90 player=14] tag=3669 value=1 
D 15:44:27.6675664 PowerTaskList.DebugPrintPower() -     TAG_CHANGE Entity=[entityName=Silas Darkmoon id=206 zone=SETASIDE zonePos=0 cardId=TB_BaconShop_HERO_90 player=14] tag=LINKED_ENTITY value=0 
D 15:44:27.6675664 PowerTaskList.DebugPrintPower() -     TAG_CHANGE Entity=[entityName=Silas Darkmoon id=206 zone=SETASIDE zonePos=0 cardId=TB_BaconShop_HERO_90 player=14] tag=3025 value=30 
D 15:44:27.6675664 PowerTaskList.DebugDump() - Block End=(null)
D 15:44:27.6675664 PowerProcessor.PrepareHistoryForCurrentTaskList() - m_currentTaskList=35
D 15:44:27.7874757 PowerProcessor.EndCurrentTaskList() - m_currentTaskList=35
D 15:44:27.8435909 GameState.DebugPrintPowerList() - Count=1
D 15:44:27.8435909 GameState.DebugPrintPower() - TAG_CHANGE Entity=[entityName=Silas Darkmoon id=206 zone=SETASIDE zonePos=0 cardId=TB_BaconShop_HERO_90 player=14] tag=3026 value=10 
D 15:44:27.8435909 PowerTaskList.DebugDump() - ID=36 ParentID=0 PreviousID=0 TaskCount=1
D 15:44:27.8435909 PowerTaskList.DebugDump() - Block Start=(null)
D 15:44:27.8435909 PowerTaskList.DebugPrintPower() -     TAG_CHANGE Entity=[entityName=Silas Darkmoon id=206 zone=SETASIDE zonePos=0 cardId=TB_BaconShop_HERO_90 player=14] tag=3026 value=10 
D 15:44:27.8435909 PowerTaskList.DebugDump() - Block End=(null)
D 15:44:27.8435909 PowerProcessor.PrepareHistoryForCurrentTaskList() - m_currentTaskList=36
D 15:44:27.8435909 PowerProcessor.EndCurrentTaskList() - m_currentTaskList=36
D 15:44:28.1674014 GameState.DebugPrintPowerList() - Count=72
D 15:44:28.1674014 GameState.DebugPrintPower() - TAG_CHANGE Entity=[entityName=All Patched Up id=192 zone=SETASIDE zonePos=0 cardId=TB_BaconShop_HP_035 player=14] tag=3669 value=0 
D 15:44:28.1674014 GameState.DebugPrintPower() - TAG_CHANGE Entity=[entityName=Patchwerk id=193 zone=SETASIDE zonePos=0 cardId=TB_BaconShop_HERO_34 player=14] tag=3669 value=0 
D 15:44:28.1674014 GameState.DebugPrintPower() - TAG_CHANGE Entity=[entityName=Come One, Come All! id=205 zone=SETASIDE zonePos=0 cardId=TB_BaconShop_HP_101 player=14] tag=3669 value=0 
D 15:44:28.1674014 GameState.DebugPrintPower() - TAG_CHANGE Entity=[entityName=Silas Darkmoon id=206 zone=SETASIDE zonePos=0 cardId=TB_BaconShop_HERO_90 player=14] tag=3669 value=0 
D 15:44:28.1674014 GameState.DebugPrintPower() - TAG_CHANGE Entity=GameEntity tag=STEP value=MAIN_READY 
D 15:44:28.1674014 GameState.DebugPrintPower() - BLOCK_START BlockType=TRIGGER Entity=Bartender Bob EffectCardId=System.Collections.Generic.List`1[System.String] EffectIndex=-1 Target=0 SubOption=-1 TriggerKeyword=TAG_NOT_SET
D 15:44:28.1674014 GameState.DebugPrintPower() -     TAG_CHANGE Entity=GameEntity tag=NUM_TURNS_IN_PLAY value=1 
D 15:44:28.1674014 GameState.DebugPrintPower() -     TAG_CHANGE Entity=dymitrq#2316 tag=NUM_TURNS_IN_PLAY value=1 
D 15:44:28.1674014 GameState.DebugPrintPower() -     TAG_CHANGE Entity=Bartender Bob tag=NUM_TURNS_IN_PLAY value=1 
D 15:44:28.1674014 GameState.DebugPrintPower() -     TAG_CHANGE Entity=[entityName=Bartender Bob id=62 zone=PLAY zonePos=0 cardId=TB_BaconShopBob player=14] tag=NUM_TURNS_IN_PLAY value=1 
D 15:44:28.1674014 GameState.DebugPrintPower() -     TAG_CHANGE Entity=[entityName=Sparkhoarder Togwaggle id=85 zone=PLAY zonePos=0 cardId=BG23_HERO_305_SKIN_B player=6] tag=NUM_TURNS_IN_PLAY value=1 
D 15:44:28.1674014 GameState.DebugPrintPower() -     TAG_CHANGE Entity=[entityName=The Perfect Crime id=166 zone=PLAY zonePos=0 cardId=BG23_HERO_305p player=6] tag=NUM_TURNS_IN_PLAY value=1 
D 15:44:28.1674014 GameState.DebugPrintPower() -     TAG_CHANGE Entity=GameEntity tag=NEXT_STEP value=MAIN_START_TRIGGERS 
D 15:44:28.1674014 GameState.DebugPrintPower() - BLOCK_END
D 15:44:28.1674014 GameState.DebugPrintPower() - TAG_CHANGE Entity=GameEntity tag=STEP value=MAIN_START_TRIGGERS 
D 15:44:28.1674014 GameState.DebugPrintPower() - BLOCK_START BlockType=TRIGGER Entity=GameEntity EffectCardId=System.Collections.Generic.List`1[System.String] EffectIndex=0 Target=0 SubOption=-1 TriggerKeyword=TAG_NOT_SET
D 15:44:28.1674014 GameState.DebugPrintPower() -     TAG_CHANGE Entity=GameEntity tag=STEP value=MAIN_END 
D 15:44:28.1674014 GameState.DebugPrintPower() - BLOCK_END
D 15:44:28.1674014 GameState.DebugPrintPower() - BLOCK_START BlockType=TRIGGER Entity=Bartender Bob EffectCardId=System.Collections.Generic.List`1[System.String] EffectIndex=-1 Target=0 SubOption=-1 TriggerKeyword=TAG_NOT_SET
D 15:44:28.1674014 GameState.DebugPrintPower() -     TAG_CHANGE Entity=GameEntity tag=NEXT_STEP value=MAIN_START 
D 15:44:28.1674014 GameState.DebugPrintPower() - BLOCK_END
D 15:44:28.1674014 GameState.DebugPrintPower() - BLOCK_START BlockType=TRIGGER Entity=[entityName=BaconShop8PlayerEnchant id=63 zone=PLAY zonePos=0 cardId=TB_BaconShop_8P_PlayerE player=6] EffectCardId=System.Collections.Generic.List`1[System.String] EffectIndex=33 Target=0 SubOption=-1 TriggerKeyword=TAG_NOT_SET
D 15:44:28.1674014 GameState.DebugPrintPower() - BLOCK_END
D 15:44:28.1674014 GameState.DebugPrintPower() - BLOCK_START BlockType=TRIGGER Entity=dymitrq#2316 EffectCardId=System.Collections.Generic.List`1[System.String] EffectIndex=-1 Target=0 SubOption=-1 TriggerKeyword=TAG_NOT_SET
D 15:44:28.1674014 GameState.DebugPrintPower() - BLOCK_END
D 15:44:28.1674014 GameState.DebugPrintPower() - BLOCK_START BlockType=TRIGGER Entity=Bartender Bob EffectCardId=System.Collections.Generic.List`1[System.String] EffectIndex=-1 Target=0 SubOption=-1 TriggerKeyword=TAG_NOT_SET
D 15:44:28.1674014 GameState.DebugPrintPower() -     TAG_CHANGE Entity=GameEntity tag=NEXT_STEP value=MAIN_CLEANUP 
D 15:44:28.1674014 GameState.DebugPrintPower() - BLOCK_END
D 15:44:28.1674014 GameState.DebugPrintPower() - BLOCK_START BlockType=TRIGGER Entity=Bartender Bob EffectCardId=System.Collections.Generic.List`1[System.String] EffectIndex=-1 Target=0 SubOption=-1 TriggerKeyword=TAG_NOT_SET
D 15:44:28.1674014 GameState.DebugPrintPower() - BLOCK_END
D 15:44:28.1674014 GameState.DebugPrintPower() - TAG_CHANGE Entity=GameEntity tag=STEP value=MAIN_CLEANUP 
D 15:44:28.1674014 GameState.DebugPrintPower() - BLOCK_START BlockType=TRIGGER Entity=dymitrq#2316 EffectCardId=System.Collections.Generic.List`1[System.String] EffectIndex=-1 Target=0 SubOption=-1 TriggerKeyword=TAG_NOT_SET
D 15:44:28.1674014 GameState.DebugPrintPower() - BLOCK_END
D 15:44:28.1674014 GameState.DebugPrintPower() - BLOCK_START BlockType=TRIGGER Entity=Bartender Bob EffectCardId=System.Collections.Generic.List`1[System.String] EffectIndex=-1 Target=0 SubOption=-1 TriggerKeyword=TAG_NOT_SET
D 15:44:28.1674014 GameState.DebugPrintPower() -     TAG_CHANGE Entity=GameEntity tag=NEXT_STEP value=MAIN_NEXT 
D 15:44:28.1674014 GameState.DebugPrintPower() - BLOCK_END
D 15:44:28.1674014 GameState.DebugPrintPower() - TAG_CHANGE Entity=GameEntity tag=STEP value=MAIN_NEXT 
D 15:44:28.1674014 GameState.DebugPrintPower() - BLOCK_START BlockType=TRIGGER Entity=GameEntity EffectCardId=System.Collections.Generic.List`1[System.String] EffectIndex=0 Target=0 SubOption=-1 TriggerKeyword=TAG_NOT_SET
D 15:44:28.1674014 GameState.DebugPrintPower() -     TAG_CHANGE Entity=Bartender Bob tag=1292 value=1 
D 15:44:28.1674014 GameState.DebugPrintPower() -     TAG_CHANGE Entity=Bartender Bob tag=1292 value=0 
D 15:44:28.1674014 GameState.DebugPrintPower() -     TAG_CHANGE Entity=dymitrq#2316 tag=1292 value=1 
D 15:44:28.1674014 GameState.DebugPrintPower() -     TAG_CHANGE Entity=Bartender Bob tag=CURRENT_PLAYER value=0 
D 15:44:28.1674014 GameState.DebugPrintPower() -     TAG_CHANGE Entity=dymitrq#2316 tag=CURRENT_PLAYER value=1 
D 15:44:28.1674014 GameState.DebugPrintPower() -     TAG_CHANGE Entity=GameEntity tag=TURN value=1 
D 15:44:28.1674014 GameState.DebugPrintPower() -     TAG_CHANGE Entity=GameEntity tag=1882 value=1 
D 15:44:28.1674014 GameState.DebugPrintPower() -     TAG_CHANGE Entity=dymitrq#2316 tag=TURN value=1 
D 15:44:28.1674014 GameState.DebugPrintPower() -     TAG_CHANGE Entity=GameEntity tag=NEXT_STEP value=MAIN_READY 
D 15:44:28.1674014 GameState.DebugPrintPower() - BLOCK_END
D 15:44:28.1674014 GameState.DebugPrintPower() - TAG_CHANGE Entity=GameEntity tag=STEP value=MAIN_READY 
D 15:44:28.1674014 GameState.DebugPrintPower() - BLOCK_START BlockType=TRIGGER Entity=dymitrq#2316 EffectCardId=System.Collections.Generic.List`1[System.String] EffectIndex=-1 Target=0 SubOption=-1 TriggerKeyword=TAG_NOT_SET
D 15:44:28.1674014 GameState.DebugPrintPower() -     TAG_CHANGE Entity=GameEntity tag=NUM_TURNS_IN_PLAY value=2 
D 15:44:28.1674014 GameState.DebugPrintPower() -     TAG_CHANGE Entity=dymitrq#2316 tag=NUM_TURNS_IN_PLAY value=2 
D 15:44:28.1674014 GameState.DebugPrintPower() -     TAG_CHANGE Entity=Bartender Bob tag=NUM_TURNS_IN_PLAY value=2 
D 15:44:28.1674014 GameState.DebugPrintPower() -     TAG_CHANGE Entity=[entityName=Bartender Bob id=62 zone=PLAY zonePos=0 cardId=TB_BaconShopBob player=14] tag=NUM_TURNS_IN_PLAY value=2 
D 15:44:28.1674014 GameState.DebugPrintPower() -     TAG_CHANGE Entity=[entityName=Sparkhoarder Togwaggle id=85 zone=PLAY zonePos=0 cardId=BG23_HERO_305_SKIN_B player=6] tag=NUM_TURNS_IN_PLAY value=2 
D 15:44:28.1674014 GameState.DebugPrintPower() -     TAG_CHANGE Entity=[entityName=The Perfect Crime id=166 zone=PLAY zonePos=0 cardId=BG23_HERO_305p player=6] tag=NUM_TURNS_IN_PLAY value=2 
D 15:44:28.1674014 GameState.DebugPrintPower() -     TAG_CHANGE Entity=GameEntity tag=NEXT_STEP value=MAIN_START_TRIGGERS 
D 15:44:28.1674014 GameState.DebugPrintPower() - BLOCK_END
D 15:44:28.1674014 GameState.DebugPrintPower() - BLOCK_START BlockType=TRIGGER Entity=[entityName=BaconShop8PlayerEnchant id=63 zone=PLAY zonePos=0 cardId=TB_BaconShop_8P_PlayerE player=6] EffectCardId=System.Collections.Generic.List`1[System.String] EffectIndex=30 Target=0 SubOption=-1 TriggerKeyword=TAG_NOT_SET
D 15:44:28.1674014 GameState.DebugPrintPower() -     FULL_ENTITY - Creating ID=223 CardID=
D 15:44:28.1674014 GameState.DebugPrintPower() -         tag=ZONE value=SETASIDE
D 15:44:28.1674014 GameState.DebugPrintPower() -         tag=CONTROLLER value=6
D 15:44:28.1674014 GameState.DebugPrintPower() -         tag=ENTITY_ID value=223
D 15:44:28.1674014 GameState.DebugPrintPower() -     SHOW_ENTITY - Updating Entity=223 CardID=TB_BaconShop_HP_038e
D 15:44:28.1674014 GameState.DebugPrintPower() -         tag=CONTROLLER value=6
D 15:44:28.1674014 GameState.DebugPrintPower() -         tag=CARDTYPE value=ENCHANTMENT
D 15:44:28.1674014 GameState.DebugPrintPower() -         tag=ATTACHED value=17
D 15:44:28.1674014 GameState.DebugPrintPower() -         tag=ZONE value=SETASIDE
D 15:44:28.1674014 GameState.DebugPrintPower() -         tag=ENTITY_ID value=223
D 15:44:28.1674014 GameState.DebugPrintPower() -         tag=CREATOR value=63
D 15:44:28.1674014 GameState.DebugPrintPower() -         tag=1037 value=6
D 15:44:28.1674014 GameState.DebugPrintPower() -         tag=1068 value=0
D 15:44:28.1674014 GameState.DebugPrintPower() -         tag=CREATOR_DBID value=57980
D 15:44:28.1674014 GameState.DebugPrintPower() -         tag=SPAWN_TIME_COUNT value=1
D 15:44:28.1674014 GameState.DebugPrintPower() -         tag=2882 value=1
D 15:44:28.1674014 GameState.DebugPrintPower() -     TAG_CHANGE Entity=223 tag=1068 value=1 
D 15:44:28.1674014 GameState.DebugPrintPower() -     TAG_CHANGE Entity=223 tag=1068 value=0 
D 15:44:28.1674014 GameState.DebugPrintPower() -     TAG_CHANGE Entity=223 tag=ZONE value=PLAY 
D 15:44:28.1674014 GameState.DebugPrintPower() - BLOCK_END
D 15:44:28.1674014 GameState.DebugPrintPower() - BLOCK_START BlockType=TRIGGER Entity=[entityName=BaconShop8PlayerEnchant id=63 zone=PLAY zonePos=0 cardId=TB_BaconShop_8P_PlayerE player=6] EffectCardId=System.Collections.Generic.List`1[System.String] EffectIndex=37 Target=0 SubOption=-1 TriggerKeyword=TAG_NOT_SET
D 15:44:28.1674014 GameState.DebugPrintPower() -     FULL_ENTITY - Creating ID=224 CardID=
D 15:44:28.1674014 GameState.DebugPrintPower() -         tag=ZONE value=SETASIDE
D 15:44:28.1674014 GameState.DebugPrintPower() -         tag=CONTROLLER value=6
D 15:44:28.1674014 GameState.DebugPrintPower() -         tag=ENTITY_ID value=224
D 15:44:28.1674014 GameState.DebugPrintPower() -     SHOW_ENTITY - Updating Entity=224 CardID=BG29_813e
D 15:44:28.1674014 GameState.DebugPrintPower() -         tag=CONTROLLER value=6
D 15:44:28.1674014 GameState.DebugPrintPower() -         tag=CARDTYPE value=ENCHANTMENT
D 15:44:28.1674014 GameState.DebugPrintPower() -         tag=ATTACHED value=17
D 15:44:28.1674014 GameState.DebugPrintPower() -         tag=ZONE value=SETASIDE
D 15:44:28.1674014 GameState.DebugPrintPower() -         tag=ENTITY_ID value=224
D 15:44:28.1674014 GameState.DebugPrintPower() -         tag=CREATOR value=63
D 15:44:28.1674014 GameState.DebugPrintPower() -         tag=ENCHANTMENT_INVISIBLE value=1
D 15:44:28.1674014 GameState.DebugPrintPower() -         tag=1037 value=6
D 15:44:28.1674014 GameState.DebugPrintPower() -         tag=1068 value=0
D 15:44:28.1674014 GameState.DebugPrintPower() -         tag=CREATOR_DBID value=57980
D 15:44:28.1674014 GameState.DebugPrintPower() -         tag=SPAWN_TIME_COUNT value=1
D 15:44:28.1674014 GameState.DebugPrintPower() -         tag=2860 value=1
D 15:44:28.1674014 GameState.DebugPrintPower() -     TAG_CHANGE Entity=224 tag=1068 value=1 
D 15:44:28.1674014 GameState.DebugPrintPower() -     TAG_CHANGE Entity=224 tag=1068 value=0 
D 15:44:28.1674014 GameState.DebugPrintPower() -     TAG_CHANGE Entity=224 tag=ZONE value=PLAY 
D 15:44:28.1674014 GameState.DebugPrintPower() - BLOCK_END
D 15:44:28.1674014 PowerTaskList.DebugDump() - ID=37 ParentID=0 PreviousID=0 TaskCount=5
D 15:44:28.1674014 PowerTaskList.DebugDump() - Block Start=(null)
D 15:44:28.1674014 PowerTaskList.DebugPrintPower() -     TAG_CHANGE Entity=[entityName=All Patched Up id=192 zone=SETASIDE zonePos=0 cardId=TB_BaconShop_HP_035 player=14] tag=3669 value=0 
D 15:44:28.1674014 PowerTaskList.DebugPrintPower() -     TAG_CHANGE Entity=[entityName=Patchwerk id=193 zone=SETASIDE zonePos=0 cardId=TB_BaconShop_HERO_34 player=14] tag=3669 value=0 
D 15:44:28.1674014 PowerTaskList.DebugPrintPower() -     TAG_CHANGE Entity=[entityName=Come One, Come All! id=205 zone=SETASIDE zonePos=0 cardId=TB_BaconShop_HP_101 player=14] tag=3669 value=0 
D 15:44:28.1674014 PowerTaskList.DebugPrintPower() -     TAG_CHANGE Entity=[entityName=Silas Darkmoon id=206 zone=SETASIDE zonePos=0 cardId=TB_BaconShop_HERO_90 player=14] tag=3669 value=0 
D 15:44:28.1674014 PowerTaskList.DebugPrintPower() -     TAG_CHANGE Entity=GameEntity tag=STEP value=MAIN_READY 
D 15:44:28.1674014 PowerTaskList.DebugDump() - Block End=(null)
D 15:44:28.1674014 PowerProcessor.PrepareHistoryForCurrentTaskList() - m_currentTaskList=37
D 15:44:28.1674014 PowerProcessor.EndCurrentTaskList() - m_currentTaskList=37
D 15:44:28.1674014 PowerTaskList.DebugDump() - ID=38 ParentID=0 PreviousID=0 TaskCount=7
D 15:44:28.1674014 PowerTaskList.DebugPrintPower() - BLOCK_START BlockType=TRIGGER Entity=Bartender Bob EffectCardId=System.Collections.Generic.List`1[System.String] EffectIndex=-1 Target=0 SubOption=-1 TriggerKeyword=TAG_NOT_SET
D 15:44:28.1674014 PowerTaskList.DebugPrintPower() -     TAG_CHANGE Entity=GameEntity tag=NUM_TURNS_IN_PLAY value=1 
D 15:44:28.1674014 PowerTaskList.DebugPrintPower() -     TAG_CHANGE Entity=dymitrq#2316 tag=NUM_TURNS_IN_PLAY value=1 
D 15:44:28.1674014 PowerTaskList.DebugPrintPower() -     TAG_CHANGE Entity=Bartender Bob tag=NUM_TURNS_IN_PLAY value=1 
D 15:44:28.1674014 PowerTaskList.DebugPrintPower() -     TAG_CHANGE Entity=[entityName=Bartender Bob id=62 zone=PLAY zonePos=0 cardId=TB_BaconShopBob player=14] tag=NUM_TURNS_IN_PLAY value=1 
D 15:44:28.1674014 PowerTaskList.DebugPrintPower() -     TAG_CHANGE Entity=[entityName=Sparkhoarder Togwaggle id=85 zone=PLAY zonePos=0 cardId=BG23_HERO_305_SKIN_B player=6] tag=NUM_TURNS_IN_PLAY value=1 
D 15:44:28.1674014 PowerTaskList.DebugPrintPower() -     TAG_CHANGE Entity=[entityName=The Perfect Crime id=166 zone=PLAY zonePos=0 cardId=BG23_HERO_305p player=6] tag=NUM_TURNS_IN_PLAY value=1 
D 15:44:28.1674014 PowerTaskList.DebugPrintPower() -     TAG_CHANGE Entity=GameEntity tag=NEXT_STEP value=MAIN_START_TRIGGERS 
D 15:44:28.1674014 PowerTaskList.DebugPrintPower() - BLOCK_END
D 15:44:28.1674014 PowerProcessor.PrepareHistoryForCurrentTaskList() - m_currentTaskList=38
D 15:44:28.1674014 PowerProcessor.EndCurrentTaskList() - m_currentTaskList=38
D 15:44:28.1674014 PowerTaskList.DebugDump() - ID=39 ParentID=0 PreviousID=0 TaskCount=1
D 15:44:28.1674014 PowerTaskList.DebugDump() - Block Start=(null)
D 15:44:28.1674014 PowerTaskList.DebugPrintPower() -     TAG_CHANGE Entity=GameEntity tag=STEP value=MAIN_START_TRIGGERS 
D 15:44:28.1674014 PowerTaskList.DebugDump() - Block End=(null)
D 15:44:28.1674014 PowerProcessor.PrepareHistoryForCurrentTaskList() - m_currentTaskList=39
D 15:44:28.1674014 PowerProcessor.EndCurrentTaskList() - m_currentTaskList=39
D 15:44:28.1674014 PowerTaskList.DebugDump() - ID=40 ParentID=0 PreviousID=0 TaskCount=1
D 15:44:28.1674014 PowerTaskList.DebugPrintPower() - BLOCK_START BlockType=TRIGGER Entity=GameEntity EffectCardId=System.Collections.Generic.List`1[System.String] EffectIndex=0 Target=0 SubOption=-1 TriggerKeyword=TAG_NOT_SET
D 15:44:28.1674014 PowerTaskList.DebugPrintPower() -     TAG_CHANGE Entity=GameEntity tag=STEP value=MAIN_END 
D 15:44:28.1674014 PowerTaskList.DebugPrintPower() - BLOCK_END
D 15:44:28.1674014 PowerProcessor.PrepareHistoryForCurrentTaskList() - m_currentTaskList=40
D 15:44:28.1674014 PowerProcessor.EndCurrentTaskList() - m_currentTaskList=40
D 15:44:28.1674014 PowerTaskList.DebugDump() - ID=41 ParentID=0 PreviousID=0 TaskCount=1
D 15:44:28.1674014 PowerTaskList.DebugPrintPower() - BLOCK_START BlockType=TRIGGER Entity=Bartender Bob EffectCardId=System.Collections.Generic.List`1[System.String] EffectIndex=-1 Target=0 SubOption=-1 TriggerKeyword=TAG_NOT_SET
D 15:44:28.1674014 PowerTaskList.DebugPrintPower() -     TAG_CHANGE Entity=GameEntity tag=NEXT_STEP value=MAIN_START 
D 15:44:28.1674014 PowerTaskList.DebugPrintPower() - BLOCK_END
D 15:44:28.1674014 PowerProcessor.PrepareHistoryForCurrentTaskList() - m_currentTaskList=41
D 15:44:28.1674014 PowerProcessor.EndCurrentTaskList() - m_currentTaskList=41
D 15:44:28.1674014 PowerTaskList.DebugDump() - ID=42 ParentID=0 PreviousID=0 TaskCount=0
D 15:44:28.1674014 PowerTaskList.DebugPrintPower() - BLOCK_START BlockType=TRIGGER Entity=[entityName=BaconShop8PlayerEnchant id=63 zone=PLAY zonePos=0 cardId=TB_BaconShop_8P_PlayerE player=6] EffectCardId=System.Collections.Generic.List`1[System.String] EffectIndex=33 Target=0 SubOption=-1 TriggerKeyword=TAG_NOT_SET
D 15:44:28.1674014 PowerTaskList.DebugPrintPower() - BLOCK_END
D 15:44:28.1674014 PowerProcessor.PrepareHistoryForCurrentTaskList() - m_currentTaskList=42
D 15:44:28.1674014 PowerProcessor.EndCurrentTaskList() - m_currentTaskList=42
D 15:44:28.1674014 PowerTaskList.DebugDump() - ID=43 ParentID=0 PreviousID=0 TaskCount=0
D 15:44:28.1674014 PowerTaskList.DebugPrintPower() - BLOCK_START BlockType=TRIGGER Entity=dymitrq#2316 EffectCardId=System.Collections.Generic.List`1[System.String] EffectIndex=-1 Target=0 SubOption=-1 TriggerKeyword=TAG_NOT_SET
D 15:44:28.1674014 PowerTaskList.DebugPrintPower() - BLOCK_END
D 15:44:28.1674014 PowerProcessor.PrepareHistoryForCurrentTaskList() - m_currentTaskList=43
D 15:44:28.1674014 PowerProcessor.EndCurrentTaskList() - m_currentTaskList=43
D 15:44:28.1674014 PowerTaskList.DebugDump() - ID=44 ParentID=0 PreviousID=0 TaskCount=1
D 15:44:28.1674014 PowerTaskList.DebugPrintPower() - BLOCK_START BlockType=TRIGGER Entity=Bartender Bob EffectCardId=System.Collections.Generic.List`1[System.String] EffectIndex=-1 Target=0 SubOption=-1 TriggerKeyword=TAG_NOT_SET
D 15:44:28.1674014 PowerTaskList.DebugPrintPower() -     TAG_CHANGE Entity=GameEntity tag=NEXT_STEP value=MAIN_CLEANUP 
D 15:44:28.1674014 PowerTaskList.DebugPrintPower() - BLOCK_END
D 15:44:28.1674014 PowerProcessor.PrepareHistoryForCurrentTaskList() - m_currentTaskList=44
D 15:44:28.1674014 PowerProcessor.EndCurrentTaskList() - m_currentTaskList=44
D 15:44:28.1674014 PowerTaskList.DebugDump() - ID=45 ParentID=0 PreviousID=0 TaskCount=0
D 15:44:28.1674014 PowerTaskList.DebugPrintPower() - BLOCK_START BlockType=TRIGGER Entity=Bartender Bob EffectCardId=System.Collections.Generic.List`1[System.String] EffectIndex=-1 Target=0 SubOption=-1 TriggerKeyword=TAG_NOT_SET
D 15:44:28.1674014 PowerTaskList.DebugPrintPower() - BLOCK_END
D 15:44:28.1674014 PowerProcessor.PrepareHistoryForCurrentTaskList() - m_currentTaskList=45
D 15:44:28.1674014 PowerProcessor.EndCurrentTaskList() - m_currentTaskList=45
D 15:44:28.1674014 PowerTaskList.DebugDump() - ID=46 ParentID=0 PreviousID=0 TaskCount=1
D 15:44:28.1674014 PowerTaskList.DebugDump() - Block Start=(null)
D 15:44:28.1674014 PowerTaskList.DebugPrintPower() -     TAG_CHANGE Entity=GameEntity tag=STEP value=MAIN_CLEANUP 
D 15:44:28.1674014 PowerTaskList.DebugDump() - Block End=(null)
D 15:44:28.1674014 PowerProcessor.PrepareHistoryForCurrentTaskList() - m_currentTaskList=46
D 15:44:28.1674014 PowerProcessor.EndCurrentTaskList() - m_currentTaskList=46
D 15:44:28.1674014 PowerTaskList.DebugDump() - ID=47 ParentID=0 PreviousID=0 TaskCount=0
D 15:44:28.1674014 PowerTaskList.DebugPrintPower() - BLOCK_START BlockType=TRIGGER Entity=dymitrq#2316 EffectCardId=System.Collections.Generic.List`1[System.String] EffectIndex=-1 Target=0 SubOption=-1 TriggerKeyword=TAG_NOT_SET
D 15:44:28.1674014 PowerTaskList.DebugPrintPower() - BLOCK_END
D 15:44:28.1674014 PowerProcessor.PrepareHistoryForCurrentTaskList() - m_currentTaskList=47
D 15:44:28.1674014 PowerProcessor.EndCurrentTaskList() - m_currentTaskList=47
D 15:44:28.1674014 PowerTaskList.DebugDump() - ID=48 ParentID=0 PreviousID=0 TaskCount=1
D 15:44:28.1674014 PowerTaskList.DebugPrintPower() - BLOCK_START BlockType=TRIGGER Entity=Bartender Bob EffectCardId=System.Collections.Generic.List`1[System.String] EffectIndex=-1 Target=0 SubOption=-1 TriggerKeyword=TAG_NOT_SET
D 15:44:28.1674014 PowerTaskList.DebugPrintPower() -     TAG_CHANGE Entity=GameEntity tag=NEXT_STEP value=MAIN_NEXT 
D 15:44:28.1674014 PowerTaskList.DebugPrintPower() - BLOCK_END
D 15:44:28.1674014 PowerProcessor.PrepareHistoryForCurrentTaskList() - m_currentTaskList=48
D 15:44:28.1674014 PowerProcessor.EndCurrentTaskList() - m_currentTaskList=48
D 15:44:28.1674014 PowerTaskList.DebugDump() - ID=49 ParentID=0 PreviousID=0 TaskCount=1
D 15:44:28.1674014 PowerTaskList.DebugDump() - Block Start=(null)
D 15:44:28.1674014 PowerTaskList.DebugPrintPower() -     TAG_CHANGE Entity=GameEntity tag=STEP value=MAIN_NEXT 
D 15:44:28.1674014 PowerTaskList.DebugDump() - Block End=(null)
D 15:44:28.1674014 PowerProcessor.PrepareHistoryForCurrentTaskList() - m_currentTaskList=49
D 15:44:28.1674014 PowerProcessor.EndCurrentTaskList() - m_currentTaskList=49
D 15:44:28.1674014 PowerTaskList.DebugDump() - ID=50 ParentID=0 PreviousID=0 TaskCount=9
D 15:44:28.1674014 PowerTaskList.DebugPrintPower() - BLOCK_START BlockType=TRIGGER Entity=GameEntity EffectCardId=System.Collections.Generic.List`1[System.String] EffectIndex=0 Target=0 SubOption=-1 TriggerKeyword=TAG_NOT_SET
D 15:44:28.1674014 PowerTaskList.DebugPrintPower() -     TAG_CHANGE Entity=Bartender Bob tag=1292 value=1 
D 15:44:28.1674014 PowerTaskList.DebugPrintPower() -     TAG_CHANGE Entity=Bartender Bob tag=1292 value=0 
D 15:44:28.1674014 PowerTaskList.DebugPrintPower() -     TAG_CHANGE Entity=dymitrq#2316 tag=1292 value=1 
D 15:44:28.1674014 PowerTaskList.DebugPrintPower() -     TAG_CHANGE Entity=Bartender Bob tag=CURRENT_PLAYER value=0 
D 15:44:28.1674014 PowerTaskList.DebugPrintPower() -     TAG_CHANGE Entity=dymitrq#2316 tag=CURRENT_PLAYER value=1 
D 15:44:28.1674014 PowerTaskList.DebugPrintPower() -     TAG_CHANGE Entity=GameEntity tag=TURN value=1 
D 15:44:28.1674014 PowerTaskList.DebugPrintPower() -     TAG_CHANGE Entity=GameEntity tag=1882 value=1 
D 15:44:28.1674014 PowerTaskList.DebugPrintPower() -     TAG_CHANGE Entity=dymitrq#2316 tag=TURN value=1 
D 15:44:28.1674014 PowerTaskList.DebugPrintPower() -     TAG_CHANGE Entity=GameEntity tag=NEXT_STEP value=MAIN_READY 
D 15:44:28.1674014 PowerTaskList.DebugPrintPower() - BLOCK_END
D 15:44:28.1674014 PowerProcessor.PrepareHistoryForCurrentTaskList() - m_currentTaskList=50
D 15:44:28.2669362 GameState.DebugPrintPowerList() - Count=1
D 15:44:28.2669362 GameState.DebugPrintPower() - TAG_CHANGE Entity=[entityName=Silas Darkmoon id=206 zone=SETASIDE zonePos=0 cardId=TB_BaconShop_HERO_90 player=14] tag=PLAYER_LEADERBOARD_PLACE value=6 
D 15:44:28.2839540 GameState.DebugPrintPowerList() - Count=1
D 15:44:28.2839540 GameState.DebugPrintPower() - TAG_CHANGE Entity=[entityName=Murloc Holmes id=146 zone=SETASIDE zonePos=0 cardId=BG23_HERO_303 player=14] tag=PLAYER_LEADERBOARD_PLACE value=7 
D 15:44:28.3010048 GameState.DebugPrintPowerList() - Count=2
D 15:44:28.3010048 GameState.DebugPrintPower() - TAG_CHANGE Entity=[entityName=Sparkhoarder Togwaggle id=85 zone=PLAY zonePos=0 cardId=BG23_HERO_305_SKIN_B player=6] tag=PLAYER_LEADERBOARD_PLACE value=2 
D 15:44:28.3010048 GameState.DebugPrintPower() - TAG_CHANGE Entity=[entityName=Rakanishu id=103 zone=SETASIDE zonePos=0 cardId=TB_BaconShop_HERO_75 player=14] tag=PLAYER_LEADERBOARD_PLACE value=3 
D 15:44:28.3171111 GameState.DebugPrintPowerList() - Count=1
D 15:44:28.3171111 GameState.DebugPrintPower() - TAG_CHANGE Entity=[entityName=Silas Darkmoon id=206 zone=SETASIDE zonePos=0 cardId=TB_BaconShop_HERO_90 player=14] tag=PLAYER_LEADERBOARD_PLACE value=5 
D 15:44:28.3328591 GameState.DebugPrintPowerList() - Count=1
D 15:44:28.3328591 GameState.DebugPrintPower() - TAG_CHANGE Entity=[entityName=Murloc Holmes id=146 zone=SETASIDE zonePos=0 cardId=BG23_HERO_303 player=14] tag=PLAYER_LEADERBOARD_PLACE value=6 
D 15:44:28.3505879 GameState.DebugPrintPowerList() - Count=1
D 15:44:28.3505879 GameState.DebugPrintPower() - TAG_CHANGE Entity=[entityName=Shudderwock id=161 zone=SETASIDE zonePos=0 cardId=TB_BaconShop_HERO_23 player=14] tag=PLAYER_LEADERBOARD_PLACE value=7 
D 15:44:28.3666869 GameState.DebugPrintPowerList() - Count=1
D 15:44:28.3666869 GameState.DebugPrintPower() - TAG_CHANGE Entity=[entityName=Shudderwock id=161 zone=SETASIDE zonePos=0 cardId=TB_BaconShop_HERO_23 player=14] tag=PLAYER_LEADERBOARD_PLACE value=6 
D 15:44:28.3842030 GameState.DebugPrintPowerList() - Count=1
D 15:44:28.3842030 GameState.DebugPrintPower() - TAG_CHANGE Entity=[entityName=Murloc Holmes id=146 zone=SETASIDE zonePos=0 cardId=BG23_HERO_303 player=14] tag=PLAYER_LEADERBOARD_PLACE value=7 
D 15:44:28.4008978 GameState.DebugPrintPowerList() - Count=1
D 15:44:28.4008978 GameState.DebugPrintPower() - TAG_CHANGE Entity=[entityName=Shudderwock id=161 zone=SETASIDE zonePos=0 cardId=TB_BaconShop_HERO_23 player=14] tag=PLAYER_LEADERBOARD_PLACE value=5 
D 15:44:28.4179598 GameState.DebugPrintPowerList() - Count=1
D 15:44:28.4179598 GameState.DebugPrintPower() - TAG_CHANGE Entity=[entityName=Silas Darkmoon id=206 zone=SETASIDE zonePos=0 cardId=TB_BaconShop_HERO_90 player=14] tag=PLAYER_LEADERBOARD_PLACE value=6 
D 15:44:28.4354455 GameState.DebugPrintPowerList() - Count=1
D 15:44:28.4354455 GameState.DebugPrintPower() - TAG_CHANGE Entity=[entityName=Murloc Holmes id=146 zone=SETASIDE zonePos=0 cardId=BG23_HERO_303 player=14] tag=PLAYER_LEADERBOARD_PLACE value=5 
D 15:44:28.4502289 GameState.DebugPrintPowerList() - Count=1
D 15:44:28.4502289 GameState.DebugPrintPower() - TAG_CHANGE Entity=[entityName=Shudderwock id=161 zone=SETASIDE zonePos=0 cardId=TB_BaconShop_HERO_23 player=14] tag=PLAYER_LEADERBOARD_PLACE value=6 
D 15:44:28.4667613 GameState.DebugPrintPowerList() - Count=1
D 15:44:28.4667613 GameState.DebugPrintPower() - TAG_CHANGE Entity=[entityName=Silas Darkmoon id=206 zone=SETASIDE zonePos=0 cardId=TB_BaconShop_HERO_90 player=14] tag=PLAYER_LEADERBOARD_PLACE value=7 
D 15:44:28.4834572 GameState.DebugPrintPowerList() - Count=1
D 15:44:28.4834572 GameState.DebugPrintPower() - TAG_CHANGE Entity=[entityName=Rakanishu id=103 zone=SETASIDE zonePos=0 cardId=TB_BaconShop_HERO_75 player=14] tag=PLAYER_LEADERBOARD_PLACE value=2 
D 15:44:28.5005463 GameState.DebugPrintPowerList() - Count=1
D 15:44:28.5005463 GameState.DebugPrintPower() - TAG_CHANGE Entity=[entityName=Sparkhoarder Togwaggle id=85 zone=PLAY zonePos=0 cardId=BG23_HERO_305_SKIN_B player=6] tag=PLAYER_LEADERBOARD_PLACE value=3 
D 15:44:28.5170678 GameState.DebugPrintPowerList() - Count=1
D 15:44:28.5170678 GameState.DebugPrintPower() - TAG_CHANGE Entity=[entityName=Silas Darkmoon id=206 zone=SETASIDE zonePos=0 cardId=TB_BaconShop_HERO_90 player=14] tag=PLAYER_LEADERBOARD_PLACE value=6 
D 15:44:28.5336041 GameState.DebugPrintPowerList() - Count=1
D 15:44:28.5336041 GameState.DebugPrintPower() - TAG_CHANGE Entity=[entityName=Shudderwock id=161 zone=SETASIDE zonePos=0 cardId=TB_BaconShop_HERO_23 player=14] tag=PLAYER_LEADERBOARD_PLACE value=7 
D 15:44:28.5508152 GameState.DebugPrintPowerList() - Count=5
D 15:44:28.5508152 GameState.DebugPrintPower() - TAG_CHANGE Entity=GameEntity tag=STEP value=MAIN_START_TRIGGERS 
D 15:44:28.5508152 GameState.DebugPrintPower() - BLOCK_START BlockType=TRIGGER Entity=[entityName=BaconShop8PlayerEnchant id=63 zone=PLAY zonePos=0 cardId=TB_BaconShop_8P_PlayerE player=6] EffectCardId=System.Collections.Generic.List`1[System.String] EffectIndex=-1 Target=0 SubOption=-1 TriggerKeyword=TAG_NOT_SET
D 15:44:28.5508152 GameState.DebugPrintPower() - BLOCK_END
D 15:44:28.5508152 GameState.DebugPrintPower() - BLOCK_START BlockType=TRIGGER Entity=[entityName=BaconShop8PlayerEnchant id=63 zone=PLAY zonePos=0 cardId=TB_BaconShop_8P_PlayerE player=6] EffectCardId=System.Collections.Generic.List`1[System.String] EffectIndex=2 Target=0 SubOption=-1 TriggerKeyword=TAG_NOT_SET
D 15:44:28.5508152 GameState.DebugPrintPower() -     TAG_CHANGE Entity=[entityName=Sparkhoarder Togwaggle id=85 zone=PLAY zonePos=0 cardId=BG23_HERO_305_SKIN_B player=6] tag=NEXT_OPPONENT_PLAYER_ID value=5 
D 15:44:28.5669134 GameState.DebugPrintPowerList() - Count=1
D 15:44:28.5669134 GameState.DebugPrintPower() - TAG_CHANGE Entity=[entityName=Silas Darkmoon id=206 zone=SETASIDE zonePos=0 cardId=TB_BaconShop_HERO_90 player=14] tag=PLAYER_LEADERBOARD_PLACE value=5 
D 15:44:28.5835497 GameState.DebugPrintPowerList() - Count=1
D 15:44:28.5835497 GameState.DebugPrintPower() - TAG_CHANGE Entity=[entityName=Murloc Holmes id=146 zone=SETASIDE zonePos=0 cardId=BG23_HERO_303 player=14] tag=PLAYER_LEADERBOARD_PLACE value=6 
D 15:44:28.6000730 GameState.DebugPrintPowerList() - Count=25
D 15:44:28.6000730 GameState.DebugPrintPower() - FULL_ENTITY - Creating ID=231 CardID=TB_BaconShop_UpdateDmgCap
D 15:44:28.6000730 GameState.DebugPrintPower() -     tag=CONTROLLER value=6
D 15:44:28.6000730 GameState.DebugPrintPower() -     tag=CARDTYPE value=SPELL
D 15:44:28.6000730 GameState.DebugPrintPower() -     tag=ZONE value=SETASIDE
D 15:44:28.6000730 GameState.DebugPrintPower() -     tag=ENTITY_ID value=231
D 15:44:28.6000730 GameState.DebugPrintPower() -     tag=CREATOR value=63
D 15:44:28.6000730 GameState.DebugPrintPower() -     tag=1037 value=6
D 15:44:28.6000730 GameState.DebugPrintPower() -     tag=CREATOR_DBID value=57980
D 15:44:28.6000730 GameState.DebugPrintPower() -     tag=SUPPRESS_ALL_SUMMON_VO value=1
D 15:44:28.6000730 GameState.DebugPrintPower() -     tag=SPAWN_TIME_COUNT value=1
D 15:44:28.6000730 GameState.DebugPrintPower() - TAG_CHANGE Entity=231 tag=1715 value=63 
D 15:44:28.6000730 GameState.DebugPrintPower() - TAG_CHANGE Entity=231 tag=1068 value=1 
D 15:44:28.6000730 GameState.DebugPrintPower() - TAG_CHANGE Entity=231 tag=1068 value=0 
D 15:44:28.6000730 GameState.DebugPrintPower() - TAG_CHANGE Entity=231 tag=ZONE value=PLAY 
D 15:44:28.6000730 GameState.DebugPrintPower() - META_DATA - Meta=HISTORY_TARGET Data=0 InfoCount=1
D 15:44:28.6000730 GameState.DebugPrintPower() -             Info[0] = 231
D 15:44:28.6000730 GameState.DebugPrintPower() - BLOCK_START BlockType=POWER Entity=231 EffectCardId=System.Collections.Generic.List`1[System.String] EffectIndex=0 Target=0 SubOption=-1 
D 15:44:28.6000730 GameState.DebugPrintPower() - BLOCK_END
D 15:44:28.6000730 GameState.DebugPrintPower() - TAG_CHANGE Entity=231 tag=1068 value=4 
D 15:44:28.6000730 GameState.DebugPrintPower() - TAG_CHANGE Entity=231 tag=1068 value=0 
D 15:44:28.6000730 GameState.DebugPrintPower() - TAG_CHANGE Entity=231 tag=SUPPRESS_ALL_SUMMON_VO value=0 
D 15:44:28.6000730 GameState.DebugPrintPower() - TAG_CHANGE Entity=231 tag=ZONE value=GRAVEYARD 
D 15:44:28.6000730 GameState.DebugPrintPower() - BLOCK_END
D 15:44:28.6000730 GameState.DebugPrintPower() - BLOCK_START BlockType=TRIGGER Entity=[entityName=BaconShop8PlayerEnchant id=63 zone=PLAY zonePos=0 cardId=TB_BaconShop_8P_PlayerE player=6] EffectCardId=System.Collections.Generic.List`1[System.String] EffectIndex=29 Target=0 SubOption=-1 TriggerKeyword=TAG_NOT_SET
D 15:44:28.6000730 GameState.DebugPrintPower() - BLOCK_END
D 15:44:28.6000730 GameState.DebugPrintPower() - BLOCK_START BlockType=TRIGGER Entity=[entityName=BaconShop8PlayerEnchant id=63 zone=PLAY zonePos=0 cardId=TB_BaconShop_8P_PlayerE player=6] EffectCardId=System.Collections.Generic.List`1[System.String] EffectIndex=35 Target=0 SubOption=-1 TriggerKeyword=TAG_NOT_SET
D 15:44:28.6000730 GameState.DebugPrintPower() - BLOCK_END
D 15:44:28.6000730 GameState.DebugPrintPower() - BLOCK_START BlockType=TRIGGER Entity=[entityName=UNKNOWN ENTITY [cardType=INVALID] id=223 zone=SETASIDE zonePos=0 cardId= player=6] EffectCardId=System.Collections.Generic.List`1[System.String] EffectIndex=0 Target=0 SubOption=-1 TriggerKeyword=2882
D 15:44:28.6000730 GameState.DebugPrintPower() - BLOCK_END
D 15:44:28.6000730 GameState.DebugPrintPower() - BLOCK_START BlockType=TRIGGER Entity=dymitrq#2316 EffectCardId=System.Collections.Generic.List`1[System.String] EffectIndex=-1 Target=0 SubOption=-1 TriggerKeyword=TAG_NOT_SET
D 15:44:28.6000730 GameState.DebugPrintPower() -     TAG_CHANGE Entity=GameEntity tag=NEXT_STEP value=MAIN_START 
D 15:44:28.6000730 GameState.DebugPrintPower() - BLOCK_END
D 15:44:28.6000730 GameState.DebugPrintPower() - BLOCK_START BlockType=TRIGGER Entity=[entityName=BaconShop8PlayerEnchant id=63 zone=PLAY zonePos=0 cardId=TB_BaconShop_8P_PlayerE player=6] EffectCardId=System.Collections.Generic.List`1[System.String] EffectIndex=7 Target=0 SubOption=-1 TriggerKeyword=TAG_NOT_SET
D 15:44:28.6000730 GameState.DebugPrintPower() -     TAG_CHANGE Entity=[entityName=Patchwerk id=193 zone=SETASIDE zonePos=0 cardId=TB_BaconShop_HERO_34 player=14] tag=1640 value=0 
D 15:44:28.6000730 GameState.DebugPrintPower() - BLOCK_END
D 15:44:28.6170531 GameState.DebugPrintPowerList() - Count=1
D 15:44:28.6170531 GameState.DebugPrintPower() - TAG_CHANGE Entity=[entityName=Murloc Holmes id=146 zone=SETASIDE zonePos=0 cardId=BG23_HERO_303 player=14] tag=PLAYER_LEADERBOARD_PLACE value=5 
D 15:44:28.6333159 GameState.DebugPrintPowerList() - Count=1
D 15:44:28.6333159 GameState.DebugPrintPower() - TAG_CHANGE Entity=[entityName=Shudderwock id=161 zone=SETASIDE zonePos=0 cardId=TB_BaconShop_HERO_23 player=14] tag=PLAYER_LEADERBOARD_PLACE value=6 
D 15:44:28.6500332 GameState.DebugPrintPowerList() - Count=1
D 15:44:28.6500332 GameState.DebugPrintPower() - TAG_CHANGE Entity=[entityName=Silas Darkmoon id=206 zone=SETASIDE zonePos=0 cardId=TB_BaconShop_HERO_90 player=14] tag=PLAYER_LEADERBOARD_PLACE value=7 
D 15:44:28.6672043 GameState.DebugPrintPowerList() - Count=1
D 15:44:28.6672043 GameState.DebugPrintPower() - TAG_CHANGE Entity=[entityName=Silas Darkmoon id=206 zone=SETASIDE zonePos=0 cardId=TB_BaconShop_HERO_90 player=14] tag=PLAYER_TECH_LEVEL value=1 
D 15:44:28.6830554 GameState.DebugPrintPowerList() - Count=1
D 15:44:28.6830554 GameState.DebugPrintPower() - TAG_CHANGE Entity=[entityName=Silas Darkmoon id=206 zone=SETASIDE zonePos=0 cardId=TB_BaconShop_HERO_90 player=14] tag=BACON_MAX_PLAYER_TECH_LEVEL value=6 
D 15:44:28.7008264 GameState.DebugPrintPowerList() - Count=1
D 15:44:28.7008264 GameState.DebugPrintPower() - TAG_CHANGE Entity=[entityName=Silas Darkmoon id=206 zone=SETASIDE zonePos=0 cardId=TB_BaconShop_HERO_90 player=14] tag=PLAYER_LEADERBOARD_PLACE value=5 
D 15:44:28.7174793 GameState.DebugPrintPowerList() - Count=1
D 15:44:28.7174793 GameState.DebugPrintPower() - TAG_CHANGE Entity=[entityName=Murloc Holmes id=146 zone=SETASIDE zonePos=0 cardId=BG23_HERO_303 player=14] tag=PLAYER_LEADERBOARD_PLACE value=7 
D 15:44:28.7340293 GameState.DebugPrintPowerList() - Count=1
D 15:44:28.7340293 GameState.DebugPrintPower() - TAG_CHANGE Entity=[entityName=Murloc Holmes id=146 zone=SETASIDE zonePos=0 cardId=BG23_HERO_303 player=14] tag=PLAYER_TECH_LEVEL value=1 
D 15:44:28.7527043 GameState.DebugPrintPowerList() - Count=1
D 15:44:28.7527043 GameState.DebugPrintPower() - TAG_CHANGE Entity=[entityName=Murloc Holmes id=146 zone=SETASIDE zonePos=0 cardId=BG23_HERO_303 player=14] tag=BACON_MAX_PLAYER_TECH_LEVEL value=6 
D 15:44:28.7670379 GameState.DebugPrintPowerList() - Count=2
D 15:44:28.7670379 GameState.DebugPrintPower() - TAG_CHANGE Entity=[entityName=Sparkhoarder Togwaggle id=85 zone=PLAY zonePos=0 cardId=BG23_HERO_305_SKIN_B player=6] tag=PLAYER_LEADERBOARD_PLACE value=2 
D 15:44:28.7670379 GameState.DebugPrintPower() - TAG_CHANGE Entity=[entityName=Rakanishu id=103 zone=SETASIDE zonePos=0 cardId=TB_BaconShop_HERO_75 player=14] tag=PLAYER_LEADERBOARD_PLACE value=3 
D 15:44:28.7834815 GameState.DebugPrintPowerList() - Count=1
D 15:44:28.7834815 GameState.DebugPrintPower() - TAG_CHANGE Entity=[entityName=Murloc Holmes id=146 zone=SETASIDE zonePos=0 cardId=BG23_HERO_303 player=14] tag=PLAYER_LEADERBOARD_PLACE value=5 
D 15:44:28.8001973 GameState.DebugPrintPowerList() - Count=1
D 15:44:28.8001973 GameState.DebugPrintPower() - TAG_CHANGE Entity=[entityName=Silas Darkmoon id=206 zone=SETASIDE zonePos=0 cardId=TB_BaconShop_HERO_90 player=14] tag=PLAYER_LEADERBOARD_PLACE value=7 
D 15:44:28.8164923 GameState.DebugPrintPowerList() - Count=1
D 15:44:28.8164923 GameState.DebugPrintPower() - TAG_CHANGE Entity=[entityName=Maiev Shadowsong id=116 zone=SETASIDE zonePos=0 cardId=TB_BaconShop_HERO_62 player=14] tag=PLAYER_TECH_LEVEL value=1 
D 15:44:28.8335986 GameState.DebugPrintPowerList() - Count=1
D 15:44:28.8335986 GameState.DebugPrintPower() - TAG_CHANGE Entity=[entityName=Maiev Shadowsong id=116 zone=SETASIDE zonePos=0 cardId=TB_BaconShop_HERO_62 player=14] tag=BACON_MAX_PLAYER_TECH_LEVEL value=6 
D 15:44:28.8500053 GameState.DebugPrintPowerList() - Count=1
D 15:44:28.8500053 GameState.DebugPrintPower() - TAG_CHANGE Entity=[entityName=Rakanishu id=103 zone=SETASIDE zonePos=0 cardId=TB_BaconShop_HERO_75 player=14] tag=PLAYER_LEADERBOARD_PLACE value=2 
D 15:44:28.8670628 GameState.DebugPrintPowerList() - Count=1
D 15:44:28.8670628 GameState.DebugPrintPower() - TAG_CHANGE Entity=[entityName=Sparkhoarder Togwaggle id=85 zone=PLAY zonePos=0 cardId=BG23_HERO_305_SKIN_B player=6] tag=PLAYER_LEADERBOARD_PLACE value=3 
D 15:44:28.8834854 GameState.DebugPrintPowerList() - Count=1
D 15:44:28.8834854 GameState.DebugPrintPower() - TAG_CHANGE Entity=[entityName=Shudderwock id=161 zone=SETASIDE zonePos=0 cardId=TB_BaconShop_HERO_23 player=14] tag=PLAYER_TECH_LEVEL value=1 
D 15:44:28.9005508 GameState.DebugPrintPowerList() - Count=1
D 15:44:28.9005508 GameState.DebugPrintPower() - TAG_CHANGE Entity=[entityName=Shudderwock id=161 zone=SETASIDE zonePos=0 cardId=TB_BaconShop_HERO_23 player=14] tag=BACON_MAX_PLAYER_TECH_LEVEL value=6 
D 15:44:28.9168055 GameState.DebugPrintPowerList() - Count=2
D 15:44:28.9168055 GameState.DebugPrintPower() - TAG_CHANGE Entity=[entityName=Sparkhoarder Togwaggle id=85 zone=PLAY zonePos=0 cardId=BG23_HERO_305_SKIN_B player=6] tag=PLAYER_LEADERBOARD_PLACE value=2 
D 15:44:28.9168055 GameState.DebugPrintPower() - TAG_CHANGE Entity=[entityName=Rakanishu id=103 zone=SETASIDE zonePos=0 cardId=TB_BaconShop_HERO_75 player=14] tag=PLAYER_LEADERBOARD_PLACE value=3 
D 15:44:28.9342268 GameState.DebugPrintPowerList() - Count=1
D 15:44:28.9342268 GameState.DebugPrintPower() - TAG_CHANGE Entity=[entityName=Silas Darkmoon id=206 zone=SETASIDE zonePos=0 cardId=TB_BaconShop_HERO_90 player=14] tag=PLAYER_LEADERBOARD_PLACE value=5 
D 15:44:28.9502359 GameState.DebugPrintPowerList() - Count=1
D 15:44:28.9502359 GameState.DebugPrintPower() - TAG_CHANGE Entity=[entityName=Murloc Holmes id=146 zone=SETASIDE zonePos=0 cardId=BG23_HERO_303 player=14] tag=PLAYER_LEADERBOARD_PLACE value=6 
D 15:44:28.9674430 GameState.DebugPrintPowerList() - Count=1
D 15:44:28.9674430 GameState.DebugPrintPower() - TAG_CHANGE Entity=[entityName=Shudderwock id=161 zone=SETASIDE zonePos=0 cardId=TB_BaconShop_HERO_23 player=14] tag=PLAYER_LEADERBOARD_PLACE value=7 
D 15:44:28.9834797 GameState.DebugPrintPowerList() - Count=1
D 15:44:28.9834797 GameState.DebugPrintPower() - TAG_CHANGE Entity=[entityName=Rakanishu id=103 zone=SETASIDE zonePos=0 cardId=TB_BaconShop_HERO_75 player=14] tag=PLAYER_TECH_LEVEL value=1 
D 15:44:29.0006240 GameState.DebugPrintPowerList() - Count=1
D 15:44:29.0006240 GameState.DebugPrintPower() - TAG_CHANGE Entity=[entityName=Rakanishu id=103 zone=SETASIDE zonePos=0 cardId=TB_BaconShop_HERO_75 player=14] tag=BACON_MAX_PLAYER_TECH_LEVEL value=6 
D 15:44:29.0170217 GameState.DebugPrintPowerList() - Count=1
D 15:44:29.0170217 GameState.DebugPrintPower() - TAG_CHANGE Entity=[entityName=Rakanishu id=103 zone=SETASIDE zonePos=0 cardId=TB_BaconShop_HERO_75 player=14] tag=PLAYER_LEADERBOARD_PLACE value=2 
D 15:44:29.0343711 GameState.DebugPrintPowerList() - Count=1
D 15:44:29.0343711 GameState.DebugPrintPower() - TAG_CHANGE Entity=[entityName=Sparkhoarder Togwaggle id=85 zone=PLAY zonePos=0 cardId=BG23_HERO_305_SKIN_B player=6] tag=PLAYER_LEADERBOARD_PLACE value=3 
D 15:44:29.0501372 GameState.DebugPrintPowerList() - Count=1
D 15:44:29.0501372 GameState.DebugPrintPower() - TAG_CHANGE Entity=[entityName=Murloc Holmes id=146 zone=SETASIDE zonePos=0 cardId=BG23_HERO_303 player=14] tag=PLAYER_LEADERBOARD_PLACE value=5 
D 15:44:29.0668158 GameState.DebugPrintPowerList() - Count=1
D 15:44:29.0668158 GameState.DebugPrintPower() - TAG_CHANGE Entity=[entityName=Shudderwock id=161 zone=SETASIDE zonePos=0 cardId=TB_BaconShop_HERO_23 player=14] tag=PLAYER_LEADERBOARD_PLACE value=6 
D 15:44:29.0836090 GameState.DebugPrintPowerList() - Count=1
D 15:44:29.0836090 GameState.DebugPrintPower() - TAG_CHANGE Entity=[entityName=Silas Darkmoon id=206 zone=SETASIDE zonePos=0 cardId=TB_BaconShop_HERO_90 player=14] tag=PLAYER_LEADERBOARD_PLACE value=7 
D 15:44:29.1004945 GameState.DebugPrintPowerList() - Count=1
D 15:44:29.1004945 GameState.DebugPrintPower() - TAG_CHANGE Entity=[entityName=Sire Denathrius id=131 zone=SETASIDE zonePos=0 cardId=BG24_HERO_100 player=14] tag=PLAYER_TECH_LEVEL value=1 
D 15:44:29.1168123 GameState.DebugPrintPowerList() - Count=1
D 15:44:29.1168123 GameState.DebugPrintPower() - TAG_CHANGE Entity=[entityName=Sire Denathrius id=131 zone=SETASIDE zonePos=0 cardId=BG24_HERO_100 player=14] tag=BACON_MAX_PLAYER_TECH_LEVEL value=6 
D 15:44:29.1338601 GameState.DebugPrintPowerList() - Count=2
D 15:44:29.1338601 GameState.DebugPrintPower() - TAG_CHANGE Entity=GameEntity tag=STEP value=MAIN_START 
D 15:44:29.1338601 GameState.DebugPrintPower() - BLOCK_START BlockType=TRIGGER Entity=GameEntity EffectCardId=System.Collections.Generic.List`1[System.String] EffectIndex=0 Target=0 SubOption=-1 TriggerKeyword=TAG_NOT_SET
D 15:44:29.1497997 GameState.DebugPrintPowerList() - Count=1
D 15:44:29.1497997 GameState.DebugPrintPower() - TAG_CHANGE Entity=[entityName=Shudderwock id=161 zone=SETASIDE zonePos=0 cardId=TB_BaconShop_HERO_23 player=14] tag=PLAYER_LEADERBOARD_PLACE value=5 
D 15:44:29.1670772 GameState.DebugPrintPowerList() - Count=1
D 15:44:29.1670772 GameState.DebugPrintPower() - TAG_CHANGE Entity=[entityName=Silas Darkmoon id=206 zone=SETASIDE zonePos=0 cardId=TB_BaconShop_HERO_90 player=14] tag=PLAYER_LEADERBOARD_PLACE value=6 
D 15:44:29.1839972 GameState.DebugPrintPowerList() - Count=1
D 15:44:29.1839972 GameState.DebugPrintPower() - TAG_CHANGE Entity=[entityName=Murloc Holmes id=146 zone=SETASIDE zonePos=0 cardId=BG23_HERO_303 player=14] tag=PLAYER_LEADERBOARD_PLACE value=7 
D 15:44:29.2000003 GameState.DebugPrintPowerList() - Count=184
D 15:44:29.2000003 GameState.DebugPrintPower() - BLOCK_END
D 15:44:29.2000003 GameState.DebugPrintPower() - BLOCK_START BlockType=TRIGGER Entity=dymitrq#2316 EffectCardId=System.Collections.Generic.List`1[System.String] EffectIndex=-1 Target=0 SubOption=-1 TriggerKeyword=TAG_NOT_SET
D 15:44:29.2000003 GameState.DebugPrintPower() -     TAG_CHANGE Entity=GameEntity tag=NEXT_STEP value=MAIN_ACTION 
D 15:44:29.2000003 GameState.DebugPrintPower() - BLOCK_END
D 15:44:29.2000003 GameState.DebugPrintPower() - BLOCK_START BlockType=TRIGGER Entity=[entityName=BaconShop8PlayerEnchant id=63 zone=PLAY zonePos=0 cardId=TB_BaconShop_8P_PlayerE player=6] EffectCardId=System.Collections.Generic.List`1[System.String] EffectIndex=0 Target=0 SubOption=-1 TriggerKeyword=TAG_NOT_SET
D 15:44:29.2000003 GameState.DebugPrintPower() -     TAG_CHANGE Entity=dymitrq#2316 tag=1485 value=773934268 
D 15:44:29.2000003 GameState.DebugPrintPower() -     TAG_CHANGE Entity=[entityName=Sparkhoarder Togwaggle id=85 zone=PLAY zonePos=0 cardId=BG23_HERO_305_SKIN_B player=6] tag=PLAYER_TECH_LEVEL value=1 
D 15:44:29.2000003 GameState.DebugPrintPower() -     TAG_CHANGE Entity=[entityName=Sparkhoarder Togwaggle id=85 zone=PLAY zonePos=0 cardId=BG23_HERO_305_SKIN_B player=6] tag=BACON_MAX_PLAYER_TECH_LEVEL value=6 
D 15:44:29.2000003 GameState.DebugPrintPower() -     TAG_CHANGE Entity=dymitrq#2316 tag=MAXRESOURCES value=100 
D 15:44:29.2000003 GameState.DebugPrintPower() -     TAG_CHANGE Entity=dymitrq#2316 tag=3148 value=10 
D 15:44:29.2000003 GameState.DebugPrintPower() -     TAG_CHANGE Entity=dymitrq#2316 tag=RESOURCES value=3 
D 15:44:29.2000003 GameState.DebugPrintPower() -     FULL_ENTITY - Creating ID=351 CardID=TB_BaconShop_8p_Reroll_Button
D 15:44:29.2000003 GameState.DebugPrintPower() -         tag=CONTROLLER value=6
D 15:44:29.2000003 GameState.DebugPrintPower() -         tag=CARDTYPE value=GAME_MODE_BUTTON
D 15:44:29.2000003 GameState.DebugPrintPower() -         tag=TAG_LAST_KNOWN_COST_IN_HAND value=1
D 15:44:29.2000003 GameState.DebugPrintPower() -         tag=COST value=1
D 15:44:29.2000003 GameState.DebugPrintPower() -         tag=ZONE value=PLAY
D 15:44:29.2000003 GameState.DebugPrintPower() -         tag=ENTITY_ID value=351
D 15:44:29.2000003 GameState.DebugPrintPower() -         tag=CREATOR value=63
D 15:44:29.2000003 GameState.DebugPrintPower() -         tag=1037 value=6
D 15:44:29.2000003 GameState.DebugPrintPower() -         tag=CREATOR_DBID value=57980
D 15:44:29.2000003 GameState.DebugPrintPower() -         tag=BACON_ACTION_CARD value=1
D 15:44:29.2000003 GameState.DebugPrintPower() -         tag=GAME_MODE_BUTTON_SLOT value=2
D 15:44:29.2000003 GameState.DebugPrintPower() -         tag=SUPPRESS_ALL_SUMMON_VO value=1
D 15:44:29.2000003 GameState.DebugPrintPower() -         tag=SPAWN_TIME_COUNT value=1
D 15:44:29.2000003 GameState.DebugPrintPower() -         tag=HAS_ACTIVATE_POWER value=1
D 15:44:29.2000003 GameState.DebugPrintPower() -     FULL_ENTITY - Creating ID=352 CardID=TB_BaconShopLockAll_Button
D 15:44:29.2000003 GameState.DebugPrintPower() -         tag=CONTROLLER value=6
D 15:44:29.2000003 GameState.DebugPrintPower() -         tag=CARDTYPE value=GAME_MODE_BUTTON
D 15:44:29.2000003 GameState.DebugPrintPower() -         tag=TAG_SCRIPT_DATA_NUM_2 value=10
D 15:44:29.2000003 GameState.DebugPrintPower() -         tag=ZONE value=PLAY
D 15:44:29.2000003 GameState.DebugPrintPower() -         tag=ENTITY_ID value=352
D 15:44:29.2000003 GameState.DebugPrintPower() -         tag=FACTION value=ALLIANCE
D 15:44:29.2000003 GameState.DebugPrintPower() -         tag=CREATOR value=63
D 15:44:29.2000003 GameState.DebugPrintPower() -         tag=1037 value=6
D 15:44:29.2000003 GameState.DebugPrintPower() -         tag=1270 value=1
D 15:44:29.2000003 GameState.DebugPrintPower() -         tag=CREATOR_DBID value=57980
D 15:44:29.2000003 GameState.DebugPrintPower() -         tag=BACON_ACTION_CARD value=1
D 15:44:29.2000003 GameState.DebugPrintPower() -         tag=GAME_MODE_BUTTON_SLOT value=1
D 15:44:29.2000003 GameState.DebugPrintPower() -         tag=SUPPRESS_ALL_SUMMON_VO value=1
D 15:44:29.2000003 GameState.DebugPrintPower() -         tag=SPAWN_TIME_COUNT value=1
D 15:44:29.2000003 GameState.DebugPrintPower() -         tag=HAS_ACTIVATE_POWER value=1
D 15:44:29.2000003 GameState.DebugPrintPower() -     FULL_ENTITY - Creating ID=353 CardID=TB_BaconShop_DragSell
D 15:44:29.2000003 GameState.DebugPrintPower() -         tag=CONTROLLER value=6
D 15:44:29.2000003 GameState.DebugPrintPower() -         tag=CARDTYPE value=MOVE_MINION_HOVER_TARGET
D 15:44:29.2000003 GameState.DebugPrintPower() -         tag=ZONE value=PLAY
D 15:44:29.2000003 GameState.DebugPrintPower() -         tag=ENTITY_ID value=353
D 15:44:29.2000003 GameState.DebugPrintPower() -         tag=CREATOR value=63
D 15:44:29.2000003 GameState.DebugPrintPower() -         tag=1037 value=6
D 15:44:29.2000003 GameState.DebugPrintPower() -         tag=CREATOR_DBID value=57980
D 15:44:29.2000003 GameState.DebugPrintPower() -         tag=BACON_ACTION_CARD value=1
D 15:44:29.2000003 GameState.DebugPrintPower() -         tag=SUPPRESS_ALL_SUMMON_VO value=1
D 15:44:29.2000003 GameState.DebugPrintPower() -         tag=MOVE_MINION_HOVER_TARGET_SLOT value=2
D 15:44:29.2000003 GameState.DebugPrintPower() -         tag=SPAWN_TIME_COUNT value=1
D 15:44:29.2000003 GameState.DebugPrintPower() -         tag=HAS_ACTIVATE_POWER value=1
D 15:44:29.2000003 GameState.DebugPrintPower() -     FULL_ENTITY - Creating ID=354 CardID=TB_BaconShopTechUp02_Button
D 15:44:29.2000003 GameState.DebugPrintPower() -         tag=CONTROLLER value=6
D 15:44:29.2000003 GameState.DebugPrintPower() -         tag=CARDTYPE value=GAME_MODE_BUTTON
D 15:44:29.2000003 GameState.DebugPrintPower() -         tag=TAG_LAST_KNOWN_COST_IN_HAND value=5
D 15:44:29.2000003 GameState.DebugPrintPower() -         tag=COST value=5
D 15:44:29.2000003 GameState.DebugPrintPower() -         tag=ZONE value=PLAY
D 15:44:29.2000003 GameState.DebugPrintPower() -         tag=ENTITY_ID value=354
D 15:44:29.2000003 GameState.DebugPrintPower() -         tag=CREATOR value=63
D 15:44:29.2000003 GameState.DebugPrintPower() -         tag=1037 value=6
D 15:44:29.2000003 GameState.DebugPrintPower() -         tag=CREATOR_DBID value=57980
D 15:44:29.2000003 GameState.DebugPrintPower() -         tag=BACON_ACTION_CARD value=1
D 15:44:29.2000003 GameState.DebugPrintPower() -         tag=GAME_MODE_BUTTON_SLOT value=3
D 15:44:29.2000003 GameState.DebugPrintPower() -         tag=TECH_LEVEL value=2
D 15:44:29.2000003 GameState.DebugPrintPower() -         tag=SUPPRESS_ALL_SUMMON_VO value=1
D 15:44:29.2000003 GameState.DebugPrintPower() -         tag=SPAWN_TIME_COUNT value=1
D 15:44:29.2000003 GameState.DebugPrintPower() -         tag=HAS_ACTIVATE_POWER value=1
D 15:44:29.2000003 GameState.DebugPrintPower() -     TAG_CHANGE Entity=dymitrq#2316 tag=1569 value=3 
D 15:44:29.2000003 GameState.DebugPrintPower() -     TAG_CHANGE Entity=dymitrq#2316 tag=3087 value=1 
D 15:44:29.2000003 GameState.DebugPrintPower() -     FULL_ENTITY - Creating ID=355 CardID=
D 15:44:29.2000003 GameState.DebugPrintPower() -         tag=ZONE value=SETASIDE
D 15:44:29.2000003 GameState.DebugPrintPower() -         tag=CONTROLLER value=6
D 15:44:29.2000003 GameState.DebugPrintPower() -         tag=ENTITY_ID value=355
D 15:44:29.2000003 GameState.DebugPrintPower() -     SHOW_ENTITY - Updating Entity=355 CardID=TB_BaconShop_FXWatcher
D 15:44:29.2000003 GameState.DebugPrintPower() -         tag=CONTROLLER value=6
D 15:44:29.2000003 GameState.DebugPrintPower() -         tag=CARDTYPE value=ENCHANTMENT
D 15:44:29.2000003 GameState.DebugPrintPower() -         tag=ATTACHED value=17
D 15:44:29.2000003 GameState.DebugPrintPower() -         tag=ZONE value=SETASIDE
D 15:44:29.2000003 GameState.DebugPrintPower() -         tag=ENTITY_ID value=355
D 15:44:29.2000003 GameState.DebugPrintPower() -         tag=CREATOR value=63
D 15:44:29.2000003 GameState.DebugPrintPower() -         tag=1037 value=6
D 15:44:29.2000003 GameState.DebugPrintPower() -         tag=1068 value=0
D 15:44:29.2000003 GameState.DebugPrintPower() -         tag=CREATOR_DBID value=57980
D 15:44:29.2000003 GameState.DebugPrintPower() -         tag=SPAWN_TIME_COUNT value=1
D 15:44:29.2000003 GameState.DebugPrintPower() -     TAG_CHANGE Entity=355 tag=1068 value=1 
D 15:44:29.2000003 GameState.DebugPrintPower() -     TAG_CHANGE Entity=355 tag=1068 value=0 
D 15:44:29.2000003 GameState.DebugPrintPower() -     TAG_CHANGE Entity=355 tag=ZONE value=PLAY 
D 15:44:29.2000003 GameState.DebugPrintPower() -     FULL_ENTITY - Creating ID=356 CardID=BG22_BuddyMeter
D 15:44:29.2000003 GameState.DebugPrintPower() -         tag=CONTROLLER value=6
D 15:44:29.2000003 GameState.DebugPrintPower() -         tag=CARDTYPE value=BATTLEGROUND_HERO_BUDDY
D 15:44:29.2000003 GameState.DebugPrintPower() -         tag=TAG_LAST_KNOWN_COST_IN_HAND value=24
D 15:44:29.2000003 GameState.DebugPrintPower() -         tag=COST value=24
D 15:44:29.2000003 GameState.DebugPrintPower() -         tag=ZONE value=PLAY
D 15:44:29.2000003 GameState.DebugPrintPower() -         tag=ENTITY_ID value=356
D 15:44:29.2000003 GameState.DebugPrintPower() -         tag=CREATOR value=63
D 15:44:29.2000003 GameState.DebugPrintPower() -         tag=HIDE_COST value=1
D 15:44:29.2000003 GameState.DebugPrintPower() -         tag=1037 value=6
D 15:44:29.2000003 GameState.DebugPrintPower() -         tag=CREATOR_DBID value=57980
D 15:44:29.2000003 GameState.DebugPrintPower() -         tag=SUPPRESS_ALL_SUMMON_VO value=1
D 15:44:29.2000003 GameState.DebugPrintPower() -         tag=SPAWN_TIME_COUNT value=1
D 15:44:29.2000003 GameState.DebugPrintPower() -         tag=1724 value=1
D 15:44:29.2000003 GameState.DebugPrintPower() -         tag=HAS_ACTIVATE_POWER value=1
D 15:44:29.2000003 GameState.DebugPrintPower() -         tag=BACON_BUY_BUDDY value=1
D 15:44:29.2000003 GameState.DebugPrintPower() -     BLOCK_START BlockType=TRIGGER Entity=356 EffectCardId=System.Collections.Generic.List`1[System.String] EffectIndex=0 Target=0 SubOption=-1 TriggerKeyword=TAG_NOT_SET
D 15:44:29.2000003 GameState.DebugPrintPower() -         TAG_CHANGE Entity=356 tag=LINKED_ENTITY value=5 
D 15:44:29.2000003 GameState.DebugPrintPower() -         TAG_CHANGE Entity=356 tag=BACON_COMPANION_ID value=98650 
D 15:44:29.2000003 GameState.DebugPrintPower() -     BLOCK_END
D 15:44:29.2000003 GameState.DebugPrintPower() -     BLOCK_START BlockType=TRIGGER Entity=356 EffectCardId=System.Collections.Generic.List`1[System.String] EffectIndex=3 Target=0 SubOption=-1 TriggerKeyword=TAG_NOT_SET
D 15:44:29.2000003 GameState.DebugPrintPower() -         TAG_CHANGE Entity=356 tag=COST value=17 
D 15:44:29.2000003 GameState.DebugPrintPower() -         TAG_CHANGE Entity=356 tag=COST value=17 DEF CHANGE
D 15:44:29.2000003 GameState.DebugPrintPower() -         TAG_CHANGE Entity=356 tag=HIDE_COST value=0 
D 15:44:29.2000003 GameState.DebugPrintPower() -     BLOCK_END
D 15:44:29.2000003 GameState.DebugPrintPower() - BLOCK_END
D 15:44:29.2000003 GameState.DebugPrintPower() - BLOCK_START BlockType=TRIGGER Entity=[entityName=BaconShop8PlayerEnchant id=63 zone=PLAY zonePos=0 cardId=TB_BaconShop_8P_PlayerE player=6] EffectCardId=System.Collections.Generic.List`1[System.String] EffectIndex=1 Target=0 SubOption=-1 TriggerKeyword=TAG_NOT_SET
D 15:44:29.2000003 GameState.DebugPrintPower() -     TAG_CHANGE Entity=GameEntity tag=MISSION_EVENT value=5 
D 15:44:29.2000003 GameState.DebugPrintPower() -     TAG_CHANGE Entity=GameEntity tag=1453 value=1 
D 15:44:29.2000003 GameState.DebugPrintPower() -     TAG_CHANGE Entity=GameEntity tag=1466 value=1 
D 15:44:29.2000003 GameState.DebugPrintPower() -     TAG_CHANGE Entity=GameEntity tag=BACON_COIN_ON_ENEMY_MINIONS value=1 
D 15:44:29.2000003 GameState.DebugPrintPower() -     TAG_CHANGE Entity=dymitrq#2316 tag=3075 value=1 
D 15:44:29.2000003 GameState.DebugPrintPower() -     FULL_ENTITY - Creating ID=357 CardID=BGS_055
D 15:44:29.2000003 GameState.DebugPrintPower() -         tag=CONTROLLER value=6
D 15:44:29.2000003 GameState.DebugPrintPower() -         tag=CARDTYPE value=MINION
D 15:44:29.2000003 GameState.DebugPrintPower() -         tag=TAG_LAST_KNOWN_COST_IN_HAND value=3
D 15:44:29.2000003 GameState.DebugPrintPower() -         tag=479 value=2
D 15:44:29.2000003 GameState.DebugPrintPower() -         tag=COST value=3
D 15:44:29.2000003 GameState.DebugPrintPower() -         tag=ATK value=2
D 15:44:29.2000003 GameState.DebugPrintPower() -         tag=HEALTH value=2
D 15:44:29.2000003 GameState.DebugPrintPower() -         tag=ZONE value=SETASIDE
D 15:44:29.2000003 GameState.DebugPrintPower() -         tag=ENTITY_ID value=357
D 15:44:29.2000003 GameState.DebugPrintPower() -         tag=CARDRACE value=PIRATE
D 15:44:29.2000003 GameState.DebugPrintPower() -         tag=BATTLECRY value=1
D 15:44:29.2000003 GameState.DebugPrintPower() -         tag=CREATOR value=63
D 15:44:29.2000003 GameState.DebugPrintPower() -         tag=1037 value=6
D 15:44:29.2000003 GameState.DebugPrintPower() -         tag=CREATOR_DBID value=57980
D 15:44:29.2000003 GameState.DebugPrintPower() -         tag=BACON_TRIPLE_UPGRADE_MINION_ID value=62186
D 15:44:29.2000003 GameState.DebugPrintPower() -         tag=TECH_LEVEL value=1
D 15:44:29.2000003 GameState.DebugPrintPower() -         tag=IS_BACON_POOL_MINION value=1
D 15:44:29.2000003 GameState.DebugPrintPower() -         tag=SUPPRESS_ALL_SUMMON_VO value=1
D 15:44:29.2000003 GameState.DebugPrintPower() -         tag=SPAWN_TIME_COUNT value=1
D 15:44:29.2000003 GameState.DebugPrintPower() -         tag=1596 value=1
D 15:44:29.2000003 GameState.DebugPrintPower() -         tag=HAS_ACTIVATE_POWER value=1
D 15:44:29.2000003 GameState.DebugPrintPower() -         tag=3085 value=2
D 15:44:29.2000003 GameState.DebugPrintPower() -     FULL_ENTITY - Creating ID=358 CardID=BG_GVG_085
D 15:44:29.2000003 GameState.DebugPrintPower() -         tag=CONTROLLER value=6
D 15:44:29.2000003 GameState.DebugPrintPower() -         tag=CARDTYPE value=MINION
D 15:44:29.2000003 GameState.DebugPrintPower() -         tag=479 value=1
D 15:44:29.2000003 GameState.DebugPrintPower() -         tag=ATK value=1
D 15:44:29.2000003 GameState.DebugPrintPower() -         tag=HEALTH value=2
D 15:44:29.2000003 GameState.DebugPrintPower() -         tag=ZONE value=SETASIDE
D 15:44:29.2000003 GameState.DebugPrintPower() -         tag=ENTITY_ID value=358
D 15:44:29.2000003 GameState.DebugPrintPower() -         tag=TAUNT value=1
D 15:44:29.2000003 GameState.DebugPrintPower() -         tag=DIVINE_SHIELD value=1
D 15:44:29.2000003 GameState.DebugPrintPower() -         tag=CARDRACE value=MECHANICAL
D 15:44:29.2000003 GameState.DebugPrintPower() -         tag=RARITY value=COMMON
D 15:44:29.2000003 GameState.DebugPrintPower() -         tag=CREATOR value=63
D 15:44:29.2000003 GameState.DebugPrintPower() -         tag=1037 value=6
D 15:44:29.2000003 GameState.DebugPrintPower() -         tag=CREATOR_DBID value=57980
D 15:44:29.2000003 GameState.DebugPrintPower() -         tag=BACON_TRIPLE_UPGRADE_MINION_ID value=103653
D 15:44:29.2000003 GameState.DebugPrintPower() -         tag=TECH_LEVEL value=1
D 15:44:29.2000003 GameState.DebugPrintPower() -         tag=IS_BACON_POOL_MINION value=1
D 15:44:29.2000003 GameState.DebugPrintPower() -         tag=SUPPRESS_ALL_SUMMON_VO value=1
D 15:44:29.2000003 GameState.DebugPrintPower() -         tag=SPAWN_TIME_COUNT value=1
D 15:44:29.2000003 GameState.DebugPrintPower() -         tag=1595 value=1
D 15:44:29.2000003 GameState.DebugPrintPower() -         tag=HAS_ACTIVATE_POWER value=1
D 15:44:29.2000003 GameState.DebugPrintPower() -         tag=3085 value=2
D 15:44:29.2000003 GameState.DebugPrintPower() -     FULL_ENTITY - Creating ID=359 CardID=BGS_061
D 15:44:29.2000003 GameState.DebugPrintPower() -         tag=CONTROLLER value=6
D 15:44:29.2000003 GameState.DebugPrintPower() -         tag=CARDTYPE value=MINION
D 15:44:29.2000003 GameState.DebugPrintPower() -         tag=TAG_LAST_KNOWN_COST_IN_HAND value=1
D 15:44:29.2000003 GameState.DebugPrintPower() -         tag=479 value=3
D 15:44:29.2000003 GameState.DebugPrintPower() -         tag=COST value=1
D 15:44:29.2000003 GameState.DebugPrintPower() -         tag=ATK value=3
D 15:44:29.2000003 GameState.DebugPrintPower() -         tag=HEALTH value=1
D 15:44:29.2000003 GameState.DebugPrintPower() -         tag=ZONE value=SETASIDE
D 15:44:29.2000003 GameState.DebugPrintPower() -         tag=ENTITY_ID value=359
D 15:44:29.2000003 GameState.DebugPrintPower() -         tag=CARDRACE value=PIRATE
D 15:44:29.2000003 GameState.DebugPrintPower() -         tag=DEATHRATTLE value=1
D 15:44:29.2000003 GameState.DebugPrintPower() -         tag=CREATOR value=63
D 15:44:29.2000003 GameState.DebugPrintPower() -         tag=1037 value=6
D 15:44:29.2000003 GameState.DebugPrintPower() -         tag=CREATOR_DBID value=57980
D 15:44:29.2000003 GameState.DebugPrintPower() -         tag=BACON_TRIPLE_UPGRADE_MINION_ID value=62262
D 15:44:29.2000003 GameState.DebugPrintPower() -         tag=TECH_LEVEL value=1
D 15:44:29.2000003 GameState.DebugPrintPower() -         tag=IS_BACON_POOL_MINION value=1
D 15:44:29.2000003 GameState.DebugPrintPower() -         tag=SUPPRESS_ALL_SUMMON_VO value=1
D 15:44:29.2000003 GameState.DebugPrintPower() -         tag=SPAWN_TIME_COUNT value=1
D 15:44:29.2000003 GameState.DebugPrintPower() -         tag=1596 value=1
D 15:44:29.2000003 GameState.DebugPrintPower() -         tag=HAS_ACTIVATE_POWER value=1
D 15:44:29.2000003 GameState.DebugPrintPower() -         tag=3085 value=1
D 15:44:29.2000003 GameState.DebugPrintPower() -     FULL_ENTITY - Creating ID=360 CardID=BG28_966
D 15:44:29.2000003 GameState.DebugPrintPower() -         tag=CONTROLLER value=6
D 15:44:29.2000003 GameState.DebugPrintPower() -         tag=CARDTYPE value=BATTLEGROUND_SPELL
D 15:44:29.2000003 GameState.DebugPrintPower() -         tag=TAG_LAST_KNOWN_COST_IN_HAND value=1
D 15:44:29.2000003 GameState.DebugPrintPower() -         tag=COST value=1
D 15:44:29.2000003 GameState.DebugPrintPower() -         tag=ZONE value=SETASIDE
D 15:44:29.2000003 GameState.DebugPrintPower() -         tag=ENTITY_ID value=360
D 15:44:29.2000003 GameState.DebugPrintPower() -         tag=CREATOR value=63
D 15:44:29.2000003 GameState.DebugPrintPower() -         tag=1037 value=6
D 15:44:29.2000003 GameState.DebugPrintPower() -         tag=CREATOR_DBID value=57980
D 15:44:29.2000003 GameState.DebugPrintPower() -         tag=TECH_LEVEL value=1
D 15:44:29.2000003 GameState.DebugPrintPower() -         tag=SUPPRESS_ALL_SUMMON_VO value=1
D 15:44:29.2000003 GameState.DebugPrintPower() -         tag=SPAWN_TIME_COUNT value=1
D 15:44:29.2000003 GameState.DebugPrintPower() -         tag=SPELL_SCHOOL value=9
D 15:44:29.2000003 GameState.DebugPrintPower() -         tag=HAS_ACTIVATE_POWER value=1
D 15:44:29.2000003 GameState.DebugPrintPower() -         tag=3081 value=1
D 15:44:29.2000003 GameState.DebugPrintPower() -     SUB_SPELL_START - SpellPrefabGUID=Bacon_MinionSwap_OverrideSpawnIn_Super:69498edad9bb7594e89a3b5e0e41f026 Source=63 TargetCount=0
D 15:44:29.2000003 GameState.DebugPrintPower() -                       Source = [entityName=BaconShop8PlayerEnchant id=63 zone=PLAY zonePos=0 cardId=TB_BaconShop_8P_PlayerE player=6]
D 15:44:29.2000003 GameState.DebugPrintPower() -         FULL_ENTITY - Creating ID=361 CardID=BGS_055
D 15:44:29.2000003 GameState.DebugPrintPower() -             tag=CONTROLLER value=14
D 15:44:29.2000003 GameState.DebugPrintPower() -             tag=CARDTYPE value=MINION
D 15:44:29.2000003 GameState.DebugPrintPower() -             tag=1196 value=1
D 15:44:29.2000003 GameState.DebugPrintPower() -             tag=TAG_LAST_KNOWN_COST_IN_HAND value=3
D 15:44:29.2000003 GameState.DebugPrintPower() -             tag=479 value=2
D 15:44:29.2000003 GameState.DebugPrintPower() -             tag=COST value=3
D 15:44:29.2000003 GameState.DebugPrintPower() -             tag=ATK value=2
D 15:44:29.2000003 GameState.DebugPrintPower() -             tag=HEALTH value=2
D 15:44:29.2000003 GameState.DebugPrintPower() -             tag=EXHAUSTED value=1
D 15:44:29.2000003 GameState.DebugPrintPower() -             tag=ZONE value=PLAY
D 15:44:29.2000003 GameState.DebugPrintPower() -             tag=ENTITY_ID value=361
D 15:44:29.2000003 GameState.DebugPrintPower() -             tag=CARDRACE value=PIRATE
D 15:44:29.2000003 GameState.DebugPrintPower() -             tag=BATTLECRY value=1
D 15:44:29.2000003 GameState.DebugPrintPower() -             tag=ZONE_POSITION value=1
D 15:44:29.2000003 GameState.DebugPrintPower() -             tag=CREATOR value=63
D 15:44:29.2000003 GameState.DebugPrintPower() -             tag=1037 value=6
D 15:44:29.2000003 GameState.DebugPrintPower() -             tag=1254 value=63
D 15:44:29.2000003 GameState.DebugPrintPower() -             tag=CREATOR_DBID value=57980
D 15:44:29.2000003 GameState.DebugPrintPower() -             tag=BACON_TRIPLE_UPGRADE_MINION_ID value=62186
D 15:44:29.2000003 GameState.DebugPrintPower() -             tag=TECH_LEVEL value=1
D 15:44:29.2000003 GameState.DebugPrintPower() -             tag=IS_BACON_POOL_MINION value=1
D 15:44:29.2000003 GameState.DebugPrintPower() -             tag=SUPPRESS_ALL_SUMMON_VO value=1
D 15:44:29.2000003 GameState.DebugPrintPower() -             tag=SPAWN_TIME_COUNT value=1
D 15:44:29.2000003 GameState.DebugPrintPower() -             tag=1596 value=1
D 15:44:29.2000003 GameState.DebugPrintPower() -             tag=HAS_ACTIVATE_POWER value=1
D 15:44:29.2000003 GameState.DebugPrintPower() -             tag=3085 value=2
D 15:44:29.2000003 GameState.DebugPrintPower() -         FULL_ENTITY - Creating ID=362 CardID=TB_BaconShop_DragBuy
D 15:44:29.2000003 GameState.DebugPrintPower() -             tag=CONTROLLER value=6
D 15:44:29.2000003 GameState.DebugPrintPower() -             tag=CARDTYPE value=MOVE_MINION_HOVER_TARGET
D 15:44:29.2000003 GameState.DebugPrintPower() -             tag=ZONE value=PLAY
D 15:44:29.2000003 GameState.DebugPrintPower() -             tag=ENTITY_ID value=362
D 15:44:29.2000003 GameState.DebugPrintPower() -             tag=CREATOR value=63
D 15:44:29.2000003 GameState.DebugPrintPower() -             tag=1037 value=6
D 15:44:29.2000003 GameState.DebugPrintPower() -             tag=CREATOR_DBID value=57980
D 15:44:29.2000003 GameState.DebugPrintPower() -             tag=BACON_ACTION_CARD value=1
D 15:44:29.2000003 GameState.DebugPrintPower() -             tag=SUPPRESS_ALL_SUMMON_VO value=1
D 15:44:29.2000003 GameState.DebugPrintPower() -             tag=MOVE_MINION_HOVER_TARGET_SLOT value=1
D 15:44:29.2000003 GameState.DebugPrintPower() -             tag=SPAWN_TIME_COUNT value=1
D 15:44:29.2000003 GameState.DebugPrintPower() -             tag=HAS_ACTIVATE_POWER value=1
D 15:44:29.2000003 GameState.DebugPrintPower() -         TAG_CHANGE Entity=362 tag=2442 value=361 
D 15:44:29.2000003 GameState.DebugPrintPower() -         TAG_CHANGE Entity=361 tag=HAS_DRAG_TO_BUY value=1 
D 15:44:29.2000003 GameState.DebugPrintPower() -         TAG_CHANGE Entity=362 tag=COST value=3 
D 15:44:29.2000003 GameState.DebugPrintPower() -         TAG_CHANGE Entity=361 tag=NUM_TURNS_IN_PLAY value=3 
D 15:44:29.2000003 GameState.DebugPrintPower() -         TAG_CHANGE Entity=361 tag=EXHAUSTED value=0 
D 15:44:29.2000003 GameState.DebugPrintPower() -         TAG_CHANGE Entity=361 tag=CANT_ATTACK value=1 
D 15:44:29.2000003 GameState.DebugPrintPower() -         TAG_CHANGE Entity=357 tag=1068 value=5 
D 15:44:29.2000003 GameState.DebugPrintPower() -         TAG_CHANGE Entity=357 tag=1068 value=0 
D 15:44:29.2000003 GameState.DebugPrintPower() -         TAG_CHANGE Entity=357 tag=ZONE value=REMOVEDFROMGAME 
D 15:44:29.2000003 GameState.DebugPrintPower() -         TAG_CHANGE Entity=357 tag=HAS_ACTIVATE_POWER value=0 
D 15:44:29.2000003 GameState.DebugPrintPower() -         TAG_CHANGE Entity=357 tag=COST value=0 
D 15:44:29.2000003 GameState.DebugPrintPower() -         TAG_CHANGE Entity=357 tag=ATK value=0 
D 15:44:29.2000003 GameState.DebugPrintPower() -         TAG_CHANGE Entity=357 tag=HEALTH value=0 
D 15:44:29.2000003 GameState.DebugPrintPower() -         TAG_CHANGE Entity=357 tag=BATTLECRY value=0 
D 15:44:29.2000003 GameState.DebugPrintPower() -         TAG_CHANGE Entity=357 tag=BACON_TRIPLE_UPGRADE_MINION_ID value=0 
D 15:44:29.2000003 GameState.DebugPrintPower() -         TAG_CHANGE Entity=357 tag=TECH_LEVEL value=0 
D 15:44:29.2000003 GameState.DebugPrintPower() -         TAG_CHANGE Entity=357 tag=IS_BACON_POOL_MINION value=0 
D 15:44:29.2000003 GameState.DebugPrintPower() -         TAG_CHANGE Entity=357 tag=SUPPRESS_ALL_SUMMON_VO value=0 
D 15:44:29.2000003 GameState.DebugPrintPower() -         TAG_CHANGE Entity=357 tag=SPAWN_TIME_COUNT value=0 
D 15:44:29.2000003 GameState.DebugPrintPower() -         TAG_CHANGE Entity=357 tag=1596 value=0 
D 15:44:29.2000003 GameState.DebugPrintPower() -         TAG_CHANGE Entity=357 tag=COST value=3 
D 15:44:29.2000003 GameState.DebugPrintPower() -         TAG_CHANGE Entity=357 tag=ATK value=2 
D 15:44:29.2000003 GameState.DebugPrintPower() -         TAG_CHANGE Entity=357 tag=HEALTH value=2 
D 15:44:29.2000003 GameState.DebugPrintPower() -         TAG_CHANGE Entity=357 tag=BATTLECRY value=1 
D 15:44:29.2000003 GameState.DebugPrintPower() -         TAG_CHANGE Entity=357 tag=BACON_TRIPLE_UPGRADE_MINION_ID value=62186 
D 15:44:29.2000003 GameState.DebugPrintPower() -         TAG_CHANGE Entity=357 tag=TECH_LEVEL value=1 
D 15:44:29.2000003 GameState.DebugPrintPower() -         TAG_CHANGE Entity=357 tag=IS_BACON_POOL_MINION value=1 
D 15:44:29.2000003 GameState.DebugPrintPower() -         TAG_CHANGE Entity=357 tag=1596 value=1 
D 15:44:29.2000003 GameState.DebugPrintPower() -         TAG_CHANGE Entity=357 tag=HAS_ACTIVATE_POWER value=1 
D 15:44:29.2000003 GameState.DebugPrintPower() -         FULL_ENTITY - Creating ID=363 CardID=BG_GVG_085
D 15:44:29.2000003 GameState.DebugPrintPower() -             tag=CONTROLLER value=14
D 15:44:29.2000003 GameState.DebugPrintPower() -             tag=CARDTYPE value=MINION
D 15:44:29.2000003 GameState.DebugPrintPower() -             tag=1196 value=1
D 15:44:29.2000003 GameState.DebugPrintPower() -             tag=479 value=1
D 15:44:29.2000003 GameState.DebugPrintPower() -             tag=ATK value=1
D 15:44:29.2000003 GameState.DebugPrintPower() -             tag=HEALTH value=2
D 15:44:29.2000003 GameState.DebugPrintPower() -             tag=EXHAUSTED value=1
D 15:44:29.2000003 GameState.DebugPrintPower() -             tag=ZONE value=PLAY
D 15:44:29.2000003 GameState.DebugPrintPower() -             tag=ENTITY_ID value=363
D 15:44:29.2000003 GameState.DebugPrintPower() -             tag=TAUNT value=1
D 15:44:29.2000003 GameState.DebugPrintPower() -             tag=DIVINE_SHIELD value=1
D 15:44:29.2000003 GameState.DebugPrintPower() -             tag=CARDRACE value=MECHANICAL
D 15:44:29.2000003 GameState.DebugPrintPower() -             tag=RARITY value=COMMON
D 15:44:29.2000003 GameState.DebugPrintPower() -             tag=ZONE_POSITION value=2
D 15:44:29.2000003 GameState.DebugPrintPower() -             tag=CREATOR value=63
D 15:44:29.2000003 GameState.DebugPrintPower() -             tag=1037 value=6
D 15:44:29.2000003 GameState.DebugPrintPower() -             tag=1254 value=63
D 15:44:29.2000003 GameState.DebugPrintPower() -             tag=CREATOR_DBID value=57980
D 15:44:29.2000003 GameState.DebugPrintPower() -             tag=BACON_TRIPLE_UPGRADE_MINION_ID value=103653
D 15:44:29.2000003 GameState.DebugPrintPower() -             tag=TECH_LEVEL value=1
D 15:44:29.2000003 GameState.DebugPrintPower() -             tag=IS_BACON_POOL_MINION value=1
D 15:44:29.2000003 GameState.DebugPrintPower() -             tag=SUPPRESS_ALL_SUMMON_VO value=1
D 15:44:29.2000003 GameState.DebugPrintPower() -             tag=SPAWN_TIME_COUNT value=1
D 15:44:29.2000003 GameState.DebugPrintPower() -             tag=1595 value=1
D 15:44:29.2000003 GameState.DebugPrintPower() -             tag=HAS_ACTIVATE_POWER value=1
D 15:44:29.2000003 GameState.DebugPrintPower() -             tag=3085 value=2
D 15:44:29.2000003 GameState.DebugPrintPower() -         FULL_ENTITY - Creating ID=364 CardID=TB_BaconShop_DragBuy
D 15:44:29.2000003 GameState.DebugPrintPower() -             tag=CONTROLLER value=6
D 15:44:29.2000003 GameState.DebugPrintPower() -             tag=CARDTYPE value=MOVE_MINION_HOVER_TARGET
D 15:44:29.2000003 GameState.DebugPrintPower() -             tag=ZONE value=PLAY
D 15:44:29.2000003 GameState.DebugPrintPower() -             tag=ENTITY_ID value=364
D 15:44:29.2000003 GameState.DebugPrintPower() -             tag=CREATOR value=63
D 15:44:29.2000003 GameState.DebugPrintPower() -             tag=1037 value=6
D 15:44:29.2000003 GameState.DebugPrintPower() -             tag=CREATOR_DBID value=57980
D 15:44:29.2000003 GameState.DebugPrintPower() -             tag=BACON_ACTION_CARD value=1
D 15:44:29.2000003 GameState.DebugPrintPower() -             tag=SUPPRESS_ALL_SUMMON_VO value=1
D 15:44:29.2000003 GameState.DebugPrintPower() -             tag=MOVE_MINION_HOVER_TARGET_SLOT value=1
D 15:44:29.2000003 GameState.DebugPrintPower() -             tag=SPAWN_TIME_COUNT value=1
D 15:44:29.2000003 GameState.DebugPrintPower() -             tag=HAS_ACTIVATE_POWER value=1
D 15:44:29.2000003 GameState.DebugPrintPower() -         TAG_CHANGE Entity=364 tag=2442 value=363 
D 15:44:29.2000003 GameState.DebugPrintPower() -         TAG_CHANGE Entity=363 tag=HAS_DRAG_TO_BUY value=1 
D 15:44:29.2000003 GameState.DebugPrintPower() -         TAG_CHANGE Entity=364 tag=COST value=3 
D 15:44:29.2000003 GameState.DebugPrintPower() -         TAG_CHANGE Entity=363 tag=NUM_TURNS_IN_PLAY value=3 
D 15:44:29.2000003 GameState.DebugPrintPower() -         TAG_CHANGE Entity=363 tag=EXHAUSTED value=0 
D 15:44:29.2000003 GameState.DebugPrintPower() -         TAG_CHANGE Entity=363 tag=CANT_ATTACK value=1 
D 15:44:29.2000003 GameState.DebugPrintPower() -         TAG_CHANGE Entity=358 tag=1068 value=5 
D 15:44:29.2000003 GameState.DebugPrintPower() -         TAG_CHANGE Entity=358 tag=1068 value=0 
D 15:44:29.2000003 GameState.DebugPrintPower() -         TAG_CHANGE Entity=358 tag=ZONE value=REMOVEDFROMGAME 
D 15:44:29.2000003 GameState.DebugPrintPower() -         TAG_CHANGE Entity=358 tag=HAS_ACTIVATE_POWER value=0 
D 15:44:29.2000003 GameState.DebugPrintPower() -         TAG_CHANGE Entity=358 tag=ATK value=0 
D 15:44:29.2000003 GameState.DebugPrintPower() -         TAG_CHANGE Entity=358 tag=HEALTH value=0 
D 15:44:29.2000003 GameState.DebugPrintPower() -         TAG_CHANGE Entity=358 tag=TAUNT value=0 
D 15:44:29.2000003 GameState.DebugPrintPower() -         TAG_CHANGE Entity=358 tag=DIVINE_SHIELD value=0 
D 15:44:29.2000003 GameState.DebugPrintPower() -         TAG_CHANGE Entity=358 tag=BACON_TRIPLE_UPGRADE_MINION_ID value=0 
D 15:44:29.2000003 GameState.DebugPrintPower() -         TAG_CHANGE Entity=358 tag=TECH_LEVEL value=0 
D 15:44:29.2000003 GameState.DebugPrintPower() -         TAG_CHANGE Entity=358 tag=IS_BACON_POOL_MINION value=0 
D 15:44:29.2000003 GameState.DebugPrintPower() -         TAG_CHANGE Entity=358 tag=SUPPRESS_ALL_SUMMON_VO value=0 
D 15:44:29.2000003 GameState.DebugPrintPower() -         TAG_CHANGE Entity=358 tag=SPAWN_TIME_COUNT value=0 
D 15:44:29.2000003 GameState.DebugPrintPower() -         TAG_CHANGE Entity=358 tag=1595 value=0 
D 15:44:29.2000003 GameState.DebugPrintPower() -         TAG_CHANGE Entity=358 tag=ATK value=1 
D 15:44:29.2000003 GameState.DebugPrintPower() -         TAG_CHANGE Entity=358 tag=HEALTH value=2 
D 15:44:29.2000003 GameState.DebugPrintPower() -         TAG_CHANGE Entity=358 tag=TAUNT value=1 
D 15:44:29.2000003 GameState.DebugPrintPower() -         TAG_CHANGE Entity=358 tag=DIVINE_SHIELD value=1 
D 15:44:29.2000003 GameState.DebugPrintPower() -         TAG_CHANGE Entity=358 tag=BACON_TRIPLE_UPGRADE_MINION_ID value=103653 
D 15:44:29.2000003 GameState.DebugPrintPower() -         TAG_CHANGE Entity=358 tag=TECH_LEVEL value=1 
D 15:44:29.2000003 GameState.DebugPrintPower() -         TAG_CHANGE Entity=358 tag=IS_BACON_POOL_MINION value=1 
D 15:44:29.2000003 GameState.DebugPrintPower() -         TAG_CHANGE Entity=358 tag=1595 value=1 
D 15:44:29.2000003 GameState.DebugPrintPower() -         TAG_CHANGE Entity=358 tag=HAS_ACTIVATE_POWER value=1 
D 15:44:29.2000003 GameState.DebugPrintPower() -         FULL_ENTITY - Creating ID=365 CardID=BGS_061
D 15:44:29.2000003 GameState.DebugPrintPower() -             tag=CONTROLLER value=14
D 15:44:29.2000003 GameState.DebugPrintPower() -             tag=CARDTYPE value=MINION
D 15:44:29.2000003 GameState.DebugPrintPower() -             tag=1196 value=1
D 15:44:29.2000003 GameState.DebugPrintPower() -             tag=TAG_LAST_KNOWN_COST_IN_HAND value=1
D 15:44:29.2000003 GameState.DebugPrintPower() -             tag=479 value=3
D 15:44:29.2000003 GameState.DebugPrintPower() -             tag=COST value=1
D 15:44:29.2000003 GameState.DebugPrintPower() -             tag=ATK value=3
D 15:44:29.2000003 GameState.DebugPrintPower() -             tag=HEALTH value=1
D 15:44:29.2000003 GameState.DebugPrintPower() -             tag=EXHAUSTED value=1
D 15:44:29.2000003 GameState.DebugPrintPower() -             tag=ZONE value=PLAY
D 15:44:29.2000003 GameState.DebugPrintPower() -             tag=ENTITY_ID value=365
D 15:44:29.2000003 GameState.DebugPrintPower() -             tag=CARDRACE value=PIRATE
D 15:44:29.2000003 GameState.DebugPrintPower() -             tag=DEATHRATTLE value=1
D 15:44:29.2000003 GameState.DebugPrintPower() -             tag=ZONE_POSITION value=3
D 15:44:29.2000003 GameState.DebugPrintPower() -             tag=CREATOR value=63
D 15:44:29.2000003 GameState.DebugPrintPower() -             tag=1037 value=6
D 15:44:29.2000003 GameState.DebugPrintPower() -             tag=1254 value=63
D 15:44:29.2000003 GameState.DebugPrintPower() -             tag=CREATOR_DBID value=57980
D 15:44:29.2000003 GameState.DebugPrintPower() -             tag=BACON_TRIPLE_UPGRADE_MINION_ID value=62262
D 15:44:29.2000003 GameState.DebugPrintPower() -             tag=TECH_LEVEL value=1
D 15:44:29.2000003 GameState.DebugPrintPower() -             tag=IS_BACON_POOL_MINION value=1
D 15:44:29.2000003 GameState.DebugPrintPower() -             tag=SUPPRESS_ALL_SUMMON_VO value=1
D 15:44:29.2000003 GameState.DebugPrintPower() -             tag=SPAWN_TIME_COUNT value=1
D 15:44:29.2000003 GameState.DebugPrintPower() -             tag=1596 value=1
D 15:44:29.2000003 GameState.DebugPrintPower() -             tag=HAS_ACTIVATE_POWER value=1
D 15:44:29.2000003 GameState.DebugPrintPower() -             tag=3085 value=1
D 15:44:29.2000003 GameState.DebugPrintPower() -         FULL_ENTITY - Creating ID=366 CardID=TB_BaconShop_DragBuy
D 15:44:29.2000003 GameState.DebugPrintPower() -             tag=CONTROLLER value=6
D 15:44:29.2000003 GameState.DebugPrintPower() -             tag=CARDTYPE value=MOVE_MINION_HOVER_TARGET
D 15:44:29.2000003 GameState.DebugPrintPower() -             tag=ZONE value=PLAY
D 15:44:29.2000003 GameState.DebugPrintPower() -             tag=ENTITY_ID value=366
D 15:44:29.2000003 GameState.DebugPrintPower() -             tag=CREATOR value=63
D 15:44:29.2000003 GameState.DebugPrintPower() -             tag=1037 value=6
D 15:44:29.2000003 GameState.DebugPrintPower() -             tag=CREATOR_DBID value=57980
D 15:44:29.2000003 GameState.DebugPrintPower() -             tag=BACON_ACTION_CARD value=1
D 15:44:29.2000003 GameState.DebugPrintPower() -             tag=SUPPRESS_ALL_SUMMON_VO value=1
D 15:44:29.2000003 GameState.DebugPrintPower() -             tag=MOVE_MINION_HOVER_TARGET_SLOT value=1
D 15:44:29.2000003 GameState.DebugPrintPower() -             tag=SPAWN_TIME_COUNT value=1
D 15:44:29.2000003 GameState.DebugPrintPower() -             tag=HAS_ACTIVATE_POWER value=1
D 15:44:29.2000003 GameState.DebugPrintPower() -         TAG_CHANGE Entity=366 tag=2442 value=365 
D 15:44:29.2000003 GameState.DebugPrintPower() -         TAG_CHANGE Entity=365 tag=HAS_DRAG_TO_BUY value=1 
D 15:44:29.2000003 GameState.DebugPrintPower() -         TAG_CHANGE Entity=366 tag=COST value=3 
D 15:44:29.2000003 GameState.DebugPrintPower() -         TAG_CHANGE Entity=365 tag=NUM_TURNS_IN_PLAY value=3 
D 15:44:29.2000003 GameState.DebugPrintPower() -         TAG_CHANGE Entity=365 tag=EXHAUSTED value=0 
D 15:44:29.2000003 GameState.DebugPrintPower() -         TAG_CHANGE Entity=365 tag=CANT_ATTACK value=1 
D 15:44:29.2000003 GameState.DebugPrintPower() -         TAG_CHANGE Entity=359 tag=1068 value=5 
D 15:44:29.2000003 GameState.DebugPrintPower() -         TAG_CHANGE Entity=359 tag=1068 value=0 
D 15:44:29.2000003 GameState.DebugPrintPower() -         TAG_CHANGE Entity=359 tag=ZONE value=REMOVEDFROMGAME 
D 15:44:29.2000003 GameState.DebugPrintPower() -         TAG_CHANGE Entity=359 tag=HAS_ACTIVATE_POWER value=0 
D 15:44:29.2000003 GameState.DebugPrintPower() -         TAG_CHANGE Entity=359 tag=COST value=0 
D 15:44:29.2000003 GameState.DebugPrintPower() -         TAG_CHANGE Entity=359 tag=ATK value=0 
D 15:44:29.2000003 GameState.DebugPrintPower() -         TAG_CHANGE Entity=359 tag=HEALTH value=0 
D 15:44:29.2000003 GameState.DebugPrintPower() -         TAG_CHANGE Entity=359 tag=DEATHRATTLE value=0 
D 15:44:29.2000003 GameState.DebugPrintPower() -         TAG_CHANGE Entity=359 tag=BACON_TRIPLE_UPGRADE_MINION_ID value=0 
D 15:44:29.2000003 GameState.DebugPrintPower() -         TAG_CHANGE Entity=359 tag=TECH_LEVEL value=0 
D 15:44:29.2000003 GameState.DebugPrintPower() -         TAG_CHANGE Entity=359 tag=IS_BACON_POOL_MINION value=0 
D 15:44:29.2000003 GameState.DebugPrintPower() -         TAG_CHANGE Entity=359 tag=SUPPRESS_ALL_SUMMON_VO value=0 
D 15:44:29.2000003 GameState.DebugPrintPower() -         TAG_CHANGE Entity=359 tag=SPAWN_TIME_COUNT value=0 
D 15:44:29.2000003 GameState.DebugPrintPower() -         TAG_CHANGE Entity=359 tag=1596 value=0 
D 15:44:29.2000003 GameState.DebugPrintPower() -         TAG_CHANGE Entity=359 tag=COST value=1 
D 15:44:29.2000003 GameState.DebugPrintPower() -         TAG_CHANGE Entity=359 tag=ATK value=3 
D 15:44:29.2000003 GameState.DebugPrintPower() -         TAG_CHANGE Entity=359 tag=HEALTH value=1 
D 15:44:29.2000003 GameState.DebugPrintPower() -         TAG_CHANGE Entity=359 tag=DEATHRATTLE value=1 
D 15:44:29.2000003 GameState.DebugPrintPower() -         TAG_CHANGE Entity=359 tag=BACON_TRIPLE_UPGRADE_MINION_ID value=62262 
D 15:44:29.2000003 GameState.DebugPrintPower() -         TAG_CHANGE Entity=359 tag=TECH_LEVEL value=1 
D 15:44:29.2000003 GameState.DebugPrintPower() -         TAG_CHANGE Entity=359 tag=IS_BACON_POOL_MINION value=1 
D 15:44:29.2000003 GameState.DebugPrintPower() -         TAG_CHANGE Entity=359 tag=1596 value=1 
D 15:44:29.2000003 GameState.DebugPrintPower() -         TAG_CHANGE Entity=359 tag=HAS_ACTIVATE_POWER value=1 
D 15:44:29.2000003 GameState.DebugPrintPower() -         FULL_ENTITY - Creating ID=367 CardID=BG28_966
D 15:44:29.2000003 GameState.DebugPrintPower() -             tag=CONTROLLER value=14
D 15:44:29.2000003 GameState.DebugPrintPower() -             tag=CARDTYPE value=BATTLEGROUND_SPELL
D 15:44:29.2000003 GameState.DebugPrintPower() -             tag=TAG_LAST_KNOWN_COST_IN_HAND value=1
D 15:44:29.2000003 GameState.DebugPrintPower() -             tag=COST value=1
D 15:44:29.2000003 GameState.DebugPrintPower() -             tag=ZONE value=PLAY
D 15:44:29.2000003 GameState.DebugPrintPower() -             tag=ENTITY_ID value=367
D 15:44:29.2000003 GameState.DebugPrintPower() -             tag=ZONE_POSITION value=4
D 15:44:29.2000003 GameState.DebugPrintPower() -             tag=CREATOR value=63
D 15:44:29.2000003 GameState.DebugPrintPower() -             tag=1037 value=6
D 15:44:29.2000003 GameState.DebugPrintPower() -             tag=CREATOR_DBID value=57980
D 15:44:29.2000003 GameState.DebugPrintPower() -             tag=TECH_LEVEL value=1
D 15:44:29.2000003 GameState.DebugPrintPower() -             tag=SUPPRESS_ALL_SUMMON_VO value=1
D 15:44:29.2000003 GameState.DebugPrintPower() -             tag=SPAWN_TIME_COUNT value=1
D 15:44:29.2000003 GameState.DebugPrintPower() -             tag=SPELL_SCHOOL value=9
D 15:44:29.2000003 GameState.DebugPrintPower() -             tag=HAS_ACTIVATE_POWER value=1
D 15:44:29.2000003 GameState.DebugPrintPower() -             tag=3081 value=1
D 15:44:29.2000003 GameState.DebugPrintPower() -         TAG_CHANGE Entity=367 tag=NUM_TURNS_IN_PLAY value=3 
D 15:44:29.2000003 GameState.DebugPrintPower() -         TAG_CHANGE Entity=367 tag=CANT_ATTACK value=1 
D 15:44:29.2000003 GameState.DebugPrintPower() -         TAG_CHANGE Entity=360 tag=1068 value=5 
D 15:44:29.2000003 GameState.DebugPrintPower() -         TAG_CHANGE Entity=360 tag=1068 value=0 
D 15:44:29.2000003 GameState.DebugPrintPower() -         TAG_CHANGE Entity=360 tag=ZONE value=REMOVEDFROMGAME 
D 15:44:29.2000003 GameState.DebugPrintPower() -         TAG_CHANGE Entity=360 tag=HAS_ACTIVATE_POWER value=0 
D 15:44:29.2000003 GameState.DebugPrintPower() -         TAG_CHANGE Entity=360 tag=COST value=0 
D 15:44:29.2000003 GameState.DebugPrintPower() -         TAG_CHANGE Entity=360 tag=TECH_LEVEL value=0 
D 15:44:29.2000003 GameState.DebugPrintPower() -         TAG_CHANGE Entity=360 tag=SUPPRESS_ALL_SUMMON_VO value=0 
D 15:44:29.2000003 GameState.DebugPrintPower() -         TAG_CHANGE Entity=360 tag=SPAWN_TIME_COUNT value=0 
D 15:44:29.2000003 GameState.DebugPrintPower() -         TAG_CHANGE Entity=360 tag=SPELL_SCHOOL value=0 
D 15:44:29.2000003 GameState.DebugPrintPower() -         TAG_CHANGE Entity=360 tag=3081 value=0 
D 15:44:29.2000003 GameState.DebugPrintPower() -         TAG_CHANGE Entity=360 tag=COST value=1 
D 15:44:29.2000003 GameState.DebugPrintPower() -         TAG_CHANGE Entity=360 tag=TECH_LEVEL value=1 
D 15:44:29.2000003 GameState.DebugPrintPower() -         TAG_CHANGE Entity=360 tag=SPELL_SCHOOL value=9 
D 15:44:29.2000003 GameState.DebugPrintPower() -         TAG_CHANGE Entity=360 tag=3081 value=1 
D 15:44:29.2000003 GameState.DebugPrintPower() -         TAG_CHANGE Entity=360 tag=HAS_ACTIVATE_POWER value=1 
D 15:44:29.2000003 GameState.DebugPrintPower() -     SUB_SPELL_END
D 15:44:29.2000003 GameState.DebugPrintPower() -     TAG_CHANGE Entity=GameEntity tag=1453 value=0 
D 15:44:29.2000003 GameState.DebugPrintPower() -     TAG_CHANGE Entity=GameEntity tag=SUPPRESS_ALL_SUMMON_VO value=0 
D 15:44:29.2000003 GameState.DebugPrintPower() -     TAG_CHANGE Entity=GameEntity tag=MISSION_EVENT value=111 
D 15:44:29.2000003 GameState.DebugPrintPower() -     BLOCK_START BlockType=TRIGGER Entity=351 EffectCardId=System.Collections.Generic.List`1[System.String] EffectIndex=0 Target=0 SubOption=-1 TriggerKeyword=TAG_NOT_SET
D 15:44:29.2000003 GameState.DebugPrintPower() -         TAG_CHANGE Entity=dymitrq#2316 tag=2336 value=1 
D 15:44:29.2000003 GameState.DebugPrintPower() -     BLOCK_END
D 15:44:29.2000003 GameState.DebugPrintPower() - BLOCK_END
D 15:44:29.2000003 GameState.DebugPrintPower() - BLOCK_START BlockType=TRIGGER Entity=[entityName=BaconShop8PlayerEnchant id=63 zone=PLAY zonePos=0 cardId=TB_BaconShop_8P_PlayerE player=6] EffectCardId=System.Collections.Generic.List`1[System.String] EffectIndex=4 Target=0 SubOption=-1 TriggerKeyword=TAG_NOT_SET
D 15:44:29.2000003 GameState.DebugPrintPower() -     FULL_ENTITY - Creating ID=368 CardID=TB_BaconShop_CheckTriples
D 15:44:29.2000003 GameState.DebugPrintPower() -         tag=CONTROLLER value=6
D 15:44:29.2000003 GameState.DebugPrintPower() -         tag=CARDTYPE value=SPELL
D 15:44:29.2000003 GameState.DebugPrintPower() -         tag=ZONE value=SETASIDE
D 15:44:29.2000003 GameState.DebugPrintPower() -         tag=ENTITY_ID value=368
D 15:44:29.2000003 GameState.DebugPrintPower() -         tag=CREATOR value=63
D 15:44:29.2000003 GameState.DebugPrintPower() -         tag=1037 value=6
D 15:44:29.2000003 GameState.DebugPrintPower() -         tag=1200 value=1
D 15:44:29.2000003 GameState.DebugPrintPower() -         tag=CREATOR_DBID value=57980
D 15:44:29.2000003 GameState.DebugPrintPower() -         tag=SPAWN_TIME_COUNT value=1
D 15:44:29.2000003 GameState.DebugPrintPower() -     TAG_CHANGE Entity=368 tag=1715 value=63 
D 15:44:29.2000003 GameState.DebugPrintPower() -     TAG_CHANGE Entity=368 tag=1068 value=1 
D 15:44:29.2000003 GameState.DebugPrintPower() -     TAG_CHANGE Entity=368 tag=1068 value=0 
D 15:44:29.2000003 GameState.DebugPrintPower() -     TAG_CHANGE Entity=368 tag=ZONE value=PLAY 
D 15:44:29.2000003 GameState.DebugPrintPower() -     META_DATA - Meta=HISTORY_TARGET Data=0 InfoCount=1
D 15:44:29.2000003 GameState.DebugPrintPower() -                 Info[0] = 368
D 15:44:29.2000003 GameState.DebugPrintPower() -     FULL_ENTITY - Creating ID=369 CardID=TB_BaconShop_DragBuy_Spell
D 15:44:29.2000003 GameState.DebugPrintPower() -         tag=CONTROLLER value=6
D 15:44:29.2000003 GameState.DebugPrintPower() -         tag=CARDTYPE value=MOVE_MINION_HOVER_TARGET
D 15:44:29.2000003 GameState.DebugPrintPower() -         tag=ZONE value=PLAY
D 15:44:29.2000003 GameState.DebugPrintPower() -         tag=ENTITY_ID value=369
D 15:44:29.2000003 GameState.DebugPrintPower() -         tag=CREATOR value=63
D 15:44:29.2000003 GameState.DebugPrintPower() -         tag=1037 value=6
D 15:44:29.2000003 GameState.DebugPrintPower() -         tag=CREATOR_DBID value=57980
D 15:44:29.2000003 GameState.DebugPrintPower() -         tag=BACON_ACTION_CARD value=1
D 15:44:29.2000003 GameState.DebugPrintPower() -         tag=MOVE_MINION_HOVER_TARGET_SLOT value=1
D 15:44:29.2000003 GameState.DebugPrintPower() -         tag=SPAWN_TIME_COUNT value=1
D 15:44:29.2000003 GameState.DebugPrintPower() -         tag=HAS_ACTIVATE_POWER value=1
D 15:44:29.2000003 GameState.DebugPrintPower() -     TAG_CHANGE Entity=369 tag=2442 value=367 
D 15:44:29.2000003 GameState.DebugPrintPower() -     TAG_CHANGE Entity=367 tag=HAS_DRAG_TO_BUY value=1 
D 15:44:29.2000003 GameState.DebugPrintPower() -     TAG_CHANGE Entity=369 tag=COST value=1 
D 15:44:29.2000003 GameState.DebugPrintPower() -     BLOCK_START BlockType=POWER Entity=368 EffectCardId=System.Collections.Generic.List`1[System.String] EffectIndex=0 Target=0 SubOption=-1 
D 15:44:29.2000003 GameState.DebugPrintPower() -     BLOCK_END
D 15:44:29.2000003 GameState.DebugPrintPower() -     TAG_CHANGE Entity=368 tag=1068 value=4 
D 15:44:29.2000003 GameState.DebugPrintPower() -     TAG_CHANGE Entity=368 tag=1068 value=0 
D 15:44:29.2000003 GameState.DebugPrintPower() -     TAG_CHANGE Entity=368 tag=ZONE value=GRAVEYARD 
D 15:44:29.2000003 GameState.DebugPrintPower() - BLOCK_END
D 15:44:29.2000003 GameState.DebugPrintPower() - TAG_CHANGE Entity=GameEntity tag=STEP value=MAIN_ACTION 
D 15:44:29.2000003 GameState.DebugPrintPower() - BLOCK_START BlockType=TRIGGER Entity=dymitrq#2316 EffectCardId=System.Collections.Generic.List`1[System.String] EffectIndex=-1 Target=0 SubOption=-1 TriggerKeyword=TAG_NOT_SET
D 15:44:29.2000003 GameState.DebugPrintPower() -     TAG_CHANGE Entity=GameEntity tag=NEXT_STEP value=MAIN_END 
D 15:44:29.2000003 GameState.DebugPrintPower() - BLOCK_END
D 15:44:29.2191996 GameState.DebugPrintOptions() - id=1
D 15:44:29.2191996 GameState.DebugPrintOptions() -   option 0 type=END_TURN mainEntity= error=INVALID errorParam=
D 15:44:29.2191996 GameState.DebugPrintOptions() -   option 1 type=POWER mainEntity=[entityName=Refresh id=351 zone=PLAY zonePos=0 cardId=TB_BaconShop_8p_Reroll_Button player=6] error=NONE errorParam=
D 15:44:29.2191996 GameState.DebugPrintOptions() -   option 2 type=POWER mainEntity=[entityName=Freeze id=352 zone=PLAY zonePos=0 cardId=TB_BaconShopLockAll_Button player=6] error=NONE errorParam=
D 15:44:29.2191996 GameState.DebugPrintOptions() -   option 3 type=POWER mainEntity=[entityName=Deck Swabbie id=361 zone=PLAY zonePos=1 cardId=BGS_055 player=14] error=NONE errorParam=
D 15:44:29.2191996 GameState.DebugPrintOptions() -   option 4 type=POWER mainEntity=[entityName=Drag To Buy id=362 zone=PLAY zonePos=0 cardId=TB_BaconShop_DragBuy player=6] error=NONE errorParam=
D 15:44:29.2191996 GameState.DebugPrintOptions() -     target 0 entity=[entityName=Deck Swabbie id=361 zone=PLAY zonePos=1 cardId=BGS_055 player=14] error=NONE errorParam=
D 15:44:29.2191996 GameState.DebugPrintOptions() -     target 1 entity=[entityName=Bartender Bob id=62 zone=PLAY zonePos=0 cardId=TB_BaconShopBob player=14] error=REQ_MINION_TARGET errorParam=
D 15:44:29.2191996 GameState.DebugPrintOptions() -     target 2 entity=[entityName=Sparkhoarder Togwaggle id=85 zone=PLAY zonePos=0 cardId=BG23_HERO_305_SKIN_B player=6] error=REQ_ENEMY_TARGET errorParam=
D 15:44:29.2191996 GameState.DebugPrintOptions() -     target 3 entity=[entityName=Annoy-o-Tron id=363 zone=PLAY zonePos=2 cardId=BG_GVG_085 player=14] error=127 errorParam=
D 15:44:29.2191996 GameState.DebugPrintOptions() -     target 4 entity=[entityName=Scallywag id=365 zone=PLAY zonePos=3 cardId=BGS_061 player=14] error=127 errorParam=
D 15:44:29.2191996 GameState.DebugPrintOptions() -     target 5 entity=[entityName=Them Apples id=367 zone=PLAY zonePos=4 cardId=BG28_966 player=14] error=REQ_MINION_TARGET errorParam=
D 15:44:29.2191996 GameState.DebugPrintOptions() -   option 5 type=POWER mainEntity=[entityName=Annoy-o-Tron id=363 zone=PLAY zonePos=2 cardId=BG_GVG_085 player=14] error=NONE errorParam=
D 15:44:29.2191996 GameState.DebugPrintOptions() -   option 6 type=POWER mainEntity=[entityName=Drag To Buy id=364 zone=PLAY zonePos=0 cardId=TB_BaconShop_DragBuy player=6] error=NONE errorParam=
D 15:44:29.2191996 GameState.DebugPrintOptions() -     target 0 entity=[entityName=Annoy-o-Tron id=363 zone=PLAY zonePos=2 cardId=BG_GVG_085 player=14] error=NONE errorParam=
D 15:44:29.2191996 GameState.DebugPrintOptions() -     target 1 entity=[entityName=Bartender Bob id=62 zone=PLAY zonePos=0 cardId=TB_BaconShopBob player=14] error=REQ_MINION_TARGET errorParam=
D 15:44:29.2191996 GameState.DebugPrintOptions() -     target 2 entity=[entityName=Sparkhoarder Togwaggle id=85 zone=PLAY zonePos=0 cardId=BG23_HERO_305_SKIN_B player=6] error=REQ_ENEMY_TARGET errorParam=
D 15:44:29.2191996 GameState.DebugPrintOptions() -     target 3 entity=[entityName=Deck Swabbie id=361 zone=PLAY zonePos=1 cardId=BGS_055 player=14] error=127 errorParam=
D 15:44:29.2191996 GameState.DebugPrintOptions() -     target 4 entity=[entityName=Scallywag id=365 zone=PLAY zonePos=3 cardId=BGS_061 player=14] error=127 errorParam=
D 15:44:29.2191996 GameState.DebugPrintOptions() -     target 5 entity=[entityName=Them Apples id=367 zone=PLAY zonePos=4 cardId=BG28_966 player=14] error=REQ_MINION_TARGET errorParam=
D 15:44:29.2191996 GameState.DebugPrintOptions() -   option 7 type=POWER mainEntity=[entityName=Scallywag id=365 zone=PLAY zonePos=3 cardId=BGS_061 player=14] error=NONE errorParam=
D 15:44:29.2191996 GameState.DebugPrintOptions() -   option 8 type=POWER mainEntity=[entityName=Drag To Buy id=366 zone=PLAY zonePos=0 cardId=TB_BaconShop_DragBuy player=6] error=NONE errorParam=
D 15:44:29.2191996 GameState.DebugPrintOptions() -     target 0 entity=[entityName=Scallywag id=365 zone=PLAY zonePos=3 cardId=BGS_061 player=14] error=NONE errorParam=
D 15:44:29.2191996 GameState.DebugPrintOptions() -     target 1 entity=[entityName=Bartender Bob id=62 zone=PLAY zonePos=0 cardId=TB_BaconShopBob player=14] error=REQ_MINION_TARGET errorParam=
D 15:44:29.2191996 GameState.DebugPrintOptions() -     target 2 entity=[entityName=Sparkhoarder Togwaggle id=85 zone=PLAY zonePos=0 cardId=BG23_HERO_305_SKIN_B player=6] error=REQ_ENEMY_TARGET errorParam=
D 15:44:29.2191996 GameState.DebugPrintOptions() -     target 3 entity=[entityName=Deck Swabbie id=361 zone=PLAY zonePos=1 cardId=BGS_055 player=14] error=127 errorParam=
D 15:44:29.2191996 GameState.DebugPrintOptions() -     target 4 entity=[entityName=Annoy-o-Tron id=363 zone=PLAY zonePos=2 cardId=BG_GVG_085 player=14] error=127 errorParam=
D 15:44:29.2191996 GameState.DebugPrintOptions() -     target 5 entity=[entityName=Them Apples id=367 zone=PLAY zonePos=4 cardId=BG28_966 player=14] error=REQ_MINION_TARGET errorParam=
D 15:44:29.2191996 GameState.DebugPrintOptions() -   option 9 type=POWER mainEntity=[entityName=Them Apples id=367 zone=PLAY zonePos=4 cardId=BG28_966 player=14] error=NONE errorParam=
D 15:44:29.2191996 GameState.DebugPrintOptions() -   option 10 type=POWER mainEntity=[entityName=Drag To Buy Spell id=369 zone=PLAY zonePos=0 cardId=TB_BaconShop_DragBuy_Spell player=6] error=NONE errorParam=
D 15:44:29.2191996 GameState.DebugPrintOptions() -     target 0 entity=[entityName=Them Apples id=367 zone=PLAY zonePos=4 cardId=BG28_966 player=14] error=NONE errorParam=
D 15:44:29.2191996 GameState.DebugPrintOptions() -     target 1 entity=[entityName=Bartender Bob id=62 zone=PLAY zonePos=0 cardId=TB_BaconShopBob player=14] error=127 errorParam=
D 15:44:29.2191996 GameState.DebugPrintOptions() -     target 2 entity=[entityName=Sparkhoarder Togwaggle id=85 zone=PLAY zonePos=0 cardId=BG23_HERO_305_SKIN_B player=6] error=REQ_ENEMY_TARGET errorParam=
D 15:44:29.2191996 GameState.DebugPrintOptions() -     target 3 entity=[entityName=Deck Swabbie id=361 zone=PLAY zonePos=1 cardId=BGS_055 player=14] error=127 errorParam=
D 15:44:29.2191996 GameState.DebugPrintOptions() -     target 4 entity=[entityName=Annoy-o-Tron id=363 zone=PLAY zonePos=2 cardId=BG_GVG_085 player=14] error=127 errorParam=
D 15:44:29.2191996 GameState.DebugPrintOptions() -     target 5 entity=[entityName=Scallywag id=365 zone=PLAY zonePos=3 cardId=BGS_061 player=14] error=127 errorParam=
D 15:44:29.2191996 GameState.DebugPrintOptions() -   option 11 type=POWER mainEntity=[entityName=Bartender Bob id=62 zone=PLAY zonePos=0 cardId=TB_BaconShopBob player=14] error=REQ_YOUR_TURN errorParam=
D 15:44:29.2191996 GameState.DebugPrintOptions() -   option 12 type=POWER mainEntity=[entityName=Sparkhoarder Togwaggle id=85 zone=PLAY zonePos=0 cardId=BG23_HERO_305_SKIN_B player=6] error=REQ_ATTACK_GREATER_THAN_0 errorParam=
D 15:44:29.2191996 GameState.DebugPrintOptions() -   option 13 type=POWER mainEntity=[entityName=The Perfect Crime id=166 zone=PLAY zonePos=0 cardId=BG23_HERO_305p player=6] error=REQ_ENOUGH_MANA errorParam=
D 15:44:29.2191996 GameState.DebugPrintOptions() -   option 14 type=POWER mainEntity=[entityName=Drag To Sell id=353 zone=PLAY zonePos=0 cardId=TB_BaconShop_DragSell player=6] error=REQ_TARGET_TO_PLAY errorParam=
D 15:44:29.2191996 GameState.DebugPrintOptions() -   option 15 type=POWER mainEntity=[entityName=Tavern Tier 2 id=354 zone=PLAY zonePos=0 cardId=TB_BaconShopTechUp02_Button player=6] error=REQ_ENOUGH_MANA errorParam=
D 15:44:29.2191996 GameState.DebugPrintOptions() -   option 16 type=POWER mainEntity=[entityName=Buddy Meter id=356 zone=PLAY zonePos=0 cardId=BG22_BuddyMeter player=6] error=REQ_ENOUGH_MANA errorParam=
D 15:44:36.8833972 PowerProcessor.EndCurrentTaskList() - m_currentTaskList=50
D 15:44:36.8833972 PowerTaskList.DebugDump() - ID=51 ParentID=0 PreviousID=0 TaskCount=1
D 15:44:36.8833972 PowerTaskList.DebugDump() - Block Start=(null)
D 15:44:36.8833972 PowerTaskList.DebugPrintPower() -     TAG_CHANGE Entity=GameEntity tag=STEP value=MAIN_READY 
D 15:44:36.8833972 PowerTaskList.DebugDump() - Block End=(null)
D 15:44:36.8833972 PowerProcessor.PrepareHistoryForCurrentTaskList() - m_currentTaskList=51
D 15:44:36.8833972 PowerProcessor.EndCurrentTaskList() - m_currentTaskList=51
D 15:44:36.8833972 PowerTaskList.DebugDump() - ID=52 ParentID=0 PreviousID=0 TaskCount=7
D 15:44:36.8833972 PowerTaskList.DebugPrintPower() - BLOCK_START BlockType=TRIGGER Entity=dymitrq#2316 EffectCardId=System.Collections.Generic.List`1[System.String] EffectIndex=-1 Target=0 SubOption=-1 TriggerKeyword=TAG_NOT_SET
D 15:44:36.8833972 PowerTaskList.DebugPrintPower() -     TAG_CHANGE Entity=GameEntity tag=NUM_TURNS_IN_PLAY value=2 
D 15:44:36.8833972 PowerTaskList.DebugPrintPower() -     TAG_CHANGE Entity=dymitrq#2316 tag=NUM_TURNS_IN_PLAY value=2 
D 15:44:36.8833972 PowerTaskList.DebugPrintPower() -     TAG_CHANGE Entity=Bartender Bob tag=NUM_TURNS_IN_PLAY value=2 
D 15:44:36.8833972 PowerTaskList.DebugPrintPower() -     TAG_CHANGE Entity=[entityName=Bartender Bob id=62 zone=PLAY zonePos=0 cardId=TB_BaconShopBob player=14] tag=NUM_TURNS_IN_PLAY value=2 
D 15:44:36.8833972 PowerTaskList.DebugPrintPower() -     TAG_CHANGE Entity=[entityName=Sparkhoarder Togwaggle id=85 zone=PLAY zonePos=0 cardId=BG23_HERO_305_SKIN_B player=6] tag=NUM_TURNS_IN_PLAY value=2 
D 15:44:36.8833972 PowerTaskList.DebugPrintPower() -     TAG_CHANGE Entity=[entityName=The Perfect Crime id=166 zone=PLAY zonePos=0 cardId=BG23_HERO_305p player=6] tag=NUM_TURNS_IN_PLAY value=2 
D 15:44:36.8833972 PowerTaskList.DebugPrintPower() -     TAG_CHANGE Entity=GameEntity tag=NEXT_STEP value=MAIN_START_TRIGGERS 
D 15:44:36.8833972 PowerTaskList.DebugPrintPower() - BLOCK_END
D 15:44:36.8833972 PowerProcessor.PrepareHistoryForCurrentTaskList() - m_currentTaskList=52
D 15:44:36.8833972 PowerProcessor.EndCurrentTaskList() - m_currentTaskList=52
D 15:44:36.8833972 PowerTaskList.DebugDump() - ID=53 ParentID=0 PreviousID=0 TaskCount=5
D 15:44:36.8833972 PowerTaskList.DebugPrintPower() - BLOCK_START BlockType=TRIGGER Entity=[entityName=BaconShop8PlayerEnchant id=63 zone=PLAY zonePos=0 cardId=TB_BaconShop_8P_PlayerE player=6] EffectCardId=System.Collections.Generic.List`1[System.String] EffectIndex=30 Target=0 SubOption=-1 TriggerKeyword=TAG_NOT_SET
D 15:44:36.8833972 PowerTaskList.DebugPrintPower() -     FULL_ENTITY - Updating [entityName=UNKNOWN ENTITY [cardType=INVALID] id=223 zone=SETASIDE zonePos=0 cardId= player=6] CardID=
D 15:44:36.8833972 PowerTaskList.DebugPrintPower() -         tag=ZONE value=SETASIDE
D 15:44:36.8833972 PowerTaskList.DebugPrintPower() -         tag=CONTROLLER value=6
D 15:44:36.8833972 PowerTaskList.DebugPrintPower() -         tag=ENTITY_ID value=223
D 15:44:36.8833972 PowerTaskList.DebugPrintPower() -     SHOW_ENTITY - Updating Entity=[entityName=UNKNOWN ENTITY [cardType=INVALID] id=223 zone=SETASIDE zonePos=0 cardId= player=6] CardID=TB_BaconShop_HP_038e
D 15:44:36.8833972 PowerTaskList.DebugPrintPower() -         tag=CONTROLLER value=6
D 15:44:36.8833972 PowerTaskList.DebugPrintPower() -         tag=CARDTYPE value=ENCHANTMENT
D 15:44:36.8833972 PowerTaskList.DebugPrintPower() -         tag=ATTACHED value=17
D 15:44:36.8833972 PowerTaskList.DebugPrintPower() -         tag=ZONE value=SETASIDE
D 15:44:36.8833972 PowerTaskList.DebugPrintPower() -         tag=ENTITY_ID value=223
D 15:44:36.8833972 PowerTaskList.DebugPrintPower() -         tag=CREATOR value=63
D 15:44:36.8833972 PowerTaskList.DebugPrintPower() -         tag=1037 value=6
D 15:44:36.8833972 PowerTaskList.DebugPrintPower() -         tag=1068 value=0
D 15:44:36.8833972 PowerTaskList.DebugPrintPower() -         tag=CREATOR_DBID value=57980
D 15:44:36.8833972 PowerTaskList.DebugPrintPower() -         tag=SPAWN_TIME_COUNT value=1
D 15:44:36.8833972 PowerTaskList.DebugPrintPower() -         tag=2882 value=1
D 15:44:36.8833972 PowerTaskList.DebugPrintPower() -     TAG_CHANGE Entity=[entityName=UNKNOWN ENTITY [cardType=INVALID] id=223 zone=SETASIDE zonePos=0 cardId= player=6] tag=1068 value=1 
D 15:44:36.8833972 PowerTaskList.DebugPrintPower() -     TAG_CHANGE Entity=[entityName=UNKNOWN ENTITY [cardType=INVALID] id=223 zone=SETASIDE zonePos=0 cardId= player=6] tag=1068 value=0 
D 15:44:36.8833972 PowerTaskList.DebugPrintPower() -     TAG_CHANGE Entity=[entityName=UNKNOWN ENTITY [cardType=INVALID] id=223 zone=SETASIDE zonePos=0 cardId= player=6] tag=ZONE value=PLAY 
D 15:44:36.8833972 PowerTaskList.DebugPrintPower() - BLOCK_END
D 15:44:36.8833972 PowerProcessor.PrepareHistoryForCurrentTaskList() - m_currentTaskList=53
D 15:44:36.9000645 PowerProcessor.EndCurrentTaskList() - m_currentTaskList=53
D 15:44:36.9170694 PowerTaskList.DebugDump() - ID=54 ParentID=0 PreviousID=0 TaskCount=5
D 15:44:36.9170694 PowerTaskList.DebugPrintPower() - BLOCK_START BlockType=TRIGGER Entity=[entityName=BaconShop8PlayerEnchant id=63 zone=PLAY zonePos=0 cardId=TB_BaconShop_8P_PlayerE player=6] EffectCardId=System.Collections.Generic.List`1[System.String] EffectIndex=37 Target=0 SubOption=-1 TriggerKeyword=TAG_NOT_SET
D 15:44:36.9170694 PowerTaskList.DebugPrintPower() -     FULL_ENTITY - Updating [entityName=UNKNOWN ENTITY [cardType=INVALID] id=224 zone=SETASIDE zonePos=0 cardId= player=6] CardID=
D 15:44:36.9170694 PowerTaskList.DebugPrintPower() -         tag=ZONE value=SETASIDE
D 15:44:36.9170694 PowerTaskList.DebugPrintPower() -         tag=CONTROLLER value=6
D 15:44:36.9170694 PowerTaskList.DebugPrintPower() -         tag=ENTITY_ID value=224
D 15:44:36.9170694 PowerTaskList.DebugPrintPower() -     SHOW_ENTITY - Updating Entity=[entityName=UNKNOWN ENTITY [cardType=INVALID] id=224 zone=SETASIDE zonePos=0 cardId= player=6] CardID=BG29_813e
D 15:44:36.9170694 PowerTaskList.DebugPrintPower() -         tag=CONTROLLER value=6
D 15:44:36.9170694 PowerTaskList.DebugPrintPower() -         tag=CARDTYPE value=ENCHANTMENT
D 15:44:36.9170694 PowerTaskList.DebugPrintPower() -         tag=ATTACHED value=17
D 15:44:36.9170694 PowerTaskList.DebugPrintPower() -         tag=ZONE value=SETASIDE
D 15:44:36.9170694 PowerTaskList.DebugPrintPower() -         tag=ENTITY_ID value=224
D 15:44:36.9170694 PowerTaskList.DebugPrintPower() -         tag=CREATOR value=63
D 15:44:36.9170694 PowerTaskList.DebugPrintPower() -         tag=ENCHANTMENT_INVISIBLE value=1
D 15:44:36.9170694 PowerTaskList.DebugPrintPower() -         tag=1037 value=6
D 15:44:36.9170694 PowerTaskList.DebugPrintPower() -         tag=1068 value=0
D 15:44:36.9170694 PowerTaskList.DebugPrintPower() -         tag=CREATOR_DBID value=57980
D 15:44:36.9170694 PowerTaskList.DebugPrintPower() -         tag=SPAWN_TIME_COUNT value=1
D 15:44:36.9170694 PowerTaskList.DebugPrintPower() -         tag=2860 value=1
D 15:44:36.9170694 PowerTaskList.DebugPrintPower() -     TAG_CHANGE Entity=[entityName=UNKNOWN ENTITY [cardType=INVALID] id=224 zone=SETASIDE zonePos=0 cardId= player=6] tag=1068 value=1 
D 15:44:36.9170694 PowerTaskList.DebugPrintPower() -     TAG_CHANGE Entity=[entityName=UNKNOWN ENTITY [cardType=INVALID] id=224 zone=SETASIDE zonePos=0 cardId= player=6] tag=1068 value=0 
D 15:44:36.9170694 PowerTaskList.DebugPrintPower() -     TAG_CHANGE Entity=[entityName=UNKNOWN ENTITY [cardType=INVALID] id=224 zone=SETASIDE zonePos=0 cardId= player=6] tag=ZONE value=PLAY 
D 15:44:36.9170694 PowerTaskList.DebugPrintPower() - BLOCK_END
D 15:44:36.9170694 PowerProcessor.PrepareHistoryForCurrentTaskList() - m_currentTaskList=54
D 15:44:36.9337662 PowerProcessor.EndCurrentTaskList() - m_currentTaskList=54
D 15:44:36.9500362 PowerTaskList.DebugDump() - ID=55 ParentID=0 PreviousID=0 TaskCount=1
D 15:44:36.9500362 PowerTaskList.DebugDump() - Block Start=(null)
D 15:44:36.9500362 PowerTaskList.DebugPrintPower() -     TAG_CHANGE Entity=[entityName=Silas Darkmoon id=206 zone=SETASIDE zonePos=0 cardId=TB_BaconShop_HERO_90 player=14] tag=PLAYER_LEADERBOARD_PLACE value=6 
D 15:44:36.9500362 PowerTaskList.DebugDump() - Block End=(null)
D 15:44:36.9500362 PowerProcessor.PrepareHistoryForCurrentTaskList() - m_currentTaskList=55
D 15:44:36.9500362 PowerProcessor.EndCurrentTaskList() - m_currentTaskList=55
D 15:44:36.9500362 PowerTaskList.DebugDump() - ID=56 ParentID=0 PreviousID=0 TaskCount=1
D 15:44:36.9500362 PowerTaskList.DebugDump() - Block Start=(null)
D 15:44:36.9500362 PowerTaskList.DebugPrintPower() -     TAG_CHANGE Entity=[entityName=Murloc Holmes id=146 zone=SETASIDE zonePos=0 cardId=BG23_HERO_303 player=14] tag=PLAYER_LEADERBOARD_PLACE value=7 
D 15:44:36.9500362 PowerTaskList.DebugDump() - Block End=(null)
D 15:44:36.9500362 PowerProcessor.PrepareHistoryForCurrentTaskList() - m_currentTaskList=56
D 15:44:36.9500362 PowerProcessor.EndCurrentTaskList() - m_currentTaskList=56
D 15:44:36.9500362 PowerTaskList.DebugDump() - ID=57 ParentID=0 PreviousID=0 TaskCount=2
D 15:44:36.9500362 PowerTaskList.DebugDump() - Block Start=(null)
D 15:44:36.9500362 PowerTaskList.DebugPrintPower() -     TAG_CHANGE Entity=[entityName=Sparkhoarder Togwaggle id=85 zone=PLAY zonePos=0 cardId=BG23_HERO_305_SKIN_B player=6] tag=PLAYER_LEADERBOARD_PLACE value=2 
D 15:44:36.9500362 PowerTaskList.DebugPrintPower() -     TAG_CHANGE Entity=[entityName=Rakanishu id=103 zone=SETASIDE zonePos=0 cardId=TB_BaconShop_HERO_75 player=14] tag=PLAYER_LEADERBOARD_PLACE value=3 
D 15:44:36.9500362 PowerTaskList.DebugDump() - Block End=(null)
D 15:44:36.9500362 PowerProcessor.PrepareHistoryForCurrentTaskList() - m_currentTaskList=57
D 15:44:36.9500362 PowerProcessor.EndCurrentTaskList() - m_currentTaskList=57
D 15:44:36.9500362 PowerTaskList.DebugDump() - ID=58 ParentID=0 PreviousID=0 TaskCount=1
D 15:44:36.9500362 PowerTaskList.DebugDump() - Block Start=(null)
D 15:44:36.9500362 PowerTaskList.DebugPrintPower() -     TAG_CHANGE Entity=[entityName=Silas Darkmoon id=206 zone=SETASIDE zonePos=0 cardId=TB_BaconShop_HERO_90 player=14] tag=PLAYER_LEADERBOARD_PLACE value=5 
D 15:44:36.9500362 PowerTaskList.DebugDump() - Block End=(null)
D 15:44:36.9500362 PowerProcessor.PrepareHistoryForCurrentTaskList() - m_currentTaskList=58
D 15:44:36.9500362 PowerProcessor.EndCurrentTaskList() - m_currentTaskList=58
D 15:44:36.9500362 PowerTaskList.DebugDump() - ID=59 ParentID=0 PreviousID=0 TaskCount=1
D 15:44:36.9500362 PowerTaskList.DebugDump() - Block Start=(null)
D 15:44:36.9500362 PowerTaskList.DebugPrintPower() -     TAG_CHANGE Entity=[entityName=Murloc Holmes id=146 zone=SETASIDE zonePos=0 cardId=BG23_HERO_303 player=14] tag=PLAYER_LEADERBOARD_PLACE value=6 
D 15:44:36.9500362 PowerTaskList.DebugDump() - Block End=(null)
D 15:44:36.9500362 PowerProcessor.PrepareHistoryForCurrentTaskList() - m_currentTaskList=59
D 15:44:36.9500362 PowerProcessor.EndCurrentTaskList() - m_currentTaskList=59
D 15:44:36.9500362 PowerTaskList.DebugDump() - ID=60 ParentID=0 PreviousID=0 TaskCount=1
D 15:44:36.9500362 PowerTaskList.DebugDump() - Block Start=(null)
D 15:44:36.9500362 PowerTaskList.DebugPrintPower() -     TAG_CHANGE Entity=[entityName=Shudderwock id=161 zone=SETASIDE zonePos=0 cardId=TB_BaconShop_HERO_23 player=14] tag=PLAYER_LEADERBOARD_PLACE value=7 
D 15:44:36.9500362 PowerTaskList.DebugDump() - Block End=(null)
D 15:44:36.9500362 PowerProcessor.PrepareHistoryForCurrentTaskList() - m_currentTaskList=60
D 15:44:36.9500362 PowerProcessor.EndCurrentTaskList() - m_currentTaskList=60
D 15:44:36.9500362 PowerTaskList.DebugDump() - ID=61 ParentID=0 PreviousID=0 TaskCount=1
D 15:44:36.9500362 PowerTaskList.DebugDump() - Block Start=(null)
D 15:44:36.9500362 PowerTaskList.DebugPrintPower() -     TAG_CHANGE Entity=[entityName=Shudderwock id=161 zone=SETASIDE zonePos=0 cardId=TB_BaconShop_HERO_23 player=14] tag=PLAYER_LEADERBOARD_PLACE value=6 
D 15:44:36.9500362 PowerTaskList.DebugDump() - Block End=(null)
D 15:44:36.9500362 PowerProcessor.PrepareHistoryForCurrentTaskList() - m_currentTaskList=61
D 15:44:36.9500362 PowerProcessor.EndCurrentTaskList() - m_currentTaskList=61
D 15:44:36.9500362 PowerTaskList.DebugDump() - ID=62 ParentID=0 PreviousID=0 TaskCount=1
D 15:44:36.9500362 PowerTaskList.DebugDump() - Block Start=(null)
D 15:44:36.9500362 PowerTaskList.DebugPrintPower() -     TAG_CHANGE Entity=[entityName=Murloc Holmes id=146 zone=SETASIDE zonePos=0 cardId=BG23_HERO_303 player=14] tag=PLAYER_LEADERBOARD_PLACE value=7 
D 15:44:36.9500362 PowerTaskList.DebugDump() - Block End=(null)
D 15:44:36.9500362 PowerProcessor.PrepareHistoryForCurrentTaskList() - m_currentTaskList=62
D 15:44:36.9500362 PowerProcessor.EndCurrentTaskList() - m_currentTaskList=62
D 15:44:36.9500362 PowerTaskList.DebugDump() - ID=63 ParentID=0 PreviousID=0 TaskCount=1
D 15:44:36.9500362 PowerTaskList.DebugDump() - Block Start=(null)
D 15:44:36.9500362 PowerTaskList.DebugPrintPower() -     TAG_CHANGE Entity=[entityName=Shudderwock id=161 zone=SETASIDE zonePos=0 cardId=TB_BaconShop_HERO_23 player=14] tag=PLAYER_LEADERBOARD_PLACE value=5 
D 15:44:36.9500362 PowerTaskList.DebugDump() - Block End=(null)
D 15:44:36.9500362 PowerProcessor.PrepareHistoryForCurrentTaskList() - m_currentTaskList=63
D 15:44:36.9500362 PowerProcessor.EndCurrentTaskList() - m_currentTaskList=63
D 15:44:36.9500362 PowerTaskList.DebugDump() - ID=64 ParentID=0 PreviousID=0 TaskCount=1
D 15:44:36.9500362 PowerTaskList.DebugDump() - Block Start=(null)
D 15:44:36.9500362 PowerTaskList.DebugPrintPower() -     TAG_CHANGE Entity=[entityName=Silas Darkmoon id=206 zone=SETASIDE zonePos=0 cardId=TB_BaconShop_HERO_90 player=14] tag=PLAYER_LEADERBOARD_PLACE value=6 
D 15:44:36.9500362 PowerTaskList.DebugDump() - Block End=(null)
D 15:44:36.9500362 PowerProcessor.PrepareHistoryForCurrentTaskList() - m_currentTaskList=64
D 15:44:36.9500362 PowerProcessor.EndCurrentTaskList() - m_currentTaskList=64
D 15:44:36.9500362 PowerTaskList.DebugDump() - ID=65 ParentID=0 PreviousID=0 TaskCount=1
D 15:44:36.9500362 PowerTaskList.DebugDump() - Block Start=(null)
D 15:44:36.9500362 PowerTaskList.DebugPrintPower() -     TAG_CHANGE Entity=[entityName=Murloc Holmes id=146 zone=SETASIDE zonePos=0 cardId=BG23_HERO_303 player=14] tag=PLAYER_LEADERBOARD_PLACE value=5 
D 15:44:36.9500362 PowerTaskList.DebugDump() - Block End=(null)
D 15:44:36.9500362 PowerProcessor.PrepareHistoryForCurrentTaskList() - m_currentTaskList=65
D 15:44:36.9500362 PowerProcessor.EndCurrentTaskList() - m_currentTaskList=65
D 15:44:36.9500362 PowerTaskList.DebugDump() - ID=66 ParentID=0 PreviousID=0 TaskCount=1
D 15:44:36.9500362 PowerTaskList.DebugDump() - Block Start=(null)
D 15:44:36.9500362 PowerTaskList.DebugPrintPower() -     TAG_CHANGE Entity=[entityName=Shudderwock id=161 zone=SETASIDE zonePos=0 cardId=TB_BaconShop_HERO_23 player=14] tag=PLAYER_LEADERBOARD_PLACE value=6 
D 15:44:36.9500362 PowerTaskList.DebugDump() - Block End=(null)
D 15:44:36.9500362 PowerProcessor.PrepareHistoryForCurrentTaskList() - m_currentTaskList=66
D 15:44:36.9500362 PowerProcessor.EndCurrentTaskList() - m_currentTaskList=66
D 15:44:36.9500362 PowerTaskList.DebugDump() - ID=67 ParentID=0 PreviousID=0 TaskCount=1
D 15:44:36.9500362 PowerTaskList.DebugDump() - Block Start=(null)
D 15:44:36.9500362 PowerTaskList.DebugPrintPower() -     TAG_CHANGE Entity=[entityName=Silas Darkmoon id=206 zone=SETASIDE zonePos=0 cardId=TB_BaconShop_HERO_90 player=14] tag=PLAYER_LEADERBOARD_PLACE value=7 
D 15:44:36.9500362 PowerTaskList.DebugDump() - Block End=(null)
D 15:44:36.9500362 PowerProcessor.PrepareHistoryForCurrentTaskList() - m_currentTaskList=67
D 15:44:36.9500362 PowerProcessor.EndCurrentTaskList() - m_currentTaskList=67
D 15:44:36.9500362 PowerTaskList.DebugDump() - ID=68 ParentID=0 PreviousID=0 TaskCount=1
D 15:44:36.9500362 PowerTaskList.DebugDump() - Block Start=(null)
D 15:44:36.9500362 PowerTaskList.DebugPrintPower() -     TAG_CHANGE Entity=[entityName=Rakanishu id=103 zone=SETASIDE zonePos=0 cardId=TB_BaconShop_HERO_75 player=14] tag=PLAYER_LEADERBOARD_PLACE value=2 
D 15:44:36.9500362 PowerTaskList.DebugDump() - Block End=(null)
D 15:44:36.9500362 PowerProcessor.PrepareHistoryForCurrentTaskList() - m_currentTaskList=68
D 15:44:36.9500362 PowerProcessor.EndCurrentTaskList() - m_currentTaskList=68
D 15:44:36.9500362 PowerTaskList.DebugDump() - ID=69 ParentID=0 PreviousID=0 TaskCount=1
D 15:44:36.9500362 PowerTaskList.DebugDump() - Block Start=(null)
D 15:44:36.9500362 PowerTaskList.DebugPrintPower() -     TAG_CHANGE Entity=[entityName=Sparkhoarder Togwaggle id=85 zone=PLAY zonePos=0 cardId=BG23_HERO_305_SKIN_B player=6] tag=PLAYER_LEADERBOARD_PLACE value=3 
D 15:44:36.9500362 PowerTaskList.DebugDump() - Block End=(null)
D 15:44:36.9500362 PowerProcessor.PrepareHistoryForCurrentTaskList() - m_currentTaskList=69
D 15:44:36.9500362 PowerProcessor.EndCurrentTaskList() - m_currentTaskList=69
D 15:44:36.9500362 PowerTaskList.DebugDump() - ID=70 ParentID=0 PreviousID=0 TaskCount=1
D 15:44:36.9500362 PowerTaskList.DebugDump() - Block Start=(null)
D 15:44:36.9500362 PowerTaskList.DebugPrintPower() -     TAG_CHANGE Entity=[entityName=Silas Darkmoon id=206 zone=SETASIDE zonePos=0 cardId=TB_BaconShop_HERO_90 player=14] tag=PLAYER_LEADERBOARD_PLACE value=6 
D 15:44:36.9500362 PowerTaskList.DebugDump() - Block End=(null)
D 15:44:36.9500362 PowerProcessor.PrepareHistoryForCurrentTaskList() - m_currentTaskList=70
D 15:44:36.9500362 PowerProcessor.EndCurrentTaskList() - m_currentTaskList=70
D 15:44:36.9500362 PowerTaskList.DebugDump() - ID=71 ParentID=0 PreviousID=0 TaskCount=1
D 15:44:36.9500362 PowerTaskList.DebugDump() - Block Start=(null)
D 15:44:36.9500362 PowerTaskList.DebugPrintPower() -     TAG_CHANGE Entity=[entityName=Shudderwock id=161 zone=SETASIDE zonePos=0 cardId=TB_BaconShop_HERO_23 player=14] tag=PLAYER_LEADERBOARD_PLACE value=7 
D 15:44:36.9500362 PowerTaskList.DebugDump() - Block End=(null)
D 15:44:36.9500362 PowerProcessor.PrepareHistoryForCurrentTaskList() - m_currentTaskList=71
D 15:44:36.9500362 PowerProcessor.EndCurrentTaskList() - m_currentTaskList=71
D 15:44:36.9500362 PowerTaskList.DebugDump() - ID=72 ParentID=0 PreviousID=0 TaskCount=1
D 15:44:36.9500362 PowerTaskList.DebugDump() - Block Start=(null)
D 15:44:36.9500362 PowerTaskList.DebugPrintPower() -     TAG_CHANGE Entity=GameEntity tag=STEP value=MAIN_START_TRIGGERS 
D 15:44:36.9500362 PowerTaskList.DebugDump() - Block End=(null)
D 15:44:36.9500362 PowerProcessor.PrepareHistoryForCurrentTaskList() - m_currentTaskList=72
D 15:44:36.9500362 PowerProcessor.EndCurrentTaskList() - m_currentTaskList=72
D 15:44:36.9500362 PowerTaskList.DebugDump() - ID=73 ParentID=0 PreviousID=0 TaskCount=0
D 15:44:36.9500362 PowerTaskList.DebugPrintPower() - BLOCK_START BlockType=TRIGGER Entity=[entityName=BaconShop8PlayerEnchant id=63 zone=PLAY zonePos=0 cardId=TB_BaconShop_8P_PlayerE player=6] EffectCardId=System.Collections.Generic.List`1[System.String] EffectIndex=-1 Target=0 SubOption=-1 TriggerKeyword=TAG_NOT_SET
D 15:44:36.9500362 PowerTaskList.DebugPrintPower() - BLOCK_END
D 15:44:36.9500362 PowerProcessor.PrepareHistoryForCurrentTaskList() - m_currentTaskList=73
D 15:44:36.9500362 PowerProcessor.EndCurrentTaskList() - m_currentTaskList=73
D 15:44:36.9500362 PowerTaskList.DebugDump() - ID=74 ParentID=0 PreviousID=0 TaskCount=1
D 15:44:36.9500362 PowerTaskList.DebugPrintPower() - BLOCK_START BlockType=TRIGGER Entity=[entityName=BaconShop8PlayerEnchant id=63 zone=PLAY zonePos=0 cardId=TB_BaconShop_8P_PlayerE player=6] EffectCardId=System.Collections.Generic.List`1[System.String] EffectIndex=2 Target=0 SubOption=-1 TriggerKeyword=TAG_NOT_SET
D 15:44:36.9500362 PowerTaskList.DebugPrintPower() -     TAG_CHANGE Entity=[entityName=Sparkhoarder Togwaggle id=85 zone=PLAY zonePos=0 cardId=BG23_HERO_305_SKIN_B player=6] tag=NEXT_OPPONENT_PLAYER_ID value=5 
D 15:44:36.9500362 PowerTaskList.DebugDump() - Block End=(null)
D 15:44:36.9500362 PowerProcessor.PrepareHistoryForCurrentTaskList() - m_currentTaskList=74
D 15:44:36.9500362 PowerProcessor.EndCurrentTaskList() - m_currentTaskList=74
D 15:44:36.9500362 PowerTaskList.DebugDump() - ID=75 ParentID=0 PreviousID=74 TaskCount=1
D 15:44:36.9500362 PowerTaskList.DebugDump() - Block Start=(null)
D 15:44:36.9500362 PowerTaskList.DebugPrintPower() -     TAG_CHANGE Entity=[entityName=Silas Darkmoon id=206 zone=SETASIDE zonePos=0 cardId=TB_BaconShop_HERO_90 player=14] tag=PLAYER_LEADERBOARD_PLACE value=5 
D 15:44:36.9500362 PowerTaskList.DebugDump() - Block End=(null)
D 15:44:36.9500362 PowerProcessor.PrepareHistoryForCurrentTaskList() - m_currentTaskList=75
D 15:44:36.9500362 PowerProcessor.EndCurrentTaskList() - m_currentTaskList=75
D 15:44:36.9500362 PowerTaskList.DebugDump() - ID=76 ParentID=0 PreviousID=75 TaskCount=1
D 15:44:36.9500362 PowerTaskList.DebugDump() - Block Start=(null)
D 15:44:36.9500362 PowerTaskList.DebugPrintPower() -     TAG_CHANGE Entity=[entityName=Murloc Holmes id=146 zone=SETASIDE zonePos=0 cardId=BG23_HERO_303 player=14] tag=PLAYER_LEADERBOARD_PLACE value=6 
D 15:44:36.9500362 PowerTaskList.DebugDump() - Block End=(null)
D 15:44:36.9500362 PowerProcessor.PrepareHistoryForCurrentTaskList() - m_currentTaskList=76
D 15:44:36.9500362 PowerProcessor.EndCurrentTaskList() - m_currentTaskList=76
D 15:44:36.9500362 PowerTaskList.DebugDump() - ID=77 ParentID=0 PreviousID=76 TaskCount=6
D 15:44:36.9500362 PowerTaskList.DebugDump() - Block Start=(null)
D 15:44:36.9500362 PowerTaskList.DebugPrintPower() -     FULL_ENTITY - Updating [entityName=Update Damage Cap [DNT] id=231 zone=SETASIDE zonePos=0 cardId=TB_BaconShop_UpdateDmgCap player=6] CardID=TB_BaconShop_UpdateDmgCap
D 15:44:36.9500362 PowerTaskList.DebugPrintPower() -         tag=CONTROLLER value=6
D 15:44:36.9500362 PowerTaskList.DebugPrintPower() -         tag=CARDTYPE value=SPELL
D 15:44:36.9500362 PowerTaskList.DebugPrintPower() -         tag=ZONE value=SETASIDE
D 15:44:36.9500362 PowerTaskList.DebugPrintPower() -         tag=ENTITY_ID value=231
D 15:44:36.9500362 PowerTaskList.DebugPrintPower() -         tag=CREATOR value=63
D 15:44:36.9500362 PowerTaskList.DebugPrintPower() -         tag=1037 value=6
D 15:44:36.9500362 PowerTaskList.DebugPrintPower() -         tag=CREATOR_DBID value=57980
D 15:44:36.9500362 PowerTaskList.DebugPrintPower() -         tag=SUPPRESS_ALL_SUMMON_VO value=1
D 15:44:36.9500362 PowerTaskList.DebugPrintPower() -         tag=SPAWN_TIME_COUNT value=1
D 15:44:36.9500362 PowerTaskList.DebugPrintPower() -     TAG_CHANGE Entity=[entityName=Update Damage Cap [DNT] id=231 zone=SETASIDE zonePos=0 cardId=TB_BaconShop_UpdateDmgCap player=6] tag=1715 value=63 
D 15:44:36.9500362 PowerTaskList.DebugPrintPower() -     TAG_CHANGE Entity=[entityName=Update Damage Cap [DNT] id=231 zone=SETASIDE zonePos=0 cardId=TB_BaconShop_UpdateDmgCap player=6] tag=1068 value=1 
D 15:44:36.9500362 PowerTaskList.DebugPrintPower() -     TAG_CHANGE Entity=[entityName=Update Damage Cap [DNT] id=231 zone=SETASIDE zonePos=0 cardId=TB_BaconShop_UpdateDmgCap player=6] tag=1068 value=0 
D 15:44:36.9500362 PowerTaskList.DebugPrintPower() -     TAG_CHANGE Entity=[entityName=Update Damage Cap [DNT] id=231 zone=SETASIDE zonePos=0 cardId=TB_BaconShop_UpdateDmgCap player=6] tag=ZONE value=PLAY 
D 15:44:36.9500362 PowerTaskList.DebugPrintPower() -     META_DATA - Meta=HISTORY_TARGET Data=0 InfoCount=1
D 15:44:36.9500362 PowerTaskList.DebugPrintPower() -                 Info[0] = [entityName=Update Damage Cap [DNT] id=231 zone=SETASIDE zonePos=0 cardId=TB_BaconShop_UpdateDmgCap player=6]
D 15:44:36.9500362 PowerTaskList.DebugDump() - Block End=(null)
D 15:44:36.9500362 PowerProcessor.PrepareHistoryForCurrentTaskList() - m_currentTaskList=77
D 15:44:36.9667021 PowerProcessor.EndCurrentTaskList() - m_currentTaskList=77
D 15:44:36.9834691 PowerTaskList.DebugDump() - ID=78 ParentID=74 PreviousID=0 TaskCount=0
D 15:44:36.9834691 PowerTaskList.DebugPrintPower() - BLOCK_START BlockType=POWER Entity=[entityName=Update Damage Cap [DNT] id=231 zone=PLAY zonePos=0 cardId=TB_BaconShop_UpdateDmgCap player=6] EffectCardId=System.Collections.Generic.List`1[System.String] EffectIndex=0 Target=0 SubOption=-1 
D 15:44:36.9834691 PowerTaskList.DebugPrintPower() - BLOCK_END
D 15:44:36.9834691 PowerProcessor.PrepareHistoryForCurrentTaskList() - m_currentTaskList=78
D 15:44:36.9834691 PowerProcessor.EndCurrentTaskList() - m_currentTaskList=78
D 15:44:36.9834691 PowerTaskList.DebugDump() - ID=79 ParentID=0 PreviousID=77 TaskCount=4
D 15:44:36.9834691 PowerTaskList.DebugDump() - Block Start=(null)
D 15:44:36.9834691 PowerTaskList.DebugPrintPower() -     TAG_CHANGE Entity=[entityName=Update Damage Cap [DNT] id=231 zone=PLAY zonePos=0 cardId=TB_BaconShop_UpdateDmgCap player=6] tag=1068 value=4 
D 15:44:36.9834691 PowerTaskList.DebugPrintPower() -     TAG_CHANGE Entity=[entityName=Update Damage Cap [DNT] id=231 zone=PLAY zonePos=0 cardId=TB_BaconShop_UpdateDmgCap player=6] tag=1068 value=0 
D 15:44:36.9834691 PowerTaskList.DebugPrintPower() -     TAG_CHANGE Entity=[entityName=Update Damage Cap [DNT] id=231 zone=PLAY zonePos=0 cardId=TB_BaconShop_UpdateDmgCap player=6] tag=SUPPRESS_ALL_SUMMON_VO value=0 
D 15:44:36.9834691 PowerTaskList.DebugPrintPower() -     TAG_CHANGE Entity=[entityName=Update Damage Cap [DNT] id=231 zone=PLAY zonePos=0 cardId=TB_BaconShop_UpdateDmgCap player=6] tag=ZONE value=GRAVEYARD 
D 15:44:36.9834691 PowerTaskList.DebugPrintPower() - BLOCK_END
D 15:44:36.9834691 PowerProcessor.PrepareHistoryForCurrentTaskList() - m_currentTaskList=79
D 15:44:37.0340929 PowerProcessor.EndCurrentTaskList() - m_currentTaskList=79
D 15:44:37.0504291 PowerTaskList.DebugDump() - ID=80 ParentID=0 PreviousID=0 TaskCount=0
D 15:44:37.0504291 PowerTaskList.DebugPrintPower() - BLOCK_START BlockType=TRIGGER Entity=[entityName=BaconShop8PlayerEnchant id=63 zone=PLAY zonePos=0 cardId=TB_BaconShop_8P_PlayerE player=6] EffectCardId=System.Collections.Generic.List`1[System.String] EffectIndex=29 Target=0 SubOption=-1 TriggerKeyword=TAG_NOT_SET
D 15:44:37.0504291 PowerTaskList.DebugPrintPower() - BLOCK_END
D 15:44:37.0504291 PowerProcessor.PrepareHistoryForCurrentTaskList() - m_currentTaskList=80
D 15:44:37.0504291 PowerProcessor.EndCurrentTaskList() - m_currentTaskList=80
D 15:44:37.0504291 PowerTaskList.DebugDump() - ID=81 ParentID=0 PreviousID=0 TaskCount=0
D 15:44:37.0504291 PowerTaskList.DebugPrintPower() - BLOCK_START BlockType=TRIGGER Entity=[entityName=BaconShop8PlayerEnchant id=63 zone=PLAY zonePos=0 cardId=TB_BaconShop_8P_PlayerE player=6] EffectCardId=System.Collections.Generic.List`1[System.String] EffectIndex=35 Target=0 SubOption=-1 TriggerKeyword=TAG_NOT_SET
D 15:44:37.0504291 PowerTaskList.DebugPrintPower() - BLOCK_END
D 15:44:37.0504291 PowerProcessor.PrepareHistoryForCurrentTaskList() - m_currentTaskList=81
D 15:44:37.0504291 PowerProcessor.EndCurrentTaskList() - m_currentTaskList=81
D 15:44:37.0504291 PowerTaskList.DebugDump() - ID=82 ParentID=0 PreviousID=0 TaskCount=0
D 15:44:37.0504291 PowerTaskList.DebugPrintPower() - BLOCK_START BlockType=TRIGGER Entity=[entityName=Banana Watcher id=223 zone=PLAY zonePos=0 cardId=TB_BaconShop_HP_038e player=6] EffectCardId=System.Collections.Generic.List`1[System.String] EffectIndex=0 Target=0 SubOption=-1 TriggerKeyword=2882
D 15:44:37.0504291 PowerTaskList.DebugPrintPower() - BLOCK_END
D 15:44:37.0504291 PowerProcessor.PrepareHistoryForCurrentTaskList() - m_currentTaskList=82
D 15:44:37.0504291 PowerProcessor.EndCurrentTaskList() - m_currentTaskList=82
D 15:44:37.0504291 PowerTaskList.DebugDump() - ID=83 ParentID=0 PreviousID=0 TaskCount=1
D 15:44:37.0504291 PowerTaskList.DebugPrintPower() - BLOCK_START BlockType=TRIGGER Entity=dymitrq#2316 EffectCardId=System.Collections.Generic.List`1[System.String] EffectIndex=-1 Target=0 SubOption=-1 TriggerKeyword=TAG_NOT_SET
D 15:44:37.0504291 PowerTaskList.DebugPrintPower() -     TAG_CHANGE Entity=GameEntity tag=NEXT_STEP value=MAIN_START 
D 15:44:37.0504291 PowerTaskList.DebugPrintPower() - BLOCK_END
D 15:44:37.0504291 PowerProcessor.PrepareHistoryForCurrentTaskList() - m_currentTaskList=83
D 15:44:37.0504291 PowerProcessor.EndCurrentTaskList() - m_currentTaskList=83
D 15:44:37.0504291 PowerTaskList.DebugDump() - ID=84 ParentID=0 PreviousID=0 TaskCount=1
D 15:44:37.0504291 PowerTaskList.DebugPrintPower() - BLOCK_START BlockType=TRIGGER Entity=[entityName=BaconShop8PlayerEnchant id=63 zone=PLAY zonePos=0 cardId=TB_BaconShop_8P_PlayerE player=6] EffectCardId=System.Collections.Generic.List`1[System.String] EffectIndex=7 Target=0 SubOption=-1 TriggerKeyword=TAG_NOT_SET
D 15:44:37.0504291 PowerTaskList.DebugPrintPower() -     TAG_CHANGE Entity=[entityName=Patchwerk id=193 zone=SETASIDE zonePos=0 cardId=TB_BaconShop_HERO_34 player=14] tag=1640 value=0 
D 15:44:37.0504291 PowerTaskList.DebugPrintPower() - BLOCK_END
D 15:44:37.0504291 PowerProcessor.PrepareHistoryForCurrentTaskList() - m_currentTaskList=84
D 15:44:37.0504291 PowerProcessor.EndCurrentTaskList() - m_currentTaskList=84
D 15:44:37.0504291 PowerTaskList.DebugDump() - ID=85 ParentID=0 PreviousID=0 TaskCount=1
D 15:44:37.0504291 PowerTaskList.DebugDump() - Block Start=(null)
D 15:44:37.0504291 PowerTaskList.DebugPrintPower() -     TAG_CHANGE Entity=[entityName=Murloc Holmes id=146 zone=SETASIDE zonePos=0 cardId=BG23_HERO_303 player=14] tag=PLAYER_LEADERBOARD_PLACE value=5 
D 15:44:37.0504291 PowerTaskList.DebugDump() - Block End=(null)
D 15:44:37.0504291 PowerProcessor.PrepareHistoryForCurrentTaskList() - m_currentTaskList=85
D 15:44:37.0504291 PowerProcessor.EndCurrentTaskList() - m_currentTaskList=85
D 15:44:37.0504291 PowerTaskList.DebugDump() - ID=86 ParentID=0 PreviousID=0 TaskCount=1
D 15:44:37.0504291 PowerTaskList.DebugDump() - Block Start=(null)
D 15:44:37.0504291 PowerTaskList.DebugPrintPower() -     TAG_CHANGE Entity=[entityName=Shudderwock id=161 zone=SETASIDE zonePos=0 cardId=TB_BaconShop_HERO_23 player=14] tag=PLAYER_LEADERBOARD_PLACE value=6 
D 15:44:37.0504291 PowerTaskList.DebugDump() - Block End=(null)
D 15:44:37.0504291 PowerProcessor.PrepareHistoryForCurrentTaskList() - m_currentTaskList=86
D 15:44:37.0504291 PowerProcessor.EndCurrentTaskList() - m_currentTaskList=86
D 15:44:37.0504291 PowerTaskList.DebugDump() - ID=87 ParentID=0 PreviousID=0 TaskCount=1
D 15:44:37.0504291 PowerTaskList.DebugDump() - Block Start=(null)
D 15:44:37.0504291 PowerTaskList.DebugPrintPower() -     TAG_CHANGE Entity=[entityName=Silas Darkmoon id=206 zone=SETASIDE zonePos=0 cardId=TB_BaconShop_HERO_90 player=14] tag=PLAYER_LEADERBOARD_PLACE value=7 
D 15:44:37.0504291 PowerTaskList.DebugDump() - Block End=(null)
D 15:44:37.0504291 PowerProcessor.PrepareHistoryForCurrentTaskList() - m_currentTaskList=87
D 15:44:37.0504291 PowerProcessor.EndCurrentTaskList() - m_currentTaskList=87
D 15:44:37.0504291 PowerTaskList.DebugDump() - ID=88 ParentID=0 PreviousID=0 TaskCount=1
D 15:44:37.0504291 PowerTaskList.DebugDump() - Block Start=(null)
D 15:44:37.0504291 PowerTaskList.DebugPrintPower() -     TAG_CHANGE Entity=[entityName=Silas Darkmoon id=206 zone=SETASIDE zonePos=0 cardId=TB_BaconShop_HERO_90 player=14] tag=PLAYER_TECH_LEVEL value=1 
D 15:44:37.0504291 PowerTaskList.DebugDump() - Block End=(null)
D 15:44:37.0504291 PowerProcessor.PrepareHistoryForCurrentTaskList() - m_currentTaskList=88
D 15:44:37.0504291 PowerProcessor.EndCurrentTaskList() - m_currentTaskList=88
D 15:44:37.0504291 PowerTaskList.DebugDump() - ID=89 ParentID=0 PreviousID=0 TaskCount=1
D 15:44:37.0504291 PowerTaskList.DebugDump() - Block Start=(null)
D 15:44:37.0504291 PowerTaskList.DebugPrintPower() -     TAG_CHANGE Entity=[entityName=Silas Darkmoon id=206 zone=SETASIDE zonePos=0 cardId=TB_BaconShop_HERO_90 player=14] tag=BACON_MAX_PLAYER_TECH_LEVEL value=6 
D 15:44:37.0504291 PowerTaskList.DebugDump() - Block End=(null)
D 15:44:37.0504291 PowerProcessor.PrepareHistoryForCurrentTaskList() - m_currentTaskList=89
D 15:44:37.0504291 PowerProcessor.EndCurrentTaskList() - m_currentTaskList=89
D 15:44:37.0504291 PowerTaskList.DebugDump() - ID=90 ParentID=0 PreviousID=0 TaskCount=1
D 15:44:37.0504291 PowerTaskList.DebugDump() - Block Start=(null)
D 15:44:37.0504291 PowerTaskList.DebugPrintPower() -     TAG_CHANGE Entity=[entityName=Silas Darkmoon id=206 zone=SETASIDE zonePos=0 cardId=TB_BaconShop_HERO_90 player=14] tag=PLAYER_LEADERBOARD_PLACE value=5 
D 15:44:37.0504291 PowerTaskList.DebugDump() - Block End=(null)
D 15:44:37.0504291 PowerProcessor.PrepareHistoryForCurrentTaskList() - m_currentTaskList=90
D 15:44:37.0504291 PowerProcessor.EndCurrentTaskList() - m_currentTaskList=90
D 15:44:37.0504291 PowerTaskList.DebugDump() - ID=91 ParentID=0 PreviousID=0 TaskCount=1
D 15:44:37.0504291 PowerTaskList.DebugDump() - Block Start=(null)
D 15:44:37.0504291 PowerTaskList.DebugPrintPower() -     TAG_CHANGE Entity=[entityName=Murloc Holmes id=146 zone=SETASIDE zonePos=0 cardId=BG23_HERO_303 player=14] tag=PLAYER_LEADERBOARD_PLACE value=7 
D 15:44:37.0504291 PowerTaskList.DebugDump() - Block End=(null)
D 15:44:37.0504291 PowerProcessor.PrepareHistoryForCurrentTaskList() - m_currentTaskList=91
D 15:44:37.0504291 PowerProcessor.EndCurrentTaskList() - m_currentTaskList=91
D 15:44:37.0504291 PowerTaskList.DebugDump() - ID=92 ParentID=0 PreviousID=0 TaskCount=1
D 15:44:37.0504291 PowerTaskList.DebugDump() - Block Start=(null)
D 15:44:37.0504291 PowerTaskList.DebugPrintPower() -     TAG_CHANGE Entity=[entityName=Murloc Holmes id=146 zone=SETASIDE zonePos=0 cardId=BG23_HERO_303 player=14] tag=PLAYER_TECH_LEVEL value=1 
D 15:44:37.0504291 PowerTaskList.DebugDump() - Block End=(null)
D 15:44:37.0504291 PowerProcessor.PrepareHistoryForCurrentTaskList() - m_currentTaskList=92
D 15:44:37.0504291 PowerProcessor.EndCurrentTaskList() - m_currentTaskList=92
D 15:44:37.0504291 PowerTaskList.DebugDump() - ID=93 ParentID=0 PreviousID=0 TaskCount=1
D 15:44:37.0504291 PowerTaskList.DebugDump() - Block Start=(null)
D 15:44:37.0504291 PowerTaskList.DebugPrintPower() -     TAG_CHANGE Entity=[entityName=Murloc Holmes id=146 zone=SETASIDE zonePos=0 cardId=BG23_HERO_303 player=14] tag=BACON_MAX_PLAYER_TECH_LEVEL value=6 
D 15:44:37.0504291 PowerTaskList.DebugDump() - Block End=(null)
D 15:44:37.0504291 PowerProcessor.PrepareHistoryForCurrentTaskList() - m_currentTaskList=93
D 15:44:37.0504291 PowerProcessor.EndCurrentTaskList() - m_currentTaskList=93
D 15:44:37.0504291 PowerTaskList.DebugDump() - ID=94 ParentID=0 PreviousID=0 TaskCount=2
D 15:44:37.0504291 PowerTaskList.DebugDump() - Block Start=(null)
D 15:44:37.0504291 PowerTaskList.DebugPrintPower() -     TAG_CHANGE Entity=[entityName=Sparkhoarder Togwaggle id=85 zone=PLAY zonePos=0 cardId=BG23_HERO_305_SKIN_B player=6] tag=PLAYER_LEADERBOARD_PLACE value=2 
D 15:44:37.0504291 PowerTaskList.DebugPrintPower() -     TAG_CHANGE Entity=[entityName=Rakanishu id=103 zone=SETASIDE zonePos=0 cardId=TB_BaconShop_HERO_75 player=14] tag=PLAYER_LEADERBOARD_PLACE value=3 
D 15:44:37.0504291 PowerTaskList.DebugDump() - Block End=(null)
D 15:44:37.0504291 PowerProcessor.PrepareHistoryForCurrentTaskList() - m_currentTaskList=94
D 15:44:37.0504291 PowerProcessor.EndCurrentTaskList() - m_currentTaskList=94
D 15:44:37.0504291 PowerTaskList.DebugDump() - ID=95 ParentID=0 PreviousID=0 TaskCount=1
D 15:44:37.0504291 PowerTaskList.DebugDump() - Block Start=(null)
D 15:44:37.0504291 PowerTaskList.DebugPrintPower() -     TAG_CHANGE Entity=[entityName=Murloc Holmes id=146 zone=SETASIDE zonePos=0 cardId=BG23_HERO_303 player=14] tag=PLAYER_LEADERBOARD_PLACE value=5 
D 15:44:37.0504291 PowerTaskList.DebugDump() - Block End=(null)
D 15:44:37.0504291 PowerProcessor.PrepareHistoryForCurrentTaskList() - m_currentTaskList=95
D 15:44:37.0504291 PowerProcessor.EndCurrentTaskList() - m_currentTaskList=95
D 15:44:37.0504291 PowerTaskList.DebugDump() - ID=96 ParentID=0 PreviousID=0 TaskCount=1
D 15:44:37.0504291 PowerTaskList.DebugDump() - Block Start=(null)
D 15:44:37.0504291 PowerTaskList.DebugPrintPower() -     TAG_CHANGE Entity=[entityName=Silas Darkmoon id=206 zone=SETASIDE zonePos=0 cardId=TB_BaconShop_HERO_90 player=14] tag=PLAYER_LEADERBOARD_PLACE value=7 
D 15:44:37.0504291 PowerTaskList.DebugDump() - Block End=(null)
D 15:44:37.0504291 PowerProcessor.PrepareHistoryForCurrentTaskList() - m_currentTaskList=96
D 15:44:37.0504291 PowerProcessor.EndCurrentTaskList() - m_currentTaskList=96
D 15:44:37.0504291 PowerTaskList.DebugDump() - ID=97 ParentID=0 PreviousID=0 TaskCount=1
D 15:44:37.0504291 PowerTaskList.DebugDump() - Block Start=(null)
D 15:44:37.0504291 PowerTaskList.DebugPrintPower() -     TAG_CHANGE Entity=[entityName=Maiev Shadowsong id=116 zone=SETASIDE zonePos=0 cardId=TB_BaconShop_HERO_62 player=14] tag=PLAYER_TECH_LEVEL value=1 
D 15:44:37.0504291 PowerTaskList.DebugDump() - Block End=(null)
D 15:44:37.0504291 PowerProcessor.PrepareHistoryForCurrentTaskList() - m_currentTaskList=97
D 15:44:37.0504291 PowerProcessor.EndCurrentTaskList() - m_currentTaskList=97
D 15:44:37.0504291 PowerTaskList.DebugDump() - ID=98 ParentID=0 PreviousID=0 TaskCount=1
D 15:44:37.0504291 PowerTaskList.DebugDump() - Block Start=(null)
D 15:44:37.0504291 PowerTaskList.DebugPrintPower() -     TAG_CHANGE Entity=[entityName=Maiev Shadowsong id=116 zone=SETASIDE zonePos=0 cardId=TB_BaconShop_HERO_62 player=14] tag=BACON_MAX_PLAYER_TECH_LEVEL value=6 
D 15:44:37.0504291 PowerTaskList.DebugDump() - Block End=(null)
D 15:44:37.0504291 PowerProcessor.PrepareHistoryForCurrentTaskList() - m_currentTaskList=98
D 15:44:37.0504291 PowerProcessor.EndCurrentTaskList() - m_currentTaskList=98
D 15:44:37.0504291 PowerTaskList.DebugDump() - ID=99 ParentID=0 PreviousID=0 TaskCount=1
D 15:44:37.0504291 PowerTaskList.DebugDump() - Block Start=(null)
D 15:44:37.0504291 PowerTaskList.DebugPrintPower() -     TAG_CHANGE Entity=[entityName=Rakanishu id=103 zone=SETASIDE zonePos=0 cardId=TB_BaconShop_HERO_75 player=14] tag=PLAYER_LEADERBOARD_PLACE value=2 
D 15:44:37.0504291 PowerTaskList.DebugDump() - Block End=(null)
D 15:44:37.0504291 PowerProcessor.PrepareHistoryForCurrentTaskList() - m_currentTaskList=99
D 15:44:37.0504291 PowerProcessor.EndCurrentTaskList() - m_currentTaskList=99
D 15:44:37.0504291 PowerTaskList.DebugDump() - ID=100 ParentID=0 PreviousID=0 TaskCount=1
D 15:44:37.0504291 PowerTaskList.DebugDump() - Block Start=(null)
D 15:44:37.0504291 PowerTaskList.DebugPrintPower() -     TAG_CHANGE Entity=[entityName=Sparkhoarder Togwaggle id=85 zone=PLAY zonePos=0 cardId=BG23_HERO_305_SKIN_B player=6] tag=PLAYER_LEADERBOARD_PLACE value=3 
D 15:44:37.0504291 PowerTaskList.DebugDump() - Block End=(null)
D 15:44:37.0504291 PowerProcessor.PrepareHistoryForCurrentTaskList() - m_currentTaskList=100
D 15:44:37.0504291 PowerProcessor.EndCurrentTaskList() - m_currentTaskList=100
D 15:44:37.0504291 PowerTaskList.DebugDump() - ID=101 ParentID=0 PreviousID=0 TaskCount=1
D 15:44:37.0504291 PowerTaskList.DebugDump() - Block Start=(null)
D 15:44:37.0504291 PowerTaskList.DebugPrintPower() -     TAG_CHANGE Entity=[entityName=Shudderwock id=161 zone=SETASIDE zonePos=0 cardId=TB_BaconShop_HERO_23 player=14] tag=PLAYER_TECH_LEVEL value=1 
D 15:44:37.0504291 PowerTaskList.DebugDump() - Block End=(null)
D 15:44:37.0504291 PowerProcessor.PrepareHistoryForCurrentTaskList() - m_currentTaskList=101
D 15:44:37.0504291 PowerProcessor.EndCurrentTaskList() - m_currentTaskList=101
D 15:44:37.0504291 PowerTaskList.DebugDump() - ID=102 ParentID=0 PreviousID=0 TaskCount=1
D 15:44:37.0504291 PowerTaskList.DebugDump() - Block Start=(null)
D 15:44:37.0504291 PowerTaskList.DebugPrintPower() -     TAG_CHANGE Entity=[entityName=Shudderwock id=161 zone=SETASIDE zonePos=0 cardId=TB_BaconShop_HERO_23 player=14] tag=BACON_MAX_PLAYER_TECH_LEVEL value=6 
D 15:44:37.0504291 PowerTaskList.DebugDump() - Block End=(null)
D 15:44:37.0504291 PowerProcessor.PrepareHistoryForCurrentTaskList() - m_currentTaskList=102
D 15:44:37.0504291 PowerProcessor.EndCurrentTaskList() - m_currentTaskList=102
D 15:44:37.0504291 PowerTaskList.DebugDump() - ID=103 ParentID=0 PreviousID=0 TaskCount=2
D 15:44:37.0504291 PowerTaskList.DebugDump() - Block Start=(null)
D 15:44:37.0504291 PowerTaskList.DebugPrintPower() -     TAG_CHANGE Entity=[entityName=Sparkhoarder Togwaggle id=85 zone=PLAY zonePos=0 cardId=BG23_HERO_305_SKIN_B player=6] tag=PLAYER_LEADERBOARD_PLACE value=2 
D 15:44:37.0504291 PowerTaskList.DebugPrintPower() -     TAG_CHANGE Entity=[entityName=Rakanishu id=103 zone=SETASIDE zonePos=0 cardId=TB_BaconShop_HERO_75 player=14] tag=PLAYER_LEADERBOARD_PLACE value=3 
D 15:44:37.0504291 PowerTaskList.DebugDump() - Block End=(null)
D 15:44:37.0504291 PowerProcessor.PrepareHistoryForCurrentTaskList() - m_currentTaskList=103
D 15:44:37.0504291 PowerProcessor.EndCurrentTaskList() - m_currentTaskList=103
D 15:44:37.0504291 PowerTaskList.DebugDump() - ID=104 ParentID=0 PreviousID=0 TaskCount=1
D 15:44:37.0504291 PowerTaskList.DebugDump() - Block Start=(null)
D 15:44:37.0504291 PowerTaskList.DebugPrintPower() -     TAG_CHANGE Entity=[entityName=Silas Darkmoon id=206 zone=SETASIDE zonePos=0 cardId=TB_BaconShop_HERO_90 player=14] tag=PLAYER_LEADERBOARD_PLACE value=5 
D 15:44:37.0504291 PowerTaskList.DebugDump() - Block End=(null)
D 15:44:37.0504291 PowerProcessor.PrepareHistoryForCurrentTaskList() - m_currentTaskList=104
D 15:44:37.0504291 PowerProcessor.EndCurrentTaskList() - m_currentTaskList=104
D 15:44:37.0504291 PowerTaskList.DebugDump() - ID=105 ParentID=0 PreviousID=0 TaskCount=1
D 15:44:37.0504291 PowerTaskList.DebugDump() - Block Start=(null)
D 15:44:37.0504291 PowerTaskList.DebugPrintPower() -     TAG_CHANGE Entity=[entityName=Murloc Holmes id=146 zone=SETASIDE zonePos=0 cardId=BG23_HERO_303 player=14] tag=PLAYER_LEADERBOARD_PLACE value=6 
D 15:44:37.0504291 PowerTaskList.DebugDump() - Block End=(null)
D 15:44:37.0504291 PowerProcessor.PrepareHistoryForCurrentTaskList() - m_currentTaskList=105
D 15:44:37.0504291 PowerProcessor.EndCurrentTaskList() - m_currentTaskList=105
D 15:44:37.0504291 PowerTaskList.DebugDump() - ID=106 ParentID=0 PreviousID=0 TaskCount=1
D 15:44:37.0504291 PowerTaskList.DebugDump() - Block Start=(null)
D 15:44:37.0504291 PowerTaskList.DebugPrintPower() -     TAG_CHANGE Entity=[entityName=Shudderwock id=161 zone=SETASIDE zonePos=0 cardId=TB_BaconShop_HERO_23 player=14] tag=PLAYER_LEADERBOARD_PLACE value=7 
D 15:44:37.0504291 PowerTaskList.DebugDump() - Block End=(null)
D 15:44:37.0504291 PowerProcessor.PrepareHistoryForCurrentTaskList() - m_currentTaskList=106
D 15:44:37.0504291 PowerProcessor.EndCurrentTaskList() - m_currentTaskList=106
D 15:44:37.0504291 PowerTaskList.DebugDump() - ID=107 ParentID=0 PreviousID=0 TaskCount=1
D 15:44:37.0504291 PowerTaskList.DebugDump() - Block Start=(null)
D 15:44:37.0504291 PowerTaskList.DebugPrintPower() -     TAG_CHANGE Entity=[entityName=Rakanishu id=103 zone=SETASIDE zonePos=0 cardId=TB_BaconShop_HERO_75 player=14] tag=PLAYER_TECH_LEVEL value=1 
D 15:44:37.0504291 PowerTaskList.DebugDump() - Block End=(null)
D 15:44:37.0504291 PowerProcessor.PrepareHistoryForCurrentTaskList() - m_currentTaskList=107
D 15:44:37.0504291 PowerProcessor.EndCurrentTaskList() - m_currentTaskList=107
D 15:44:37.0504291 PowerTaskList.DebugDump() - ID=108 ParentID=0 PreviousID=0 TaskCount=1
D 15:44:37.0504291 PowerTaskList.DebugDump() - Block Start=(null)
D 15:44:37.0504291 PowerTaskList.DebugPrintPower() -     TAG_CHANGE Entity=[entityName=Rakanishu id=103 zone=SETASIDE zonePos=0 cardId=TB_BaconShop_HERO_75 player=14] tag=BACON_MAX_PLAYER_TECH_LEVEL value=6 
D 15:44:37.0504291 PowerTaskList.DebugDump() - Block End=(null)
D 15:44:37.0504291 PowerProcessor.PrepareHistoryForCurrentTaskList() - m_currentTaskList=108
D 15:44:37.0504291 PowerProcessor.EndCurrentTaskList() - m_currentTaskList=108
D 15:44:37.0504291 PowerTaskList.DebugDump() - ID=109 ParentID=0 PreviousID=0 TaskCount=1
D 15:44:37.0504291 PowerTaskList.DebugDump() - Block Start=(null)
D 15:44:37.0504291 PowerTaskList.DebugPrintPower() -     TAG_CHANGE Entity=[entityName=Rakanishu id=103 zone=SETASIDE zonePos=0 cardId=TB_BaconShop_HERO_75 player=14] tag=PLAYER_LEADERBOARD_PLACE value=2 
D 15:44:37.0504291 PowerTaskList.DebugDump() - Block End=(null)
D 15:44:37.0504291 PowerProcessor.PrepareHistoryForCurrentTaskList() - m_currentTaskList=109
D 15:44:37.0504291 PowerProcessor.EndCurrentTaskList() - m_currentTaskList=109
D 15:44:37.0504291 PowerTaskList.DebugDump() - ID=110 ParentID=0 PreviousID=0 TaskCount=1
D 15:44:37.0504291 PowerTaskList.DebugDump() - Block Start=(null)
D 15:44:37.0504291 PowerTaskList.DebugPrintPower() -     TAG_CHANGE Entity=[entityName=Sparkhoarder Togwaggle id=85 zone=PLAY zonePos=0 cardId=BG23_HERO_305_SKIN_B player=6] tag=PLAYER_LEADERBOARD_PLACE value=3 
D 15:44:37.0504291 PowerTaskList.DebugDump() - Block End=(null)
D 15:44:37.0504291 PowerProcessor.PrepareHistoryForCurrentTaskList() - m_currentTaskList=110
D 15:44:37.0504291 PowerProcessor.EndCurrentTaskList() - m_currentTaskList=110
D 15:44:37.0504291 PowerTaskList.DebugDump() - ID=111 ParentID=0 PreviousID=0 TaskCount=1
D 15:44:37.0504291 PowerTaskList.DebugDump() - Block Start=(null)
D 15:44:37.0504291 PowerTaskList.DebugPrintPower() -     TAG_CHANGE Entity=[entityName=Murloc Holmes id=146 zone=SETASIDE zonePos=0 cardId=BG23_HERO_303 player=14] tag=PLAYER_LEADERBOARD_PLACE value=5 
D 15:44:37.0504291 PowerTaskList.DebugDump() - Block End=(null)
D 15:44:37.0504291 PowerProcessor.PrepareHistoryForCurrentTaskList() - m_currentTaskList=111
D 15:44:37.0504291 PowerProcessor.EndCurrentTaskList() - m_currentTaskList=111
D 15:44:37.0504291 PowerTaskList.DebugDump() - ID=112 ParentID=0 PreviousID=0 TaskCount=1
D 15:44:37.0504291 PowerTaskList.DebugDump() - Block Start=(null)
D 15:44:37.0504291 PowerTaskList.DebugPrintPower() -     TAG_CHANGE Entity=[entityName=Shudderwock id=161 zone=SETASIDE zonePos=0 cardId=TB_BaconShop_HERO_23 player=14] tag=PLAYER_LEADERBOARD_PLACE value=6 
D 15:44:37.0504291 PowerTaskList.DebugDump() - Block End=(null)
D 15:44:37.0504291 PowerProcessor.PrepareHistoryForCurrentTaskList() - m_currentTaskList=112
D 15:44:37.0504291 PowerProcessor.EndCurrentTaskList() - m_currentTaskList=112
D 15:44:37.0504291 PowerTaskList.DebugDump() - ID=113 ParentID=0 PreviousID=0 TaskCount=1
D 15:44:37.0504291 PowerTaskList.DebugDump() - Block Start=(null)
D 15:44:37.0504291 PowerTaskList.DebugPrintPower() -     TAG_CHANGE Entity=[entityName=Silas Darkmoon id=206 zone=SETASIDE zonePos=0 cardId=TB_BaconShop_HERO_90 player=14] tag=PLAYER_LEADERBOARD_PLACE value=7 
D 15:44:37.0504291 PowerTaskList.DebugDump() - Block End=(null)
D 15:44:37.0504291 PowerProcessor.PrepareHistoryForCurrentTaskList() - m_currentTaskList=113
D 15:44:37.0504291 PowerProcessor.EndCurrentTaskList() - m_currentTaskList=113
D 15:44:37.0504291 PowerTaskList.DebugDump() - ID=114 ParentID=0 PreviousID=0 TaskCount=1
D 15:44:37.0504291 PowerTaskList.DebugDump() - Block Start=(null)
D 15:44:37.0504291 PowerTaskList.DebugPrintPower() -     TAG_CHANGE Entity=[entityName=Sire Denathrius id=131 zone=SETASIDE zonePos=0 cardId=BG24_HERO_100 player=14] tag=PLAYER_TECH_LEVEL value=1 
D 15:44:37.0504291 PowerTaskList.DebugDump() - Block End=(null)
D 15:44:37.0504291 PowerProcessor.PrepareHistoryForCurrentTaskList() - m_currentTaskList=114
D 15:44:37.0504291 PowerProcessor.EndCurrentTaskList() - m_currentTaskList=114
D 15:44:37.0504291 PowerTaskList.DebugDump() - ID=115 ParentID=0 PreviousID=0 TaskCount=1
D 15:44:37.0504291 PowerTaskList.DebugDump() - Block Start=(null)
D 15:44:37.0504291 PowerTaskList.DebugPrintPower() -     TAG_CHANGE Entity=[entityName=Sire Denathrius id=131 zone=SETASIDE zonePos=0 cardId=BG24_HERO_100 player=14] tag=BACON_MAX_PLAYER_TECH_LEVEL value=6 
D 15:44:37.0504291 PowerTaskList.DebugDump() - Block End=(null)
D 15:44:37.0504291 PowerProcessor.PrepareHistoryForCurrentTaskList() - m_currentTaskList=115
D 15:44:37.0504291 PowerProcessor.EndCurrentTaskList() - m_currentTaskList=115
D 15:44:37.0504291 PowerTaskList.DebugDump() - ID=116 ParentID=0 PreviousID=0 TaskCount=1
D 15:44:37.0504291 PowerTaskList.DebugDump() - Block Start=(null)
D 15:44:37.0504291 PowerTaskList.DebugPrintPower() -     TAG_CHANGE Entity=GameEntity tag=STEP value=MAIN_START 
D 15:44:37.0504291 PowerTaskList.DebugDump() - Block End=(null)
D 15:44:37.0504291 PowerProcessor.PrepareHistoryForCurrentTaskList() - m_currentTaskList=116
D 15:44:37.0504291 PowerProcessor.EndCurrentTaskList() - m_currentTaskList=116
D 15:44:37.0504291 PowerTaskList.DebugDump() - ID=117 ParentID=0 PreviousID=0 TaskCount=0
D 15:44:37.0504291 PowerTaskList.DebugPrintPower() - BLOCK_START BlockType=TRIGGER Entity=GameEntity EffectCardId=System.Collections.Generic.List`1[System.String] EffectIndex=0 Target=0 SubOption=-1 TriggerKeyword=TAG_NOT_SET
D 15:44:37.0504291 PowerTaskList.DebugDump() - Block End=(null)
D 15:44:37.0504291 PowerProcessor.PrepareHistoryForCurrentTaskList() - m_currentTaskList=117
D 15:44:37.0504291 PowerProcessor.EndCurrentTaskList() - m_currentTaskList=117
D 15:44:37.0504291 PowerTaskList.DebugDump() - ID=118 ParentID=0 PreviousID=117 TaskCount=1
D 15:44:37.0504291 PowerTaskList.DebugDump() - Block Start=(null)
D 15:44:37.0504291 PowerTaskList.DebugPrintPower() -     TAG_CHANGE Entity=[entityName=Shudderwock id=161 zone=SETASIDE zonePos=0 cardId=TB_BaconShop_HERO_23 player=14] tag=PLAYER_LEADERBOARD_PLACE value=5 
D 15:44:37.0504291 PowerTaskList.DebugDump() - Block End=(null)
D 15:44:37.0504291 PowerProcessor.PrepareHistoryForCurrentTaskList() - m_currentTaskList=118
D 15:44:37.0504291 PowerProcessor.EndCurrentTaskList() - m_currentTaskList=118
D 15:44:37.0504291 PowerTaskList.DebugDump() - ID=119 ParentID=0 PreviousID=118 TaskCount=1
D 15:44:37.0504291 PowerTaskList.DebugDump() - Block Start=(null)
D 15:44:37.0504291 PowerTaskList.DebugPrintPower() -     TAG_CHANGE Entity=[entityName=Silas Darkmoon id=206 zone=SETASIDE zonePos=0 cardId=TB_BaconShop_HERO_90 player=14] tag=PLAYER_LEADERBOARD_PLACE value=6 
D 15:44:37.0504291 PowerTaskList.DebugDump() - Block End=(null)
D 15:44:37.0504291 PowerProcessor.PrepareHistoryForCurrentTaskList() - m_currentTaskList=119
D 15:44:37.0504291 PowerProcessor.EndCurrentTaskList() - m_currentTaskList=119
D 15:44:37.0504291 PowerTaskList.DebugDump() - ID=120 ParentID=0 PreviousID=119 TaskCount=1
D 15:44:37.0504291 PowerTaskList.DebugDump() - Block Start=(null)
D 15:44:37.0504291 PowerTaskList.DebugPrintPower() -     TAG_CHANGE Entity=[entityName=Murloc Holmes id=146 zone=SETASIDE zonePos=0 cardId=BG23_HERO_303 player=14] tag=PLAYER_LEADERBOARD_PLACE value=7 
D 15:44:37.0504291 PowerTaskList.DebugDump() - Block End=(null)
D 15:44:37.0504291 PowerProcessor.PrepareHistoryForCurrentTaskList() - m_currentTaskList=120
D 15:44:37.0504291 PowerProcessor.EndCurrentTaskList() - m_currentTaskList=120
D 15:44:37.0504291 PowerTaskList.DebugDump() - ID=121 ParentID=0 PreviousID=120 TaskCount=0
D 15:44:37.0504291 PowerTaskList.DebugDump() - Block Start=(null)
D 15:44:37.0504291 PowerTaskList.DebugPrintPower() - BLOCK_END
D 15:44:37.0504291 PowerProcessor.PrepareHistoryForCurrentTaskList() - m_currentTaskList=121
D 15:44:37.0504291 PowerProcessor.EndCurrentTaskList() - m_currentTaskList=121
D 15:44:37.0504291 PowerTaskList.DebugDump() - ID=122 ParentID=0 PreviousID=0 TaskCount=1
D 15:44:37.0504291 PowerTaskList.DebugPrintPower() - BLOCK_START BlockType=TRIGGER Entity=dymitrq#2316 EffectCardId=System.Collections.Generic.List`1[System.String] EffectIndex=-1 Target=0 SubOption=-1 TriggerKeyword=TAG_NOT_SET
D 15:44:37.0504291 PowerTaskList.DebugPrintPower() -     TAG_CHANGE Entity=GameEntity tag=NEXT_STEP value=MAIN_ACTION 
D 15:44:37.0504291 PowerTaskList.DebugPrintPower() - BLOCK_END
D 15:44:37.0504291 PowerProcessor.PrepareHistoryForCurrentTaskList() - m_currentTaskList=122
D 15:44:37.0504291 PowerProcessor.EndCurrentTaskList() - m_currentTaskList=122
D 15:44:37.0504291 PowerTaskList.DebugDump() - ID=123 ParentID=0 PreviousID=0 TaskCount=18
D 15:44:37.0504291 PowerTaskList.DebugPrintPower() - BLOCK_START BlockType=TRIGGER Entity=[entityName=BaconShop8PlayerEnchant id=63 zone=PLAY zonePos=0 cardId=TB_BaconShop_8P_PlayerE player=6] EffectCardId=System.Collections.Generic.List`1[System.String] EffectIndex=0 Target=0 SubOption=-1 TriggerKeyword=TAG_NOT_SET
D 15:44:37.0504291 PowerTaskList.DebugPrintPower() -     TAG_CHANGE Entity=dymitrq#2316 tag=1485 value=773934268 
D 15:44:37.0504291 PowerTaskList.DebugPrintPower() -     TAG_CHANGE Entity=[entityName=Sparkhoarder Togwaggle id=85 zone=PLAY zonePos=0 cardId=BG23_HERO_305_SKIN_B player=6] tag=PLAYER_TECH_LEVEL value=1 
D 15:44:37.0504291 PowerTaskList.DebugPrintPower() -     TAG_CHANGE Entity=[entityName=Sparkhoarder Togwaggle id=85 zone=PLAY zonePos=0 cardId=BG23_HERO_305_SKIN_B player=6] tag=BACON_MAX_PLAYER_TECH_LEVEL value=6 
D 15:44:37.0504291 PowerTaskList.DebugPrintPower() -     TAG_CHANGE Entity=dymitrq#2316 tag=MAXRESOURCES value=100 
D 15:44:37.0504291 PowerTaskList.DebugPrintPower() -     TAG_CHANGE Entity=dymitrq#2316 tag=3148 value=10 
D 15:44:37.0504291 PowerTaskList.DebugPrintPower() -     TAG_CHANGE Entity=dymitrq#2316 tag=RESOURCES value=3 
D 15:44:37.0504291 PowerTaskList.DebugPrintPower() -     FULL_ENTITY - Updating [entityName=Refresh id=351 zone=PLAY zonePos=0 cardId=TB_BaconShop_8p_Reroll_Button player=6] CardID=TB_BaconShop_8p_Reroll_Button
D 15:44:37.0504291 PowerTaskList.DebugPrintPower() -         tag=CONTROLLER value=6
D 15:44:37.0504291 PowerTaskList.DebugPrintPower() -         tag=CARDTYPE value=GAME_MODE_BUTTON
D 15:44:37.0504291 PowerTaskList.DebugPrintPower() -         tag=TAG_LAST_KNOWN_COST_IN_HAND value=1
D 15:44:37.0504291 PowerTaskList.DebugPrintPower() -         tag=COST value=1
D 15:44:37.0504291 PowerTaskList.DebugPrintPower() -         tag=ZONE value=PLAY
D 15:44:37.0504291 PowerTaskList.DebugPrintPower() -         tag=ENTITY_ID value=351
D 15:44:37.0504291 PowerTaskList.DebugPrintPower() -         tag=CREATOR value=63
D 15:44:37.0504291 PowerTaskList.DebugPrintPower() -         tag=1037 value=6
D 15:44:37.0504291 PowerTaskList.DebugPrintPower() -         tag=CREATOR_DBID value=57980
D 15:44:37.0504291 PowerTaskList.DebugPrintPower() -         tag=BACON_ACTION_CARD value=1
D 15:44:37.0504291 PowerTaskList.DebugPrintPower() -         tag=GAME_MODE_BUTTON_SLOT value=2
D 15:44:37.0504291 PowerTaskList.DebugPrintPower() -         tag=SUPPRESS_ALL_SUMMON_VO value=1
D 15:44:37.0504291 PowerTaskList.DebugPrintPower() -         tag=SPAWN_TIME_COUNT value=1
D 15:44:37.0504291 PowerTaskList.DebugPrintPower() -         tag=HAS_ACTIVATE_POWER value=1
D 15:44:37.0504291 PowerTaskList.DebugPrintPower() -     FULL_ENTITY - Updating [entityName=Freeze id=352 zone=PLAY zonePos=0 cardId=TB_BaconShopLockAll_Button player=6] CardID=TB_BaconShopLockAll_Button
D 15:44:37.0504291 PowerTaskList.DebugPrintPower() -         tag=CONTROLLER value=6
D 15:44:37.0504291 PowerTaskList.DebugPrintPower() -         tag=CARDTYPE value=GAME_MODE_BUTTON
D 15:44:37.0504291 PowerTaskList.DebugPrintPower() -         tag=TAG_SCRIPT_DATA_NUM_2 value=10
D 15:44:37.0504291 PowerTaskList.DebugPrintPower() -         tag=ZONE value=PLAY
D 15:44:37.0504291 PowerTaskList.DebugPrintPower() -         tag=ENTITY_ID value=352
D 15:44:37.0504291 PowerTaskList.DebugPrintPower() -         tag=FACTION value=ALLIANCE
D 15:44:37.0504291 PowerTaskList.DebugPrintPower() -         tag=CREATOR value=63
D 15:44:37.0504291 PowerTaskList.DebugPrintPower() -         tag=1037 value=6
D 15:44:37.0504291 PowerTaskList.DebugPrintPower() -         tag=1270 value=1
D 15:44:37.0504291 PowerTaskList.DebugPrintPower() -         tag=CREATOR_DBID value=57980
D 15:44:37.0504291 PowerTaskList.DebugPrintPower() -         tag=BACON_ACTION_CARD value=1
D 15:44:37.0504291 PowerTaskList.DebugPrintPower() -         tag=GAME_MODE_BUTTON_SLOT value=1
D 15:44:37.0504291 PowerTaskList.DebugPrintPower() -         tag=SUPPRESS_ALL_SUMMON_VO value=1
D 15:44:37.0504291 PowerTaskList.DebugPrintPower() -         tag=SPAWN_TIME_COUNT value=1
D 15:44:37.0504291 PowerTaskList.DebugPrintPower() -         tag=HAS_ACTIVATE_POWER value=1
D 15:44:37.0504291 PowerTaskList.DebugPrintPower() -     FULL_ENTITY - Updating [entityName=Drag To Sell id=353 zone=PLAY zonePos=0 cardId=TB_BaconShop_DragSell player=6] CardID=TB_BaconShop_DragSell
D 15:44:37.0504291 PowerTaskList.DebugPrintPower() -         tag=CONTROLLER value=6
D 15:44:37.0504291 PowerTaskList.DebugPrintPower() -         tag=CARDTYPE value=MOVE_MINION_HOVER_TARGET
D 15:44:37.0504291 PowerTaskList.DebugPrintPower() -         tag=ZONE value=PLAY
D 15:44:37.0504291 PowerTaskList.DebugPrintPower() -         tag=ENTITY_ID value=353
D 15:44:37.0504291 PowerTaskList.DebugPrintPower() -         tag=CREATOR value=63
D 15:44:37.0504291 PowerTaskList.DebugPrintPower() -         tag=1037 value=6
D 15:44:37.0504291 PowerTaskList.DebugPrintPower() -         tag=CREATOR_DBID value=57980
D 15:44:37.0504291 PowerTaskList.DebugPrintPower() -         tag=BACON_ACTION_CARD value=1
D 15:44:37.0504291 PowerTaskList.DebugPrintPower() -         tag=SUPPRESS_ALL_SUMMON_VO value=1
D 15:44:37.0504291 PowerTaskList.DebugPrintPower() -         tag=MOVE_MINION_HOVER_TARGET_SLOT value=2
D 15:44:37.0504291 PowerTaskList.DebugPrintPower() -         tag=SPAWN_TIME_COUNT value=1
D 15:44:37.0504291 PowerTaskList.DebugPrintPower() -         tag=HAS_ACTIVATE_POWER value=1
D 15:44:37.0504291 PowerTaskList.DebugPrintPower() -     FULL_ENTITY - Updating [entityName=Tavern Tier 2 id=354 zone=PLAY zonePos=0 cardId=TB_BaconShopTechUp02_Button player=6] CardID=TB_BaconShopTechUp02_Button
D 15:44:37.0504291 PowerTaskList.DebugPrintPower() -         tag=CONTROLLER value=6
D 15:44:37.0504291 PowerTaskList.DebugPrintPower() -         tag=CARDTYPE value=GAME_MODE_BUTTON
D 15:44:37.0504291 PowerTaskList.DebugPrintPower() -         tag=TAG_LAST_KNOWN_COST_IN_HAND value=5
D 15:44:37.0504291 PowerTaskList.DebugPrintPower() -         tag=COST value=5
D 15:44:37.0504291 PowerTaskList.DebugPrintPower() -         tag=ZONE value=PLAY
D 15:44:37.0504291 PowerTaskList.DebugPrintPower() -         tag=ENTITY_ID value=354
D 15:44:37.0504291 PowerTaskList.DebugPrintPower() -         tag=CREATOR value=63
D 15:44:37.0504291 PowerTaskList.DebugPrintPower() -         tag=1037 value=6
D 15:44:37.0504291 PowerTaskList.DebugPrintPower() -         tag=CREATOR_DBID value=57980
D 15:44:37.0504291 PowerTaskList.DebugPrintPower() -         tag=BACON_ACTION_CARD value=1
D 15:44:37.0504291 PowerTaskList.DebugPrintPower() -         tag=GAME_MODE_BUTTON_SLOT value=3
D 15:44:37.0504291 PowerTaskList.DebugPrintPower() -         tag=TECH_LEVEL value=2
D 15:44:37.0504291 PowerTaskList.DebugPrintPower() -         tag=SUPPRESS_ALL_SUMMON_VO value=1
D 15:44:37.0504291 PowerTaskList.DebugPrintPower() -         tag=SPAWN_TIME_COUNT value=1
D 15:44:37.0504291 PowerTaskList.DebugPrintPower() -         tag=HAS_ACTIVATE_POWER value=1
D 15:44:37.0504291 PowerTaskList.DebugPrintPower() -     TAG_CHANGE Entity=dymitrq#2316 tag=1569 value=3 
D 15:44:37.0504291 PowerTaskList.DebugPrintPower() -     TAG_CHANGE Entity=dymitrq#2316 tag=3087 value=1 
D 15:44:37.0504291 PowerTaskList.DebugPrintPower() -     FULL_ENTITY - Updating [entityName=UNKNOWN ENTITY [cardType=INVALID] id=355 zone=SETASIDE zonePos=0 cardId= player=6] CardID=
D 15:44:37.0504291 PowerTaskList.DebugPrintPower() -         tag=ZONE value=SETASIDE
D 15:44:37.0504291 PowerTaskList.DebugPrintPower() -         tag=CONTROLLER value=6
D 15:44:37.0504291 PowerTaskList.DebugPrintPower() -         tag=ENTITY_ID value=355
D 15:44:37.0504291 PowerTaskList.DebugPrintPower() -     SHOW_ENTITY - Updating Entity=[entityName=UNKNOWN ENTITY [cardType=INVALID] id=355 zone=SETASIDE zonePos=0 cardId= player=6] CardID=TB_BaconShop_FXWatcher
D 15:44:37.0504291 PowerTaskList.DebugPrintPower() -         tag=CONTROLLER value=6
D 15:44:37.0504291 PowerTaskList.DebugPrintPower() -         tag=CARDTYPE value=ENCHANTMENT
D 15:44:37.0504291 PowerTaskList.DebugPrintPower() -         tag=ATTACHED value=17
D 15:44:37.0504291 PowerTaskList.DebugPrintPower() -         tag=ZONE value=SETASIDE
D 15:44:37.0504291 PowerTaskList.DebugPrintPower() -         tag=ENTITY_ID value=355
D 15:44:37.0504291 PowerTaskList.DebugPrintPower() -         tag=CREATOR value=63
D 15:44:37.0504291 PowerTaskList.DebugPrintPower() -         tag=1037 value=6
D 15:44:37.0504291 PowerTaskList.DebugPrintPower() -         tag=1068 value=0
D 15:44:37.0504291 PowerTaskList.DebugPrintPower() -         tag=CREATOR_DBID value=57980
D 15:44:37.0504291 PowerTaskList.DebugPrintPower() -         tag=SPAWN_TIME_COUNT value=1
D 15:44:37.0504291 PowerTaskList.DebugPrintPower() -     TAG_CHANGE Entity=[entityName=UNKNOWN ENTITY [cardType=INVALID] id=355 zone=SETASIDE zonePos=0 cardId= player=6] tag=1068 value=1 
D 15:44:37.0504291 PowerTaskList.DebugPrintPower() -     TAG_CHANGE Entity=[entityName=UNKNOWN ENTITY [cardType=INVALID] id=355 zone=SETASIDE zonePos=0 cardId= player=6] tag=1068 value=0 
D 15:44:37.0504291 PowerTaskList.DebugPrintPower() -     TAG_CHANGE Entity=[entityName=UNKNOWN ENTITY [cardType=INVALID] id=355 zone=SETASIDE zonePos=0 cardId= player=6] tag=ZONE value=PLAY 
D 15:44:37.0504291 PowerTaskList.DebugPrintPower() -     FULL_ENTITY - Updating [entityName=Buddy Meter id=356 zone=PLAY zonePos=0 cardId=BG22_BuddyMeter player=6] CardID=BG22_BuddyMeter
D 15:44:37.0504291 PowerTaskList.DebugPrintPower() -         tag=CONTROLLER value=6
D 15:44:37.0504291 PowerTaskList.DebugPrintPower() -         tag=CARDTYPE value=BATTLEGROUND_HERO_BUDDY
D 15:44:37.0504291 PowerTaskList.DebugPrintPower() -         tag=TAG_LAST_KNOWN_COST_IN_HAND value=24
D 15:44:37.0504291 PowerTaskList.DebugPrintPower() -         tag=COST value=24
D 15:44:37.0504291 PowerTaskList.DebugPrintPower() -         tag=ZONE value=PLAY
D 15:44:37.0504291 PowerTaskList.DebugPrintPower() -         tag=ENTITY_ID value=356
D 15:44:37.0504291 PowerTaskList.DebugPrintPower() -         tag=CREATOR value=63
D 15:44:37.0504291 PowerTaskList.DebugPrintPower() -         tag=HIDE_COST value=1
D 15:44:37.0504291 PowerTaskList.DebugPrintPower() -         tag=1037 value=6
D 15:44:37.0504291 PowerTaskList.DebugPrintPower() -         tag=CREATOR_DBID value=57980
D 15:44:37.0504291 PowerTaskList.DebugPrintPower() -         tag=SUPPRESS_ALL_SUMMON_VO value=1
D 15:44:37.0504291 PowerTaskList.DebugPrintPower() -         tag=SPAWN_TIME_COUNT value=1
D 15:44:37.0504291 PowerTaskList.DebugPrintPower() -         tag=1724 value=1
D 15:44:37.0504291 PowerTaskList.DebugPrintPower() -         tag=HAS_ACTIVATE_POWER value=1
D 15:44:37.0504291 PowerTaskList.DebugPrintPower() -         tag=BACON_BUY_BUDDY value=1
D 15:44:37.0504291 PowerTaskList.DebugDump() - Block End=(null)
D 15:44:37.0504291 PowerProcessor.PrepareHistoryForCurrentTaskList() - m_currentTaskList=123
D 15:44:38.1833960 PowerProcessor.EndCurrentTaskList() - m_currentTaskList=123
D 15:44:38.2000616 PowerTaskList.DebugDump() - ID=124 ParentID=123 PreviousID=0 TaskCount=2
D 15:44:38.2000616 PowerTaskList.DebugPrintPower() - BLOCK_START BlockType=TRIGGER Entity=[entityName=Buddy Meter id=356 zone=PLAY zonePos=0 cardId=BG22_BuddyMeter player=6] EffectCardId=System.Collections.Generic.List`1[System.String] EffectIndex=0 Target=0 SubOption=-1 TriggerKeyword=TAG_NOT_SET
D 15:44:38.2000616 PowerTaskList.DebugPrintPower() -     TAG_CHANGE Entity=[entityName=Buddy Meter id=356 zone=PLAY zonePos=0 cardId=BG22_BuddyMeter player=6] tag=LINKED_ENTITY value=5 
D 15:44:38.2000616 PowerTaskList.DebugPrintPower() -     TAG_CHANGE Entity=[entityName=Buddy Meter id=356 zone=PLAY zonePos=0 cardId=BG22_BuddyMeter player=6] tag=BACON_COMPANION_ID value=98650 
D 15:44:38.2000616 PowerTaskList.DebugPrintPower() - BLOCK_END
D 15:44:38.2000616 PowerProcessor.PrepareHistoryForCurrentTaskList() - m_currentTaskList=124
D 15:44:38.2000616 PowerProcessor.EndCurrentTaskList() - m_currentTaskList=124
D 15:44:38.2000616 PowerTaskList.DebugDump() - ID=125 ParentID=0 PreviousID=123 TaskCount=0
D 15:44:38.2000616 PowerTaskList.DebugDump() - Block Start=(null)
D 15:44:38.2000616 PowerTaskList.DebugDump() - Block End=(null)
D 15:44:38.2000616 PowerProcessor.PrepareHistoryForCurrentTaskList() - m_currentTaskList=125
D 15:44:38.2000616 PowerProcessor.EndCurrentTaskList() - m_currentTaskList=125
D 15:44:38.2000616 PowerTaskList.DebugDump() - ID=126 ParentID=123 PreviousID=0 TaskCount=3
D 15:44:38.2000616 PowerTaskList.DebugPrintPower() - BLOCK_START BlockType=TRIGGER Entity=[entityName=Buddy Meter id=356 zone=PLAY zonePos=0 cardId=BG22_BuddyMeter player=6] EffectCardId=System.Collections.Generic.List`1[System.String] EffectIndex=3 Target=0 SubOption=-1 TriggerKeyword=TAG_NOT_SET
D 15:44:38.2000616 PowerTaskList.DebugPrintPower() -     TAG_CHANGE Entity=[entityName=Buddy Meter id=356 zone=PLAY zonePos=0 cardId=BG22_BuddyMeter player=6] tag=COST value=17 
D 15:44:38.2000616 PowerTaskList.DebugPrintPower() -     TAG_CHANGE Entity=[entityName=Buddy Meter id=356 zone=PLAY zonePos=0 cardId=BG22_BuddyMeter player=6] tag=COST value=17 DEF CHANGE
D 15:44:38.2000616 PowerTaskList.DebugPrintPower() -     TAG_CHANGE Entity=[entityName=Buddy Meter id=356 zone=PLAY zonePos=0 cardId=BG22_BuddyMeter player=6] tag=HIDE_COST value=0 
D 15:44:38.2000616 PowerTaskList.DebugPrintPower() - BLOCK_END
D 15:44:38.2000616 PowerProcessor.PrepareHistoryForCurrentTaskList() - m_currentTaskList=126
D 15:44:38.2000616 PowerProcessor.EndCurrentTaskList() - m_currentTaskList=126
D 15:44:38.2000616 PowerTaskList.DebugDump() - ID=127 ParentID=0 PreviousID=125 TaskCount=0
D 15:44:38.2000616 PowerTaskList.DebugDump() - Block Start=(null)
D 15:44:38.2000616 PowerTaskList.DebugPrintPower() - BLOCK_END
D 15:44:38.2000616 PowerProcessor.PrepareHistoryForCurrentTaskList() - m_currentTaskList=127
D 15:44:38.2000616 PowerProcessor.EndCurrentTaskList() - m_currentTaskList=127
D 15:44:38.2000616 PowerTaskList.DebugDump() - ID=128 ParentID=0 PreviousID=0 TaskCount=9
D 15:44:38.2000616 PowerTaskList.DebugPrintPower() - BLOCK_START BlockType=TRIGGER Entity=[entityName=BaconShop8PlayerEnchant id=63 zone=PLAY zonePos=0 cardId=TB_BaconShop_8P_PlayerE player=6] EffectCardId=System.Collections.Generic.List`1[System.String] EffectIndex=1 Target=0 SubOption=-1 TriggerKeyword=TAG_NOT_SET
D 15:44:38.2000616 PowerTaskList.DebugPrintPower() -     TAG_CHANGE Entity=GameEntity tag=MISSION_EVENT value=5 
D 15:44:38.2000616 PowerTaskList.DebugPrintPower() -     TAG_CHANGE Entity=GameEntity tag=1453 value=1 
D 15:44:38.2000616 PowerTaskList.DebugPrintPower() -     TAG_CHANGE Entity=GameEntity tag=1466 value=1 
D 15:44:38.2000616 PowerTaskList.DebugPrintPower() -     TAG_CHANGE Entity=GameEntity tag=BACON_COIN_ON_ENEMY_MINIONS value=1 
D 15:44:38.2000616 PowerTaskList.DebugPrintPower() -     TAG_CHANGE Entity=dymitrq#2316 tag=3075 value=1 
D 15:44:38.2000616 PowerTaskList.DebugPrintPower() -     FULL_ENTITY - Updating [entityName=Deck Swabbie id=357 zone=SETASIDE zonePos=0 cardId=BGS_055 player=6] CardID=BGS_055
D 15:44:38.2000616 PowerTaskList.DebugPrintPower() -         tag=CONTROLLER value=6
D 15:44:38.2000616 PowerTaskList.DebugPrintPower() -         tag=CARDTYPE value=MINION
D 15:44:38.2000616 PowerTaskList.DebugPrintPower() -         tag=TAG_LAST_KNOWN_COST_IN_HAND value=3
D 15:44:38.2000616 PowerTaskList.DebugPrintPower() -         tag=479 value=2
D 15:44:38.2000616 PowerTaskList.DebugPrintPower() -         tag=COST value=3
D 15:44:38.2000616 PowerTaskList.DebugPrintPower() -         tag=ATK value=2
D 15:44:38.2000616 PowerTaskList.DebugPrintPower() -         tag=HEALTH value=2
D 15:44:38.2000616 PowerTaskList.DebugPrintPower() -         tag=ZONE value=SETASIDE
D 15:44:38.2000616 PowerTaskList.DebugPrintPower() -         tag=ENTITY_ID value=357
D 15:44:38.2000616 PowerTaskList.DebugPrintPower() -         tag=CARDRACE value=PIRATE
D 15:44:38.2000616 PowerTaskList.DebugPrintPower() -         tag=BATTLECRY value=1
D 15:44:38.2000616 PowerTaskList.DebugPrintPower() -         tag=CREATOR value=63
D 15:44:38.2000616 PowerTaskList.DebugPrintPower() -         tag=1037 value=6
D 15:44:38.2000616 PowerTaskList.DebugPrintPower() -         tag=CREATOR_DBID value=57980
D 15:44:38.2000616 PowerTaskList.DebugPrintPower() -         tag=BACON_TRIPLE_UPGRADE_MINION_ID value=62186
D 15:44:38.2000616 PowerTaskList.DebugPrintPower() -         tag=TECH_LEVEL value=1
D 15:44:38.2000616 PowerTaskList.DebugPrintPower() -         tag=IS_BACON_POOL_MINION value=1
D 15:44:38.2000616 PowerTaskList.DebugPrintPower() -         tag=SUPPRESS_ALL_SUMMON_VO value=1
D 15:44:38.2000616 PowerTaskList.DebugPrintPower() -         tag=SPAWN_TIME_COUNT value=1
D 15:44:38.2000616 PowerTaskList.DebugPrintPower() -         tag=1596 value=1
D 15:44:38.2000616 PowerTaskList.DebugPrintPower() -         tag=HAS_ACTIVATE_POWER value=1
D 15:44:38.2000616 PowerTaskList.DebugPrintPower() -         tag=3085 value=2
D 15:44:38.2000616 PowerTaskList.DebugPrintPower() -     FULL_ENTITY - Updating [entityName=Annoy-o-Tron id=358 zone=SETASIDE zonePos=0 cardId=BG_GVG_085 player=6] CardID=BG_GVG_085
D 15:44:38.2000616 PowerTaskList.DebugPrintPower() -         tag=CONTROLLER value=6
D 15:44:38.2000616 PowerTaskList.DebugPrintPower() -         tag=CARDTYPE value=MINION
D 15:44:38.2000616 PowerTaskList.DebugPrintPower() -         tag=479 value=1
D 15:44:38.2000616 PowerTaskList.DebugPrintPower() -         tag=ATK value=1
D 15:44:38.2000616 PowerTaskList.DebugPrintPower() -         tag=HEALTH value=2
D 15:44:38.2000616 PowerTaskList.DebugPrintPower() -         tag=ZONE value=SETASIDE
D 15:44:38.2000616 PowerTaskList.DebugPrintPower() -         tag=ENTITY_ID value=358
D 15:44:38.2000616 PowerTaskList.DebugPrintPower() -         tag=TAUNT value=1
D 15:44:38.2000616 PowerTaskList.DebugPrintPower() -         tag=DIVINE_SHIELD value=1
D 15:44:38.2000616 PowerTaskList.DebugPrintPower() -         tag=CARDRACE value=MECHANICAL
D 15:44:38.2000616 PowerTaskList.DebugPrintPower() -         tag=RARITY value=COMMON
D 15:44:38.2000616 PowerTaskList.DebugPrintPower() -         tag=CREATOR value=63
D 15:44:38.2000616 PowerTaskList.DebugPrintPower() -         tag=1037 value=6
D 15:44:38.2000616 PowerTaskList.DebugPrintPower() -         tag=CREATOR_DBID value=57980
D 15:44:38.2000616 PowerTaskList.DebugPrintPower() -         tag=BACON_TRIPLE_UPGRADE_MINION_ID value=103653
D 15:44:38.2000616 PowerTaskList.DebugPrintPower() -         tag=TECH_LEVEL value=1
D 15:44:38.2000616 PowerTaskList.DebugPrintPower() -         tag=IS_BACON_POOL_MINION value=1
D 15:44:38.2000616 PowerTaskList.DebugPrintPower() -         tag=SUPPRESS_ALL_SUMMON_VO value=1
D 15:44:38.2000616 PowerTaskList.DebugPrintPower() -         tag=SPAWN_TIME_COUNT value=1
D 15:44:38.2000616 PowerTaskList.DebugPrintPower() -         tag=1595 value=1
D 15:44:38.2000616 PowerTaskList.DebugPrintPower() -         tag=HAS_ACTIVATE_POWER value=1
D 15:44:38.2000616 PowerTaskList.DebugPrintPower() -         tag=3085 value=2
D 15:44:38.2000616 PowerTaskList.DebugPrintPower() -     FULL_ENTITY - Updating [entityName=Scallywag id=359 zone=SETASIDE zonePos=0 cardId=BGS_061 player=6] CardID=BGS_061
D 15:44:38.2000616 PowerTaskList.DebugPrintPower() -         tag=CONTROLLER value=6
D 15:44:38.2000616 PowerTaskList.DebugPrintPower() -         tag=CARDTYPE value=MINION
D 15:44:38.2000616 PowerTaskList.DebugPrintPower() -         tag=TAG_LAST_KNOWN_COST_IN_HAND value=1
D 15:44:38.2000616 PowerTaskList.DebugPrintPower() -         tag=479 value=3
D 15:44:38.2000616 PowerTaskList.DebugPrintPower() -         tag=COST value=1
D 15:44:38.2000616 PowerTaskList.DebugPrintPower() -         tag=ATK value=3
D 15:44:38.2000616 PowerTaskList.DebugPrintPower() -         tag=HEALTH value=1
D 15:44:38.2000616 PowerTaskList.DebugPrintPower() -         tag=ZONE value=SETASIDE
D 15:44:38.2000616 PowerTaskList.DebugPrintPower() -         tag=ENTITY_ID value=359
D 15:44:38.2000616 PowerTaskList.DebugPrintPower() -         tag=CARDRACE value=PIRATE
D 15:44:38.2000616 PowerTaskList.DebugPrintPower() -         tag=DEATHRATTLE value=1
D 15:44:38.2000616 PowerTaskList.DebugPrintPower() -         tag=CREATOR value=63
D 15:44:38.2000616 PowerTaskList.DebugPrintPower() -         tag=1037 value=6
D 15:44:38.2000616 PowerTaskList.DebugPrintPower() -         tag=CREATOR_DBID value=57980
D 15:44:38.2000616 PowerTaskList.DebugPrintPower() -         tag=BACON_TRIPLE_UPGRADE_MINION_ID value=62262
D 15:44:38.2000616 PowerTaskList.DebugPrintPower() -         tag=TECH_LEVEL value=1
D 15:44:38.2000616 PowerTaskList.DebugPrintPower() -         tag=IS_BACON_POOL_MINION value=1
D 15:44:38.2000616 PowerTaskList.DebugPrintPower() -         tag=SUPPRESS_ALL_SUMMON_VO value=1
D 15:44:38.2000616 PowerTaskList.DebugPrintPower() -         tag=SPAWN_TIME_COUNT value=1
D 15:44:38.2000616 PowerTaskList.DebugPrintPower() -         tag=1596 value=1
D 15:44:38.2000616 PowerTaskList.DebugPrintPower() -         tag=HAS_ACTIVATE_POWER value=1
D 15:44:38.2000616 PowerTaskList.DebugPrintPower() -         tag=3085 value=1
D 15:44:38.2000616 PowerTaskList.DebugPrintPower() -     FULL_ENTITY - Updating [entityName=Them Apples id=360 zone=SETASIDE zonePos=0 cardId=BG28_966 player=6] CardID=BG28_966
D 15:44:38.2000616 PowerTaskList.DebugPrintPower() -         tag=CONTROLLER value=6
D 15:44:38.2000616 PowerTaskList.DebugPrintPower() -         tag=CARDTYPE value=BATTLEGROUND_SPELL
D 15:44:38.2000616 PowerTaskList.DebugPrintPower() -         tag=TAG_LAST_KNOWN_COST_IN_HAND value=1
D 15:44:38.2000616 PowerTaskList.DebugPrintPower() -         tag=COST value=1
D 15:44:38.2000616 PowerTaskList.DebugPrintPower() -         tag=ZONE value=SETASIDE
D 15:44:38.2000616 PowerTaskList.DebugPrintPower() -         tag=ENTITY_ID value=360
D 15:44:38.2000616 PowerTaskList.DebugPrintPower() -         tag=CREATOR value=63
D 15:44:38.2000616 PowerTaskList.DebugPrintPower() -         tag=1037 value=6
D 15:44:38.2000616 PowerTaskList.DebugPrintPower() -         tag=CREATOR_DBID value=57980
D 15:44:38.2000616 PowerTaskList.DebugPrintPower() -         tag=TECH_LEVEL value=1
D 15:44:38.2000616 PowerTaskList.DebugPrintPower() -         tag=SUPPRESS_ALL_SUMMON_VO value=1
D 15:44:38.2000616 PowerTaskList.DebugPrintPower() -         tag=SPAWN_TIME_COUNT value=1
D 15:44:38.2000616 PowerTaskList.DebugPrintPower() -         tag=SPELL_SCHOOL value=9
D 15:44:38.2000616 PowerTaskList.DebugPrintPower() -         tag=HAS_ACTIVATE_POWER value=1
D 15:44:38.2000616 PowerTaskList.DebugPrintPower() -         tag=3081 value=1
D 15:44:38.2000616 PowerTaskList.DebugDump() - Block End=(null)
D 15:44:38.2000616 PowerProcessor.PrepareHistoryForCurrentTaskList() - m_currentTaskList=128
D 15:44:38.2379081 PowerProcessor.EndCurrentTaskList() - m_currentTaskList=128
D 15:44:38.2506073 PowerTaskList.DebugDump() - ID=129 ParentID=0 PreviousID=128 TaskCount=113
D 15:44:38.2506073 PowerTaskList.DebugDump() - Block Start=(null)
D 15:44:38.2506073 PowerTaskList.DebugPrintPower() -     SUB_SPELL_START - SpellPrefabGUID=Bacon_MinionSwap_OverrideSpawnIn_Super:69498edad9bb7594e89a3b5e0e41f026 Source=63 TargetCount=0
D 15:44:38.2506073 PowerTaskList.DebugPrintPower() -                       Source = [entityName=BaconShop8PlayerEnchant id=63 zone=PLAY zonePos=0 cardId=TB_BaconShop_8P_PlayerE player=6]
D 15:44:38.2506073 PowerTaskList.DebugPrintPower() -         FULL_ENTITY - Updating [entityName=Deck Swabbie id=361 zone=PLAY zonePos=1 cardId=BGS_055 player=14] CardID=BGS_055
D 15:44:38.2506073 PowerTaskList.DebugPrintPower() -             tag=CONTROLLER value=14
D 15:44:38.2506073 PowerTaskList.DebugPrintPower() -             tag=CARDTYPE value=MINION
D 15:44:38.2506073 PowerTaskList.DebugPrintPower() -             tag=1196 value=1
D 15:44:38.2506073 PowerTaskList.DebugPrintPower() -             tag=TAG_LAST_KNOWN_COST_IN_HAND value=3
D 15:44:38.2506073 PowerTaskList.DebugPrintPower() -             tag=479 value=2
D 15:44:38.2506073 PowerTaskList.DebugPrintPower() -             tag=COST value=3
D 15:44:38.2506073 PowerTaskList.DebugPrintPower() -             tag=ATK value=2
D 15:44:38.2506073 PowerTaskList.DebugPrintPower() -             tag=HEALTH value=2
D 15:44:38.2506073 PowerTaskList.DebugPrintPower() -             tag=EXHAUSTED value=1
D 15:44:38.2506073 PowerTaskList.DebugPrintPower() -             tag=ZONE value=PLAY
D 15:44:38.2506073 PowerTaskList.DebugPrintPower() -             tag=ENTITY_ID value=361
D 15:44:38.2506073 PowerTaskList.DebugPrintPower() -             tag=CARDRACE value=PIRATE
D 15:44:38.2506073 PowerTaskList.DebugPrintPower() -             tag=BATTLECRY value=1
D 15:44:38.2506073 PowerTaskList.DebugPrintPower() -             tag=ZONE_POSITION value=1
D 15:44:38.2506073 PowerTaskList.DebugPrintPower() -             tag=CREATOR value=63
D 15:44:38.2506073 PowerTaskList.DebugPrintPower() -             tag=1037 value=6
D 15:44:38.2506073 PowerTaskList.DebugPrintPower() -             tag=1254 value=63
D 15:44:38.2506073 PowerTaskList.DebugPrintPower() -             tag=CREATOR_DBID value=57980
D 15:44:38.2506073 PowerTaskList.DebugPrintPower() -             tag=BACON_TRIPLE_UPGRADE_MINION_ID value=62186
D 15:44:38.2506073 PowerTaskList.DebugPrintPower() -             tag=TECH_LEVEL value=1
D 15:44:38.2506073 PowerTaskList.DebugPrintPower() -             tag=IS_BACON_POOL_MINION value=1
D 15:44:38.2506073 PowerTaskList.DebugPrintPower() -             tag=SUPPRESS_ALL_SUMMON_VO value=1
D 15:44:38.2506073 PowerTaskList.DebugPrintPower() -             tag=SPAWN_TIME_COUNT value=1
D 15:44:38.2506073 PowerTaskList.DebugPrintPower() -             tag=1596 value=1
D 15:44:38.2506073 PowerTaskList.DebugPrintPower() -             tag=HAS_ACTIVATE_POWER value=1
D 15:44:38.2506073 PowerTaskList.DebugPrintPower() -             tag=3085 value=2
D 15:44:38.2506073 PowerTaskList.DebugPrintPower() -         FULL_ENTITY - Updating [entityName=Drag To Buy id=362 zone=PLAY zonePos=0 cardId=TB_BaconShop_DragBuy player=6] CardID=TB_BaconShop_DragBuy
D 15:44:38.2506073 PowerTaskList.DebugPrintPower() -             tag=CONTROLLER value=6
D 15:44:38.2506073 PowerTaskList.DebugPrintPower() -             tag=CARDTYPE value=MOVE_MINION_HOVER_TARGET
D 15:44:38.2506073 PowerTaskList.DebugPrintPower() -             tag=ZONE value=PLAY
D 15:44:38.2506073 PowerTaskList.DebugPrintPower() -             tag=ENTITY_ID value=362
D 15:44:38.2506073 PowerTaskList.DebugPrintPower() -             tag=CREATOR value=63
D 15:44:38.2506073 PowerTaskList.DebugPrintPower() -             tag=1037 value=6
D 15:44:38.2506073 PowerTaskList.DebugPrintPower() -             tag=CREATOR_DBID value=57980
D 15:44:38.2506073 PowerTaskList.DebugPrintPower() -             tag=BACON_ACTION_CARD value=1
D 15:44:38.2506073 PowerTaskList.DebugPrintPower() -             tag=SUPPRESS_ALL_SUMMON_VO value=1
D 15:44:38.2506073 PowerTaskList.DebugPrintPower() -             tag=MOVE_MINION_HOVER_TARGET_SLOT value=1
D 15:44:38.2506073 PowerTaskList.DebugPrintPower() -             tag=SPAWN_TIME_COUNT value=1
D 15:44:38.2506073 PowerTaskList.DebugPrintPower() -             tag=HAS_ACTIVATE_POWER value=1
D 15:44:38.2506073 PowerTaskList.DebugPrintPower() -         TAG_CHANGE Entity=[entityName=Drag To Buy id=362 zone=PLAY zonePos=0 cardId=TB_BaconShop_DragBuy player=6] tag=2442 value=361 
D 15:44:38.2506073 PowerTaskList.DebugPrintPower() -         TAG_CHANGE Entity=[entityName=Deck Swabbie id=361 zone=PLAY zonePos=1 cardId=BGS_055 player=14] tag=HAS_DRAG_TO_BUY value=1 
D 15:44:38.2506073 PowerTaskList.DebugPrintPower() -         TAG_CHANGE Entity=[entityName=Drag To Buy id=362 zone=PLAY zonePos=0 cardId=TB_BaconShop_DragBuy player=6] tag=COST value=3 
D 15:44:38.2506073 PowerTaskList.DebugPrintPower() -         TAG_CHANGE Entity=[entityName=Deck Swabbie id=361 zone=PLAY zonePos=1 cardId=BGS_055 player=14] tag=NUM_TURNS_IN_PLAY value=3 
D 15:44:38.2506073 PowerTaskList.DebugPrintPower() -         TAG_CHANGE Entity=[entityName=Deck Swabbie id=361 zone=PLAY zonePos=1 cardId=BGS_055 player=14] tag=EXHAUSTED value=0 
D 15:44:38.2506073 PowerTaskList.DebugPrintPower() -         TAG_CHANGE Entity=[entityName=Deck Swabbie id=361 zone=PLAY zonePos=1 cardId=BGS_055 player=14] tag=CANT_ATTACK value=1 
D 15:44:38.2506073 PowerTaskList.DebugPrintPower() -         TAG_CHANGE Entity=[entityName=Deck Swabbie id=357 zone=SETASIDE zonePos=0 cardId=BGS_055 player=6] tag=1068 value=5 
D 15:44:38.2506073 PowerTaskList.DebugPrintPower() -         TAG_CHANGE Entity=[entityName=Deck Swabbie id=357 zone=SETASIDE zonePos=0 cardId=BGS_055 player=6] tag=1068 value=0 
D 15:44:38.2506073 PowerTaskList.DebugPrintPower() -         TAG_CHANGE Entity=[entityName=Deck Swabbie id=357 zone=SETASIDE zonePos=0 cardId=BGS_055 player=6] tag=ZONE value=REMOVEDFROMGAME 
D 15:44:38.2506073 PowerTaskList.DebugPrintPower() -         TAG_CHANGE Entity=[entityName=Deck Swabbie id=357 zone=SETASIDE zonePos=0 cardId=BGS_055 player=6] tag=HAS_ACTIVATE_POWER value=0 
D 15:44:38.2506073 PowerTaskList.DebugPrintPower() -         TAG_CHANGE Entity=[entityName=Deck Swabbie id=357 zone=SETASIDE zonePos=0 cardId=BGS_055 player=6] tag=COST value=0 
D 15:44:38.2506073 PowerTaskList.DebugPrintPower() -         TAG_CHANGE Entity=[entityName=Deck Swabbie id=357 zone=SETASIDE zonePos=0 cardId=BGS_055 player=6] tag=ATK value=0 
D 15:44:38.2506073 PowerTaskList.DebugPrintPower() -         TAG_CHANGE Entity=[entityName=Deck Swabbie id=357 zone=SETASIDE zonePos=0 cardId=BGS_055 player=6] tag=HEALTH value=0 
D 15:44:38.2506073 PowerTaskList.DebugPrintPower() -         TAG_CHANGE Entity=[entityName=Deck Swabbie id=357 zone=SETASIDE zonePos=0 cardId=BGS_055 player=6] tag=BATTLECRY value=0 
D 15:44:38.2506073 PowerTaskList.DebugPrintPower() -         TAG_CHANGE Entity=[entityName=Deck Swabbie id=357 zone=SETASIDE zonePos=0 cardId=BGS_055 player=6] tag=BACON_TRIPLE_UPGRADE_MINION_ID value=0 
D 15:44:38.2506073 PowerTaskList.DebugPrintPower() -         TAG_CHANGE Entity=[entityName=Deck Swabbie id=357 zone=SETASIDE zonePos=0 cardId=BGS_055 player=6] tag=TECH_LEVEL value=0 
D 15:44:38.2506073 PowerTaskList.DebugPrintPower() -         TAG_CHANGE Entity=[entityName=Deck Swabbie id=357 zone=SETASIDE zonePos=0 cardId=BGS_055 player=6] tag=IS_BACON_POOL_MINION value=0 
D 15:44:38.2506073 PowerTaskList.DebugPrintPower() -         TAG_CHANGE Entity=[entityName=Deck Swabbie id=357 zone=SETASIDE zonePos=0 cardId=BGS_055 player=6] tag=SUPPRESS_ALL_SUMMON_VO value=0 
D 15:44:38.2506073 PowerTaskList.DebugPrintPower() -         TAG_CHANGE Entity=[entityName=Deck Swabbie id=357 zone=SETASIDE zonePos=0 cardId=BGS_055 player=6] tag=SPAWN_TIME_COUNT value=0 
D 15:44:38.2506073 PowerTaskList.DebugPrintPower() -         TAG_CHANGE Entity=[entityName=Deck Swabbie id=357 zone=SETASIDE zonePos=0 cardId=BGS_055 player=6] tag=1596 value=0 
D 15:44:38.2506073 PowerTaskList.DebugPrintPower() -         TAG_CHANGE Entity=[entityName=Deck Swabbie id=357 zone=SETASIDE zonePos=0 cardId=BGS_055 player=6] tag=COST value=3 
D 15:44:38.2506073 PowerTaskList.DebugPrintPower() -         TAG_CHANGE Entity=[entityName=Deck Swabbie id=357 zone=SETASIDE zonePos=0 cardId=BGS_055 player=6] tag=ATK value=2 
D 15:44:38.2506073 PowerTaskList.DebugPrintPower() -         TAG_CHANGE Entity=[entityName=Deck Swabbie id=357 zone=SETASIDE zonePos=0 cardId=BGS_055 player=6] tag=HEALTH value=2 
D 15:44:38.2506073 PowerTaskList.DebugPrintPower() -         TAG_CHANGE Entity=[entityName=Deck Swabbie id=357 zone=SETASIDE zonePos=0 cardId=BGS_055 player=6] tag=BATTLECRY value=1 
D 15:44:38.2506073 PowerTaskList.DebugPrintPower() -         TAG_CHANGE Entity=[entityName=Deck Swabbie id=357 zone=SETASIDE zonePos=0 cardId=BGS_055 player=6] tag=BACON_TRIPLE_UPGRADE_MINION_ID value=62186 
D 15:44:38.2506073 PowerTaskList.DebugPrintPower() -         TAG_CHANGE Entity=[entityName=Deck Swabbie id=357 zone=SETASIDE zonePos=0 cardId=BGS_055 player=6] tag=TECH_LEVEL value=1 
D 15:44:38.2506073 PowerTaskList.DebugPrintPower() -         TAG_CHANGE Entity=[entityName=Deck Swabbie id=357 zone=SETASIDE zonePos=0 cardId=BGS_055 player=6] tag=IS_BACON_POOL_MINION value=1 
D 15:44:38.2506073 PowerTaskList.DebugPrintPower() -         TAG_CHANGE Entity=[entityName=Deck Swabbie id=357 zone=SETASIDE zonePos=0 cardId=BGS_055 player=6] tag=1596 value=1 
D 15:44:38.2506073 PowerTaskList.DebugPrintPower() -         TAG_CHANGE Entity=[entityName=Deck Swabbie id=357 zone=SETASIDE zonePos=0 cardId=BGS_055 player=6] tag=HAS_ACTIVATE_POWER value=1 
D 15:44:38.2506073 PowerTaskList.DebugPrintPower() -         FULL_ENTITY - Updating [entityName=Annoy-o-Tron id=363 zone=PLAY zonePos=2 cardId=BG_GVG_085 player=14] CardID=BG_GVG_085
D 15:44:38.2506073 PowerTaskList.DebugPrintPower() -             tag=CONTROLLER value=14
D 15:44:38.2506073 PowerTaskList.DebugPrintPower() -             tag=CARDTYPE value=MINION
D 15:44:38.2506073 PowerTaskList.DebugPrintPower() -             tag=1196 value=1
D 15:44:38.2506073 PowerTaskList.DebugPrintPower() -             tag=479 value=1
D 15:44:38.2506073 PowerTaskList.DebugPrintPower() -             tag=ATK value=1
D 15:44:38.2506073 PowerTaskList.DebugPrintPower() -             tag=HEALTH value=2
D 15:44:38.2506073 PowerTaskList.DebugPrintPower() -             tag=EXHAUSTED value=1
D 15:44:38.2506073 PowerTaskList.DebugPrintPower() -             tag=ZONE value=PLAY
D 15:44:38.2506073 PowerTaskList.DebugPrintPower() -             tag=ENTITY_ID value=363
D 15:44:38.2506073 PowerTaskList.DebugPrintPower() -             tag=TAUNT value=1
D 15:44:38.2506073 PowerTaskList.DebugPrintPower() -             tag=DIVINE_SHIELD value=1
D 15:44:38.2506073 PowerTaskList.DebugPrintPower() -             tag=CARDRACE value=MECHANICAL
D 15:44:38.2506073 PowerTaskList.DebugPrintPower() -             tag=RARITY value=COMMON
D 15:44:38.2506073 PowerTaskList.DebugPrintPower() -             tag=ZONE_POSITION value=2
D 15:44:38.2506073 PowerTaskList.DebugPrintPower() -             tag=CREATOR value=63
D 15:44:38.2506073 PowerTaskList.DebugPrintPower() -             tag=1037 value=6
D 15:44:38.2506073 PowerTaskList.DebugPrintPower() -             tag=1254 value=63
D 15:44:38.2506073 PowerTaskList.DebugPrintPower() -             tag=CREATOR_DBID value=57980
D 15:44:38.2506073 PowerTaskList.DebugPrintPower() -             tag=BACON_TRIPLE_UPGRADE_MINION_ID value=103653
D 15:44:38.2506073 PowerTaskList.DebugPrintPower() -             tag=TECH_LEVEL value=1
D 15:44:38.2506073 PowerTaskList.DebugPrintPower() -             tag=IS_BACON_POOL_MINION value=1
D 15:44:38.2506073 PowerTaskList.DebugPrintPower() -             tag=SUPPRESS_ALL_SUMMON_VO value=1
D 15:44:38.2506073 PowerTaskList.DebugPrintPower() -             tag=SPAWN_TIME_COUNT value=1
D 15:44:38.2506073 PowerTaskList.DebugPrintPower() -             tag=1595 value=1
D 15:44:38.2506073 PowerTaskList.DebugPrintPower() -             tag=HAS_ACTIVATE_POWER value=1
D 15:44:38.2506073 PowerTaskList.DebugPrintPower() -             tag=3085 value=2
D 15:44:38.2506073 PowerTaskList.DebugPrintPower() -         FULL_ENTITY - Updating [entityName=Drag To Buy id=364 zone=PLAY zonePos=0 cardId=TB_BaconShop_DragBuy player=6] CardID=TB_BaconShop_DragBuy
D 15:44:38.2506073 PowerTaskList.DebugPrintPower() -             tag=CONTROLLER value=6
D 15:44:38.2506073 PowerTaskList.DebugPrintPower() -             tag=CARDTYPE value=MOVE_MINION_HOVER_TARGET
D 15:44:38.2506073 PowerTaskList.DebugPrintPower() -             tag=ZONE value=PLAY
D 15:44:38.2506073 PowerTaskList.DebugPrintPower() -             tag=ENTITY_ID value=364
D 15:44:38.2506073 PowerTaskList.DebugPrintPower() -             tag=CREATOR value=63
D 15:44:38.2506073 PowerTaskList.DebugPrintPower() -             tag=1037 value=6
D 15:44:38.2506073 PowerTaskList.DebugPrintPower() -             tag=CREATOR_DBID value=57980
D 15:44:38.2506073 PowerTaskList.DebugPrintPower() -             tag=BACON_ACTION_CARD value=1
D 15:44:38.2506073 PowerTaskList.DebugPrintPower() -             tag=SUPPRESS_ALL_SUMMON_VO value=1
D 15:44:38.2506073 PowerTaskList.DebugPrintPower() -             tag=MOVE_MINION_HOVER_TARGET_SLOT value=1
D 15:44:38.2506073 PowerTaskList.DebugPrintPower() -             tag=SPAWN_TIME_COUNT value=1
D 15:44:38.2506073 PowerTaskList.DebugPrintPower() -             tag=HAS_ACTIVATE_POWER value=1
D 15:44:38.2506073 PowerTaskList.DebugPrintPower() -         TAG_CHANGE Entity=[entityName=Drag To Buy id=364 zone=PLAY zonePos=0 cardId=TB_BaconShop_DragBuy player=6] tag=2442 value=363 
D 15:44:38.2506073 PowerTaskList.DebugPrintPower() -         TAG_CHANGE Entity=[entityName=Annoy-o-Tron id=363 zone=PLAY zonePos=2 cardId=BG_GVG_085 player=14] tag=HAS_DRAG_TO_BUY value=1 
D 15:44:38.2506073 PowerTaskList.DebugPrintPower() -         TAG_CHANGE Entity=[entityName=Drag To Buy id=364 zone=PLAY zonePos=0 cardId=TB_BaconShop_DragBuy player=6] tag=COST value=3 
D 15:44:38.2506073 PowerTaskList.DebugPrintPower() -         TAG_CHANGE Entity=[entityName=Annoy-o-Tron id=363 zone=PLAY zonePos=2 cardId=BG_GVG_085 player=14] tag=NUM_TURNS_IN_PLAY value=3 
D 15:44:38.2506073 PowerTaskList.DebugPrintPower() -         TAG_CHANGE Entity=[entityName=Annoy-o-Tron id=363 zone=PLAY zonePos=2 cardId=BG_GVG_085 player=14] tag=EXHAUSTED value=0 
D 15:44:38.2506073 PowerTaskList.DebugPrintPower() -         TAG_CHANGE Entity=[entityName=Annoy-o-Tron id=363 zone=PLAY zonePos=2 cardId=BG_GVG_085 player=14] tag=CANT_ATTACK value=1 
D 15:44:38.2506073 PowerTaskList.DebugPrintPower() -         TAG_CHANGE Entity=[entityName=Annoy-o-Tron id=358 zone=SETASIDE zonePos=0 cardId=BG_GVG_085 player=6] tag=1068 value=5 
D 15:44:38.2506073 PowerTaskList.DebugPrintPower() -         TAG_CHANGE Entity=[entityName=Annoy-o-Tron id=358 zone=SETASIDE zonePos=0 cardId=BG_GVG_085 player=6] tag=1068 value=0 
D 15:44:38.2506073 PowerTaskList.DebugPrintPower() -         TAG_CHANGE Entity=[entityName=Annoy-o-Tron id=358 zone=SETASIDE zonePos=0 cardId=BG_GVG_085 player=6] tag=ZONE value=REMOVEDFROMGAME 
D 15:44:38.2506073 PowerTaskList.DebugPrintPower() -         TAG_CHANGE Entity=[entityName=Annoy-o-Tron id=358 zone=SETASIDE zonePos=0 cardId=BG_GVG_085 player=6] tag=HAS_ACTIVATE_POWER value=0 
D 15:44:38.2506073 PowerTaskList.DebugPrintPower() -         TAG_CHANGE Entity=[entityName=Annoy-o-Tron id=358 zone=SETASIDE zonePos=0 cardId=BG_GVG_085 player=6] tag=ATK value=0 
D 15:44:38.2506073 PowerTaskList.DebugPrintPower() -         TAG_CHANGE Entity=[entityName=Annoy-o-Tron id=358 zone=SETASIDE zonePos=0 cardId=BG_GVG_085 player=6] tag=HEALTH value=0 
D 15:44:38.2506073 PowerTaskList.DebugPrintPower() -         TAG_CHANGE Entity=[entityName=Annoy-o-Tron id=358 zone=SETASIDE zonePos=0 cardId=BG_GVG_085 player=6] tag=TAUNT value=0 
D 15:44:38.2506073 PowerTaskList.DebugPrintPower() -         TAG_CHANGE Entity=[entityName=Annoy-o-Tron id=358 zone=SETASIDE zonePos=0 cardId=BG_GVG_085 player=6] tag=DIVINE_SHIELD value=0 
D 15:44:38.2506073 PowerTaskList.DebugPrintPower() -         TAG_CHANGE Entity=[entityName=Annoy-o-Tron id=358 zone=SETASIDE zonePos=0 cardId=BG_GVG_085 player=6] tag=BACON_TRIPLE_UPGRADE_MINION_ID value=0 
D 15:44:38.2506073 PowerTaskList.DebugPrintPower() -         TAG_CHANGE Entity=[entityName=Annoy-o-Tron id=358 zone=SETASIDE zonePos=0 cardId=BG_GVG_085 player=6] tag=TECH_LEVEL value=0 
D 15:44:38.2506073 PowerTaskList.DebugPrintPower() -         TAG_CHANGE Entity=[entityName=Annoy-o-Tron id=358 zone=SETASIDE zonePos=0 cardId=BG_GVG_085 player=6] tag=IS_BACON_POOL_MINION value=0 
D 15:44:38.2506073 PowerTaskList.DebugPrintPower() -         TAG_CHANGE Entity=[entityName=Annoy-o-Tron id=358 zone=SETASIDE zonePos=0 cardId=BG_GVG_085 player=6] tag=SUPPRESS_ALL_SUMMON_VO value=0 
D 15:44:38.2506073 PowerTaskList.DebugPrintPower() -         TAG_CHANGE Entity=[entityName=Annoy-o-Tron id=358 zone=SETASIDE zonePos=0 cardId=BG_GVG_085 player=6] tag=SPAWN_TIME_COUNT value=0 
D 15:44:38.2506073 PowerTaskList.DebugPrintPower() -         TAG_CHANGE Entity=[entityName=Annoy-o-Tron id=358 zone=SETASIDE zonePos=0 cardId=BG_GVG_085 player=6] tag=1595 value=0 
D 15:44:38.2506073 PowerTaskList.DebugPrintPower() -         TAG_CHANGE Entity=[entityName=Annoy-o-Tron id=358 zone=SETASIDE zonePos=0 cardId=BG_GVG_085 player=6] tag=ATK value=1 
D 15:44:38.2506073 PowerTaskList.DebugPrintPower() -         TAG_CHANGE Entity=[entityName=Annoy-o-Tron id=358 zone=SETASIDE zonePos=0 cardId=BG_GVG_085 player=6] tag=HEALTH value=2 
D 15:44:38.2506073 PowerTaskList.DebugPrintPower() -         TAG_CHANGE Entity=[entityName=Annoy-o-Tron id=358 zone=SETASIDE zonePos=0 cardId=BG_GVG_085 player=6] tag=TAUNT value=1 
D 15:44:38.2506073 PowerTaskList.DebugPrintPower() -         TAG_CHANGE Entity=[entityName=Annoy-o-Tron id=358 zone=SETASIDE zonePos=0 cardId=BG_GVG_085 player=6] tag=DIVINE_SHIELD value=1 
D 15:44:38.2506073 PowerTaskList.DebugPrintPower() -         TAG_CHANGE Entity=[entityName=Annoy-o-Tron id=358 zone=SETASIDE zonePos=0 cardId=BG_GVG_085 player=6] tag=BACON_TRIPLE_UPGRADE_MINION_ID value=103653 
D 15:44:38.2506073 PowerTaskList.DebugPrintPower() -         TAG_CHANGE Entity=[entityName=Annoy-o-Tron id=358 zone=SETASIDE zonePos=0 cardId=BG_GVG_085 player=6] tag=TECH_LEVEL value=1 
D 15:44:38.2506073 PowerTaskList.DebugPrintPower() -         TAG_CHANGE Entity=[entityName=Annoy-o-Tron id=358 zone=SETASIDE zonePos=0 cardId=BG_GVG_085 player=6] tag=IS_BACON_POOL_MINION value=1 
D 15:44:38.2506073 PowerTaskList.DebugPrintPower() -         TAG_CHANGE Entity=[entityName=Annoy-o-Tron id=358 zone=SETASIDE zonePos=0 cardId=BG_GVG_085 player=6] tag=1595 value=1 
D 15:44:38.2506073 PowerTaskList.DebugPrintPower() -         TAG_CHANGE Entity=[entityName=Annoy-o-Tron id=358 zone=SETASIDE zonePos=0 cardId=BG_GVG_085 player=6] tag=HAS_ACTIVATE_POWER value=1 
D 15:44:38.2506073 PowerTaskList.DebugPrintPower() -         FULL_ENTITY - Updating [entityName=Scallywag id=365 zone=PLAY zonePos=3 cardId=BGS_061 player=14] CardID=BGS_061
D 15:44:38.2506073 PowerTaskList.DebugPrintPower() -             tag=CONTROLLER value=14
D 15:44:38.2506073 PowerTaskList.DebugPrintPower() -             tag=CARDTYPE value=MINION
D 15:44:38.2506073 PowerTaskList.DebugPrintPower() -             tag=1196 value=1
D 15:44:38.2506073 PowerTaskList.DebugPrintPower() -             tag=TAG_LAST_KNOWN_COST_IN_HAND value=1
D 15:44:38.2506073 PowerTaskList.DebugPrintPower() -             tag=479 value=3
D 15:44:38.2506073 PowerTaskList.DebugPrintPower() -             tag=COST value=1
D 15:44:38.2506073 PowerTaskList.DebugPrintPower() -             tag=ATK value=3
D 15:44:38.2506073 PowerTaskList.DebugPrintPower() -             tag=HEALTH value=1
D 15:44:38.2506073 PowerTaskList.DebugPrintPower() -             tag=EXHAUSTED value=1
D 15:44:38.2506073 PowerTaskList.DebugPrintPower() -             tag=ZONE value=PLAY
D 15:44:38.2506073 PowerTaskList.DebugPrintPower() -             tag=ENTITY_ID value=365
D 15:44:38.2506073 PowerTaskList.DebugPrintPower() -             tag=CARDRACE value=PIRATE
D 15:44:38.2506073 PowerTaskList.DebugPrintPower() -             tag=DEATHRATTLE value=1
D 15:44:38.2506073 PowerTaskList.DebugPrintPower() -             tag=ZONE_POSITION value=3
D 15:44:38.2506073 PowerTaskList.DebugPrintPower() -             tag=CREATOR value=63
D 15:44:38.2506073 PowerTaskList.DebugPrintPower() -             tag=1037 value=6
D 15:44:38.2506073 PowerTaskList.DebugPrintPower() -             tag=1254 value=63
D 15:44:38.2506073 PowerTaskList.DebugPrintPower() -             tag=CREATOR_DBID value=57980
D 15:44:38.2506073 PowerTaskList.DebugPrintPower() -             tag=BACON_TRIPLE_UPGRADE_MINION_ID value=62262
D 15:44:38.2506073 PowerTaskList.DebugPrintPower() -             tag=TECH_LEVEL value=1
D 15:44:38.2506073 PowerTaskList.DebugPrintPower() -             tag=IS_BACON_POOL_MINION value=1
D 15:44:38.2506073 PowerTaskList.DebugPrintPower() -             tag=SUPPRESS_ALL_SUMMON_VO value=1
D 15:44:38.2506073 PowerTaskList.DebugPrintPower() -             tag=SPAWN_TIME_COUNT value=1
D 15:44:38.2506073 PowerTaskList.DebugPrintPower() -             tag=1596 value=1
D 15:44:38.2506073 PowerTaskList.DebugPrintPower() -             tag=HAS_ACTIVATE_POWER value=1
D 15:44:38.2506073 PowerTaskList.DebugPrintPower() -             tag=3085 value=1
D 15:44:38.2506073 PowerTaskList.DebugPrintPower() -         FULL_ENTITY - Updating [entityName=Drag To Buy id=366 zone=PLAY zonePos=0 cardId=TB_BaconShop_DragBuy player=6] CardID=TB_BaconShop_DragBuy
D 15:44:38.2506073 PowerTaskList.DebugPrintPower() -             tag=CONTROLLER value=6
D 15:44:38.2506073 PowerTaskList.DebugPrintPower() -             tag=CARDTYPE value=MOVE_MINION_HOVER_TARGET
D 15:44:38.2506073 PowerTaskList.DebugPrintPower() -             tag=ZONE value=PLAY
D 15:44:38.2506073 PowerTaskList.DebugPrintPower() -             tag=ENTITY_ID value=366
D 15:44:38.2506073 PowerTaskList.DebugPrintPower() -             tag=CREATOR value=63
D 15:44:38.2506073 PowerTaskList.DebugPrintPower() -             tag=1037 value=6
D 15:44:38.2506073 PowerTaskList.DebugPrintPower() -             tag=CREATOR_DBID value=57980
D 15:44:38.2506073 PowerTaskList.DebugPrintPower() -             tag=BACON_ACTION_CARD value=1
D 15:44:38.2506073 PowerTaskList.DebugPrintPower() -             tag=SUPPRESS_ALL_SUMMON_VO value=1
D 15:44:38.2506073 PowerTaskList.DebugPrintPower() -             tag=MOVE_MINION_HOVER_TARGET_SLOT value=1
D 15:44:38.2506073 PowerTaskList.DebugPrintPower() -             tag=SPAWN_TIME_COUNT value=1
D 15:44:38.2506073 PowerTaskList.DebugPrintPower() -             tag=HAS_ACTIVATE_POWER value=1
D 15:44:38.2506073 PowerTaskList.DebugPrintPower() -         TAG_CHANGE Entity=[entityName=Drag To Buy id=366 zone=PLAY zonePos=0 cardId=TB_BaconShop_DragBuy player=6] tag=2442 value=365 
D 15:44:38.2506073 PowerTaskList.DebugPrintPower() -         TAG_CHANGE Entity=[entityName=Scallywag id=365 zone=PLAY zonePos=3 cardId=BGS_061 player=14] tag=HAS_DRAG_TO_BUY value=1 
D 15:44:38.2506073 PowerTaskList.DebugPrintPower() -         TAG_CHANGE Entity=[entityName=Drag To Buy id=366 zone=PLAY zonePos=0 cardId=TB_BaconShop_DragBuy player=6] tag=COST value=3 
D 15:44:38.2506073 PowerTaskList.DebugPrintPower() -         TAG_CHANGE Entity=[entityName=Scallywag id=365 zone=PLAY zonePos=3 cardId=BGS_061 player=14] tag=NUM_TURNS_IN_PLAY value=3 
D 15:44:38.2506073 PowerTaskList.DebugPrintPower() -         TAG_CHANGE Entity=[entityName=Scallywag id=365 zone=PLAY zonePos=3 cardId=BGS_061 player=14] tag=EXHAUSTED value=0 
D 15:44:38.2506073 PowerTaskList.DebugPrintPower() -         TAG_CHANGE Entity=[entityName=Scallywag id=365 zone=PLAY zonePos=3 cardId=BGS_061 player=14] tag=CANT_ATTACK value=1 
D 15:44:38.2506073 PowerTaskList.DebugPrintPower() -         TAG_CHANGE Entity=[entityName=Scallywag id=359 zone=SETASIDE zonePos=0 cardId=BGS_061 player=6] tag=1068 value=5 
D 15:44:38.2506073 PowerTaskList.DebugPrintPower() -         TAG_CHANGE Entity=[entityName=Scallywag id=359 zone=SETASIDE zonePos=0 cardId=BGS_061 player=6] tag=1068 value=0 
D 15:44:38.2506073 PowerTaskList.DebugPrintPower() -         TAG_CHANGE Entity=[entityName=Scallywag id=359 zone=SETASIDE zonePos=0 cardId=BGS_061 player=6] tag=ZONE value=REMOVEDFROMGAME 
D 15:44:38.2506073 PowerTaskList.DebugPrintPower() -         TAG_CHANGE Entity=[entityName=Scallywag id=359 zone=SETASIDE zonePos=0 cardId=BGS_061 player=6] tag=HAS_ACTIVATE_POWER value=0 
D 15:44:38.2506073 PowerTaskList.DebugPrintPower() -         TAG_CHANGE Entity=[entityName=Scallywag id=359 zone=SETASIDE zonePos=0 cardId=BGS_061 player=6] tag=COST value=0 
D 15:44:38.2506073 PowerTaskList.DebugPrintPower() -         TAG_CHANGE Entity=[entityName=Scallywag id=359 zone=SETASIDE zonePos=0 cardId=BGS_061 player=6] tag=ATK value=0 
D 15:44:38.2506073 PowerTaskList.DebugPrintPower() -         TAG_CHANGE Entity=[entityName=Scallywag id=359 zone=SETASIDE zonePos=0 cardId=BGS_061 player=6] tag=HEALTH value=0 
D 15:44:38.2506073 PowerTaskList.DebugPrintPower() -         TAG_CHANGE Entity=[entityName=Scallywag id=359 zone=SETASIDE zonePos=0 cardId=BGS_061 player=6] tag=DEATHRATTLE value=0 
D 15:44:38.2506073 PowerTaskList.DebugPrintPower() -         TAG_CHANGE Entity=[entityName=Scallywag id=359 zone=SETASIDE zonePos=0 cardId=BGS_061 player=6] tag=BACON_TRIPLE_UPGRADE_MINION_ID value=0 
D 15:44:38.2506073 PowerTaskList.DebugPrintPower() -         TAG_CHANGE Entity=[entityName=Scallywag id=359 zone=SETASIDE zonePos=0 cardId=BGS_061 player=6] tag=TECH_LEVEL value=0 
D 15:44:38.2506073 PowerTaskList.DebugPrintPower() -         TAG_CHANGE Entity=[entityName=Scallywag id=359 zone=SETASIDE zonePos=0 cardId=BGS_061 player=6] tag=IS_BACON_POOL_MINION value=0 
D 15:44:38.2506073 PowerTaskList.DebugPrintPower() -         TAG_CHANGE Entity=[entityName=Scallywag id=359 zone=SETASIDE zonePos=0 cardId=BGS_061 player=6] tag=SUPPRESS_ALL_SUMMON_VO value=0 
D 15:44:38.2506073 PowerTaskList.DebugPrintPower() -         TAG_CHANGE Entity=[entityName=Scallywag id=359 zone=SETASIDE zonePos=0 cardId=BGS_061 player=6] tag=SPAWN_TIME_COUNT value=0 
D 15:44:38.2506073 PowerTaskList.DebugPrintPower() -         TAG_CHANGE Entity=[entityName=Scallywag id=359 zone=SETASIDE zonePos=0 cardId=BGS_061 player=6] tag=1596 value=0 
D 15:44:38.2506073 PowerTaskList.DebugPrintPower() -         TAG_CHANGE Entity=[entityName=Scallywag id=359 zone=SETASIDE zonePos=0 cardId=BGS_061 player=6] tag=COST value=1 
D 15:44:38.2506073 PowerTaskList.DebugPrintPower() -         TAG_CHANGE Entity=[entityName=Scallywag id=359 zone=SETASIDE zonePos=0 cardId=BGS_061 player=6] tag=ATK value=3 
D 15:44:38.2506073 PowerTaskList.DebugPrintPower() -         TAG_CHANGE Entity=[entityName=Scallywag id=359 zone=SETASIDE zonePos=0 cardId=BGS_061 player=6] tag=HEALTH value=1 
D 15:44:38.2506073 PowerTaskList.DebugPrintPower() -         TAG_CHANGE Entity=[entityName=Scallywag id=359 zone=SETASIDE zonePos=0 cardId=BGS_061 player=6] tag=DEATHRATTLE value=1 
D 15:44:38.2506073 PowerTaskList.DebugPrintPower() -         TAG_CHANGE Entity=[entityName=Scallywag id=359 zone=SETASIDE zonePos=0 cardId=BGS_061 player=6] tag=BACON_TRIPLE_UPGRADE_MINION_ID value=62262 
D 15:44:38.2506073 PowerTaskList.DebugPrintPower() -         TAG_CHANGE Entity=[entityName=Scallywag id=359 zone=SETASIDE zonePos=0 cardId=BGS_061 player=6] tag=TECH_LEVEL value=1 
D 15:44:38.2506073 PowerTaskList.DebugPrintPower() -         TAG_CHANGE Entity=[entityName=Scallywag id=359 zone=SETASIDE zonePos=0 cardId=BGS_061 player=6] tag=IS_BACON_POOL_MINION value=1 
D 15:44:38.2506073 PowerTaskList.DebugPrintPower() -         TAG_CHANGE Entity=[entityName=Scallywag id=359 zone=SETASIDE zonePos=0 cardId=BGS_061 player=6] tag=1596 value=1 
D 15:44:38.2506073 PowerTaskList.DebugPrintPower() -         TAG_CHANGE Entity=[entityName=Scallywag id=359 zone=SETASIDE zonePos=0 cardId=BGS_061 player=6] tag=HAS_ACTIVATE_POWER value=1 
D 15:44:38.2506073 PowerTaskList.DebugPrintPower() -         FULL_ENTITY - Updating [entityName=Them Apples id=367 zone=PLAY zonePos=4 cardId=BG28_966 player=14] CardID=BG28_966
D 15:44:38.2506073 PowerTaskList.DebugPrintPower() -             tag=CONTROLLER value=14
D 15:44:38.2506073 PowerTaskList.DebugPrintPower() -             tag=CARDTYPE value=BATTLEGROUND_SPELL
D 15:44:38.2506073 PowerTaskList.DebugPrintPower() -             tag=TAG_LAST_KNOWN_COST_IN_HAND value=1
D 15:44:38.2506073 PowerTaskList.DebugPrintPower() -             tag=COST value=1
D 15:44:38.2506073 PowerTaskList.DebugPrintPower() -             tag=ZONE value=PLAY
D 15:44:38.2506073 PowerTaskList.DebugPrintPower() -             tag=ENTITY_ID value=367
D 15:44:38.2506073 PowerTaskList.DebugPrintPower() -             tag=ZONE_POSITION value=4
D 15:44:38.2506073 PowerTaskList.DebugPrintPower() -             tag=CREATOR value=63
D 15:44:38.2506073 PowerTaskList.DebugPrintPower() -             tag=1037 value=6
D 15:44:38.2506073 PowerTaskList.DebugPrintPower() -             tag=CREATOR_DBID value=57980
D 15:44:38.2506073 PowerTaskList.DebugPrintPower() -             tag=TECH_LEVEL value=1
D 15:44:38.2506073 PowerTaskList.DebugPrintPower() -             tag=SUPPRESS_ALL_SUMMON_VO value=1
D 15:44:38.2506073 PowerTaskList.DebugPrintPower() -             tag=SPAWN_TIME_COUNT value=1
D 15:44:38.2506073 PowerTaskList.DebugPrintPower() -             tag=SPELL_SCHOOL value=9
D 15:44:38.2506073 PowerTaskList.DebugPrintPower() -             tag=HAS_ACTIVATE_POWER value=1
D 15:44:38.2506073 PowerTaskList.DebugPrintPower() -             tag=3081 value=1
D 15:44:38.2506073 PowerTaskList.DebugPrintPower() -         TAG_CHANGE Entity=[entityName=Them Apples id=367 zone=PLAY zonePos=4 cardId=BG28_966 player=14] tag=NUM_TURNS_IN_PLAY value=3 
D 15:44:38.2506073 PowerTaskList.DebugPrintPower() -         TAG_CHANGE Entity=[entityName=Them Apples id=367 zone=PLAY zonePos=4 cardId=BG28_966 player=14] tag=CANT_ATTACK value=1 
D 15:44:38.2506073 PowerTaskList.DebugPrintPower() -         TAG_CHANGE Entity=[entityName=Them Apples id=360 zone=SETASIDE zonePos=0 cardId=BG28_966 player=6] tag=1068 value=5 
D 15:44:38.2506073 PowerTaskList.DebugPrintPower() -         TAG_CHANGE Entity=[entityName=Them Apples id=360 zone=SETASIDE zonePos=0 cardId=BG28_966 player=6] tag=1068 value=0 
D 15:44:38.2506073 PowerTaskList.DebugPrintPower() -         TAG_CHANGE Entity=[entityName=Them Apples id=360 zone=SETASIDE zonePos=0 cardId=BG28_966 player=6] tag=ZONE value=REMOVEDFROMGAME 
D 15:44:38.2506073 PowerTaskList.DebugPrintPower() -         TAG_CHANGE Entity=[entityName=Them Apples id=360 zone=SETASIDE zonePos=0 cardId=BG28_966 player=6] tag=HAS_ACTIVATE_POWER value=0 
D 15:44:38.2506073 PowerTaskList.DebugPrintPower() -         TAG_CHANGE Entity=[entityName=Them Apples id=360 zone=SETASIDE zonePos=0 cardId=BG28_966 player=6] tag=COST value=0 
D 15:44:38.2506073 PowerTaskList.DebugPrintPower() -         TAG_CHANGE Entity=[entityName=Them Apples id=360 zone=SETASIDE zonePos=0 cardId=BG28_966 player=6] tag=TECH_LEVEL value=0 
D 15:44:38.2506073 PowerTaskList.DebugPrintPower() -         TAG_CHANGE Entity=[entityName=Them Apples id=360 zone=SETASIDE zonePos=0 cardId=BG28_966 player=6] tag=SUPPRESS_ALL_SUMMON_VO value=0 
D 15:44:38.2506073 PowerTaskList.DebugPrintPower() -         TAG_CHANGE Entity=[entityName=Them Apples id=360 zone=SETASIDE zonePos=0 cardId=BG28_966 player=6] tag=SPAWN_TIME_COUNT value=0 
D 15:44:38.2506073 PowerTaskList.DebugPrintPower() -         TAG_CHANGE Entity=[entityName=Them Apples id=360 zone=SETASIDE zonePos=0 cardId=BG28_966 player=6] tag=SPELL_SCHOOL value=0 
D 15:44:38.2506073 PowerTaskList.DebugPrintPower() -         TAG_CHANGE Entity=[entityName=Them Apples id=360 zone=SETASIDE zonePos=0 cardId=BG28_966 player=6] tag=3081 value=0 
D 15:44:38.2506073 PowerTaskList.DebugPrintPower() -         TAG_CHANGE Entity=[entityName=Them Apples id=360 zone=SETASIDE zonePos=0 cardId=BG28_966 player=6] tag=COST value=1 
D 15:44:38.2506073 PowerTaskList.DebugPrintPower() -         TAG_CHANGE Entity=[entityName=Them Apples id=360 zone=SETASIDE zonePos=0 cardId=BG28_966 player=6] tag=TECH_LEVEL value=1 
D 15:44:38.2506073 PowerTaskList.DebugPrintPower() -         TAG_CHANGE Entity=[entityName=Them Apples id=360 zone=SETASIDE zonePos=0 cardId=BG28_966 player=6] tag=SPELL_SCHOOL value=9 
D 15:44:38.2506073 PowerTaskList.DebugPrintPower() -         TAG_CHANGE Entity=[entityName=Them Apples id=360 zone=SETASIDE zonePos=0 cardId=BG28_966 player=6] tag=3081 value=1 
D 15:44:38.2506073 PowerTaskList.DebugPrintPower() -         TAG_CHANGE Entity=[entityName=Them Apples id=360 zone=SETASIDE zonePos=0 cardId=BG28_966 player=6] tag=HAS_ACTIVATE_POWER value=1 
D 15:44:38.2506073 PowerTaskList.DebugPrintPower() -     SUB_SPELL_END
D 15:44:38.2506073 PowerTaskList.DebugDump() - Block End=(null)
D 15:44:38.2506073 PowerProcessor.PrepareHistoryForCurrentTaskList() - m_currentTaskList=129
D 15:44:38.9881230 PowerProcessor.EndCurrentTaskList() - m_currentTaskList=129
D 15:44:39.0006650 PowerTaskList.DebugDump() - ID=130 ParentID=0 PreviousID=129 TaskCount=3
D 15:44:39.0006650 PowerTaskList.DebugDump() - Block Start=(null)
D 15:44:39.0006650 PowerTaskList.DebugPrintPower() -     TAG_CHANGE Entity=GameEntity tag=1453 value=0 
D 15:44:39.0006650 PowerTaskList.DebugPrintPower() -     TAG_CHANGE Entity=GameEntity tag=SUPPRESS_ALL_SUMMON_VO value=0 
D 15:44:39.0006650 PowerTaskList.DebugPrintPower() -     TAG_CHANGE Entity=GameEntity tag=MISSION_EVENT value=111 
D 15:44:39.0006650 PowerTaskList.DebugDump() - Block End=(null)
D 15:44:39.0006650 PowerProcessor.PrepareHistoryForCurrentTaskList() - m_currentTaskList=130
D 15:44:39.0006650 PowerProcessor.EndCurrentTaskList() - m_currentTaskList=130
D 15:44:39.0006650 PowerTaskList.DebugDump() - ID=131 ParentID=128 PreviousID=0 TaskCount=1
D 15:44:39.0006650 PowerTaskList.DebugPrintPower() - BLOCK_START BlockType=TRIGGER Entity=[entityName=Refresh id=351 zone=PLAY zonePos=0 cardId=TB_BaconShop_8p_Reroll_Button player=6] EffectCardId=System.Collections.Generic.List`1[System.String] EffectIndex=0 Target=0 SubOption=-1 TriggerKeyword=TAG_NOT_SET
D 15:44:39.0006650 PowerTaskList.DebugPrintPower() -     TAG_CHANGE Entity=dymitrq#2316 tag=2336 value=1 
D 15:44:39.0006650 PowerTaskList.DebugPrintPower() - BLOCK_END
D 15:44:39.0006650 PowerProcessor.PrepareHistoryForCurrentTaskList() - m_currentTaskList=131
D 15:44:39.0006650 PowerProcessor.EndCurrentTaskList() - m_currentTaskList=131
D 15:44:39.0006650 PowerTaskList.DebugDump() - ID=132 ParentID=0 PreviousID=130 TaskCount=0
D 15:44:39.0006650 PowerTaskList.DebugDump() - Block Start=(null)
D 15:44:39.0006650 PowerTaskList.DebugPrintPower() - BLOCK_END
D 15:44:39.0006650 PowerProcessor.PrepareHistoryForCurrentTaskList() - m_currentTaskList=132
D 15:44:39.0006650 PowerProcessor.EndCurrentTaskList() - m_currentTaskList=132
D 15:44:39.0006650 PowerTaskList.DebugDump() - ID=133 ParentID=0 PreviousID=0 TaskCount=10
D 15:44:39.0006650 PowerTaskList.DebugPrintPower() - BLOCK_START BlockType=TRIGGER Entity=[entityName=BaconShop8PlayerEnchant id=63 zone=PLAY zonePos=0 cardId=TB_BaconShop_8P_PlayerE player=6] EffectCardId=System.Collections.Generic.List`1[System.String] EffectIndex=4 Target=0 SubOption=-1 TriggerKeyword=TAG_NOT_SET
D 15:44:39.0006650 PowerTaskList.DebugPrintPower() -     FULL_ENTITY - Updating [entityName=Check Triples id=368 zone=SETASIDE zonePos=0 cardId=TB_BaconShop_CheckTriples player=6] CardID=TB_BaconShop_CheckTriples
D 15:44:39.0006650 PowerTaskList.DebugPrintPower() -         tag=CONTROLLER value=6
D 15:44:39.0006650 PowerTaskList.DebugPrintPower() -         tag=CARDTYPE value=SPELL
D 15:44:39.0006650 PowerTaskList.DebugPrintPower() -         tag=ZONE value=SETASIDE
D 15:44:39.0006650 PowerTaskList.DebugPrintPower() -         tag=ENTITY_ID value=368
D 15:44:39.0006650 PowerTaskList.DebugPrintPower() -         tag=CREATOR value=63
D 15:44:39.0006650 PowerTaskList.DebugPrintPower() -         tag=1037 value=6
D 15:44:39.0006650 PowerTaskList.DebugPrintPower() -         tag=1200 value=1
D 15:44:39.0006650 PowerTaskList.DebugPrintPower() -         tag=CREATOR_DBID value=57980
D 15:44:39.0006650 PowerTaskList.DebugPrintPower() -         tag=SPAWN_TIME_COUNT value=1
D 15:44:39.0006650 PowerTaskList.DebugPrintPower() -     TAG_CHANGE Entity=[entityName=Check Triples id=368 zone=SETASIDE zonePos=0 cardId=TB_BaconShop_CheckTriples player=6] tag=1715 value=63 
D 15:44:39.0006650 PowerTaskList.DebugPrintPower() -     TAG_CHANGE Entity=[entityName=Check Triples id=368 zone=SETASIDE zonePos=0 cardId=TB_BaconShop_CheckTriples player=6] tag=1068 value=1 
D 15:44:39.0006650 PowerTaskList.DebugPrintPower() -     TAG_CHANGE Entity=[entityName=Check Triples id=368 zone=SETASIDE zonePos=0 cardId=TB_BaconShop_CheckTriples player=6] tag=1068 value=0 
D 15:44:39.0006650 PowerTaskList.DebugPrintPower() -     TAG_CHANGE Entity=[entityName=Check Triples id=368 zone=SETASIDE zonePos=0 cardId=TB_BaconShop_CheckTriples player=6] tag=ZONE value=PLAY 
D 15:44:39.0006650 PowerTaskList.DebugPrintPower() -     META_DATA - Meta=HISTORY_TARGET Data=0 InfoCount=1
D 15:44:39.0006650 PowerTaskList.DebugPrintPower() -                 Info[0] = [entityName=Check Triples id=368 zone=SETASIDE zonePos=0 cardId=TB_BaconShop_CheckTriples player=6]
D 15:44:39.0006650 PowerTaskList.DebugPrintPower() -     FULL_ENTITY - Updating [entityName=Drag To Buy Spell id=369 zone=PLAY zonePos=0 cardId=TB_BaconShop_DragBuy_Spell player=6] CardID=TB_BaconShop_DragBuy_Spell
D 15:44:39.0006650 PowerTaskList.DebugPrintPower() -         tag=CONTROLLER value=6
D 15:44:39.0006650 PowerTaskList.DebugPrintPower() -         tag=CARDTYPE value=MOVE_MINION_HOVER_TARGET
D 15:44:39.0006650 PowerTaskList.DebugPrintPower() -         tag=ZONE value=PLAY
D 15:44:39.0006650 PowerTaskList.DebugPrintPower() -         tag=ENTITY_ID value=369
D 15:44:39.0006650 PowerTaskList.DebugPrintPower() -         tag=CREATOR value=63
D 15:44:39.0006650 PowerTaskList.DebugPrintPower() -         tag=1037 value=6
D 15:44:39.0006650 PowerTaskList.DebugPrintPower() -         tag=CREATOR_DBID value=57980
D 15:44:39.0006650 PowerTaskList.DebugPrintPower() -         tag=BACON_ACTION_CARD value=1
D 15:44:39.0006650 PowerTaskList.DebugPrintPower() -         tag=MOVE_MINION_HOVER_TARGET_SLOT value=1
D 15:44:39.0006650 PowerTaskList.DebugPrintPower() -         tag=SPAWN_TIME_COUNT value=1
D 15:44:39.0006650 PowerTaskList.DebugPrintPower() -         tag=HAS_ACTIVATE_POWER value=1
D 15:44:39.0006650 PowerTaskList.DebugPrintPower() -     TAG_CHANGE Entity=[entityName=Drag To Buy Spell id=369 zone=PLAY zonePos=0 cardId=TB_BaconShop_DragBuy_Spell player=6] tag=2442 value=367 
D 15:44:39.0006650 PowerTaskList.DebugPrintPower() -     TAG_CHANGE Entity=[entityName=Them Apples id=367 zone=PLAY zonePos=4 cardId=BG28_966 player=14] tag=HAS_DRAG_TO_BUY value=1 
D 15:44:39.0006650 PowerTaskList.DebugPrintPower() -     TAG_CHANGE Entity=[entityName=Drag To Buy Spell id=369 zone=PLAY zonePos=0 cardId=TB_BaconShop_DragBuy_Spell player=6] tag=COST value=1 
D 15:44:39.0006650 PowerTaskList.DebugDump() - Block End=(null)
D 15:44:39.0006650 PowerProcessor.PrepareHistoryForCurrentTaskList() - m_currentTaskList=133
D 15:44:39.0336156 PowerProcessor.EndCurrentTaskList() - m_currentTaskList=133
D 15:44:39.0517201 PowerTaskList.DebugDump() - ID=134 ParentID=133 PreviousID=0 TaskCount=0
D 15:44:39.0517201 PowerTaskList.DebugPrintPower() - BLOCK_START BlockType=POWER Entity=[entityName=Check Triples id=368 zone=PLAY zonePos=0 cardId=TB_BaconShop_CheckTriples player=6] EffectCardId=System.Collections.Generic.List`1[System.String] EffectIndex=0 Target=0 SubOption=-1 
D 15:44:39.0517201 PowerTaskList.DebugPrintPower() - BLOCK_END
D 15:44:39.0517201 PowerProcessor.PrepareHistoryForCurrentTaskList() - m_currentTaskList=134
D 15:44:39.0517201 PowerProcessor.EndCurrentTaskList() - m_currentTaskList=134
D 15:44:39.0517201 PowerTaskList.DebugDump() - ID=135 ParentID=0 PreviousID=133 TaskCount=3
D 15:44:39.0517201 PowerTaskList.DebugDump() - Block Start=(null)
D 15:44:39.0517201 PowerTaskList.DebugPrintPower() -     TAG_CHANGE Entity=[entityName=Check Triples id=368 zone=PLAY zonePos=0 cardId=TB_BaconShop_CheckTriples player=6] tag=1068 value=4 
D 15:44:39.0517201 PowerTaskList.DebugPrintPower() -     TAG_CHANGE Entity=[entityName=Check Triples id=368 zone=PLAY zonePos=0 cardId=TB_BaconShop_CheckTriples player=6] tag=1068 value=0 
D 15:44:39.0517201 PowerTaskList.DebugPrintPower() -     TAG_CHANGE Entity=[entityName=Check Triples id=368 zone=PLAY zonePos=0 cardId=TB_BaconShop_CheckTriples player=6] tag=ZONE value=GRAVEYARD 
D 15:44:39.0517201 PowerTaskList.DebugPrintPower() - BLOCK_END
D 15:44:39.0517201 PowerProcessor.PrepareHistoryForCurrentTaskList() - m_currentTaskList=135
D 15:44:39.0848660 PowerProcessor.EndCurrentTaskList() - m_currentTaskList=135
D 15:44:39.1007167 PowerTaskList.DebugDump() - ID=136 ParentID=0 PreviousID=0 TaskCount=1
D 15:44:39.1007167 PowerTaskList.DebugDump() - Block Start=(null)
D 15:44:39.1007167 PowerTaskList.DebugPrintPower() -     TAG_CHANGE Entity=GameEntity tag=STEP value=MAIN_ACTION 
D 15:44:39.1007167 PowerTaskList.DebugDump() - Block End=(null)
D 15:44:39.1007167 PowerProcessor.PrepareHistoryForCurrentTaskList() - m_currentTaskList=136
D 15:44:39.1007167 PowerProcessor.EndCurrentTaskList() - m_currentTaskList=136
D 15:44:39.1007167 PowerTaskList.DebugDump() - ID=137 ParentID=0 PreviousID=0 TaskCount=1
D 15:44:39.1007167 PowerTaskList.DebugPrintPower() - BLOCK_START BlockType=TRIGGER Entity=dymitrq#2316 EffectCardId=System.Collections.Generic.List`1[System.String] EffectIndex=-1 Target=0 SubOption=-1 TriggerKeyword=TAG_NOT_SET
D 15:44:39.1007167 PowerTaskList.DebugPrintPower() -     TAG_CHANGE Entity=GameEntity tag=NEXT_STEP value=MAIN_END 
D 15:44:39.1007167 PowerTaskList.DebugPrintPower() - BLOCK_END
D 15:44:39.1007167 PowerProcessor.PrepareHistoryForCurrentTaskList() - m_currentTaskList=137
D 15:44:39.1007167 PowerProcessor.EndCurrentTaskList() - m_currentTaskList=137
D 15:44:49.7670761 GameState.DebugPrintPowerList() - Count=1
D 15:44:49.7670761 GameState.DebugPrintPower() - TAG_CHANGE Entity=[entityName=Sire Denathrius id=131 zone=SETASIDE zonePos=0 cardId=BG24_HERO_100 player=14] tag=BACON_HERO_HEROPOWER_QUEST_REWARD_DATABASE_ID value=110305 
D 15:44:49.7670761 PowerTaskList.DebugDump() - ID=138 ParentID=0 PreviousID=0 TaskCount=1
D 15:44:49.7670761 PowerTaskList.DebugDump() - Block Start=(null)
D 15:44:49.7670761 PowerTaskList.DebugPrintPower() -     TAG_CHANGE Entity=[entityName=Sire Denathrius id=131 zone=SETASIDE zonePos=0 cardId=BG24_HERO_100 player=14] tag=BACON_HERO_HEROPOWER_QUEST_REWARD_DATABASE_ID value=110305 
D 15:44:49.7670761 PowerTaskList.DebugDump() - Block End=(null)
D 15:44:49.7670761 PowerProcessor.PrepareHistoryForCurrentTaskList() - m_currentTaskList=138
D 15:44:49.7670761 PowerProcessor.EndCurrentTaskList() - m_currentTaskList=138
D 15:44:49.8659880 GameState.DebugPrintPowerList() - Count=1
D 15:44:49.8659880 GameState.DebugPrintPower() - TAG_CHANGE Entity=[entityName=Sire Denathrius id=131 zone=SETASIDE zonePos=0 cardId=BG24_HERO_100 player=14] tag=2755 value=104660 
D 15:44:49.8659880 PowerTaskList.DebugDump() - ID=139 ParentID=0 PreviousID=0 TaskCount=1
D 15:44:49.8659880 PowerTaskList.DebugDump() - Block Start=(null)
D 15:44:49.8659880 PowerTaskList.DebugPrintPower() -     TAG_CHANGE Entity=[entityName=Sire Denathrius id=131 zone=SETASIDE zonePos=0 cardId=BG24_HERO_100 player=14] tag=2755 value=104660 
D 15:44:49.8659880 PowerTaskList.DebugDump() - Block End=(null)
D 15:44:49.8659880 PowerProcessor.PrepareHistoryForCurrentTaskList() - m_currentTaskList=139
D 15:44:49.8659880 PowerProcessor.EndCurrentTaskList() - m_currentTaskList=139
D 15:44:49.8832002 GameState.DebugPrintPowerList() - Count=1
D 15:44:49.8832002 GameState.DebugPrintPower() - TAG_CHANGE Entity=[entityName=Sire Denathrius id=131 zone=SETASIDE zonePos=0 cardId=BG24_HERO_100 player=14] tag=2766 value=18 
D 15:44:49.8832002 PowerTaskList.DebugDump() - ID=140 ParentID=0 PreviousID=0 TaskCount=1
D 15:44:49.8832002 PowerTaskList.DebugDump() - Block Start=(null)
D 15:44:49.8832002 PowerTaskList.DebugPrintPower() -     TAG_CHANGE Entity=[entityName=Sire Denathrius id=131 zone=SETASIDE zonePos=0 cardId=BG24_HERO_100 player=14] tag=2766 value=18 
D 15:44:49.8832002 PowerTaskList.DebugDump() - Block End=(null)
D 15:44:49.8832002 PowerProcessor.PrepareHistoryForCurrentTaskList() - m_currentTaskList=140
D 15:44:49.8832002 PowerProcessor.EndCurrentTaskList() - m_currentTaskList=140
D 15:45:02.6076227 GameState.SendOption() - selectedOption=5 selectedSubOption=-1 selectedTarget=0 selectedPosition=2
D 15:45:02.7993579 GameState.DebugPrintPowerList() - Count=13
D 15:45:02.7993579 GameState.DebugPrintPower() - TAG_CHANGE Entity=[entityName=Deck Swabbie id=361 zone=PLAY zonePos=1 cardId=BGS_055 player=14] tag=1196 value=0 
D 15:45:02.7993579 GameState.DebugPrintPower() - TAG_CHANGE Entity=[entityName=Annoy-o-Tron id=363 zone=PLAY zonePos=2 cardId=BG_GVG_085 player=14] tag=1196 value=0 
D 15:45:02.7993579 GameState.DebugPrintPower() - TAG_CHANGE Entity=[entityName=Scallywag id=365 zone=PLAY zonePos=3 cardId=BGS_061 player=14] tag=1196 value=0 
D 15:45:02.7993579 GameState.DebugPrintPower() - BLOCK_START BlockType=MOVE_MINION Entity=[entityName=Annoy-o-Tron id=363 zone=PLAY zonePos=2 cardId=BG_GVG_085 player=14] EffectCardId=System.Collections.Generic.List`1[System.String] EffectIndex=0 Target=0 SubOption=-1 
D 15:45:02.7993579 GameState.DebugPrintPower() - BLOCK_END
D 15:45:02.7993579 GameState.DebugPrintPower() - BLOCK_START BlockType=TRIGGER Entity=[entityName=3ofKindCheckPlayerEnchant id=64 zone=PLAY zonePos=0 cardId=TB_BaconShop_3ofKindChecke player=6] EffectCardId=System.Collections.Generic.List`1[System.String] EffectIndex=0 Target=0 SubOption=-1 TriggerKeyword=TAG_NOT_SET
D 15:45:02.7993579 GameState.DebugPrintPower() - BLOCK_END
D 15:45:02.7993579 GameState.DebugPrintPower() - TAG_CHANGE Entity=GameEntity tag=1323 value=1 
D 15:45:02.7993579 GameState.DebugPrintPower() - TAG_CHANGE Entity=dymitrq#2316 tag=NUM_OPTIONS_PLAYED_THIS_TURN value=1 
D 15:45:02.7993579 GameState.DebugPrintPower() - BLOCK_START BlockType=TRIGGER Entity=dymitrq#2316 EffectCardId=System.Collections.Generic.List`1[System.String] EffectIndex=14 Target=0 SubOption=-1 TriggerKeyword=TAG_NOT_SET
D 15:45:02.7993579 GameState.DebugPrintPower() - BLOCK_END
D 15:45:02.7993579 GameState.DebugPrintPower() - BLOCK_START BlockType=TRIGGER Entity=Bartender Bob EffectCardId=System.Collections.Generic.List`1[System.String] EffectIndex=14 Target=0 SubOption=-1 TriggerKeyword=TAG_NOT_SET
D 15:45:02.7993579 GameState.DebugPrintPower() - BLOCK_END
D 15:45:02.7993579 PowerTaskList.DebugDump() - ID=141 ParentID=0 PreviousID=0 TaskCount=3
D 15:45:02.7993579 PowerTaskList.DebugDump() - Block Start=(null)
D 15:45:02.7993579 PowerTaskList.DebugPrintPower() -     TAG_CHANGE Entity=[entityName=Deck Swabbie id=361 zone=PLAY zonePos=1 cardId=BGS_055 player=14] tag=1196 value=0 
D 15:45:02.7993579 PowerTaskList.DebugPrintPower() -     TAG_CHANGE Entity=[entityName=Annoy-o-Tron id=363 zone=PLAY zonePos=2 cardId=BG_GVG_085 player=14] tag=1196 value=0 
D 15:45:02.7993579 PowerTaskList.DebugPrintPower() -     TAG_CHANGE Entity=[entityName=Scallywag id=365 zone=PLAY zonePos=3 cardId=BGS_061 player=14] tag=1196 value=0 
D 15:45:02.7993579 PowerTaskList.DebugDump() - Block End=(null)
D 15:45:02.7993579 PowerProcessor.PrepareHistoryForCurrentTaskList() - m_currentTaskList=141
D 15:45:02.7993579 PowerProcessor.EndCurrentTaskList() - m_currentTaskList=141
D 15:45:02.7993579 PowerTaskList.DebugDump() - ID=142 ParentID=0 PreviousID=0 TaskCount=0
D 15:45:02.7993579 PowerTaskList.DebugPrintPower() - BLOCK_START BlockType=MOVE_MINION Entity=[entityName=Annoy-o-Tron id=363 zone=PLAY zonePos=2 cardId=BG_GVG_085 player=14] EffectCardId=System.Collections.Generic.List`1[System.String] EffectIndex=0 Target=0 SubOption=-1 
D 15:45:02.7993579 PowerTaskList.DebugPrintPower() - BLOCK_END
D 15:45:02.7993579 PowerProcessor.PrepareHistoryForCurrentTaskList() - m_currentTaskList=142
D 15:45:02.7993579 PowerProcessor.EndCurrentTaskList() - m_currentTaskList=142
D 15:45:02.7993579 PowerTaskList.DebugDump() - ID=143 ParentID=0 PreviousID=0 TaskCount=0
D 15:45:02.7993579 PowerTaskList.DebugPrintPower() - BLOCK_START BlockType=TRIGGER Entity=[entityName=3ofKindCheckPlayerEnchant id=64 zone=PLAY zonePos=0 cardId=TB_BaconShop_3ofKindChecke player=6] EffectCardId=System.Collections.Generic.List`1[System.String] EffectIndex=0 Target=0 SubOption=-1 TriggerKeyword=TAG_NOT_SET
D 15:45:02.7993579 PowerTaskList.DebugPrintPower() - BLOCK_END
D 15:45:02.7993579 PowerProcessor.PrepareHistoryForCurrentTaskList() - m_currentTaskList=143
D 15:45:02.7993579 PowerProcessor.EndCurrentTaskList() - m_currentTaskList=143
D 15:45:02.7993579 PowerTaskList.DebugDump() - ID=144 ParentID=0 PreviousID=0 TaskCount=2
D 15:45:02.7993579 PowerTaskList.DebugDump() - Block Start=(null)
D 15:45:02.7993579 PowerTaskList.DebugPrintPower() -     TAG_CHANGE Entity=GameEntity tag=1323 value=1 
D 15:45:02.7993579 PowerTaskList.DebugPrintPower() -     TAG_CHANGE Entity=dymitrq#2316 tag=NUM_OPTIONS_PLAYED_THIS_TURN value=1 
D 15:45:02.7993579 PowerTaskList.DebugDump() - Block End=(null)
D 15:45:02.7993579 PowerProcessor.PrepareHistoryForCurrentTaskList() - m_currentTaskList=144
D 15:45:02.7993579 PowerProcessor.EndCurrentTaskList() - m_currentTaskList=144
D 15:45:02.7993579 PowerTaskList.DebugDump() - ID=145 ParentID=0 PreviousID=0 TaskCount=0
D 15:45:02.7993579 PowerTaskList.DebugPrintPower() - BLOCK_START BlockType=TRIGGER Entity=dymitrq#2316 EffectCardId=System.Collections.Generic.List`1[System.String] EffectIndex=14 Target=0 SubOption=-1 TriggerKeyword=TAG_NOT_SET
D 15:45:02.7993579 PowerTaskList.DebugPrintPower() - BLOCK_END
D 15:45:02.7993579 PowerProcessor.PrepareHistoryForCurrentTaskList() - m_currentTaskList=145
D 15:45:02.7993579 PowerProcessor.EndCurrentTaskList() - m_currentTaskList=145
D 15:45:02.7993579 PowerTaskList.DebugDump() - ID=146 ParentID=0 PreviousID=0 TaskCount=0
D 15:45:02.7993579 PowerTaskList.DebugPrintPower() - BLOCK_START BlockType=TRIGGER Entity=Bartender Bob EffectCardId=System.Collections.Generic.List`1[System.String] EffectIndex=14 Target=0 SubOption=-1 TriggerKeyword=TAG_NOT_SET
D 15:45:02.7993579 PowerTaskList.DebugPrintPower() - BLOCK_END
D 15:45:02.7993579 PowerProcessor.PrepareHistoryForCurrentTaskList() - m_currentTaskList=146
D 15:45:02.7993579 PowerProcessor.EndCurrentTaskList() - m_currentTaskList=146
D 15:45:02.8838114 GameState.DebugPrintOptions() - id=2
D 15:45:02.8838114 GameState.DebugPrintOptions() -   option 0 type=END_TURN mainEntity= error=INVALID errorParam=
D 15:45:02.8838114 GameState.DebugPrintOptions() -   option 1 type=POWER mainEntity=[entityName=Refresh id=351 zone=PLAY zonePos=0 cardId=TB_BaconShop_8p_Reroll_Button player=6] error=NONE errorParam=
D 15:45:02.8838114 GameState.DebugPrintOptions() -   option 2 type=POWER mainEntity=[entityName=Freeze id=352 zone=PLAY zonePos=0 cardId=TB_BaconShopLockAll_Button player=6] error=NONE errorParam=
D 15:45:02.8838114 GameState.DebugPrintOptions() -   option 3 type=POWER mainEntity=[entityName=Deck Swabbie id=361 zone=PLAY zonePos=1 cardId=BGS_055 player=14] error=NONE errorParam=
D 15:45:02.8838114 GameState.DebugPrintOptions() -   option 4 type=POWER mainEntity=[entityName=Drag To Buy id=362 zone=PLAY zonePos=0 cardId=TB_BaconShop_DragBuy player=6] error=NONE errorParam=
D 15:45:02.8838114 GameState.DebugPrintOptions() -     target 0 entity=[entityName=Deck Swabbie id=361 zone=PLAY zonePos=1 cardId=BGS_055 player=14] error=NONE errorParam=
D 15:45:02.8838114 GameState.DebugPrintOptions() -     target 1 entity=[entityName=Bartender Bob id=62 zone=PLAY zonePos=0 cardId=TB_BaconShopBob player=14] error=REQ_MINION_TARGET errorParam=
D 15:45:02.8838114 GameState.DebugPrintOptions() -     target 2 entity=[entityName=Sparkhoarder Togwaggle id=85 zone=PLAY zonePos=0 cardId=BG23_HERO_305_SKIN_B player=6] error=REQ_ENEMY_TARGET errorParam=
D 15:45:02.8838114 GameState.DebugPrintOptions() -     target 3 entity=[entityName=Annoy-o-Tron id=363 zone=PLAY zonePos=2 cardId=BG_GVG_085 player=14] error=127 errorParam=
D 15:45:02.8838114 GameState.DebugPrintOptions() -     target 4 entity=[entityName=Scallywag id=365 zone=PLAY zonePos=3 cardId=BGS_061 player=14] error=127 errorParam=
D 15:45:02.8838114 GameState.DebugPrintOptions() -     target 5 entity=[entityName=Them Apples id=367 zone=PLAY zonePos=4 cardId=BG28_966 player=14] error=REQ_MINION_TARGET errorParam=
D 15:45:02.8838114 GameState.DebugPrintOptions() -   option 5 type=POWER mainEntity=[entityName=Annoy-o-Tron id=363 zone=PLAY zonePos=2 cardId=BG_GVG_085 player=14] error=NONE errorParam=
D 15:45:02.8838114 GameState.DebugPrintOptions() -   option 6 type=POWER mainEntity=[entityName=Drag To Buy id=364 zone=PLAY zonePos=0 cardId=TB_BaconShop_DragBuy player=6] error=NONE errorParam=
D 15:45:02.8838114 GameState.DebugPrintOptions() -     target 0 entity=[entityName=Annoy-o-Tron id=363 zone=PLAY zonePos=2 cardId=BG_GVG_085 player=14] error=NONE errorParam=
D 15:45:02.8838114 GameState.DebugPrintOptions() -     target 1 entity=[entityName=Bartender Bob id=62 zone=PLAY zonePos=0 cardId=TB_BaconShopBob player=14] error=REQ_MINION_TARGET errorParam=
D 15:45:02.8838114 GameState.DebugPrintOptions() -     target 2 entity=[entityName=Sparkhoarder Togwaggle id=85 zone=PLAY zonePos=0 cardId=BG23_HERO_305_SKIN_B player=6] error=REQ_ENEMY_TARGET errorParam=
D 15:45:02.8838114 GameState.DebugPrintOptions() -     target 3 entity=[entityName=Deck Swabbie id=361 zone=PLAY zonePos=1 cardId=BGS_055 player=14] error=127 errorParam=
D 15:45:02.8838114 GameState.DebugPrintOptions() -     target 4 entity=[entityName=Scallywag id=365 zone=PLAY zonePos=3 cardId=BGS_061 player=14] error=127 errorParam=
D 15:45:02.8838114 GameState.DebugPrintOptions() -     target 5 entity=[entityName=Them Apples id=367 zone=PLAY zonePos=4 cardId=BG28_966 player=14] error=REQ_MINION_TARGET errorParam=
D 15:45:02.8838114 GameState.DebugPrintOptions() -   option 7 type=POWER mainEntity=[entityName=Scallywag id=365 zone=PLAY zonePos=3 cardId=BGS_061 player=14] error=NONE errorParam=
D 15:45:02.8838114 GameState.DebugPrintOptions() -   option 8 type=POWER mainEntity=[entityName=Drag To Buy id=366 zone=PLAY zonePos=0 cardId=TB_BaconShop_DragBuy player=6] error=NONE errorParam=
D 15:45:02.8838114 GameState.DebugPrintOptions() -     target 0 entity=[entityName=Scallywag id=365 zone=PLAY zonePos=3 cardId=BGS_061 player=14] error=NONE errorParam=
D 15:45:02.8838114 GameState.DebugPrintOptions() -     target 1 entity=[entityName=Bartender Bob id=62 zone=PLAY zonePos=0 cardId=TB_BaconShopBob player=14] error=REQ_MINION_TARGET errorParam=
D 15:45:02.8838114 GameState.DebugPrintOptions() -     target 2 entity=[entityName=Sparkhoarder Togwaggle id=85 zone=PLAY zonePos=0 cardId=BG23_HERO_305_SKIN_B player=6] error=REQ_ENEMY_TARGET errorParam=
D 15:45:02.8838114 GameState.DebugPrintOptions() -     target 3 entity=[entityName=Deck Swabbie id=361 zone=PLAY zonePos=1 cardId=BGS_055 player=14] error=127 errorParam=
D 15:45:02.8838114 GameState.DebugPrintOptions() -     target 4 entity=[entityName=Annoy-o-Tron id=363 zone=PLAY zonePos=2 cardId=BG_GVG_085 player=14] error=127 errorParam=
D 15:45:02.8838114 GameState.DebugPrintOptions() -     target 5 entity=[entityName=Them Apples id=367 zone=PLAY zonePos=4 cardId=BG28_966 player=14] error=REQ_MINION_TARGET errorParam=
D 15:45:02.8838114 GameState.DebugPrintOptions() -   option 9 type=POWER mainEntity=[entityName=Them Apples id=367 zone=PLAY zonePos=4 cardId=BG28_966 player=14] error=NONE errorParam=
D 15:45:02.8838114 GameState.DebugPrintOptions() -   option 10 type=POWER mainEntity=[entityName=Drag To Buy Spell id=369 zone=PLAY zonePos=0 cardId=TB_BaconShop_DragBuy_Spell player=6] error=NONE errorParam=
D 15:45:02.8838114 GameState.DebugPrintOptions() -     target 0 entity=[entityName=Them Apples id=367 zone=PLAY zonePos=4 cardId=BG28_966 player=14] error=NONE errorParam=
D 15:45:02.8838114 GameState.DebugPrintOptions() -     target 1 entity=[entityName=Bartender Bob id=62 zone=PLAY zonePos=0 cardId=TB_BaconShopBob player=14] error=127 errorParam=
D 15:45:02.8838114 GameState.DebugPrintOptions() -     target 2 entity=[entityName=Sparkhoarder Togwaggle id=85 zone=PLAY zonePos=0 cardId=BG23_HERO_305_SKIN_B player=6] error=REQ_ENEMY_TARGET errorParam=
D 15:45:02.8838114 GameState.DebugPrintOptions() -     target 3 entity=[entityName=Deck Swabbie id=361 zone=PLAY zonePos=1 cardId=BGS_055 player=14] error=127 errorParam=
D 15:45:02.8838114 GameState.DebugPrintOptions() -     target 4 entity=[entityName=Annoy-o-Tron id=363 zone=PLAY zonePos=2 cardId=BG_GVG_085 player=14] error=127 errorParam=
D 15:45:02.8838114 GameState.DebugPrintOptions() -     target 5 entity=[entityName=Scallywag id=365 zone=PLAY zonePos=3 cardId=BGS_061 player=14] error=127 errorParam=
D 15:45:02.8838114 GameState.DebugPrintOptions() -   option 11 type=POWER mainEntity=[entityName=Bartender Bob id=62 zone=PLAY zonePos=0 cardId=TB_BaconShopBob player=14] error=REQ_YOUR_TURN errorParam=
D 15:45:02.8838114 GameState.DebugPrintOptions() -   option 12 type=POWER mainEntity=[entityName=Sparkhoarder Togwaggle id=85 zone=PLAY zonePos=0 cardId=BG23_HERO_305_SKIN_B player=6] error=REQ_ATTACK_GREATER_THAN_0 errorParam=
D 15:45:02.8838114 GameState.DebugPrintOptions() -   option 13 type=POWER mainEntity=[entityName=The Perfect Crime id=166 zone=PLAY zonePos=0 cardId=BG23_HERO_305p player=6] error=REQ_ENOUGH_MANA errorParam=
D 15:45:02.8838114 GameState.DebugPrintOptions() -   option 14 type=POWER mainEntity=[entityName=Drag To Sell id=353 zone=PLAY zonePos=0 cardId=TB_BaconShop_DragSell player=6] error=REQ_TARGET_TO_PLAY errorParam=
D 15:45:02.8838114 GameState.DebugPrintOptions() -   option 15 type=POWER mainEntity=[entityName=Tavern Tier 2 id=354 zone=PLAY zonePos=0 cardId=TB_BaconShopTechUp02_Button player=6] error=REQ_ENOUGH_MANA errorParam=
D 15:45:02.8838114 GameState.DebugPrintOptions() -   option 16 type=POWER mainEntity=[entityName=Buddy Meter id=356 zone=PLAY zonePos=0 cardId=BG22_BuddyMeter player=6] error=REQ_ENOUGH_MANA errorParam=
D 15:45:03.1847722 GameState.SendOption() - selectedOption=7 selectedSubOption=-1 selectedTarget=0 selectedPosition=3
D 15:45:03.3995669 GameState.DebugPrintPowerList() - Count=10
D 15:45:03.3995669 GameState.DebugPrintPower() - BLOCK_START BlockType=MOVE_MINION Entity=[entityName=Scallywag id=365 zone=PLAY zonePos=3 cardId=BGS_061 player=14] EffectCardId=System.Collections.Generic.List`1[System.String] EffectIndex=0 Target=0 SubOption=-1 
D 15:45:03.3995669 GameState.DebugPrintPower() - BLOCK_END
D 15:45:03.3995669 GameState.DebugPrintPower() - BLOCK_START BlockType=TRIGGER Entity=[entityName=3ofKindCheckPlayerEnchant id=64 zone=PLAY zonePos=0 cardId=TB_BaconShop_3ofKindChecke player=6] EffectCardId=System.Collections.Generic.List`1[System.String] EffectIndex=0 Target=0 SubOption=-1 TriggerKeyword=TAG_NOT_SET
D 15:45:03.3995669 GameState.DebugPrintPower() - BLOCK_END
D 15:45:03.3995669 GameState.DebugPrintPower() - TAG_CHANGE Entity=GameEntity tag=1323 value=2 
D 15:45:03.3995669 GameState.DebugPrintPower() - TAG_CHANGE Entity=dymitrq#2316 tag=NUM_OPTIONS_PLAYED_THIS_TURN value=2 
D 15:45:03.3995669 GameState.DebugPrintPower() - BLOCK_START BlockType=TRIGGER Entity=dymitrq#2316 EffectCardId=System.Collections.Generic.List`1[System.String] EffectIndex=14 Target=0 SubOption=-1 TriggerKeyword=TAG_NOT_SET
D 15:45:03.3995669 GameState.DebugPrintPower() - BLOCK_END
D 15:45:03.3995669 GameState.DebugPrintPower() - BLOCK_START BlockType=TRIGGER Entity=Bartender Bob EffectCardId=System.Collections.Generic.List`1[System.String] EffectIndex=14 Target=0 SubOption=-1 TriggerKeyword=TAG_NOT_SET
D 15:45:03.3995669 GameState.DebugPrintPower() - BLOCK_END
D 15:45:03.3995669 PowerTaskList.DebugDump() - ID=147 ParentID=0 PreviousID=0 TaskCount=0
D 15:45:03.3995669 PowerTaskList.DebugPrintPower() - BLOCK_START BlockType=MOVE_MINION Entity=[entityName=Scallywag id=365 zone=PLAY zonePos=3 cardId=BGS_061 player=14] EffectCardId=System.Collections.Generic.List`1[System.String] EffectIndex=0 Target=0 SubOption=-1 
D 15:45:03.3995669 PowerTaskList.DebugPrintPower() - BLOCK_END
D 15:45:03.3995669 PowerProcessor.PrepareHistoryForCurrentTaskList() - m_currentTaskList=147
D 15:45:03.3995669 PowerProcessor.EndCurrentTaskList() - m_currentTaskList=147
D 15:45:03.3995669 PowerTaskList.DebugDump() - ID=148 ParentID=0 PreviousID=0 TaskCount=0
D 15:45:03.3995669 PowerTaskList.DebugPrintPower() - BLOCK_START BlockType=TRIGGER Entity=[entityName=3ofKindCheckPlayerEnchant id=64 zone=PLAY zonePos=0 cardId=TB_BaconShop_3ofKindChecke player=6] EffectCardId=System.Collections.Generic.List`1[System.String] EffectIndex=0 Target=0 SubOption=-1 TriggerKeyword=TAG_NOT_SET
D 15:45:03.3995669 PowerTaskList.DebugPrintPower() - BLOCK_END
D 15:45:03.3995669 PowerProcessor.PrepareHistoryForCurrentTaskList() - m_currentTaskList=148
D 15:45:03.3995669 PowerProcessor.EndCurrentTaskList() - m_currentTaskList=148
D 15:45:03.3995669 PowerTaskList.DebugDump() - ID=149 ParentID=0 PreviousID=0 TaskCount=2
D 15:45:03.3995669 PowerTaskList.DebugDump() - Block Start=(null)
D 15:45:03.3995669 PowerTaskList.DebugPrintPower() -     TAG_CHANGE Entity=GameEntity tag=1323 value=2 
D 15:45:03.3995669 PowerTaskList.DebugPrintPower() -     TAG_CHANGE Entity=dymitrq#2316 tag=NUM_OPTIONS_PLAYED_THIS_TURN value=2 
D 15:45:03.3995669 PowerTaskList.DebugDump() - Block End=(null)
D 15:45:03.3995669 PowerProcessor.PrepareHistoryForCurrentTaskList() - m_currentTaskList=149
D 15:45:03.3995669 PowerProcessor.EndCurrentTaskList() - m_currentTaskList=149
D 15:45:03.3995669 PowerTaskList.DebugDump() - ID=150 ParentID=0 PreviousID=0 TaskCount=0
D 15:45:03.3995669 PowerTaskList.DebugPrintPower() - BLOCK_START BlockType=TRIGGER Entity=dymitrq#2316 EffectCardId=System.Collections.Generic.List`1[System.String] EffectIndex=14 Target=0 SubOption=-1 TriggerKeyword=TAG_NOT_SET
D 15:45:03.3995669 PowerTaskList.DebugPrintPower() - BLOCK_END
D 15:45:03.3995669 PowerProcessor.PrepareHistoryForCurrentTaskList() - m_currentTaskList=150
D 15:45:03.3995669 PowerProcessor.EndCurrentTaskList() - m_currentTaskList=150
D 15:45:03.3995669 PowerTaskList.DebugDump() - ID=151 ParentID=0 PreviousID=0 TaskCount=0
D 15:45:03.3995669 PowerTaskList.DebugPrintPower() - BLOCK_START BlockType=TRIGGER Entity=Bartender Bob EffectCardId=System.Collections.Generic.List`1[System.String] EffectIndex=14 Target=0 SubOption=-1 TriggerKeyword=TAG_NOT_SET
D 15:45:03.3995669 PowerTaskList.DebugPrintPower() - BLOCK_END
D 15:45:03.3995669 PowerProcessor.PrepareHistoryForCurrentTaskList() - m_currentTaskList=151
D 15:45:03.3995669 PowerProcessor.EndCurrentTaskList() - m_currentTaskList=151
D 15:45:03.4829686 GameState.DebugPrintOptions() - id=3
D 15:45:03.4829686 GameState.DebugPrintOptions() -   option 0 type=END_TURN mainEntity= error=INVALID errorParam=
D 15:45:03.4829686 GameState.DebugPrintOptions() -   option 1 type=POWER mainEntity=[entityName=Refresh id=351 zone=PLAY zonePos=0 cardId=TB_BaconShop_8p_Reroll_Button player=6] error=NONE errorParam=
D 15:45:03.4829686 GameState.DebugPrintOptions() -   option 2 type=POWER mainEntity=[entityName=Freeze id=352 zone=PLAY zonePos=0 cardId=TB_BaconShopLockAll_Button player=6] error=NONE errorParam=
D 15:45:03.4829686 GameState.DebugPrintOptions() -   option 3 type=POWER mainEntity=[entityName=Deck Swabbie id=361 zone=PLAY zonePos=1 cardId=BGS_055 player=14] error=NONE errorParam=
D 15:45:03.4829686 GameState.DebugPrintOptions() -   option 4 type=POWER mainEntity=[entityName=Drag To Buy id=362 zone=PLAY zonePos=0 cardId=TB_BaconShop_DragBuy player=6] error=NONE errorParam=
D 15:45:03.4829686 GameState.DebugPrintOptions() -     target 0 entity=[entityName=Deck Swabbie id=361 zone=PLAY zonePos=1 cardId=BGS_055 player=14] error=NONE errorParam=
D 15:45:03.4829686 GameState.DebugPrintOptions() -     target 1 entity=[entityName=Bartender Bob id=62 zone=PLAY zonePos=0 cardId=TB_BaconShopBob player=14] error=REQ_MINION_TARGET errorParam=
D 15:45:03.4829686 GameState.DebugPrintOptions() -     target 2 entity=[entityName=Sparkhoarder Togwaggle id=85 zone=PLAY zonePos=0 cardId=BG23_HERO_305_SKIN_B player=6] error=REQ_ENEMY_TARGET errorParam=
D 15:45:03.4829686 GameState.DebugPrintOptions() -     target 3 entity=[entityName=Annoy-o-Tron id=363 zone=PLAY zonePos=2 cardId=BG_GVG_085 player=14] error=127 errorParam=
D 15:45:03.4829686 GameState.DebugPrintOptions() -     target 4 entity=[entityName=Scallywag id=365 zone=PLAY zonePos=3 cardId=BGS_061 player=14] error=127 errorParam=
D 15:45:03.4829686 GameState.DebugPrintOptions() -     target 5 entity=[entityName=Them Apples id=367 zone=PLAY zonePos=4 cardId=BG28_966 player=14] error=REQ_MINION_TARGET errorParam=
D 15:45:03.4829686 GameState.DebugPrintOptions() -   option 5 type=POWER mainEntity=[entityName=Annoy-o-Tron id=363 zone=PLAY zonePos=2 cardId=BG_GVG_085 player=14] error=NONE errorParam=
D 15:45:03.4829686 GameState.DebugPrintOptions() -   option 6 type=POWER mainEntity=[entityName=Drag To Buy id=364 zone=PLAY zonePos=0 cardId=TB_BaconShop_DragBuy player=6] error=NONE errorParam=
D 15:45:03.4829686 GameState.DebugPrintOptions() -     target 0 entity=[entityName=Annoy-o-Tron id=363 zone=PLAY zonePos=2 cardId=BG_GVG_085 player=14] error=NONE errorParam=
D 15:45:03.4829686 GameState.DebugPrintOptions() -     target 1 entity=[entityName=Bartender Bob id=62 zone=PLAY zonePos=0 cardId=TB_BaconShopBob player=14] error=REQ_MINION_TARGET errorParam=
D 15:45:03.4829686 GameState.DebugPrintOptions() -     target 2 entity=[entityName=Sparkhoarder Togwaggle id=85 zone=PLAY zonePos=0 cardId=BG23_HERO_305_SKIN_B player=6] error=REQ_ENEMY_TARGET errorParam=
D 15:45:03.4829686 GameState.DebugPrintOptions() -     target 3 entity=[entityName=Deck Swabbie id=361 zone=PLAY zonePos=1 cardId=BGS_055 player=14] error=127 errorParam=
D 15:45:03.4829686 GameState.DebugPrintOptions() -     target 4 entity=[entityName=Scallywag id=365 zone=PLAY zonePos=3 cardId=BGS_061 player=14] error=127 errorParam=
D 15:45:03.4829686 GameState.DebugPrintOptions() -     target 5 entity=[entityName=Them Apples id=367 zone=PLAY zonePos=4 cardId=BG28_966 player=14] error=REQ_MINION_TARGET errorParam=
D 15:45:03.4829686 GameState.DebugPrintOptions() -   option 7 type=POWER mainEntity=[entityName=Scallywag id=365 zone=PLAY zonePos=3 cardId=BGS_061 player=14] error=NONE errorParam=
D 15:45:03.4829686 GameState.DebugPrintOptions() -   option 8 type=POWER mainEntity=[entityName=Drag To Buy id=366 zone=PLAY zonePos=0 cardId=TB_BaconShop_DragBuy player=6] error=NONE errorParam=
D 15:45:03.4829686 GameState.DebugPrintOptions() -     target 0 entity=[entityName=Scallywag id=365 zone=PLAY zonePos=3 cardId=BGS_061 player=14] error=NONE errorParam=
D 15:45:03.4829686 GameState.DebugPrintOptions() -     target 1 entity=[entityName=Bartender Bob id=62 zone=PLAY zonePos=0 cardId=TB_BaconShopBob player=14] error=REQ_MINION_TARGET errorParam=
D 15:45:03.4829686 GameState.DebugPrintOptions() -     target 2 entity=[entityName=Sparkhoarder Togwaggle id=85 zone=PLAY zonePos=0 cardId=BG23_HERO_305_SKIN_B player=6] error=REQ_ENEMY_TARGET errorParam=
D 15:45:03.4829686 GameState.DebugPrintOptions() -     target 3 entity=[entityName=Deck Swabbie id=361 zone=PLAY zonePos=1 cardId=BGS_055 player=14] error=127 errorParam=
D 15:45:03.4829686 GameState.DebugPrintOptions() -     target 4 entity=[entityName=Annoy-o-Tron id=363 zone=PLAY zonePos=2 cardId=BG_GVG_085 player=14] error=127 errorParam=
D 15:45:03.4829686 GameState.DebugPrintOptions() -     target 5 entity=[entityName=Them Apples id=367 zone=PLAY zonePos=4 cardId=BG28_966 player=14] error=REQ_MINION_TARGET errorParam=
D 15:45:03.4829686 GameState.DebugPrintOptions() -   option 9 type=POWER mainEntity=[entityName=Them Apples id=367 zone=PLAY zonePos=4 cardId=BG28_966 player=14] error=NONE errorParam=
D 15:45:03.4829686 GameState.DebugPrintOptions() -   option 10 type=POWER mainEntity=[entityName=Drag To Buy Spell id=369 zone=PLAY zonePos=0 cardId=TB_BaconShop_DragBuy_Spell player=6] error=NONE errorParam=
D 15:45:03.4829686 GameState.DebugPrintOptions() -     target 0 entity=[entityName=Them Apples id=367 zone=PLAY zonePos=4 cardId=BG28_966 player=14] error=NONE errorParam=
D 15:45:03.4829686 GameState.DebugPrintOptions() -     target 1 entity=[entityName=Bartender Bob id=62 zone=PLAY zonePos=0 cardId=TB_BaconShopBob player=14] error=127 errorParam=
D 15:45:03.4829686 GameState.DebugPrintOptions() -     target 2 entity=[entityName=Sparkhoarder Togwaggle id=85 zone=PLAY zonePos=0 cardId=BG23_HERO_305_SKIN_B player=6] error=REQ_ENEMY_TARGET errorParam=
D 15:45:03.4829686 GameState.DebugPrintOptions() -     target 3 entity=[entityName=Deck Swabbie id=361 zone=PLAY zonePos=1 cardId=BGS_055 player=14] error=127 errorParam=
D 15:45:03.4829686 GameState.DebugPrintOptions() -     target 4 entity=[entityName=Annoy-o-Tron id=363 zone=PLAY zonePos=2 cardId=BG_GVG_085 player=14] error=127 errorParam=
D 15:45:03.4829686 GameState.DebugPrintOptions() -     target 5 entity=[entityName=Scallywag id=365 zone=PLAY zonePos=3 cardId=BGS_061 player=14] error=127 errorParam=
D 15:45:03.4829686 GameState.DebugPrintOptions() -   option 11 type=POWER mainEntity=[entityName=Bartender Bob id=62 zone=PLAY zonePos=0 cardId=TB_BaconShopBob player=14] error=REQ_YOUR_TURN errorParam=
D 15:45:03.4829686 GameState.DebugPrintOptions() -   option 12 type=POWER mainEntity=[entityName=Sparkhoarder Togwaggle id=85 zone=PLAY zonePos=0 cardId=BG23_HERO_305_SKIN_B player=6] error=REQ_ATTACK_GREATER_THAN_0 errorParam=
D 15:45:03.4829686 GameState.DebugPrintOptions() -   option 13 type=POWER mainEntity=[entityName=The Perfect Crime id=166 zone=PLAY zonePos=0 cardId=BG23_HERO_305p player=6] error=REQ_ENOUGH_MANA errorParam=
D 15:45:03.4829686 GameState.DebugPrintOptions() -   option 14 type=POWER mainEntity=[entityName=Drag To Sell id=353 zone=PLAY zonePos=0 cardId=TB_BaconShop_DragSell player=6] error=REQ_TARGET_TO_PLAY errorParam=
D 15:45:03.4829686 GameState.DebugPrintOptions() -   option 15 type=POWER mainEntity=[entityName=Tavern Tier 2 id=354 zone=PLAY zonePos=0 cardId=TB_BaconShopTechUp02_Button player=6] error=REQ_ENOUGH_MANA errorParam=
D 15:45:03.4829686 GameState.DebugPrintOptions() -   option 16 type=POWER mainEntity=[entityName=Buddy Meter id=356 zone=PLAY zonePos=0 cardId=BG22_BuddyMeter player=6] error=REQ_ENOUGH_MANA errorParam=
D 15:45:04.2676417 GameState.SendOption() - selectedOption=6 selectedSubOption=-1 selectedTarget=363 selectedPosition=0
D 15:45:04.4996295 GameState.DebugPrintPowerList() - Count=64
D 15:45:04.4996295 GameState.DebugPrintPower() - BLOCK_START BlockType=PLAY Entity=[entityName=Drag To Buy id=364 zone=PLAY zonePos=0 cardId=TB_BaconShop_DragBuy player=6] EffectCardId=System.Collections.Generic.List`1[System.String] EffectIndex=0 Target=[entityName=Annoy-o-Tron id=363 zone=PLAY zonePos=2 cardId=BG_GVG_085 player=14] SubOption=-1 
D 15:45:04.4996295 GameState.DebugPrintPower() -     TAG_CHANGE Entity=dymitrq#2316 tag=2245 value=3 
D 15:45:04.4996295 GameState.DebugPrintPower() -     TAG_CHANGE Entity=dymitrq#2316 tag=RESOURCES_USED value=3 
D 15:45:04.4996295 GameState.DebugPrintPower() -     TAG_CHANGE Entity=dymitrq#2316 tag=NUM_RESOURCES_SPENT_THIS_GAME value=3 
D 15:45:04.4996295 GameState.DebugPrintPower() -     TAG_CHANGE Entity=[entityName=Drag To Buy id=364 zone=PLAY zonePos=0 cardId=TB_BaconShop_DragBuy player=6] tag=CARD_TARGET value=363 
D 15:45:04.4996295 GameState.DebugPrintPower() -     BLOCK_START BlockType=POWER Entity=[entityName=Drag To Buy id=364 zone=PLAY zonePos=0 cardId=TB_BaconShop_DragBuy player=6] EffectCardId=System.Collections.Generic.List`1[System.String] EffectIndex=0 Target=[entityName=Annoy-o-Tron id=363 zone=PLAY zonePos=2 cardId=BG_GVG_085 player=14] SubOption=-1 
D 15:45:04.4996295 GameState.DebugPrintPower() -         TAG_CHANGE Entity=dymitrq#2316 tag=1914 value=1 
D 15:45:04.4996295 GameState.DebugPrintPower() -         TAG_CHANGE Entity=[entityName=Annoy-o-Tron id=363 zone=PLAY zonePos=2 cardId=BG_GVG_085 player=14] tag=851 value=1 
D 15:45:04.4996295 GameState.DebugPrintPower() -         SUB_SPELL_START - SpellPrefabGUID=Bacon_Purchase_AE_CoinThrow_Super:b574389c122b28e44b7340491b4190d2 Source=85 TargetCount=0
D 15:45:04.4996295 GameState.DebugPrintPower() -                           Source = [entityName=Sparkhoarder Togwaggle id=85 zone=PLAY zonePos=0 cardId=BG23_HERO_305_SKIN_B player=6]
D 15:45:04.4996295 GameState.DebugPrintPower() -         SUB_SPELL_END
D 15:45:04.4996295 GameState.DebugPrintPower() -         TAG_CHANGE Entity=[entityName=Annoy-o-Tron id=363 zone=PLAY zonePos=2 cardId=BG_GVG_085 player=14] tag=LAST_AFFECTED_BY value=364 
D 15:45:04.4996295 GameState.DebugPrintPower() -         TAG_CHANGE Entity=[entityName=Annoy-o-Tron id=363 zone=PLAY zonePos=2 cardId=BG_GVG_085 player=14] tag=1067 value=17 
D 15:45:04.4996295 GameState.DebugPrintPower() -         TAG_CHANGE Entity=[entityName=Annoy-o-Tron id=363 zone=PLAY zonePos=2 cardId=BG_GVG_085 player=14] tag=1067 value=0 
D 15:45:04.4996295 GameState.DebugPrintPower() -         TAG_CHANGE Entity=[entityName=Annoy-o-Tron id=363 zone=PLAY zonePos=2 cardId=BG_GVG_085 player=14] tag=1068 value=3 
D 15:45:04.4996295 GameState.DebugPrintPower() -         TAG_CHANGE Entity=[entityName=Annoy-o-Tron id=363 zone=PLAY zonePos=2 cardId=BG_GVG_085 player=14] tag=1068 value=0 
D 15:45:04.4996295 GameState.DebugPrintPower() -         TAG_CHANGE Entity=[entityName=Annoy-o-Tron id=363 zone=PLAY zonePos=2 cardId=BG_GVG_085 player=14] tag=SUPPRESS_ALL_SUMMON_VO value=0 
D 15:45:04.4996295 GameState.DebugPrintPower() -         TAG_CHANGE Entity=[entityName=Annoy-o-Tron id=363 zone=PLAY zonePos=2 cardId=BG_GVG_085 player=14] tag=1254 value=0 
D 15:45:04.4996295 GameState.DebugPrintPower() -         TAG_CHANGE Entity=[entityName=Them Apples id=367 zone=PLAY zonePos=4 cardId=BG28_966 player=14] tag=ZONE_POSITION value=3 
D 15:45:04.4996295 GameState.DebugPrintPower() -         TAG_CHANGE Entity=[entityName=Scallywag id=365 zone=PLAY zonePos=3 cardId=BGS_061 player=14] tag=ZONE_POSITION value=2 
D 15:45:04.4996295 GameState.DebugPrintPower() -         META_DATA - Meta=CONTROLLER_AND_ZONE_CHANGE Data=0 InfoCount=5
D 15:45:04.4996295 GameState.DebugPrintPower() -                     Info[0] = [entityName=Annoy-o-Tron id=363 zone=PLAY zonePos=2 cardId=BG_GVG_085 player=14]
D 15:45:04.4996295 GameState.DebugPrintPower() -                     Info[1] = 14
D 15:45:04.4996295 GameState.DebugPrintPower() -                     Info[2] = 6
D 15:45:04.4996295 GameState.DebugPrintPower() -                     Info[3] = 1
D 15:45:04.4996295 GameState.DebugPrintPower() -                     Info[4] = 3
D 15:45:04.4996295 GameState.DebugPrintPower() -         TAG_CHANGE Entity=[entityName=Annoy-o-Tron id=363 zone=PLAY zonePos=2 cardId=BG_GVG_085 player=14] tag=CONTROLLER value=6 
D 15:45:04.4996295 GameState.DebugPrintPower() -         TAG_CHANGE Entity=[entityName=Annoy-o-Tron id=363 zone=PLAY zonePos=2 cardId=BG_GVG_085 player=14] tag=ZONE_POSITION value=0 
D 15:45:04.4996295 GameState.DebugPrintPower() -         TAG_CHANGE Entity=[entityName=Annoy-o-Tron id=363 zone=PLAY zonePos=2 cardId=BG_GVG_085 player=14] tag=ZONE value=HAND 
D 15:45:04.4996295 GameState.DebugPrintPower() -         TAG_CHANGE Entity=[entityName=Annoy-o-Tron id=363 zone=PLAY zonePos=2 cardId=BG_GVG_085 player=14] tag=NUM_TURNS_IN_HAND value=1 
D 15:45:04.4996295 GameState.DebugPrintPower() -         TAG_CHANGE Entity=[entityName=Annoy-o-Tron id=363 zone=PLAY zonePos=2 cardId=BG_GVG_085 player=14] tag=ZONE_POSITION value=1 
D 15:45:04.4996295 GameState.DebugPrintPower() -         BLOCK_START BlockType=TRIGGER Entity=[entityName=3ofKindCheckPlayerEnchant id=64 zone=PLAY zonePos=0 cardId=TB_BaconShop_3ofKindChecke player=6] EffectCardId=System.Collections.Generic.List`1[System.String] EffectIndex=1 Target=0 SubOption=-1 TriggerKeyword=TAG_NOT_SET
D 15:45:04.4996295 GameState.DebugPrintPower() -         BLOCK_END
D 15:45:04.4996295 GameState.DebugPrintPower() -         BLOCK_START BlockType=TRIGGER Entity=[entityName=3ofKindCheckPlayerEnchant id=64 zone=PLAY zonePos=0 cardId=TB_BaconShop_3ofKindChecke player=6] EffectCardId=System.Collections.Generic.List`1[System.String] EffectIndex=5 Target=0 SubOption=-1 TriggerKeyword=TAG_NOT_SET
D 15:45:04.4996295 GameState.DebugPrintPower() -         BLOCK_END
D 15:45:04.4996295 GameState.DebugPrintPower() -         FULL_ENTITY - Creating ID=383 CardID=
D 15:45:04.4996295 GameState.DebugPrintPower() -             tag=ZONE value=SETASIDE
D 15:45:04.4996295 GameState.DebugPrintPower() -             tag=CONTROLLER value=6
D 15:45:04.4996295 GameState.DebugPrintPower() -             tag=ENTITY_ID value=383
D 15:45:04.4996295 GameState.DebugPrintPower() -         SHOW_ENTITY - Updating Entity=383 CardID=TB_BaconShopBadsongE
D 15:45:04.4996295 GameState.DebugPrintPower() -             tag=CONTROLLER value=6
D 15:45:04.4996295 GameState.DebugPrintPower() -             tag=CARDTYPE value=ENCHANTMENT
D 15:45:04.4996295 GameState.DebugPrintPower() -             tag=ATTACHED value=363
D 15:45:04.4996295 GameState.DebugPrintPower() -             tag=ZONE value=SETASIDE
D 15:45:04.4996295 GameState.DebugPrintPower() -             tag=ENTITY_ID value=383
D 15:45:04.4996295 GameState.DebugPrintPower() -             tag=CREATOR value=364
D 15:45:04.4996295 GameState.DebugPrintPower() -             tag=ENCHANTMENT_INVISIBLE value=1
D 15:45:04.4996295 GameState.DebugPrintPower() -             tag=1037 value=6
D 15:45:04.4996295 GameState.DebugPrintPower() -             tag=1068 value=0
D 15:45:04.4996295 GameState.DebugPrintPower() -             tag=CREATOR_DBID value=59894
D 15:45:04.4996295 GameState.DebugPrintPower() -             tag=SPAWN_TIME_COUNT value=1
D 15:45:04.4996295 GameState.DebugPrintPower() -         TAG_CHANGE Entity=383 tag=1068 value=1 
D 15:45:04.4996295 GameState.DebugPrintPower() -         TAG_CHANGE Entity=383 tag=1068 value=0 
D 15:45:04.4996295 GameState.DebugPrintPower() -         TAG_CHANGE Entity=383 tag=ZONE value=PLAY 
D 15:45:04.4996295 GameState.DebugPrintPower() -         TAG_CHANGE Entity=GameEntity tag=MISSION_EVENT value=0 
D 15:45:04.4996295 GameState.DebugPrintPower() -         TAG_CHANGE Entity=GameEntity tag=MISSION_EVENT value=103 
D 15:45:04.4996295 GameState.DebugPrintPower() -         TAG_CHANGE Entity=[entityName=Annoy-o-Tron id=363 zone=PLAY zonePos=2 cardId=BG_GVG_085 player=14] tag=HAS_DRAG_TO_BUY value=0 
D 15:45:04.4996295 GameState.DebugPrintPower() -         TAG_CHANGE Entity=[entityName=Drag To Buy id=364 zone=PLAY zonePos=0 cardId=TB_BaconShop_DragBuy player=6] tag=1068 value=5 
D 15:45:04.4996295 GameState.DebugPrintPower() -         TAG_CHANGE Entity=[entityName=Drag To Buy id=364 zone=PLAY zonePos=0 cardId=TB_BaconShop_DragBuy player=6] tag=1068 value=0 
D 15:45:04.4996295 GameState.DebugPrintPower() -         TAG_CHANGE Entity=[entityName=Drag To Buy id=364 zone=PLAY zonePos=0 cardId=TB_BaconShop_DragBuy player=6] tag=SUPPRESS_ALL_SUMMON_VO value=0 
D 15:45:04.4996295 GameState.DebugPrintPower() -         TAG_CHANGE Entity=[entityName=Drag To Buy id=364 zone=PLAY zonePos=0 cardId=TB_BaconShop_DragBuy player=6] tag=ZONE value=REMOVEDFROMGAME 
D 15:45:04.4996295 GameState.DebugPrintPower() -         TAG_CHANGE Entity=[entityName=Drag To Buy id=364 zone=PLAY zonePos=0 cardId=TB_BaconShop_DragBuy player=6] tag=HAS_ACTIVATE_POWER value=0 
D 15:45:04.4996295 GameState.DebugPrintPower() -         TAG_CHANGE Entity=[entityName=Drag To Buy id=364 zone=PLAY zonePos=0 cardId=TB_BaconShop_DragBuy player=6] tag=BACON_ACTION_CARD value=0 
D 15:45:04.4996295 GameState.DebugPrintPower() -         TAG_CHANGE Entity=[entityName=Drag To Buy id=364 zone=PLAY zonePos=0 cardId=TB_BaconShop_DragBuy player=6] tag=MOVE_MINION_HOVER_TARGET_SLOT value=0 
D 15:45:04.4996295 GameState.DebugPrintPower() -         TAG_CHANGE Entity=[entityName=Drag To Buy id=364 zone=PLAY zonePos=0 cardId=TB_BaconShop_DragBuy player=6] tag=SPAWN_TIME_COUNT value=0 
D 15:45:04.4996295 GameState.DebugPrintPower() -         TAG_CHANGE Entity=[entityName=Drag To Buy id=364 zone=PLAY zonePos=0 cardId=TB_BaconShop_DragBuy player=6] tag=2442 value=0 
D 15:45:04.4996295 GameState.DebugPrintPower() -         TAG_CHANGE Entity=[entityName=Drag To Buy id=364 zone=PLAY zonePos=0 cardId=TB_BaconShop_DragBuy player=6] tag=BACON_ACTION_CARD value=1 
D 15:45:04.4996295 GameState.DebugPrintPower() -         TAG_CHANGE Entity=[entityName=Drag To Buy id=364 zone=PLAY zonePos=0 cardId=TB_BaconShop_DragBuy player=6] tag=MOVE_MINION_HOVER_TARGET_SLOT value=1 
D 15:45:04.4996295 GameState.DebugPrintPower() -         TAG_CHANGE Entity=[entityName=Drag To Buy id=364 zone=PLAY zonePos=0 cardId=TB_BaconShop_DragBuy player=6] tag=HAS_ACTIVATE_POWER value=1 
D 15:45:04.4996295 GameState.DebugPrintPower() -     BLOCK_END
D 15:45:04.4996295 GameState.DebugPrintPower() -     TAG_CHANGE Entity=[entityName=Drag To Buy id=364 zone=PLAY zonePos=0 cardId=TB_BaconShop_DragBuy player=6] tag=COST value=0 
D 15:45:04.4996295 GameState.DebugPrintPower() -     BLOCK_START BlockType=TRIGGER Entity=[entityName=BaconShop8PlayerEnchant id=63 zone=PLAY zonePos=0 cardId=TB_BaconShop_8P_PlayerE player=6] EffectCardId=System.Collections.Generic.List`1[System.String] EffectIndex=27 Target=0 SubOption=-1 TriggerKeyword=TAG_NOT_SET
D 15:45:04.4996295 GameState.DebugPrintPower() -     BLOCK_END
D 15:45:04.4996295 GameState.DebugPrintPower() -     BLOCK_START BlockType=TRIGGER Entity=[entityName=3ofKindCheckPlayerEnchant id=64 zone=PLAY zonePos=0 cardId=TB_BaconShop_3ofKindChecke player=6] EffectCardId=System.Collections.Generic.List`1[System.String] EffectIndex=0 Target=0 SubOption=-1 TriggerKeyword=TAG_NOT_SET
D 15:45:04.4996295 GameState.DebugPrintPower() -     BLOCK_END
D 15:45:04.4996295 GameState.DebugPrintPower() -     BLOCK_START BlockType=TRIGGER Entity=[entityName=3ofKindCheckPlayerEnchant id=64 zone=PLAY zonePos=0 cardId=TB_BaconShop_3ofKindChecke player=6] EffectCardId=System.Collections.Generic.List`1[System.String] EffectIndex=-1 Target=0 SubOption=-1 TriggerKeyword=TAG_NOT_SET
D 15:45:04.4996295 GameState.DebugPrintPower() -     BLOCK_END
D 15:45:04.4996295 GameState.DebugPrintPower() -     TAG_CHANGE Entity=GameEntity tag=1323 value=3 
D 15:45:04.4996295 GameState.DebugPrintPower() -     TAG_CHANGE Entity=dymitrq#2316 tag=NUM_OPTIONS_PLAYED_THIS_TURN value=3 
D 15:45:04.4996295 GameState.DebugPrintPower() -     BLOCK_START BlockType=TRIGGER Entity=dymitrq#2316 EffectCardId=System.Collections.Generic.List`1[System.String] EffectIndex=14 Target=0 SubOption=-1 TriggerKeyword=TAG_NOT_SET
D 15:45:04.4996295 GameState.DebugPrintPower() -     BLOCK_END
D 15:45:04.4996295 GameState.DebugPrintPower() -     BLOCK_START BlockType=TRIGGER Entity=Bartender Bob EffectCardId=System.Collections.Generic.List`1[System.String] EffectIndex=14 Target=0 SubOption=-1 TriggerKeyword=TAG_NOT_SET
D 15:45:04.4996295 GameState.DebugPrintPower() -     BLOCK_END
D 15:45:04.4996295 GameState.DebugPrintPower() - BLOCK_END
D 15:45:04.4996295 PowerTaskList.DebugDump() - ID=152 ParentID=0 PreviousID=0 TaskCount=4
D 15:45:04.4996295 PowerTaskList.DebugPrintPower() - BLOCK_START BlockType=PLAY Entity=[entityName=Drag To Buy id=364 zone=PLAY zonePos=0 cardId=TB_BaconShop_DragBuy player=6] EffectCardId=System.Collections.Generic.List`1[System.String] EffectIndex=0 Target=[entityName=Annoy-o-Tron id=363 zone=PLAY zonePos=2 cardId=BG_GVG_085 player=14] SubOption=-1 
D 15:45:04.4996295 PowerTaskList.DebugPrintPower() -     TAG_CHANGE Entity=dymitrq#2316 tag=2245 value=3 
D 15:45:04.4996295 PowerTaskList.DebugPrintPower() -     TAG_CHANGE Entity=dymitrq#2316 tag=RESOURCES_USED value=3 
D 15:45:04.4996295 PowerTaskList.DebugPrintPower() -     TAG_CHANGE Entity=dymitrq#2316 tag=NUM_RESOURCES_SPENT_THIS_GAME value=3 
D 15:45:04.4996295 PowerTaskList.DebugPrintPower() -     TAG_CHANGE Entity=[entityName=Drag To Buy id=364 zone=PLAY zonePos=0 cardId=TB_BaconShop_DragBuy player=6] tag=CARD_TARGET value=363 
D 15:45:04.4996295 PowerTaskList.DebugDump() - Block End=(null)
D 15:45:04.4996295 PowerProcessor.PrepareHistoryForCurrentTaskList() - m_currentTaskList=152
D 15:45:04.4996295 PowerProcessor.DoTaskListForCard() - unhandled BlockType PLAY for sourceEntity [entityName=Drag To Buy id=364 zone=PLAY zonePos=0 cardId=TB_BaconShop_DragBuy player=6]
D 15:45:04.4996295 PowerProcessor.EndCurrentTaskList() - m_currentTaskList=152
D 15:45:04.4996295 PowerTaskList.DebugDump() - ID=153 ParentID=152 PreviousID=0 TaskCount=2
D 15:45:04.4996295 PowerTaskList.DebugPrintPower() - BLOCK_START BlockType=POWER Entity=[entityName=Drag To Buy id=364 zone=PLAY zonePos=0 cardId=TB_BaconShop_DragBuy player=6] EffectCardId=System.Collections.Generic.List`1[System.String] EffectIndex=0 Target=[entityName=Annoy-o-Tron id=363 zone=PLAY zonePos=2 cardId=BG_GVG_085 player=14] SubOption=-1 
D 15:45:04.4996295 PowerTaskList.DebugPrintPower() -     TAG_CHANGE Entity=dymitrq#2316 tag=1914 value=1 
D 15:45:04.4996295 PowerTaskList.DebugPrintPower() -     TAG_CHANGE Entity=[entityName=Annoy-o-Tron id=363 zone=PLAY zonePos=2 cardId=BG_GVG_085 player=14] tag=851 value=1 
D 15:45:04.4996295 PowerTaskList.DebugDump() - Block End=(null)
D 15:45:04.4996295 PowerProcessor.PrepareHistoryForCurrentTaskList() - m_currentTaskList=153
D 15:45:04.4996295 PowerProcessor.EndCurrentTaskList() - m_currentTaskList=153
D 15:45:04.4996295 PowerTaskList.DebugDump() - ID=154 ParentID=152 PreviousID=153 TaskCount=2
D 15:45:04.4996295 PowerTaskList.DebugDump() - Block Start=(null)
D 15:45:04.4996295 PowerTaskList.DebugPrintPower() -     SUB_SPELL_START - SpellPrefabGUID=Bacon_Purchase_AE_CoinThrow_Super:b574389c122b28e44b7340491b4190d2 Source=85 TargetCount=0
D 15:45:04.4996295 PowerTaskList.DebugPrintPower() -                       Source = [entityName=Sparkhoarder Togwaggle id=85 zone=PLAY zonePos=0 cardId=BG23_HERO_305_SKIN_B player=6]
D 15:45:04.4996295 PowerTaskList.DebugPrintPower() -     SUB_SPELL_END
D 15:45:04.4996295 PowerTaskList.DebugDump() - Block End=(null)
D 15:45:04.4996295 PowerProcessor.PrepareHistoryForCurrentTaskList() - m_currentTaskList=154
D 15:45:04.5836222 GameState.DebugPrintOptions() - id=4
D 15:45:04.5836222 GameState.DebugPrintOptions() -   option 0 type=END_TURN mainEntity= error=INVALID errorParam=
D 15:45:04.5836222 GameState.DebugPrintOptions() -   option 1 type=POWER mainEntity=[entityName=Annoy-o-Tron id=363 zone=PLAY zonePos=2 cardId=BG_GVG_085 player=14] error=NONE errorParam=
D 15:45:04.5836222 GameState.DebugPrintOptions() -   option 2 type=POWER mainEntity=[entityName=Freeze id=352 zone=PLAY zonePos=0 cardId=TB_BaconShopLockAll_Button player=6] error=NONE errorParam=
D 15:45:04.5836222 GameState.DebugPrintOptions() -   option 3 type=POWER mainEntity=[entityName=Deck Swabbie id=361 zone=PLAY zonePos=1 cardId=BGS_055 player=14] error=NONE errorParam=
D 15:45:04.5836222 GameState.DebugPrintOptions() -   option 4 type=POWER mainEntity=[entityName=Scallywag id=365 zone=PLAY zonePos=3 cardId=BGS_061 player=14] error=NONE errorParam=
D 15:45:04.5836222 GameState.DebugPrintOptions() -   option 5 type=POWER mainEntity=[entityName=Them Apples id=367 zone=PLAY zonePos=4 cardId=BG28_966 player=14] error=NONE errorParam=
D 15:45:04.5836222 GameState.DebugPrintOptions() -   option 6 type=POWER mainEntity=[entityName=Bartender Bob id=62 zone=PLAY zonePos=0 cardId=TB_BaconShopBob player=14] error=REQ_YOUR_TURN errorParam=
D 15:45:04.5836222 GameState.DebugPrintOptions() -   option 7 type=POWER mainEntity=[entityName=Sparkhoarder Togwaggle id=85 zone=PLAY zonePos=0 cardId=BG23_HERO_305_SKIN_B player=6] error=REQ_ATTACK_GREATER_THAN_0 errorParam=
D 15:45:04.5836222 GameState.DebugPrintOptions() -   option 8 type=POWER mainEntity=[entityName=The Perfect Crime id=166 zone=PLAY zonePos=0 cardId=BG23_HERO_305p player=6] error=REQ_ENOUGH_MANA errorParam=
D 15:45:04.5836222 GameState.DebugPrintOptions() -   option 9 type=POWER mainEntity=[entityName=Refresh id=351 zone=PLAY zonePos=0 cardId=TB_BaconShop_8p_Reroll_Button player=6] error=REQ_ENOUGH_MANA errorParam=
D 15:45:04.5836222 GameState.DebugPrintOptions() -   option 10 type=POWER mainEntity=[entityName=Drag To Sell id=353 zone=PLAY zonePos=0 cardId=TB_BaconShop_DragSell player=6] error=REQ_TARGET_TO_PLAY errorParam=
D 15:45:04.5836222 GameState.DebugPrintOptions() -   option 11 type=POWER mainEntity=[entityName=Tavern Tier 2 id=354 zone=PLAY zonePos=0 cardId=TB_BaconShopTechUp02_Button player=6] error=REQ_ENOUGH_MANA errorParam=
D 15:45:04.5836222 GameState.DebugPrintOptions() -   option 12 type=POWER mainEntity=[entityName=Buddy Meter id=356 zone=PLAY zonePos=0 cardId=BG22_BuddyMeter player=6] error=REQ_ENOUGH_MANA errorParam=
D 15:45:04.5836222 GameState.DebugPrintOptions() -   option 13 type=POWER mainEntity=[entityName=Drag To Buy id=362 zone=PLAY zonePos=0 cardId=TB_BaconShop_DragBuy player=6] error=REQ_ENOUGH_MANA errorParam=
D 15:45:04.5836222 GameState.DebugPrintOptions() -   option 14 type=POWER mainEntity=[entityName=Drag To Buy id=366 zone=PLAY zonePos=0 cardId=TB_BaconShop_DragBuy player=6] error=REQ_ENOUGH_MANA errorParam=
D 15:45:04.5836222 GameState.DebugPrintOptions() -   option 15 type=POWER mainEntity=[entityName=Drag To Buy Spell id=369 zone=PLAY zonePos=0 cardId=TB_BaconShop_DragBuy_Spell player=6] error=REQ_ENOUGH_MANA errorParam=
D 15:45:04.5992506 PowerProcessor.EndCurrentTaskList() - m_currentTaskList=154
D 15:45:04.5992506 PowerTaskList.DebugDump() - ID=155 ParentID=152 PreviousID=154 TaskCount=15
D 15:45:04.5992506 PowerTaskList.DebugDump() - Block Start=(null)
D 15:45:04.5992506 PowerTaskList.DebugPrintPower() -     TAG_CHANGE Entity=[entityName=Annoy-o-Tron id=363 zone=PLAY zonePos=2 cardId=BG_GVG_085 player=14] tag=LAST_AFFECTED_BY value=364 
D 15:45:04.5992506 PowerTaskList.DebugPrintPower() -     TAG_CHANGE Entity=[entityName=Annoy-o-Tron id=363 zone=PLAY zonePos=2 cardId=BG_GVG_085 player=14] tag=1067 value=17 
D 15:45:04.5992506 PowerTaskList.DebugPrintPower() -     TAG_CHANGE Entity=[entityName=Annoy-o-Tron id=363 zone=PLAY zonePos=2 cardId=BG_GVG_085 player=14] tag=1067 value=0 
D 15:45:04.5992506 PowerTaskList.DebugPrintPower() -     TAG_CHANGE Entity=[entityName=Annoy-o-Tron id=363 zone=PLAY zonePos=2 cardId=BG_GVG_085 player=14] tag=1068 value=3 
D 15:45:04.5992506 PowerTaskList.DebugPrintPower() -     TAG_CHANGE Entity=[entityName=Annoy-o-Tron id=363 zone=PLAY zonePos=2 cardId=BG_GVG_085 player=14] tag=1068 value=0 
D 15:45:04.5992506 PowerTaskList.DebugPrintPower() -     TAG_CHANGE Entity=[entityName=Annoy-o-Tron id=363 zone=PLAY zonePos=2 cardId=BG_GVG_085 player=14] tag=SUPPRESS_ALL_SUMMON_VO value=0 
D 15:45:04.5992506 PowerTaskList.DebugPrintPower() -     TAG_CHANGE Entity=[entityName=Annoy-o-Tron id=363 zone=PLAY zonePos=2 cardId=BG_GVG_085 player=14] tag=1254 value=0 
D 15:45:04.5992506 PowerTaskList.DebugPrintPower() -     TAG_CHANGE Entity=[entityName=Them Apples id=367 zone=PLAY zonePos=4 cardId=BG28_966 player=14] tag=ZONE_POSITION value=3 
D 15:45:04.5992506 PowerTaskList.DebugPrintPower() -     TAG_CHANGE Entity=[entityName=Scallywag id=365 zone=PLAY zonePos=3 cardId=BGS_061 player=14] tag=ZONE_POSITION value=2 
D 15:45:04.5992506 PowerTaskList.DebugPrintPower() -     META_DATA - Meta=CONTROLLER_AND_ZONE_CHANGE Data=0 InfoCount=5
D 15:45:04.5992506 PowerTaskList.DebugPrintPower() -                 Info[0] = [entityName=Annoy-o-Tron id=363 zone=PLAY zonePos=2 cardId=BG_GVG_085 player=14]
D 15:45:04.5992506 PowerTaskList.DebugPrintPower() -                 Info[1] = 14
D 15:45:04.5992506 PowerTaskList.DebugPrintPower() -                 Info[2] = 6
D 15:45:04.5992506 PowerTaskList.DebugPrintPower() -                 Info[3] = 1
D 15:45:04.5992506 PowerTaskList.DebugPrintPower() -                 Info[4] = 3
D 15:45:04.5992506 PowerTaskList.DebugPrintPower() -     TAG_CHANGE Entity=[entityName=Annoy-o-Tron id=363 zone=PLAY zonePos=2 cardId=BG_GVG_085 player=14] tag=CONTROLLER value=6 
D 15:45:04.5992506 PowerTaskList.DebugPrintPower() -     TAG_CHANGE Entity=[entityName=Annoy-o-Tron id=363 zone=PLAY zonePos=2 cardId=BG_GVG_085 player=14] tag=ZONE_POSITION value=0 
D 15:45:04.5992506 PowerTaskList.DebugPrintPower() -     TAG_CHANGE Entity=[entityName=Annoy-o-Tron id=363 zone=PLAY zonePos=2 cardId=BG_GVG_085 player=14] tag=ZONE value=HAND 
D 15:45:04.5992506 PowerTaskList.DebugPrintPower() -     TAG_CHANGE Entity=[entityName=Annoy-o-Tron id=363 zone=PLAY zonePos=2 cardId=BG_GVG_085 player=14] tag=NUM_TURNS_IN_HAND value=1 
D 15:45:04.5992506 PowerTaskList.DebugPrintPower() -     TAG_CHANGE Entity=[entityName=Annoy-o-Tron id=363 zone=PLAY zonePos=2 cardId=BG_GVG_085 player=14] tag=ZONE_POSITION value=1 
D 15:45:04.5992506 PowerTaskList.DebugDump() - Block End=(null)
D 15:45:04.5992506 PowerProcessor.PrepareHistoryForCurrentTaskList() - m_currentTaskList=155
D 15:45:04.9679802 PowerProcessor.EndCurrentTaskList() - m_currentTaskList=155
D 15:45:04.9837974 PowerTaskList.DebugDump() - ID=156 ParentID=153 PreviousID=0 TaskCount=0
D 15:45:04.9837974 PowerTaskList.DebugPrintPower() - BLOCK_START BlockType=TRIGGER Entity=[entityName=3ofKindCheckPlayerEnchant id=64 zone=PLAY zonePos=0 cardId=TB_BaconShop_3ofKindChecke player=6] EffectCardId=System.Collections.Generic.List`1[System.String] EffectIndex=1 Target=0 SubOption=-1 TriggerKeyword=TAG_NOT_SET
D 15:45:04.9837974 PowerTaskList.DebugPrintPower() - BLOCK_END
D 15:45:04.9837974 PowerProcessor.PrepareHistoryForCurrentTaskList() - m_currentTaskList=156
D 15:45:04.9837974 PowerProcessor.EndCurrentTaskList() - m_currentTaskList=156
D 15:45:04.9837974 PowerTaskList.DebugDump() - ID=157 ParentID=0 PreviousID=155 TaskCount=0
D 15:45:04.9837974 PowerTaskList.DebugDump() - Block Start=(null)
D 15:45:04.9837974 PowerTaskList.DebugDump() - Block End=(null)
D 15:45:04.9837974 PowerProcessor.PrepareHistoryForCurrentTaskList() - m_currentTaskList=157
D 15:45:04.9837974 PowerProcessor.EndCurrentTaskList() - m_currentTaskList=157
D 15:45:04.9837974 PowerTaskList.DebugDump() - ID=158 ParentID=153 PreviousID=0 TaskCount=0
D 15:45:04.9837974 PowerTaskList.DebugPrintPower() - BLOCK_START BlockType=TRIGGER Entity=[entityName=3ofKindCheckPlayerEnchant id=64 zone=PLAY zonePos=0 cardId=TB_BaconShop_3ofKindChecke player=6] EffectCardId=System.Collections.Generic.List`1[System.String] EffectIndex=5 Target=0 SubOption=-1 TriggerKeyword=TAG_NOT_SET
D 15:45:04.9837974 PowerTaskList.DebugPrintPower() - BLOCK_END
D 15:45:04.9837974 PowerProcessor.PrepareHistoryForCurrentTaskList() - m_currentTaskList=158
D 15:45:04.9837974 PowerProcessor.EndCurrentTaskList() - m_currentTaskList=158
D 15:45:04.9837974 PowerTaskList.DebugDump() - ID=159 ParentID=0 PreviousID=157 TaskCount=20
D 15:45:04.9837974 PowerTaskList.DebugDump() - Block Start=(null)
D 15:45:04.9837974 PowerTaskList.DebugPrintPower() -     FULL_ENTITY - Updating [entityName=UNKNOWN ENTITY [cardType=INVALID] id=383 zone=SETASIDE zonePos=0 cardId= player=6] CardID=
D 15:45:04.9837974 PowerTaskList.DebugPrintPower() -         tag=ZONE value=SETASIDE
D 15:45:04.9837974 PowerTaskList.DebugPrintPower() -         tag=CONTROLLER value=6
D 15:45:04.9837974 PowerTaskList.DebugPrintPower() -         tag=ENTITY_ID value=383
D 15:45:04.9837974 PowerTaskList.DebugPrintPower() -     SHOW_ENTITY - Updating Entity=[entityName=UNKNOWN ENTITY [cardType=INVALID] id=383 zone=SETASIDE zonePos=0 cardId= player=6] CardID=TB_BaconShopBadsongE
D 15:45:04.9837974 PowerTaskList.DebugPrintPower() -         tag=CONTROLLER value=6
D 15:45:04.9837974 PowerTaskList.DebugPrintPower() -         tag=CARDTYPE value=ENCHANTMENT
D 15:45:04.9837974 PowerTaskList.DebugPrintPower() -         tag=ATTACHED value=363
D 15:45:04.9837974 PowerTaskList.DebugPrintPower() -         tag=ZONE value=SETASIDE
D 15:45:04.9837974 PowerTaskList.DebugPrintPower() -         tag=ENTITY_ID value=383
D 15:45:04.9837974 PowerTaskList.DebugPrintPower() -         tag=CREATOR value=364
D 15:45:04.9837974 PowerTaskList.DebugPrintPower() -         tag=ENCHANTMENT_INVISIBLE value=1
D 15:45:04.9837974 PowerTaskList.DebugPrintPower() -         tag=1037 value=6
D 15:45:04.9837974 PowerTaskList.DebugPrintPower() -         tag=1068 value=0
D 15:45:04.9837974 PowerTaskList.DebugPrintPower() -         tag=CREATOR_DBID value=59894
D 15:45:04.9837974 PowerTaskList.DebugPrintPower() -         tag=SPAWN_TIME_COUNT value=1
D 15:45:04.9837974 PowerTaskList.DebugPrintPower() -     TAG_CHANGE Entity=[entityName=UNKNOWN ENTITY [cardType=INVALID] id=383 zone=SETASIDE zonePos=0 cardId= player=6] tag=1068 value=1 
D 15:45:04.9837974 PowerTaskList.DebugPrintPower() -     TAG_CHANGE Entity=[entityName=UNKNOWN ENTITY [cardType=INVALID] id=383 zone=SETASIDE zonePos=0 cardId= player=6] tag=1068 value=0 
D 15:45:04.9837974 PowerTaskList.DebugPrintPower() -     TAG_CHANGE Entity=[entityName=UNKNOWN ENTITY [cardType=INVALID] id=383 zone=SETASIDE zonePos=0 cardId= player=6] tag=ZONE value=PLAY 
D 15:45:04.9837974 PowerTaskList.DebugPrintPower() -     TAG_CHANGE Entity=GameEntity tag=MISSION_EVENT value=0 
D 15:45:04.9837974 PowerTaskList.DebugPrintPower() -     TAG_CHANGE Entity=GameEntity tag=MISSION_EVENT value=103 
D 15:45:04.9837974 PowerTaskList.DebugPrintPower() -     TAG_CHANGE Entity=[entityName=Annoy-o-Tron id=363 zone=HAND zonePos=1 cardId=BG_GVG_085 player=6] tag=HAS_DRAG_TO_BUY value=0 
D 15:45:04.9837974 PowerTaskList.DebugPrintPower() -     TAG_CHANGE Entity=[entityName=Drag To Buy id=364 zone=PLAY zonePos=0 cardId=TB_BaconShop_DragBuy player=6] tag=1068 value=5 
D 15:45:04.9837974 PowerTaskList.DebugPrintPower() -     TAG_CHANGE Entity=[entityName=Drag To Buy id=364 zone=PLAY zonePos=0 cardId=TB_BaconShop_DragBuy player=6] tag=1068 value=0 
D 15:45:04.9837974 PowerTaskList.DebugPrintPower() -     TAG_CHANGE Entity=[entityName=Drag To Buy id=364 zone=PLAY zonePos=0 cardId=TB_BaconShop_DragBuy player=6] tag=SUPPRESS_ALL_SUMMON_VO value=0 
D 15:45:04.9837974 PowerTaskList.DebugPrintPower() -     TAG_CHANGE Entity=[entityName=Drag To Buy id=364 zone=PLAY zonePos=0 cardId=TB_BaconShop_DragBuy player=6] tag=ZONE value=REMOVEDFROMGAME 
D 15:45:04.9837974 PowerTaskList.DebugPrintPower() -     TAG_CHANGE Entity=[entityName=Drag To Buy id=364 zone=PLAY zonePos=0 cardId=TB_BaconShop_DragBuy player=6] tag=HAS_ACTIVATE_POWER value=0 
D 15:45:04.9837974 PowerTaskList.DebugPrintPower() -     TAG_CHANGE Entity=[entityName=Drag To Buy id=364 zone=PLAY zonePos=0 cardId=TB_BaconShop_DragBuy player=6] tag=BACON_ACTION_CARD value=0 
D 15:45:04.9837974 PowerTaskList.DebugPrintPower() -     TAG_CHANGE Entity=[entityName=Drag To Buy id=364 zone=PLAY zonePos=0 cardId=TB_BaconShop_DragBuy player=6] tag=MOVE_MINION_HOVER_TARGET_SLOT value=0 
D 15:45:04.9837974 PowerTaskList.DebugPrintPower() -     TAG_CHANGE Entity=[entityName=Drag To Buy id=364 zone=PLAY zonePos=0 cardId=TB_BaconShop_DragBuy player=6] tag=SPAWN_TIME_COUNT value=0 
D 15:45:04.9837974 PowerTaskList.DebugPrintPower() -     TAG_CHANGE Entity=[entityName=Drag To Buy id=364 zone=PLAY zonePos=0 cardId=TB_BaconShop_DragBuy player=6] tag=2442 value=0 
D 15:45:04.9837974 PowerTaskList.DebugPrintPower() -     TAG_CHANGE Entity=[entityName=Drag To Buy id=364 zone=PLAY zonePos=0 cardId=TB_BaconShop_DragBuy player=6] tag=BACON_ACTION_CARD value=1 
D 15:45:04.9837974 PowerTaskList.DebugPrintPower() -     TAG_CHANGE Entity=[entityName=Drag To Buy id=364 zone=PLAY zonePos=0 cardId=TB_BaconShop_DragBuy player=6] tag=MOVE_MINION_HOVER_TARGET_SLOT value=1 
D 15:45:04.9837974 PowerTaskList.DebugPrintPower() -     TAG_CHANGE Entity=[entityName=Drag To Buy id=364 zone=PLAY zonePos=0 cardId=TB_BaconShop_DragBuy player=6] tag=HAS_ACTIVATE_POWER value=1 
D 15:45:04.9837974 PowerTaskList.DebugPrintPower() - BLOCK_END
D 15:45:04.9837974 PowerProcessor.PrepareHistoryForCurrentTaskList() - m_currentTaskList=159
D 15:45:04.9999768 PowerProcessor.EndCurrentTaskList() - m_currentTaskList=159
D 15:45:05.0170935 PowerTaskList.DebugDump() - ID=160 ParentID=0 PreviousID=152 TaskCount=1
D 15:45:05.0170935 PowerTaskList.DebugDump() - Block Start=(null)
D 15:45:05.0170935 PowerTaskList.DebugPrintPower() -     TAG_CHANGE Entity=[entityName=Drag To Buy id=364 zone=REMOVEDFROMGAME zonePos=0 cardId=TB_BaconShop_DragBuy player=6] tag=COST value=0 
D 15:45:05.0170935 PowerTaskList.DebugDump() - Block End=(null)
D 15:45:05.0170935 PowerProcessor.PrepareHistoryForCurrentTaskList() - m_currentTaskList=160
D 15:45:05.0170935 PowerProcessor.DoTaskListForCard() - unhandled BlockType PLAY for sourceEntity [entityName=Drag To Buy id=364 zone=REMOVEDFROMGAME zonePos=0 cardId=TB_BaconShop_DragBuy player=6]
D 15:45:05.0170935 PowerProcessor.EndCurrentTaskList() - m_currentTaskList=160
D 15:45:05.0170935 PowerTaskList.DebugDump() - ID=161 ParentID=152 PreviousID=0 TaskCount=0
D 15:45:05.0170935 PowerTaskList.DebugPrintPower() - BLOCK_START BlockType=TRIGGER Entity=[entityName=BaconShop8PlayerEnchant id=63 zone=PLAY zonePos=0 cardId=TB_BaconShop_8P_PlayerE player=6] EffectCardId=System.Collections.Generic.List`1[System.String] EffectIndex=27 Target=0 SubOption=-1 TriggerKeyword=TAG_NOT_SET
D 15:45:05.0170935 PowerTaskList.DebugPrintPower() - BLOCK_END
D 15:45:05.0170935 PowerProcessor.PrepareHistoryForCurrentTaskList() - m_currentTaskList=161
D 15:45:05.0170935 PowerProcessor.EndCurrentTaskList() - m_currentTaskList=161
D 15:45:05.0170935 PowerTaskList.DebugDump() - ID=162 ParentID=0 PreviousID=160 TaskCount=0
D 15:45:05.0170935 PowerTaskList.DebugDump() - Block Start=(null)
D 15:45:05.0170935 PowerTaskList.DebugDump() - Block End=(null)
D 15:45:05.0170935 PowerProcessor.PrepareHistoryForCurrentTaskList() - m_currentTaskList=162
D 15:45:05.0170935 PowerProcessor.DoTaskListForCard() - unhandled BlockType PLAY for sourceEntity [entityName=Drag To Buy id=364 zone=REMOVEDFROMGAME zonePos=0 cardId=TB_BaconShop_DragBuy player=6]
D 15:45:05.0170935 PowerProcessor.EndCurrentTaskList() - m_currentTaskList=162
D 15:45:05.0170935 PowerTaskList.DebugDump() - ID=163 ParentID=152 PreviousID=0 TaskCount=0
D 15:45:05.0170935 PowerTaskList.DebugPrintPower() - BLOCK_START BlockType=TRIGGER Entity=[entityName=3ofKindCheckPlayerEnchant id=64 zone=PLAY zonePos=0 cardId=TB_BaconShop_3ofKindChecke player=6] EffectCardId=System.Collections.Generic.List`1[System.String] EffectIndex=0 Target=0 SubOption=-1 TriggerKeyword=TAG_NOT_SET
D 15:45:05.0170935 PowerTaskList.DebugPrintPower() - BLOCK_END
D 15:45:05.0170935 PowerProcessor.PrepareHistoryForCurrentTaskList() - m_currentTaskList=163
D 15:45:05.0170935 PowerProcessor.EndCurrentTaskList() - m_currentTaskList=163
D 15:45:05.0170935 PowerTaskList.DebugDump() - ID=164 ParentID=0 PreviousID=162 TaskCount=0
D 15:45:05.0170935 PowerTaskList.DebugDump() - Block Start=(null)
D 15:45:05.0170935 PowerTaskList.DebugDump() - Block End=(null)
D 15:45:05.0170935 PowerProcessor.PrepareHistoryForCurrentTaskList() - m_currentTaskList=164
D 15:45:05.0170935 PowerProcessor.DoTaskListForCard() - unhandled BlockType PLAY for sourceEntity [entityName=Drag To Buy id=364 zone=REMOVEDFROMGAME zonePos=0 cardId=TB_BaconShop_DragBuy player=6]
D 15:45:05.0170935 PowerProcessor.EndCurrentTaskList() - m_currentTaskList=164
D 15:45:05.0170935 PowerTaskList.DebugDump() - ID=165 ParentID=152 PreviousID=0 TaskCount=0
D 15:45:05.0170935 PowerTaskList.DebugPrintPower() - BLOCK_START BlockType=TRIGGER Entity=[entityName=3ofKindCheckPlayerEnchant id=64 zone=PLAY zonePos=0 cardId=TB_BaconShop_3ofKindChecke player=6] EffectCardId=System.Collections.Generic.List`1[System.String] EffectIndex=-1 Target=0 SubOption=-1 TriggerKeyword=TAG_NOT_SET
D 15:45:05.0170935 PowerTaskList.DebugPrintPower() - BLOCK_END
D 15:45:05.0170935 PowerProcessor.PrepareHistoryForCurrentTaskList() - m_currentTaskList=165
D 15:45:05.0170935 PowerProcessor.EndCurrentTaskList() - m_currentTaskList=165
D 15:45:05.0170935 PowerTaskList.DebugDump() - ID=166 ParentID=0 PreviousID=164 TaskCount=2
D 15:45:05.0170935 PowerTaskList.DebugDump() - Block Start=(null)
D 15:45:05.0170935 PowerTaskList.DebugPrintPower() -     TAG_CHANGE Entity=GameEntity tag=1323 value=3 
D 15:45:05.0170935 PowerTaskList.DebugPrintPower() -     TAG_CHANGE Entity=dymitrq#2316 tag=NUM_OPTIONS_PLAYED_THIS_TURN value=3 
D 15:45:05.0170935 PowerTaskList.DebugDump() - Block End=(null)
D 15:45:05.0170935 PowerProcessor.PrepareHistoryForCurrentTaskList() - m_currentTaskList=166
D 15:45:05.0170935 PowerProcessor.DoTaskListForCard() - unhandled BlockType PLAY for sourceEntity [entityName=Drag To Buy id=364 zone=REMOVEDFROMGAME zonePos=0 cardId=TB_BaconShop_DragBuy player=6]
D 15:45:05.0170935 PowerProcessor.EndCurrentTaskList() - m_currentTaskList=166
D 15:45:05.0170935 PowerTaskList.DebugDump() - ID=167 ParentID=152 PreviousID=0 TaskCount=0
D 15:45:05.0170935 PowerTaskList.DebugPrintPower() - BLOCK_START BlockType=TRIGGER Entity=dymitrq#2316 EffectCardId=System.Collections.Generic.List`1[System.String] EffectIndex=14 Target=0 SubOption=-1 TriggerKeyword=TAG_NOT_SET
D 15:45:05.0170935 PowerTaskList.DebugPrintPower() - BLOCK_END
D 15:45:05.0170935 PowerProcessor.PrepareHistoryForCurrentTaskList() - m_currentTaskList=167
D 15:45:05.0170935 PowerProcessor.EndCurrentTaskList() - m_currentTaskList=167
D 15:45:05.0170935 PowerTaskList.DebugDump() - ID=168 ParentID=0 PreviousID=166 TaskCount=0
D 15:45:05.0170935 PowerTaskList.DebugDump() - Block Start=(null)
D 15:45:05.0170935 PowerTaskList.DebugDump() - Block End=(null)
D 15:45:05.0170935 PowerProcessor.PrepareHistoryForCurrentTaskList() - m_currentTaskList=168
D 15:45:05.0170935 PowerProcessor.DoTaskListForCard() - unhandled BlockType PLAY for sourceEntity [entityName=Drag To Buy id=364 zone=REMOVEDFROMGAME zonePos=0 cardId=TB_BaconShop_DragBuy player=6]
D 15:45:05.0170935 PowerProcessor.EndCurrentTaskList() - m_currentTaskList=168
D 15:45:05.0170935 PowerTaskList.DebugDump() - ID=169 ParentID=152 PreviousID=0 TaskCount=0
D 15:45:05.0170935 PowerTaskList.DebugPrintPower() - BLOCK_START BlockType=TRIGGER Entity=Bartender Bob EffectCardId=System.Collections.Generic.List`1[System.String] EffectIndex=14 Target=0 SubOption=-1 TriggerKeyword=TAG_NOT_SET
D 15:45:05.0170935 PowerTaskList.DebugPrintPower() - BLOCK_END
D 15:45:05.0170935 PowerProcessor.PrepareHistoryForCurrentTaskList() - m_currentTaskList=169
D 15:45:05.0170935 PowerProcessor.EndCurrentTaskList() - m_currentTaskList=169
D 15:45:05.0170935 PowerTaskList.DebugDump() - ID=170 ParentID=0 PreviousID=168 TaskCount=0
D 15:45:05.0170935 PowerTaskList.DebugDump() - Block Start=(null)
D 15:45:05.0170935 PowerTaskList.DebugPrintPower() - BLOCK_END
D 15:45:05.0170935 PowerProcessor.PrepareHistoryForCurrentTaskList() - m_currentTaskList=170
D 15:45:05.0170935 PowerProcessor.DoTaskListForCard() - unhandled BlockType PLAY for sourceEntity [entityName=Drag To Buy id=364 zone=REMOVEDFROMGAME zonePos=0 cardId=TB_BaconShop_DragBuy player=6]
D 15:45:05.0170935 PowerProcessor.EndCurrentTaskList() - m_currentTaskList=170
D 15:45:05.0686888 GameState.SendOption() - selectedOption=1 selectedSubOption=-1 selectedTarget=0 selectedPosition=1
D 15:45:05.4829020 GameState.DebugPrintPowerList() - Count=43
D 15:45:05.4829020 GameState.DebugPrintPower() - BLOCK_START BlockType=PLAY Entity=[entityName=Annoy-o-Tron id=363 zone=HAND zonePos=1 cardId=BG_GVG_085 player=6] EffectCardId=System.Collections.Generic.List`1[System.String] EffectIndex=0 Target=0 SubOption=-1 
D 15:45:05.4829020 GameState.DebugPrintPower() -     TAG_CHANGE Entity=dymitrq#2316 tag=NUM_CARDS_PLAYED_THIS_TURN value=1 
D 15:45:05.4829020 GameState.DebugPrintPower() -     TAG_CHANGE Entity=dymitrq#2316 tag=NUM_MINIONS_PLAYED_THIS_TURN value=1 
D 15:45:05.4829020 GameState.DebugPrintPower() -     TAG_CHANGE Entity=[entityName=Annoy-o-Tron id=363 zone=HAND zonePos=1 cardId=BG_GVG_085 player=6] tag=JUST_PLAYED value=1 
D 15:45:05.4829020 GameState.DebugPrintPower() -     TAG_CHANGE Entity=[entityName=Annoy-o-Tron id=363 zone=HAND zonePos=1 cardId=BG_GVG_085 player=6] tag=3557 value=1 
D 15:45:05.4829020 GameState.DebugPrintPower() -     TAG_CHANGE Entity=[entityName=Annoy-o-Tron id=363 zone=HAND zonePos=1 cardId=BG_GVG_085 player=6] tag=1068 value=1 
D 15:45:05.4829020 GameState.DebugPrintPower() -     TAG_CHANGE Entity=[entityName=Annoy-o-Tron id=363 zone=HAND zonePos=1 cardId=BG_GVG_085 player=6] tag=1068 value=0 
D 15:45:05.4829020 GameState.DebugPrintPower() -     TAG_CHANGE Entity=[entityName=Annoy-o-Tron id=363 zone=HAND zonePos=1 cardId=BG_GVG_085 player=6] tag=1037 value=0 
D 15:45:05.4829020 GameState.DebugPrintPower() -     TAG_CHANGE Entity=[entityName=Annoy-o-Tron id=363 zone=HAND zonePos=1 cardId=BG_GVG_085 player=6] tag=ZONE_POSITION value=0 
D 15:45:05.4829020 GameState.DebugPrintPower() -     TAG_CHANGE Entity=[entityName=Annoy-o-Tron id=363 zone=HAND zonePos=1 cardId=BG_GVG_085 player=6] tag=SPAWN_TIME_COUNT value=0 
D 15:45:05.4829020 GameState.DebugPrintPower() -     TAG_CHANGE Entity=[entityName=Annoy-o-Tron id=363 zone=HAND zonePos=1 cardId=BG_GVG_085 player=6] tag=SPAWN_TIME_COUNT value=1 
D 15:45:05.4829020 GameState.DebugPrintPower() -     TAG_CHANGE Entity=[entityName=Annoy-o-Tron id=363 zone=HAND zonePos=1 cardId=BG_GVG_085 player=6] tag=ZONE value=PLAY 
D 15:45:05.4829020 GameState.DebugPrintPower() -     TAG_CHANGE Entity=[entityName=Annoy-o-Tron id=363 zone=HAND zonePos=1 cardId=BG_GVG_085 player=6] tag=ZONE_POSITION value=1 
D 15:45:05.4829020 GameState.DebugPrintPower() -     TAG_CHANGE Entity=[entityName=Annoy-o-Tron id=363 zone=HAND zonePos=1 cardId=BG_GVG_085 player=6] tag=NUM_TURNS_IN_PLAY value=0 
D 15:45:05.4829020 GameState.DebugPrintPower() -     TAG_CHANGE Entity=[entityName=Annoy-o-Tron id=363 zone=HAND zonePos=1 cardId=BG_GVG_085 player=6] tag=1196 value=1 
D 15:45:05.4829020 GameState.DebugPrintPower() -     TAG_CHANGE Entity=[entityName=Annoy-o-Tron id=363 zone=HAND zonePos=1 cardId=BG_GVG_085 player=6] tag=EXHAUSTED value=1 
D 15:45:05.4829020 GameState.DebugPrintPower() -     BLOCK_START BlockType=POWER Entity=[entityName=Annoy-o-Tron id=363 zone=HAND zonePos=1 cardId=BG_GVG_085 player=6] EffectCardId=System.Collections.Generic.List`1[System.String] EffectIndex=0 Target=0 SubOption=-1 
D 15:45:05.4829020 GameState.DebugPrintPower() -     BLOCK_END
D 15:45:05.4829020 GameState.DebugPrintPower() -     BLOCK_START BlockType=TRIGGER Entity=[entityName=Costs 0 id=383 zone=PLAY zonePos=0 cardId=TB_BaconShopBadsongE player=6] EffectCardId=System.Collections.Generic.List`1[System.String] EffectIndex=0 Target=0 SubOption=-1 TriggerKeyword=TAG_NOT_SET
D 15:45:05.4829020 GameState.DebugPrintPower() -         TAG_CHANGE Entity=[entityName=Costs 0 id=383 zone=PLAY zonePos=0 cardId=TB_BaconShopBadsongE player=6] tag=1068 value=5 
D 15:45:05.4829020 GameState.DebugPrintPower() -         TAG_CHANGE Entity=[entityName=Costs 0 id=383 zone=PLAY zonePos=0 cardId=TB_BaconShopBadsongE player=6] tag=1068 value=0 
D 15:45:05.4829020 GameState.DebugPrintPower() -         TAG_CHANGE Entity=[entityName=Costs 0 id=383 zone=PLAY zonePos=0 cardId=TB_BaconShopBadsongE player=6] tag=ZONE value=REMOVEDFROMGAME 
D 15:45:05.4829020 GameState.DebugPrintPower() -         TAG_CHANGE Entity=[entityName=Costs 0 id=383 zone=PLAY zonePos=0 cardId=TB_BaconShopBadsongE player=6] tag=1234 value=363 
D 15:45:05.4829020 GameState.DebugPrintPower() -         HIDE_ENTITY - Entity=[entityName=Costs 0 id=383 zone=PLAY zonePos=0 cardId=TB_BaconShopBadsongE player=6] tag=ZONE value=REMOVEDFROMGAME
D 15:45:05.4829020 GameState.DebugPrintPower() -     BLOCK_END
D 15:45:05.4829020 GameState.DebugPrintPower() -     BLOCK_START BlockType=TRIGGER Entity=[entityName=BaconShop8PlayerEnchant id=63 zone=PLAY zonePos=0 cardId=TB_BaconShop_8P_PlayerE player=6] EffectCardId=System.Collections.Generic.List`1[System.String] EffectIndex=9 Target=0 SubOption=-1 TriggerKeyword=TAG_NOT_SET
D 15:45:05.4829020 GameState.DebugPrintPower() -         TAG_CHANGE Entity=[entityName=Annoy-o-Tron id=363 zone=HAND zonePos=1 cardId=BG_GVG_085 player=6] tag=NUM_TURNS_IN_PLAY value=3 
D 15:45:05.4829020 GameState.DebugPrintPower() -         TAG_CHANGE Entity=[entityName=Annoy-o-Tron id=363 zone=HAND zonePos=1 cardId=BG_GVG_085 player=6] tag=EXHAUSTED value=0 
D 15:45:05.4829020 GameState.DebugPrintPower() -     BLOCK_END
D 15:45:05.4829020 GameState.DebugPrintPower() -     BLOCK_START BlockType=TRIGGER Entity=[entityName=BaconShop8PlayerEnchant id=63 zone=PLAY zonePos=0 cardId=TB_BaconShop_8P_PlayerE player=6] EffectCardId=System.Collections.Generic.List`1[System.String] EffectIndex=7 Target=0 SubOption=-1 TriggerKeyword=TAG_NOT_SET
D 15:45:05.4829020 GameState.DebugPrintPower() -     BLOCK_END
D 15:45:05.4829020 GameState.DebugPrintPower() -     BLOCK_START BlockType=TRIGGER Entity=[entityName=3ofKindCheckPlayerEnchant id=64 zone=PLAY zonePos=0 cardId=TB_BaconShop_3ofKindChecke player=6] EffectCardId=System.Collections.Generic.List`1[System.String] EffectIndex=0 Target=0 SubOption=-1 TriggerKeyword=TAG_NOT_SET
D 15:45:05.4829020 GameState.DebugPrintPower() -     BLOCK_END
D 15:45:05.4829020 GameState.DebugPrintPower() -     BLOCK_START BlockType=TRIGGER Entity=[entityName=3ofKindCheckPlayerEnchant id=64 zone=PLAY zonePos=0 cardId=TB_BaconShop_3ofKindChecke player=6] EffectCardId=System.Collections.Generic.List`1[System.String] EffectIndex=-1 Target=0 SubOption=-1 TriggerKeyword=TAG_NOT_SET
D 15:45:05.4829020 GameState.DebugPrintPower() -     BLOCK_END
D 15:45:05.4829020 GameState.DebugPrintPower() -     TAG_CHANGE Entity=dymitrq#2316 tag=COMBO_ACTIVE value=1 
D 15:45:05.4829020 GameState.DebugPrintPower() -     TAG_CHANGE Entity=GameEntity tag=1323 value=4 
D 15:45:05.4829020 GameState.DebugPrintPower() -     TAG_CHANGE Entity=dymitrq#2316 tag=NUM_OPTIONS_PLAYED_THIS_TURN value=4 
D 15:45:05.4829020 GameState.DebugPrintPower() -     BLOCK_START BlockType=TRIGGER Entity=dymitrq#2316 EffectCardId=System.Collections.Generic.List`1[System.String] EffectIndex=14 Target=0 SubOption=-1 TriggerKeyword=TAG_NOT_SET
D 15:45:05.4829020 GameState.DebugPrintPower() -     BLOCK_END
D 15:45:05.4829020 GameState.DebugPrintPower() -     BLOCK_START BlockType=TRIGGER Entity=Bartender Bob EffectCardId=System.Collections.Generic.List`1[System.String] EffectIndex=14 Target=0 SubOption=-1 TriggerKeyword=TAG_NOT_SET
D 15:45:05.4829020 GameState.DebugPrintPower() -     BLOCK_END
D 15:45:05.4829020 GameState.DebugPrintPower() - BLOCK_END
D 15:45:05.4999386 GameState.DebugPrintOptions() - id=5
D 15:45:05.4999386 GameState.DebugPrintOptions() -   option 0 type=END_TURN mainEntity= error=INVALID errorParam=
D 15:45:05.4999386 GameState.DebugPrintOptions() -   option 1 type=POWER mainEntity=[entityName=Freeze id=352 zone=PLAY zonePos=0 cardId=TB_BaconShopLockAll_Button player=6] error=NONE errorParam=
D 15:45:05.4999386 GameState.DebugPrintOptions() -   option 2 type=POWER mainEntity=[entityName=Drag To Sell id=353 zone=PLAY zonePos=0 cardId=TB_BaconShop_DragSell player=6] error=NONE errorParam=
D 15:45:05.4999386 GameState.DebugPrintOptions() -     target 0 entity=[entityName=Annoy-o-Tron id=363 zone=HAND zonePos=1 cardId=BG_GVG_085 player=6] error=NONE errorParam=
D 15:45:05.4999386 GameState.DebugPrintOptions() -     target 1 entity=[entityName=Bartender Bob id=62 zone=PLAY zonePos=0 cardId=TB_BaconShopBob player=14] error=REQ_FRIENDLY_TARGET errorParam=
D 15:45:05.4999386 GameState.DebugPrintOptions() -     target 2 entity=[entityName=Sparkhoarder Togwaggle id=85 zone=PLAY zonePos=0 cardId=BG23_HERO_305_SKIN_B player=6] error=REQ_MINION_TARGET errorParam=
D 15:45:05.4999386 GameState.DebugPrintOptions() -     target 3 entity=[entityName=Deck Swabbie id=361 zone=PLAY zonePos=1 cardId=BGS_055 player=14] error=REQ_FRIENDLY_TARGET errorParam=
D 15:45:05.4999386 GameState.DebugPrintOptions() -     target 4 entity=[entityName=Scallywag id=365 zone=PLAY zonePos=2 cardId=BGS_061 player=14] error=REQ_FRIENDLY_TARGET errorParam=
D 15:45:05.4999386 GameState.DebugPrintOptions() -     target 5 entity=[entityName=Them Apples id=367 zone=PLAY zonePos=3 cardId=BG28_966 player=14] error=REQ_MINION_TARGET errorParam=
D 15:45:05.4999386 GameState.DebugPrintOptions() -   option 3 type=POWER mainEntity=[entityName=Deck Swabbie id=361 zone=PLAY zonePos=1 cardId=BGS_055 player=14] error=NONE errorParam=
D 15:45:05.4999386 GameState.DebugPrintOptions() -   option 4 type=POWER mainEntity=[entityName=Scallywag id=365 zone=PLAY zonePos=2 cardId=BGS_061 player=14] error=NONE errorParam=
D 15:45:05.4999386 GameState.DebugPrintOptions() -   option 5 type=POWER mainEntity=[entityName=Them Apples id=367 zone=PLAY zonePos=3 cardId=BG28_966 player=14] error=NONE errorParam=
D 15:45:05.4999386 GameState.DebugPrintOptions() -   option 6 type=POWER mainEntity=[entityName=Annoy-o-Tron id=363 zone=HAND zonePos=1 cardId=BG_GVG_085 player=6] error=NONE errorParam=
D 15:45:05.4999386 GameState.DebugPrintOptions() -   option 7 type=POWER mainEntity=[entityName=Bartender Bob id=62 zone=PLAY zonePos=0 cardId=TB_BaconShopBob player=14] error=REQ_YOUR_TURN errorParam=
D 15:45:05.4999386 GameState.DebugPrintOptions() -   option 8 type=POWER mainEntity=[entityName=Sparkhoarder Togwaggle id=85 zone=PLAY zonePos=0 cardId=BG23_HERO_305_SKIN_B player=6] error=REQ_ATTACK_GREATER_THAN_0 errorParam=
D 15:45:05.4999386 GameState.DebugPrintOptions() -   option 9 type=POWER mainEntity=[entityName=The Perfect Crime id=166 zone=PLAY zonePos=0 cardId=BG23_HERO_305p player=6] error=REQ_ENOUGH_MANA errorParam=
D 15:45:05.4999386 GameState.DebugPrintOptions() -   option 10 type=POWER mainEntity=[entityName=Refresh id=351 zone=PLAY zonePos=0 cardId=TB_BaconShop_8p_Reroll_Button player=6] error=REQ_ENOUGH_MANA errorParam=
D 15:45:05.4999386 GameState.DebugPrintOptions() -   option 11 type=POWER mainEntity=[entityName=Tavern Tier 2 id=354 zone=PLAY zonePos=0 cardId=TB_BaconShopTechUp02_Button player=6] error=REQ_ENOUGH_MANA errorParam=
D 15:45:05.4999386 GameState.DebugPrintOptions() -   option 12 type=POWER mainEntity=[entityName=Buddy Meter id=356 zone=PLAY zonePos=0 cardId=BG22_BuddyMeter player=6] error=REQ_ENOUGH_MANA errorParam=
D 15:45:05.4999386 GameState.DebugPrintOptions() -   option 13 type=POWER mainEntity=[entityName=Drag To Buy id=362 zone=PLAY zonePos=0 cardId=TB_BaconShop_DragBuy player=6] error=REQ_ENOUGH_MANA errorParam=
D 15:45:05.4999386 GameState.DebugPrintOptions() -   option 14 type=POWER mainEntity=[entityName=Drag To Buy id=366 zone=PLAY zonePos=0 cardId=TB_BaconShop_DragBuy player=6] error=REQ_ENOUGH_MANA errorParam=
D 15:45:05.4999386 GameState.DebugPrintOptions() -   option 15 type=POWER mainEntity=[entityName=Drag To Buy Spell id=369 zone=PLAY zonePos=0 cardId=TB_BaconShop_DragBuy_Spell player=6] error=REQ_ENOUGH_MANA errorParam=
D 15:45:05.4999386 GameState.DebugPrintOptions() -   option 16 type=POWER mainEntity=[entityName=Annoy-o-Tron id=363 zone=HAND zonePos=1 cardId=BG_GVG_085 player=6] error=REQ_ATTACKER_CAN_ATTACK errorParam=
D 15:45:05.6189755 PowerTaskList.DebugDump() - ID=171 ParentID=0 PreviousID=0 TaskCount=15
D 15:45:05.6189755 PowerTaskList.DebugPrintPower() - BLOCK_START BlockType=PLAY Entity=[entityName=Annoy-o-Tron id=363 zone=HAND zonePos=1 cardId=BG_GVG_085 player=6] EffectCardId=System.Collections.Generic.List`1[System.String] EffectIndex=0 Target=0 SubOption=-1 
D 15:45:05.6189755 PowerTaskList.DebugPrintPower() -     TAG_CHANGE Entity=dymitrq#2316 tag=NUM_CARDS_PLAYED_THIS_TURN value=1 
D 15:45:05.6189755 PowerTaskList.DebugPrintPower() -     TAG_CHANGE Entity=dymitrq#2316 tag=NUM_MINIONS_PLAYED_THIS_TURN value=1 
D 15:45:05.6189755 PowerTaskList.DebugPrintPower() -     TAG_CHANGE Entity=[entityName=Annoy-o-Tron id=363 zone=HAND zonePos=1 cardId=BG_GVG_085 player=6] tag=JUST_PLAYED value=1 
D 15:45:05.6189755 PowerTaskList.DebugPrintPower() -     TAG_CHANGE Entity=[entityName=Annoy-o-Tron id=363 zone=HAND zonePos=1 cardId=BG_GVG_085 player=6] tag=3557 value=1 
D 15:45:05.6189755 PowerTaskList.DebugPrintPower() -     TAG_CHANGE Entity=[entityName=Annoy-o-Tron id=363 zone=HAND zonePos=1 cardId=BG_GVG_085 player=6] tag=1068 value=1 
D 15:45:05.6189755 PowerTaskList.DebugPrintPower() -     TAG_CHANGE Entity=[entityName=Annoy-o-Tron id=363 zone=HAND zonePos=1 cardId=BG_GVG_085 player=6] tag=1068 value=0 
D 15:45:05.6189755 PowerTaskList.DebugPrintPower() -     TAG_CHANGE Entity=[entityName=Annoy-o-Tron id=363 zone=HAND zonePos=1 cardId=BG_GVG_085 player=6] tag=1037 value=0 
D 15:45:05.6189755 PowerTaskList.DebugPrintPower() -     TAG_CHANGE Entity=[entityName=Annoy-o-Tron id=363 zone=HAND zonePos=1 cardId=BG_GVG_085 player=6] tag=ZONE_POSITION value=0 
D 15:45:05.6189755 PowerTaskList.DebugPrintPower() -     TAG_CHANGE Entity=[entityName=Annoy-o-Tron id=363 zone=HAND zonePos=1 cardId=BG_GVG_085 player=6] tag=SPAWN_TIME_COUNT value=0 
D 15:45:05.6189755 PowerTaskList.DebugPrintPower() -     TAG_CHANGE Entity=[entityName=Annoy-o-Tron id=363 zone=HAND zonePos=1 cardId=BG_GVG_085 player=6] tag=SPAWN_TIME_COUNT value=1 
D 15:45:05.6189755 PowerTaskList.DebugPrintPower() -     TAG_CHANGE Entity=[entityName=Annoy-o-Tron id=363 zone=HAND zonePos=1 cardId=BG_GVG_085 player=6] tag=ZONE value=PLAY 
D 15:45:05.6189755 PowerTaskList.DebugPrintPower() -     TAG_CHANGE Entity=[entityName=Annoy-o-Tron id=363 zone=HAND zonePos=1 cardId=BG_GVG_085 player=6] tag=ZONE_POSITION value=1 
D 15:45:05.6189755 PowerTaskList.DebugPrintPower() -     TAG_CHANGE Entity=[entityName=Annoy-o-Tron id=363 zone=HAND zonePos=1 cardId=BG_GVG_085 player=6] tag=NUM_TURNS_IN_PLAY value=0 
D 15:45:05.6189755 PowerTaskList.DebugPrintPower() -     TAG_CHANGE Entity=[entityName=Annoy-o-Tron id=363 zone=HAND zonePos=1 cardId=BG_GVG_085 player=6] tag=1196 value=1 
D 15:45:05.6189755 PowerTaskList.DebugPrintPower() -     TAG_CHANGE Entity=[entityName=Annoy-o-Tron id=363 zone=HAND zonePos=1 cardId=BG_GVG_085 player=6] tag=EXHAUSTED value=1 
D 15:45:05.6189755 PowerTaskList.DebugDump() - Block End=(null)
D 15:45:05.6189755 PowerProcessor.PrepareHistoryForCurrentTaskList() - m_currentTaskList=171
D 15:45:05.6189755 PowerProcessor.DoTaskListForCard() - unhandled BlockType PLAY for sourceEntity [entityName=Annoy-o-Tron id=363 zone=HAND zonePos=1 cardId=BG_GVG_085 player=6]
D 15:45:05.6326855 PowerProcessor.EndCurrentTaskList() - m_currentTaskList=171
D 15:45:05.6509484 PowerTaskList.DebugDump() - ID=172 ParentID=171 PreviousID=0 TaskCount=0
D 15:45:05.6509484 PowerTaskList.DebugPrintPower() - BLOCK_START BlockType=POWER Entity=[entityName=Annoy-o-Tron id=363 zone=PLAY zonePos=1 cardId=BG_GVG_085 player=6] EffectCardId=System.Collections.Generic.List`1[System.String] EffectIndex=0 Target=0 SubOption=-1 
D 15:45:05.6509484 PowerTaskList.DebugPrintPower() - BLOCK_END
D 15:45:05.6509484 PowerProcessor.PrepareHistoryForCurrentTaskList() - m_currentTaskList=172
D 15:45:05.6509484 PowerProcessor.EndCurrentTaskList() - m_currentTaskList=172
D 15:45:05.6509484 PowerTaskList.DebugDump() - ID=173 ParentID=0 PreviousID=171 TaskCount=0
D 15:45:05.6509484 PowerTaskList.DebugDump() - Block Start=(null)
D 15:45:05.6509484 PowerTaskList.DebugDump() - Block End=(null)
D 15:45:05.6509484 PowerProcessor.PrepareHistoryForCurrentTaskList() - m_currentTaskList=173
D 15:45:05.6509484 PowerProcessor.DoTaskListForCard() - unhandled BlockType PLAY for sourceEntity [entityName=Annoy-o-Tron id=363 zone=PLAY zonePos=1 cardId=BG_GVG_085 player=6]
D 15:45:05.6509484 PowerProcessor.EndCurrentTaskList() - m_currentTaskList=173
D 15:45:05.6509484 PowerTaskList.DebugDump() - ID=174 ParentID=171 PreviousID=0 TaskCount=5
D 15:45:05.6509484 PowerTaskList.DebugPrintPower() - BLOCK_START BlockType=TRIGGER Entity=[entityName=Costs 0 id=383 zone=PLAY zonePos=0 cardId=TB_BaconShopBadsongE player=6] EffectCardId=System.Collections.Generic.List`1[System.String] EffectIndex=0 Target=0 SubOption=-1 TriggerKeyword=TAG_NOT_SET
D 15:45:05.6509484 PowerTaskList.DebugPrintPower() -     TAG_CHANGE Entity=[entityName=Costs 0 id=383 zone=PLAY zonePos=0 cardId=TB_BaconShopBadsongE player=6] tag=1068 value=5 
D 15:45:05.6509484 PowerTaskList.DebugPrintPower() -     TAG_CHANGE Entity=[entityName=Costs 0 id=383 zone=PLAY zonePos=0 cardId=TB_BaconShopBadsongE player=6] tag=1068 value=0 
D 15:45:05.6509484 PowerTaskList.DebugPrintPower() -     TAG_CHANGE Entity=[entityName=Costs 0 id=383 zone=PLAY zonePos=0 cardId=TB_BaconShopBadsongE player=6] tag=ZONE value=REMOVEDFROMGAME 
D 15:45:05.6509484 PowerTaskList.DebugPrintPower() -     TAG_CHANGE Entity=[entityName=Costs 0 id=383 zone=PLAY zonePos=0 cardId=TB_BaconShopBadsongE player=6] tag=1234 value=363 
D 15:45:05.6509484 PowerTaskList.DebugPrintPower() -     HIDE_ENTITY - Entity=[entityName=Costs 0 id=383 zone=PLAY zonePos=0 cardId=TB_BaconShopBadsongE player=6] tag=ZONE value=REMOVEDFROMGAME
D 15:45:05.6509484 PowerTaskList.DebugPrintPower() - BLOCK_END
D 15:45:05.6509484 PowerProcessor.PrepareHistoryForCurrentTaskList() - m_currentTaskList=174
D 15:45:05.6676420 PowerProcessor.EndCurrentTaskList() - m_currentTaskList=174
D 15:45:05.6835606 PowerTaskList.DebugDump() - ID=175 ParentID=0 PreviousID=173 TaskCount=0
D 15:45:05.6835606 PowerTaskList.DebugDump() - Block Start=(null)
D 15:45:05.6835606 PowerTaskList.DebugDump() - Block End=(null)
D 15:45:05.6835606 PowerProcessor.PrepareHistoryForCurrentTaskList() - m_currentTaskList=175
D 15:45:05.6835606 PowerProcessor.DoTaskListForCard() - unhandled BlockType PLAY for sourceEntity [entityName=Annoy-o-Tron id=363 zone=PLAY zonePos=1 cardId=BG_GVG_085 player=6]
D 15:45:05.6835606 PowerProcessor.EndCurrentTaskList() - m_currentTaskList=175
D 15:45:05.6835606 PowerTaskList.DebugDump() - ID=176 ParentID=171 PreviousID=0 TaskCount=2
D 15:45:05.6835606 PowerTaskList.DebugPrintPower() - BLOCK_START BlockType=TRIGGER Entity=[entityName=BaconShop8PlayerEnchant id=63 zone=PLAY zonePos=0 cardId=TB_BaconShop_8P_PlayerE player=6] EffectCardId=System.Collections.Generic.List`1[System.String] EffectIndex=9 Target=0 SubOption=-1 TriggerKeyword=TAG_NOT_SET
D 15:45:05.6835606 PowerTaskList.DebugPrintPower() -     TAG_CHANGE Entity=[entityName=Annoy-o-Tron id=363 zone=PLAY zonePos=1 cardId=BG_GVG_085 player=6] tag=NUM_TURNS_IN_PLAY value=3 
D 15:45:05.6835606 PowerTaskList.DebugPrintPower() -     TAG_CHANGE Entity=[entityName=Annoy-o-Tron id=363 zone=PLAY zonePos=1 cardId=BG_GVG_085 player=6] tag=EXHAUSTED value=0 
D 15:45:05.6835606 PowerTaskList.DebugPrintPower() - BLOCK_END
D 15:45:05.6835606 PowerProcessor.PrepareHistoryForCurrentTaskList() - m_currentTaskList=176
D 15:45:05.6835606 PowerProcessor.EndCurrentTaskList() - m_currentTaskList=176
D 15:45:05.6835606 PowerTaskList.DebugDump() - ID=177 ParentID=0 PreviousID=175 TaskCount=0
D 15:45:05.6835606 PowerTaskList.DebugDump() - Block Start=(null)
D 15:45:05.6835606 PowerTaskList.DebugDump() - Block End=(null)
D 15:45:05.6835606 PowerProcessor.PrepareHistoryForCurrentTaskList() - m_currentTaskList=177
D 15:45:05.6835606 PowerProcessor.DoTaskListForCard() - unhandled BlockType PLAY for sourceEntity [entityName=Annoy-o-Tron id=363 zone=PLAY zonePos=1 cardId=BG_GVG_085 player=6]
D 15:45:05.6835606 PowerProcessor.EndCurrentTaskList() - m_currentTaskList=177
D 15:45:05.6835606 PowerTaskList.DebugDump() - ID=178 ParentID=171 PreviousID=0 TaskCount=0
D 15:45:05.6835606 PowerTaskList.DebugPrintPower() - BLOCK_START BlockType=TRIGGER Entity=[entityName=BaconShop8PlayerEnchant id=63 zone=PLAY zonePos=0 cardId=TB_BaconShop_8P_PlayerE player=6] EffectCardId=System.Collections.Generic.List`1[System.String] EffectIndex=7 Target=0 SubOption=-1 TriggerKeyword=TAG_NOT_SET
D 15:45:05.6835606 PowerTaskList.DebugPrintPower() - BLOCK_END
D 15:45:05.6835606 PowerProcessor.PrepareHistoryForCurrentTaskList() - m_currentTaskList=178
D 15:45:05.6835606 PowerProcessor.EndCurrentTaskList() - m_currentTaskList=178
D 15:45:05.6835606 PowerTaskList.DebugDump() - ID=179 ParentID=0 PreviousID=177 TaskCount=0
D 15:45:05.6835606 PowerTaskList.DebugDump() - Block Start=(null)
D 15:45:05.6835606 PowerTaskList.DebugDump() - Block End=(null)
D 15:45:05.6835606 PowerProcessor.PrepareHistoryForCurrentTaskList() - m_currentTaskList=179
D 15:45:05.6835606 PowerProcessor.DoTaskListForCard() - unhandled BlockType PLAY for sourceEntity [entityName=Annoy-o-Tron id=363 zone=PLAY zonePos=1 cardId=BG_GVG_085 player=6]
D 15:45:05.6835606 PowerProcessor.EndCurrentTaskList() - m_currentTaskList=179
D 15:45:05.6835606 PowerTaskList.DebugDump() - ID=180 ParentID=171 PreviousID=0 TaskCount=0
D 15:45:05.6835606 PowerTaskList.DebugPrintPower() - BLOCK_START BlockType=TRIGGER Entity=[entityName=3ofKindCheckPlayerEnchant id=64 zone=PLAY zonePos=0 cardId=TB_BaconShop_3ofKindChecke player=6] EffectCardId=System.Collections.Generic.List`1[System.String] EffectIndex=0 Target=0 SubOption=-1 TriggerKeyword=TAG_NOT_SET
D 15:45:05.6835606 PowerTaskList.DebugPrintPower() - BLOCK_END
D 15:45:05.6835606 PowerProcessor.PrepareHistoryForCurrentTaskList() - m_currentTaskList=180
D 15:45:05.6835606 PowerProcessor.EndCurrentTaskList() - m_currentTaskList=180
D 15:45:05.6835606 PowerTaskList.DebugDump() - ID=181 ParentID=0 PreviousID=179 TaskCount=0
D 15:45:05.6835606 PowerTaskList.DebugDump() - Block Start=(null)
D 15:45:05.6835606 PowerTaskList.DebugDump() - Block End=(null)
D 15:45:05.6835606 PowerProcessor.PrepareHistoryForCurrentTaskList() - m_currentTaskList=181
D 15:45:05.6835606 PowerProcessor.DoTaskListForCard() - unhandled BlockType PLAY for sourceEntity [entityName=Annoy-o-Tron id=363 zone=PLAY zonePos=1 cardId=BG_GVG_085 player=6]
D 15:45:05.6835606 PowerProcessor.EndCurrentTaskList() - m_currentTaskList=181
D 15:45:05.6835606 PowerTaskList.DebugDump() - ID=182 ParentID=171 PreviousID=0 TaskCount=0
D 15:45:05.6835606 PowerTaskList.DebugPrintPower() - BLOCK_START BlockType=TRIGGER Entity=[entityName=3ofKindCheckPlayerEnchant id=64 zone=PLAY zonePos=0 cardId=TB_BaconShop_3ofKindChecke player=6] EffectCardId=System.Collections.Generic.List`1[System.String] EffectIndex=-1 Target=0 SubOption=-1 TriggerKeyword=TAG_NOT_SET
D 15:45:05.6835606 PowerTaskList.DebugPrintPower() - BLOCK_END
D 15:45:05.6835606 PowerProcessor.PrepareHistoryForCurrentTaskList() - m_currentTaskList=182
D 15:45:05.6835606 PowerProcessor.EndCurrentTaskList() - m_currentTaskList=182
D 15:45:05.6835606 PowerTaskList.DebugDump() - ID=183 ParentID=0 PreviousID=181 TaskCount=3
D 15:45:05.6835606 PowerTaskList.DebugDump() - Block Start=(null)
D 15:45:05.6835606 PowerTaskList.DebugPrintPower() -     TAG_CHANGE Entity=dymitrq#2316 tag=COMBO_ACTIVE value=1 
D 15:45:05.6835606 PowerTaskList.DebugPrintPower() -     TAG_CHANGE Entity=GameEntity tag=1323 value=4 
D 15:45:05.6835606 PowerTaskList.DebugPrintPower() -     TAG_CHANGE Entity=dymitrq#2316 tag=NUM_OPTIONS_PLAYED_THIS_TURN value=4 
D 15:45:05.6835606 PowerTaskList.DebugDump() - Block End=(null)
D 15:45:05.6835606 PowerProcessor.PrepareHistoryForCurrentTaskList() - m_currentTaskList=183
D 15:45:05.6835606 PowerProcessor.DoTaskListForCard() - unhandled BlockType PLAY for sourceEntity [entityName=Annoy-o-Tron id=363 zone=PLAY zonePos=1 cardId=BG_GVG_085 player=6]
D 15:45:05.6835606 PowerProcessor.EndCurrentTaskList() - m_currentTaskList=183
D 15:45:05.6835606 PowerTaskList.DebugDump() - ID=184 ParentID=171 PreviousID=0 TaskCount=0
D 15:45:05.6835606 PowerTaskList.DebugPrintPower() - BLOCK_START BlockType=TRIGGER Entity=dymitrq#2316 EffectCardId=System.Collections.Generic.List`1[System.String] EffectIndex=14 Target=0 SubOption=-1 TriggerKeyword=TAG_NOT_SET
D 15:45:05.6835606 PowerTaskList.DebugPrintPower() - BLOCK_END
D 15:45:05.6835606 PowerProcessor.PrepareHistoryForCurrentTaskList() - m_currentTaskList=184
D 15:45:05.6835606 PowerProcessor.EndCurrentTaskList() - m_currentTaskList=184
D 15:45:05.6835606 PowerTaskList.DebugDump() - ID=185 ParentID=0 PreviousID=183 TaskCount=0
D 15:45:05.6835606 PowerTaskList.DebugDump() - Block Start=(null)
D 15:45:05.6835606 PowerTaskList.DebugDump() - Block End=(null)
D 15:45:05.6835606 PowerProcessor.PrepareHistoryForCurrentTaskList() - m_currentTaskList=185
D 15:45:05.6835606 PowerProcessor.DoTaskListForCard() - unhandled BlockType PLAY for sourceEntity [entityName=Annoy-o-Tron id=363 zone=PLAY zonePos=1 cardId=BG_GVG_085 player=6]
D 15:45:05.6835606 PowerProcessor.EndCurrentTaskList() - m_currentTaskList=185
D 15:45:05.6835606 PowerTaskList.DebugDump() - ID=186 ParentID=171 PreviousID=0 TaskCount=0
D 15:45:05.6835606 PowerTaskList.DebugPrintPower() - BLOCK_START BlockType=TRIGGER Entity=Bartender Bob EffectCardId=System.Collections.Generic.List`1[System.String] EffectIndex=14 Target=0 SubOption=-1 TriggerKeyword=TAG_NOT_SET
D 15:45:05.6835606 PowerTaskList.DebugPrintPower() - BLOCK_END
D 15:45:05.6835606 PowerProcessor.PrepareHistoryForCurrentTaskList() - m_currentTaskList=186
D 15:45:05.6835606 PowerProcessor.EndCurrentTaskList() - m_currentTaskList=186
D 15:45:05.6835606 PowerTaskList.DebugDump() - ID=187 ParentID=0 PreviousID=185 TaskCount=0
D 15:45:05.6835606 PowerTaskList.DebugDump() - Block Start=(null)
D 15:45:05.6835606 PowerTaskList.DebugPrintPower() - BLOCK_END
D 15:45:05.6835606 PowerProcessor.PrepareHistoryForCurrentTaskList() - m_currentTaskList=187
D 15:45:05.6835606 PowerProcessor.DoTaskListForCard() - unhandled BlockType PLAY for sourceEntity [entityName=Annoy-o-Tron id=363 zone=PLAY zonePos=1 cardId=BG_GVG_085 player=6]
D 15:45:05.6835606 PowerProcessor.EndCurrentTaskList() - m_currentTaskList=187
D 15:45:15.5828589 GameState.DebugPrintPowerList() - Count=281
D 15:45:15.5828589 GameState.DebugPrintPower() - META_DATA - Meta=ARTIFICIAL_HISTORY_INTERRUPT Data=0 InfoCount=0
D 15:45:15.5828589 GameState.DebugPrintPower() - TAG_CHANGE Entity=[entityName=Annoy-o-Tron id=363 zone=PLAY zonePos=1 cardId=BG_GVG_085 player=6] tag=1196 value=0 
D 15:45:15.5828589 GameState.DebugPrintPower() - TAG_CHANGE Entity=GameEntity tag=STEP value=MAIN_END 
D 15:45:15.5828589 GameState.DebugPrintPower() - BLOCK_START BlockType=TRIGGER Entity=[entityName=BaconShop8PlayerEnchant id=63 zone=PLAY zonePos=0 cardId=TB_BaconShop_8P_PlayerE player=6] EffectCardId=System.Collections.Generic.List`1[System.String] EffectIndex=33 Target=0 SubOption=-1 TriggerKeyword=TAG_NOT_SET
D 15:45:15.5828589 GameState.DebugPrintPower() -     TAG_CHANGE Entity=[entityName=Annoy-o-Tron id=363 zone=PLAY zonePos=1 cardId=BG_GVG_085 player=6] tag=SPAWN_TIME_COUNT value=0 
D 15:45:15.5828589 GameState.DebugPrintPower() -     TAG_CHANGE Entity=[entityName=Annoy-o-Tron id=363 zone=PLAY zonePos=1 cardId=BG_GVG_085 player=6] tag=SPAWN_TIME_COUNT value=1 
D 15:45:15.5828589 GameState.DebugPrintPower() - BLOCK_END
D 15:45:15.5828589 GameState.DebugPrintPower() - BLOCK_START BlockType=TRIGGER Entity=[entityName=3ofKindCheckPlayerEnchant id=64 zone=PLAY zonePos=0 cardId=TB_BaconShop_3ofKindChecke player=6] EffectCardId=System.Collections.Generic.List`1[System.String] EffectIndex=2 Target=0 SubOption=-1 TriggerKeyword=TAG_NOT_SET
D 15:45:15.5828589 GameState.DebugPrintPower() -     TAG_CHANGE Entity=[entityName=3ofKindCheckPlayerEnchant id=64 zone=PLAY zonePos=0 cardId=TB_BaconShop_3ofKindChecke player=6] tag=2747 value=64 
D 15:45:15.5828589 GameState.DebugPrintPower() -     TAG_CHANGE Entity=[entityName=3ofKindCheckPlayerEnchant id=64 zone=PLAY zonePos=0 cardId=TB_BaconShop_3ofKindChecke player=6] tag=LAST_AFFECTED_BY value=64 
D 15:45:15.5828589 GameState.DebugPrintPower() -     TAG_CHANGE Entity=[entityName=3ofKindCheckPlayerEnchant id=64 zone=PLAY zonePos=0 cardId=TB_BaconShop_3ofKindChecke player=6] tag=1068 value=4 
D 15:45:15.5828589 GameState.DebugPrintPower() -     TAG_CHANGE Entity=[entityName=3ofKindCheckPlayerEnchant id=64 zone=PLAY zonePos=0 cardId=TB_BaconShop_3ofKindChecke player=6] tag=1068 value=0 
D 15:45:15.5828589 GameState.DebugPrintPower() -     TAG_CHANGE Entity=[entityName=3ofKindCheckPlayerEnchant id=64 zone=PLAY zonePos=0 cardId=TB_BaconShop_3ofKindChecke player=6] tag=1037 value=6 
D 15:45:15.5828589 GameState.DebugPrintPower() -     TAG_CHANGE Entity=[entityName=3ofKindCheckPlayerEnchant id=64 zone=PLAY zonePos=0 cardId=TB_BaconShop_3ofKindChecke player=6] tag=ZONE value=GRAVEYARD 
D 15:45:15.5828589 GameState.DebugPrintPower() -     TAG_CHANGE Entity=[entityName=3ofKindCheckPlayerEnchant id=64 zone=PLAY zonePos=0 cardId=TB_BaconShop_3ofKindChecke player=6] tag=1234 value=17 
D 15:45:15.5828589 GameState.DebugPrintPower() -     HIDE_ENTITY - Entity=[entityName=3ofKindCheckPlayerEnchant id=64 zone=PLAY zonePos=0 cardId=TB_BaconShop_3ofKindChecke player=6] tag=ZONE value=GRAVEYARD
D 15:45:15.5828589 GameState.DebugPrintPower() - BLOCK_END
D 15:45:15.5828589 GameState.DebugPrintPower() - BLOCK_START BlockType=TRIGGER Entity=dymitrq#2316 EffectCardId=System.Collections.Generic.List`1[System.String] EffectIndex=-1 Target=0 SubOption=-1 TriggerKeyword=TAG_NOT_SET
D 15:45:15.5828589 GameState.DebugPrintPower() -     TAG_CHANGE Entity=GameEntity tag=NEXT_STEP value=MAIN_CLEANUP 
D 15:45:15.5828589 GameState.DebugPrintPower() - BLOCK_END
D 15:45:15.5828589 GameState.DebugPrintPower() - BLOCK_START BlockType=TRIGGER Entity=dymitrq#2316 EffectCardId=System.Collections.Generic.List`1[System.String] EffectIndex=-1 Target=0 SubOption=-1 TriggerKeyword=TAG_NOT_SET
D 15:45:15.5828589 GameState.DebugPrintPower() - BLOCK_END
D 15:45:15.5828589 GameState.DebugPrintPower() - BLOCK_START BlockType=TRIGGER Entity=Bartender Bob EffectCardId=System.Collections.Generic.List`1[System.String] EffectIndex=-1 Target=0 SubOption=-1 TriggerKeyword=TAG_NOT_SET
D 15:45:15.5828589 GameState.DebugPrintPower() - BLOCK_END
D 15:45:15.5828589 GameState.DebugPrintPower() - BLOCK_START BlockType=TRIGGER Entity=[entityName=BaconShop8PlayerEnchant id=63 zone=PLAY zonePos=0 cardId=TB_BaconShop_8P_PlayerE player=6] EffectCardId=System.Collections.Generic.List`1[System.String] EffectIndex=-1 Target=0 SubOption=-1 TriggerKeyword=2882
D 15:45:15.5828589 GameState.DebugPrintPower() -     TAG_CHANGE Entity=GameEntity tag=SUPPRESS_ALL_SUMMON_VO value=1 
D 15:45:15.5828589 GameState.DebugPrintPower() -     TAG_CHANGE Entity=GameEntity tag=MISSION_EVENT value=0 
D 15:45:15.5828589 GameState.DebugPrintPower() -     TAG_CHANGE Entity=GameEntity tag=MISSION_EVENT value=115 
D 15:45:15.5828589 GameState.DebugPrintPower() - BLOCK_END
D 15:45:15.5828589 GameState.DebugPrintPower() - BLOCK_START BlockType=TRIGGER Entity=[entityName=BaconShop8PlayerEnchant id=63 zone=PLAY zonePos=0 cardId=TB_BaconShop_8P_PlayerE player=6] EffectCardId=System.Collections.Generic.List`1[System.String] EffectIndex=29 Target=0 SubOption=-1 TriggerKeyword=TAG_NOT_SET
D 15:45:15.5828589 GameState.DebugPrintPower() - BLOCK_END
D 15:45:15.5828589 GameState.DebugPrintPower() - BLOCK_START BlockType=TRIGGER Entity=[entityName=The Perfect Crime id=166 zone=PLAY zonePos=0 cardId=BG23_HERO_305p player=6] EffectCardId=System.Collections.Generic.List`1[System.String] EffectIndex=0 Target=0 SubOption=-1 TriggerKeyword=TAG_NOT_SET
D 15:45:15.5828589 GameState.DebugPrintPower() -     SUB_SPELL_START - SpellPrefabGUID=Coins_ImpactOnly_FX:636e6c2d37fdf2945b2232ef7ba20145 Source=166 TargetCount=1
D 15:45:15.5828589 GameState.DebugPrintPower() -                       Source = [entityName=The Perfect Crime id=166 zone=PLAY zonePos=0 cardId=BG23_HERO_305p player=6]
D 15:45:15.5828589 GameState.DebugPrintPower() -                       Targets[0] = [entityName=The Perfect Crime id=166 zone=PLAY zonePos=0 cardId=BG23_HERO_305p player=6]
D 15:45:15.5828589 GameState.DebugPrintPower() -         TAG_CHANGE Entity=[entityName=The Perfect Crime id=166 zone=PLAY zonePos=0 cardId=BG23_HERO_305p player=6] tag=COST value=10 
D 15:45:15.5828589 GameState.DebugPrintPower() -     SUB_SPELL_END
D 15:45:15.5828589 GameState.DebugPrintPower() - BLOCK_END
D 15:45:15.5828589 GameState.DebugPrintPower() - BLOCK_START BlockType=TRIGGER Entity=[entityName=Freeze id=352 zone=PLAY zonePos=0 cardId=TB_BaconShopLockAll_Button player=6] EffectCardId=System.Collections.Generic.List`1[System.String] EffectIndex=0 Target=0 SubOption=-1 TriggerKeyword=TAG_NOT_SET
D 15:45:15.5828589 GameState.DebugPrintPower() - BLOCK_END
D 15:45:15.5828589 GameState.DebugPrintPower() - BLOCK_START BlockType=TRIGGER Entity=[entityName=BaconShop8PlayerEnchant id=63 zone=PLAY zonePos=0 cardId=TB_BaconShop_8P_PlayerE player=6] EffectCardId=System.Collections.Generic.List`1[System.String] EffectIndex=22 Target=0 SubOption=-1 TriggerKeyword=TAG_NOT_SET
D 15:45:15.5828589 GameState.DebugPrintPower() - BLOCK_END
D 15:45:15.5828589 GameState.DebugPrintPower() - BLOCK_START BlockType=TRIGGER Entity=[entityName=BaconShop8PlayerEnchant id=63 zone=PLAY zonePos=0 cardId=TB_BaconShop_8P_PlayerE player=6] EffectCardId=System.Collections.Generic.List`1[System.String] EffectIndex=35 Target=0 SubOption=-1 TriggerKeyword=TAG_NOT_SET
D 15:45:15.5828589 GameState.DebugPrintPower() -     FULL_ENTITY - Creating ID=390 CardID=
D 15:45:15.5828589 GameState.DebugPrintPower() -         tag=ZONE value=SETASIDE
D 15:45:15.5828589 GameState.DebugPrintPower() -         tag=CONTROLLER value=6
D 15:45:15.5828589 GameState.DebugPrintPower() -         tag=ENTITY_ID value=390
D 15:45:15.5828589 GameState.DebugPrintPower() -     SHOW_ENTITY - Updating Entity=390 CardID=Bacon_TagTransferPlayerE
D 15:45:15.5828589 GameState.DebugPrintPower() -         tag=CONTROLLER value=6
D 15:45:15.5828589 GameState.DebugPrintPower() -         tag=CARDTYPE value=ENCHANTMENT
D 15:45:15.5828589 GameState.DebugPrintPower() -         tag=ATTACHED value=17
D 15:45:15.5828589 GameState.DebugPrintPower() -         tag=ZONE value=SETASIDE
D 15:45:15.5828589 GameState.DebugPrintPower() -         tag=ENTITY_ID value=390
D 15:45:15.5828589 GameState.DebugPrintPower() -         tag=CREATOR value=63
D 15:45:15.5828589 GameState.DebugPrintPower() -         tag=1037 value=6
D 15:45:15.5828589 GameState.DebugPrintPower() -         tag=1068 value=0
D 15:45:15.5828589 GameState.DebugPrintPower() -         tag=CREATOR_DBID value=57980
D 15:45:15.5828589 GameState.DebugPrintPower() -         tag=SPAWN_TIME_COUNT value=1
D 15:45:15.5828589 GameState.DebugPrintPower() -         tag=2860 value=1
D 15:45:15.5828589 GameState.DebugPrintPower() -         tag=3090 value=3245
D 15:45:15.5828589 GameState.DebugPrintPower() -     TAG_CHANGE Entity=390 tag=1068 value=1 
D 15:45:15.5828589 GameState.DebugPrintPower() -     TAG_CHANGE Entity=390 tag=1068 value=0 
D 15:45:15.5828589 GameState.DebugPrintPower() -     TAG_CHANGE Entity=390 tag=ZONE value=PLAY 
D 15:45:15.5828589 GameState.DebugPrintPower() -     TAG_CHANGE Entity=dymitrq#2316 tag=3245 value=390 
D 15:45:15.5828589 GameState.DebugPrintPower() -     TAG_CHANGE Entity=390 tag=2245 value=3 
D 15:45:15.5828589 GameState.DebugPrintPower() -     TAG_CHANGE Entity=390 tag=2336 value=1 
D 15:45:15.5828589 GameState.DebugPrintPower() -     TAG_CHANGE Entity=390 tag=BACON_MAX_PLAYER_TECH_LEVEL value=6 
D 15:45:15.5828589 GameState.DebugPrintPower() -     TAG_CHANGE Entity=390 tag=RESOURCES value=3 
D 15:45:15.5828589 GameState.DebugPrintPower() -     TAG_CHANGE Entity=390 tag=PLAYER_TECH_LEVEL value=1 
D 15:45:15.5828589 GameState.DebugPrintPower() - BLOCK_END
D 15:45:15.5828589 GameState.DebugPrintPower() - TAG_CHANGE Entity=GameEntity tag=STEP value=MAIN_CLEANUP 
D 15:45:15.5828589 GameState.DebugPrintPower() - BLOCK_START BlockType=TRIGGER Entity=dymitrq#2316 EffectCardId=System.Collections.Generic.List`1[System.String] EffectIndex=-1 Target=0 SubOption=-1 TriggerKeyword=TAG_NOT_SET
D 15:45:15.5828589 GameState.DebugPrintPower() -     TAG_CHANGE Entity=[entityName=Annoy-o-Tron id=363 zone=PLAY zonePos=1 cardId=BG_GVG_085 player=6] tag=JUST_PLAYED value=0 
D 15:45:15.5828589 GameState.DebugPrintPower() -     TAG_CHANGE Entity=dymitrq#2316 tag=COMBO_ACTIVE value=0 
D 15:45:15.5828589 GameState.DebugPrintPower() -     TAG_CHANGE Entity=GameEntity tag=NEXT_STEP value=MAIN_NEXT 
D 15:45:15.5828589 GameState.DebugPrintPower() - BLOCK_END
D 15:45:15.5828589 GameState.DebugPrintPower() - BLOCK_START BlockType=TRIGGER Entity=Bartender Bob EffectCardId=System.Collections.Generic.List`1[System.String] EffectIndex=-1 Target=0 SubOption=-1 TriggerKeyword=TAG_NOT_SET
D 15:45:15.5828589 GameState.DebugPrintPower() - BLOCK_END
D 15:45:15.5828589 GameState.DebugPrintPower() - TAG_CHANGE Entity=GameEntity tag=STEP value=MAIN_NEXT 
D 15:45:15.5828589 GameState.DebugPrintPower() - BLOCK_START BlockType=TRIGGER Entity=GameEntity EffectCardId=System.Collections.Generic.List`1[System.String] EffectIndex=0 Target=0 SubOption=-1 TriggerKeyword=TAG_NOT_SET
D 15:45:15.5828589 GameState.DebugPrintPower() -     TAG_CHANGE Entity=dymitrq#2316 tag=1292 value=0 
D 15:45:15.5828589 GameState.DebugPrintPower() -     TAG_CHANGE Entity=Bartender Bob tag=1292 value=1 
D 15:45:15.5828589 GameState.DebugPrintPower() -     TAG_CHANGE Entity=dymitrq#2316 tag=TIMEOUT value=40 
D 15:45:15.5828589 GameState.DebugPrintPower() -     TAG_CHANGE Entity=dymitrq#2316 tag=CURRENT_PLAYER value=0 
D 15:45:15.5828589 GameState.DebugPrintPower() -     TAG_CHANGE Entity=Bartender Bob tag=CURRENT_PLAYER value=1 
D 15:45:15.5828589 GameState.DebugPrintPower() -     TAG_CHANGE Entity=GameEntity tag=TURN value=2 
D 15:45:15.5828589 GameState.DebugPrintPower() -     TAG_CHANGE Entity=GameEntity tag=1882 value=2 
D 15:45:15.5828589 GameState.DebugPrintPower() -     TAG_CHANGE Entity=Bartender Bob tag=TURN value=1 
D 15:45:15.5828589 GameState.DebugPrintPower() -     TAG_CHANGE Entity=GameEntity tag=NEXT_STEP value=MAIN_READY 
D 15:45:15.5828589 GameState.DebugPrintPower() - BLOCK_END
D 15:45:15.5828589 GameState.DebugPrintPower() - BLOCK_START BlockType=TRIGGER Entity=[entityName=BaconShop8PlayerEnchant id=63 zone=PLAY zonePos=0 cardId=TB_BaconShop_8P_PlayerE player=6] EffectCardId=System.Collections.Generic.List`1[System.String] EffectIndex=-1 Target=0 SubOption=-1 TriggerKeyword=TAG_NOT_SET
D 15:45:15.5828589 GameState.DebugPrintPower() -     TAG_CHANGE Entity=GameEntity tag=BOARD_VISUAL_STATE value=2 
D 15:45:15.5828589 GameState.DebugPrintPower() -     TAG_CHANGE Entity=GameEntity tag=MISSION_EVENT value=2 
D 15:45:15.5828589 GameState.DebugPrintPower() -     TAG_CHANGE Entity=GameEntity tag=1488 value=0 
D 15:45:15.5828589 GameState.DebugPrintPower() -     TAG_CHANGE Entity=dymitrq#2316 tag=3075 value=0 
D 15:45:15.5828589 GameState.DebugPrintPower() -     META_DATA - Meta=SLUSH_TIME Data=3000 InfoCount=1
D 15:45:15.5828589 GameState.DebugPrintPower() -                 Info[0] = [entityName=BaconShop8PlayerEnchant id=63 zone=PLAY zonePos=0 cardId=TB_BaconShop_8P_PlayerE player=6]
D 15:45:15.5828589 GameState.DebugPrintPower() -     TAG_CHANGE Entity=[entityName=Deck Swabbie id=361 zone=PLAY zonePos=1 cardId=BGS_055 player=14] tag=1068 value=5 
D 15:45:15.5828589 GameState.DebugPrintPower() -     TAG_CHANGE Entity=[entityName=Deck Swabbie id=361 zone=PLAY zonePos=1 cardId=BGS_055 player=14] tag=1068 value=0 
D 15:45:15.5828589 GameState.DebugPrintPower() -     TAG_CHANGE Entity=[entityName=Deck Swabbie id=361 zone=PLAY zonePos=1 cardId=BGS_055 player=14] tag=SUPPRESS_ALL_SUMMON_VO value=0 
D 15:45:15.5828589 GameState.DebugPrintPower() -     TAG_CHANGE Entity=[entityName=Deck Swabbie id=361 zone=PLAY zonePos=1 cardId=BGS_055 player=14] tag=1254 value=0 
D 15:45:15.5828589 GameState.DebugPrintPower() -     TAG_CHANGE Entity=[entityName=Them Apples id=367 zone=PLAY zonePos=3 cardId=BG28_966 player=14] tag=ZONE_POSITION value=2 
D 15:45:15.5828589 GameState.DebugPrintPower() -     TAG_CHANGE Entity=[entityName=Scallywag id=365 zone=PLAY zonePos=2 cardId=BGS_061 player=14] tag=ZONE_POSITION value=1 
D 15:45:15.5828589 GameState.DebugPrintPower() -     TAG_CHANGE Entity=[entityName=Deck Swabbie id=361 zone=PLAY zonePos=1 cardId=BGS_055 player=14] tag=ZONE_POSITION value=0 
D 15:45:15.5828589 GameState.DebugPrintPower() -     TAG_CHANGE Entity=[entityName=Deck Swabbie id=361 zone=PLAY zonePos=1 cardId=BGS_055 player=14] tag=ZONE value=REMOVEDFROMGAME 
D 15:45:15.5828589 GameState.DebugPrintPower() -     TAG_CHANGE Entity=[entityName=Deck Swabbie id=361 zone=PLAY zonePos=1 cardId=BGS_055 player=14] tag=HAS_ACTIVATE_POWER value=0 
D 15:45:15.5828589 GameState.DebugPrintPower() -     TAG_CHANGE Entity=[entityName=Deck Swabbie id=361 zone=PLAY zonePos=1 cardId=BGS_055 player=14] tag=COST value=0 
D 15:45:15.5828589 GameState.DebugPrintPower() -     TAG_CHANGE Entity=[entityName=Deck Swabbie id=361 zone=PLAY zonePos=1 cardId=BGS_055 player=14] tag=ATK value=0 
D 15:45:15.5828589 GameState.DebugPrintPower() -     TAG_CHANGE Entity=[entityName=Deck Swabbie id=361 zone=PLAY zonePos=1 cardId=BGS_055 player=14] tag=HEALTH value=0 
D 15:45:15.5828589 GameState.DebugPrintPower() -     TAG_CHANGE Entity=[entityName=Deck Swabbie id=361 zone=PLAY zonePos=1 cardId=BGS_055 player=14] tag=BATTLECRY value=0 
D 15:45:15.5828589 GameState.DebugPrintPower() -     TAG_CHANGE Entity=[entityName=Deck Swabbie id=361 zone=PLAY zonePos=1 cardId=BGS_055 player=14] tag=CANT_ATTACK value=0 
D 15:45:15.5828589 GameState.DebugPrintPower() -     TAG_CHANGE Entity=[entityName=Deck Swabbie id=361 zone=PLAY zonePos=1 cardId=BGS_055 player=14] tag=NUM_TURNS_IN_PLAY value=0 
D 15:45:15.5828589 GameState.DebugPrintPower() -     TAG_CHANGE Entity=[entityName=Deck Swabbie id=361 zone=PLAY zonePos=1 cardId=BGS_055 player=14] tag=BACON_TRIPLE_UPGRADE_MINION_ID value=0 
D 15:45:15.5828589 GameState.DebugPrintPower() -     TAG_CHANGE Entity=[entityName=Deck Swabbie id=361 zone=PLAY zonePos=1 cardId=BGS_055 player=14] tag=TECH_LEVEL value=0 
D 15:45:15.5828589 GameState.DebugPrintPower() -     TAG_CHANGE Entity=[entityName=Deck Swabbie id=361 zone=PLAY zonePos=1 cardId=BGS_055 player=14] tag=IS_BACON_POOL_MINION value=0 
D 15:45:15.5828589 GameState.DebugPrintPower() -     TAG_CHANGE Entity=[entityName=Deck Swabbie id=361 zone=PLAY zonePos=1 cardId=BGS_055 player=14] tag=SPAWN_TIME_COUNT value=0 
D 15:45:15.5828589 GameState.DebugPrintPower() -     TAG_CHANGE Entity=[entityName=Deck Swabbie id=361 zone=PLAY zonePos=1 cardId=BGS_055 player=14] tag=1596 value=0 
D 15:45:15.5828589 GameState.DebugPrintPower() -     TAG_CHANGE Entity=[entityName=Deck Swabbie id=361 zone=PLAY zonePos=1 cardId=BGS_055 player=14] tag=COST value=3 
D 15:45:15.5828589 GameState.DebugPrintPower() -     TAG_CHANGE Entity=[entityName=Deck Swabbie id=361 zone=PLAY zonePos=1 cardId=BGS_055 player=14] tag=ATK value=2 
D 15:45:15.5828589 GameState.DebugPrintPower() -     TAG_CHANGE Entity=[entityName=Deck Swabbie id=361 zone=PLAY zonePos=1 cardId=BGS_055 player=14] tag=HEALTH value=2 
D 15:45:15.5828589 GameState.DebugPrintPower() -     TAG_CHANGE Entity=[entityName=Deck Swabbie id=361 zone=PLAY zonePos=1 cardId=BGS_055 player=14] tag=BATTLECRY value=1 
D 15:45:15.5828589 GameState.DebugPrintPower() -     TAG_CHANGE Entity=[entityName=Deck Swabbie id=361 zone=PLAY zonePos=1 cardId=BGS_055 player=14] tag=BACON_TRIPLE_UPGRADE_MINION_ID value=62186 
D 15:45:15.5828589 GameState.DebugPrintPower() -     TAG_CHANGE Entity=[entityName=Deck Swabbie id=361 zone=PLAY zonePos=1 cardId=BGS_055 player=14] tag=TECH_LEVEL value=1 
D 15:45:15.5828589 GameState.DebugPrintPower() -     TAG_CHANGE Entity=[entityName=Deck Swabbie id=361 zone=PLAY zonePos=1 cardId=BGS_055 player=14] tag=IS_BACON_POOL_MINION value=1 
D 15:45:15.5828589 GameState.DebugPrintPower() -     TAG_CHANGE Entity=[entityName=Deck Swabbie id=361 zone=PLAY zonePos=1 cardId=BGS_055 player=14] tag=1596 value=1 
D 15:45:15.5828589 GameState.DebugPrintPower() -     TAG_CHANGE Entity=[entityName=Deck Swabbie id=361 zone=PLAY zonePos=1 cardId=BGS_055 player=14] tag=HAS_ACTIVATE_POWER value=1 
D 15:45:15.5828589 GameState.DebugPrintPower() -     TAG_CHANGE Entity=[entityName=Scallywag id=365 zone=PLAY zonePos=2 cardId=BGS_061 player=14] tag=1068 value=5 
D 15:45:15.5828589 GameState.DebugPrintPower() -     TAG_CHANGE Entity=[entityName=Scallywag id=365 zone=PLAY zonePos=2 cardId=BGS_061 player=14] tag=1068 value=0 
D 15:45:15.5828589 GameState.DebugPrintPower() -     TAG_CHANGE Entity=[entityName=Scallywag id=365 zone=PLAY zonePos=2 cardId=BGS_061 player=14] tag=SUPPRESS_ALL_SUMMON_VO value=0 
D 15:45:15.5828589 GameState.DebugPrintPower() -     TAG_CHANGE Entity=[entityName=Scallywag id=365 zone=PLAY zonePos=2 cardId=BGS_061 player=14] tag=1254 value=0 
D 15:45:15.5828589 GameState.DebugPrintPower() -     TAG_CHANGE Entity=[entityName=Them Apples id=367 zone=PLAY zonePos=3 cardId=BG28_966 player=14] tag=ZONE_POSITION value=1 
D 15:45:15.5828589 GameState.DebugPrintPower() -     TAG_CHANGE Entity=[entityName=Scallywag id=365 zone=PLAY zonePos=2 cardId=BGS_061 player=14] tag=ZONE_POSITION value=0 
D 15:45:15.5828589 GameState.DebugPrintPower() -     TAG_CHANGE Entity=[entityName=Scallywag id=365 zone=PLAY zonePos=2 cardId=BGS_061 player=14] tag=ZONE value=REMOVEDFROMGAME 
D 15:45:15.5828589 GameState.DebugPrintPower() -     TAG_CHANGE Entity=[entityName=Scallywag id=365 zone=PLAY zonePos=2 cardId=BGS_061 player=14] tag=HAS_ACTIVATE_POWER value=0 
D 15:45:15.5828589 GameState.DebugPrintPower() -     TAG_CHANGE Entity=[entityName=Scallywag id=365 zone=PLAY zonePos=2 cardId=BGS_061 player=14] tag=COST value=0 
D 15:45:15.5828589 GameState.DebugPrintPower() -     TAG_CHANGE Entity=[entityName=Scallywag id=365 zone=PLAY zonePos=2 cardId=BGS_061 player=14] tag=ATK value=0 
D 15:45:15.5828589 GameState.DebugPrintPower() -     TAG_CHANGE Entity=[entityName=Scallywag id=365 zone=PLAY zonePos=2 cardId=BGS_061 player=14] tag=HEALTH value=0 
D 15:45:15.5828589 GameState.DebugPrintPower() -     TAG_CHANGE Entity=[entityName=Scallywag id=365 zone=PLAY zonePos=2 cardId=BGS_061 player=14] tag=DEATHRATTLE value=0 
D 15:45:15.5828589 GameState.DebugPrintPower() -     TAG_CHANGE Entity=[entityName=Scallywag id=365 zone=PLAY zonePos=2 cardId=BGS_061 player=14] tag=CANT_ATTACK value=0 
D 15:45:15.5828589 GameState.DebugPrintPower() -     TAG_CHANGE Entity=[entityName=Scallywag id=365 zone=PLAY zonePos=2 cardId=BGS_061 player=14] tag=NUM_TURNS_IN_PLAY value=0 
D 15:45:15.5828589 GameState.DebugPrintPower() -     TAG_CHANGE Entity=[entityName=Scallywag id=365 zone=PLAY zonePos=2 cardId=BGS_061 player=14] tag=BACON_TRIPLE_UPGRADE_MINION_ID value=0 
D 15:45:15.5828589 GameState.DebugPrintPower() -     TAG_CHANGE Entity=[entityName=Scallywag id=365 zone=PLAY zonePos=2 cardId=BGS_061 player=14] tag=TECH_LEVEL value=0 
D 15:45:15.5828589 GameState.DebugPrintPower() -     TAG_CHANGE Entity=[entityName=Scallywag id=365 zone=PLAY zonePos=2 cardId=BGS_061 player=14] tag=IS_BACON_POOL_MINION value=0 
D 15:45:15.5828589 GameState.DebugPrintPower() -     TAG_CHANGE Entity=[entityName=Scallywag id=365 zone=PLAY zonePos=2 cardId=BGS_061 player=14] tag=SPAWN_TIME_COUNT value=0 
D 15:45:15.5828589 GameState.DebugPrintPower() -     TAG_CHANGE Entity=[entityName=Scallywag id=365 zone=PLAY zonePos=2 cardId=BGS_061 player=14] tag=1596 value=0 
D 15:45:15.5828589 GameState.DebugPrintPower() -     TAG_CHANGE Entity=[entityName=Scallywag id=365 zone=PLAY zonePos=2 cardId=BGS_061 player=14] tag=COST value=1 
D 15:45:15.5828589 GameState.DebugPrintPower() -     TAG_CHANGE Entity=[entityName=Scallywag id=365 zone=PLAY zonePos=2 cardId=BGS_061 player=14] tag=ATK value=3 
D 15:45:15.5828589 GameState.DebugPrintPower() -     TAG_CHANGE Entity=[entityName=Scallywag id=365 zone=PLAY zonePos=2 cardId=BGS_061 player=14] tag=HEALTH value=1 
D 15:45:15.5828589 GameState.DebugPrintPower() -     TAG_CHANGE Entity=[entityName=Scallywag id=365 zone=PLAY zonePos=2 cardId=BGS_061 player=14] tag=DEATHRATTLE value=1 
D 15:45:15.5828589 GameState.DebugPrintPower() -     TAG_CHANGE Entity=[entityName=Scallywag id=365 zone=PLAY zonePos=2 cardId=BGS_061 player=14] tag=BACON_TRIPLE_UPGRADE_MINION_ID value=62262 
D 15:45:15.5828589 GameState.DebugPrintPower() -     TAG_CHANGE Entity=[entityName=Scallywag id=365 zone=PLAY zonePos=2 cardId=BGS_061 player=14] tag=TECH_LEVEL value=1 
D 15:45:15.5828589 GameState.DebugPrintPower() -     TAG_CHANGE Entity=[entityName=Scallywag id=365 zone=PLAY zonePos=2 cardId=BGS_061 player=14] tag=IS_BACON_POOL_MINION value=1 
D 15:45:15.5828589 GameState.DebugPrintPower() -     TAG_CHANGE Entity=[entityName=Scallywag id=365 zone=PLAY zonePos=2 cardId=BGS_061 player=14] tag=1596 value=1 
D 15:45:15.5828589 GameState.DebugPrintPower() -     TAG_CHANGE Entity=[entityName=Scallywag id=365 zone=PLAY zonePos=2 cardId=BGS_061 player=14] tag=HAS_ACTIVATE_POWER value=1 
D 15:45:15.5828589 GameState.DebugPrintPower() -     TAG_CHANGE Entity=[entityName=Them Apples id=367 zone=PLAY zonePos=3 cardId=BG28_966 player=14] tag=1068 value=5 
D 15:45:15.5828589 GameState.DebugPrintPower() -     TAG_CHANGE Entity=[entityName=Them Apples id=367 zone=PLAY zonePos=3 cardId=BG28_966 player=14] tag=1068 value=0 
D 15:45:15.5828589 GameState.DebugPrintPower() -     TAG_CHANGE Entity=[entityName=Them Apples id=367 zone=PLAY zonePos=3 cardId=BG28_966 player=14] tag=SUPPRESS_ALL_SUMMON_VO value=0 
D 15:45:15.5828589 GameState.DebugPrintPower() -     TAG_CHANGE Entity=[entityName=Them Apples id=367 zone=PLAY zonePos=3 cardId=BG28_966 player=14] tag=ZONE_POSITION value=0 
D 15:45:15.5828589 GameState.DebugPrintPower() -     TAG_CHANGE Entity=[entityName=Them Apples id=367 zone=PLAY zonePos=3 cardId=BG28_966 player=14] tag=ZONE value=REMOVEDFROMGAME 
D 15:45:15.5828589 GameState.DebugPrintPower() -     TAG_CHANGE Entity=[entityName=Them Apples id=367 zone=PLAY zonePos=3 cardId=BG28_966 player=14] tag=HAS_ACTIVATE_POWER value=0 
D 15:45:15.5828589 GameState.DebugPrintPower() -     TAG_CHANGE Entity=[entityName=Them Apples id=367 zone=PLAY zonePos=3 cardId=BG28_966 player=14] tag=COST value=0 
D 15:45:15.5828589 GameState.DebugPrintPower() -     TAG_CHANGE Entity=[entityName=Them Apples id=367 zone=PLAY zonePos=3 cardId=BG28_966 player=14] tag=CANT_ATTACK value=0 
D 15:45:15.5828589 GameState.DebugPrintPower() -     TAG_CHANGE Entity=[entityName=Them Apples id=367 zone=PLAY zonePos=3 cardId=BG28_966 player=14] tag=NUM_TURNS_IN_PLAY value=0 
D 15:45:15.5828589 GameState.DebugPrintPower() -     TAG_CHANGE Entity=[entityName=Them Apples id=367 zone=PLAY zonePos=3 cardId=BG28_966 player=14] tag=TECH_LEVEL value=0 
D 15:45:15.5828589 GameState.DebugPrintPower() -     TAG_CHANGE Entity=[entityName=Them Apples id=367 zone=PLAY zonePos=3 cardId=BG28_966 player=14] tag=SPAWN_TIME_COUNT value=0 
D 15:45:15.5828589 GameState.DebugPrintPower() -     TAG_CHANGE Entity=[entityName=Them Apples id=367 zone=PLAY zonePos=3 cardId=BG28_966 player=14] tag=SPELL_SCHOOL value=0 
D 15:45:15.5828589 GameState.DebugPrintPower() -     TAG_CHANGE Entity=[entityName=Them Apples id=367 zone=PLAY zonePos=3 cardId=BG28_966 player=14] tag=3081 value=0 
D 15:45:15.5828589 GameState.DebugPrintPower() -     TAG_CHANGE Entity=[entityName=Them Apples id=367 zone=PLAY zonePos=3 cardId=BG28_966 player=14] tag=COST value=1 
D 15:45:15.5828589 GameState.DebugPrintPower() -     TAG_CHANGE Entity=[entityName=Them Apples id=367 zone=PLAY zonePos=3 cardId=BG28_966 player=14] tag=TECH_LEVEL value=1 
D 15:45:15.5828589 GameState.DebugPrintPower() -     TAG_CHANGE Entity=[entityName=Them Apples id=367 zone=PLAY zonePos=3 cardId=BG28_966 player=14] tag=SPELL_SCHOOL value=9 
D 15:45:15.5828589 GameState.DebugPrintPower() -     TAG_CHANGE Entity=[entityName=Them Apples id=367 zone=PLAY zonePos=3 cardId=BG28_966 player=14] tag=3081 value=1 
D 15:45:15.5828589 GameState.DebugPrintPower() -     TAG_CHANGE Entity=[entityName=Them Apples id=367 zone=PLAY zonePos=3 cardId=BG28_966 player=14] tag=HAS_ACTIVATE_POWER value=1 
D 15:45:15.5828589 GameState.DebugPrintPower() -     TAG_CHANGE Entity=[entityName=Refresh id=351 zone=PLAY zonePos=0 cardId=TB_BaconShop_8p_Reroll_Button player=6] tag=1068 value=5 
D 15:45:15.5828589 GameState.DebugPrintPower() -     TAG_CHANGE Entity=[entityName=Refresh id=351 zone=PLAY zonePos=0 cardId=TB_BaconShop_8p_Reroll_Button player=6] tag=1068 value=0 
D 15:45:15.5828589 GameState.DebugPrintPower() -     TAG_CHANGE Entity=[entityName=Refresh id=351 zone=PLAY zonePos=0 cardId=TB_BaconShop_8p_Reroll_Button player=6] tag=SUPPRESS_ALL_SUMMON_VO value=0 
D 15:45:15.5828589 GameState.DebugPrintPower() -     TAG_CHANGE Entity=[entityName=Refresh id=351 zone=PLAY zonePos=0 cardId=TB_BaconShop_8p_Reroll_Button player=6] tag=ZONE value=REMOVEDFROMGAME 
D 15:45:15.5828589 GameState.DebugPrintPower() -     TAG_CHANGE Entity=[entityName=Refresh id=351 zone=PLAY zonePos=0 cardId=TB_BaconShop_8p_Reroll_Button player=6] tag=HAS_ACTIVATE_POWER value=0 
D 15:45:15.5828589 GameState.DebugPrintPower() -     TAG_CHANGE Entity=[entityName=Refresh id=351 zone=PLAY zonePos=0 cardId=TB_BaconShop_8p_Reroll_Button player=6] tag=COST value=0 
D 15:45:15.5828589 GameState.DebugPrintPower() -     TAG_CHANGE Entity=[entityName=Refresh id=351 zone=PLAY zonePos=0 cardId=TB_BaconShop_8p_Reroll_Button player=6] tag=BACON_ACTION_CARD value=0 
D 15:45:15.5828589 GameState.DebugPrintPower() -     TAG_CHANGE Entity=[entityName=Refresh id=351 zone=PLAY zonePos=0 cardId=TB_BaconShop_8p_Reroll_Button player=6] tag=GAME_MODE_BUTTON_SLOT value=0 
D 15:45:15.5828589 GameState.DebugPrintPower() -     TAG_CHANGE Entity=[entityName=Refresh id=351 zone=PLAY zonePos=0 cardId=TB_BaconShop_8p_Reroll_Button player=6] tag=SPAWN_TIME_COUNT value=0 
D 15:45:15.5828589 GameState.DebugPrintPower() -     TAG_CHANGE Entity=[entityName=Refresh id=351 zone=PLAY zonePos=0 cardId=TB_BaconShop_8p_Reroll_Button player=6] tag=COST value=1 
D 15:45:15.5828589 GameState.DebugPrintPower() -     TAG_CHANGE Entity=[entityName=Refresh id=351 zone=PLAY zonePos=0 cardId=TB_BaconShop_8p_Reroll_Button player=6] tag=BACON_ACTION_CARD value=1 
D 15:45:15.5828589 GameState.DebugPrintPower() -     TAG_CHANGE Entity=[entityName=Refresh id=351 zone=PLAY zonePos=0 cardId=TB_BaconShop_8p_Reroll_Button player=6] tag=GAME_MODE_BUTTON_SLOT value=2 
D 15:45:15.5828589 GameState.DebugPrintPower() -     TAG_CHANGE Entity=[entityName=Refresh id=351 zone=PLAY zonePos=0 cardId=TB_BaconShop_8p_Reroll_Button player=6] tag=HAS_ACTIVATE_POWER value=1 
D 15:45:15.5828589 GameState.DebugPrintPower() -     TAG_CHANGE Entity=[entityName=Freeze id=352 zone=PLAY zonePos=0 cardId=TB_BaconShopLockAll_Button player=6] tag=1068 value=5 
D 15:45:15.5828589 GameState.DebugPrintPower() -     TAG_CHANGE Entity=[entityName=Freeze id=352 zone=PLAY zonePos=0 cardId=TB_BaconShopLockAll_Button player=6] tag=1068 value=0 
D 15:45:15.5828589 GameState.DebugPrintPower() -     TAG_CHANGE Entity=[entityName=Freeze id=352 zone=PLAY zonePos=0 cardId=TB_BaconShopLockAll_Button player=6] tag=SUPPRESS_ALL_SUMMON_VO value=0 
D 15:45:15.5828589 GameState.DebugPrintPower() -     TAG_CHANGE Entity=[entityName=Freeze id=352 zone=PLAY zonePos=0 cardId=TB_BaconShopLockAll_Button player=6] tag=ZONE value=REMOVEDFROMGAME 
D 15:45:15.5828589 GameState.DebugPrintPower() -     TAG_CHANGE Entity=[entityName=Freeze id=352 zone=PLAY zonePos=0 cardId=TB_BaconShopLockAll_Button player=6] tag=HAS_ACTIVATE_POWER value=0 
D 15:45:15.5828589 GameState.DebugPrintPower() -     TAG_CHANGE Entity=[entityName=Freeze id=352 zone=PLAY zonePos=0 cardId=TB_BaconShopLockAll_Button player=6] tag=TAG_SCRIPT_DATA_NUM_2 value=0 
D 15:45:15.5828589 GameState.DebugPrintPower() -     TAG_CHANGE Entity=[entityName=Freeze id=352 zone=PLAY zonePos=0 cardId=TB_BaconShopLockAll_Button player=6] tag=FACTION value=INVALID 
D 15:45:15.5828589 GameState.DebugPrintPower() -     TAG_CHANGE Entity=[entityName=Freeze id=352 zone=PLAY zonePos=0 cardId=TB_BaconShopLockAll_Button player=6] tag=1270 value=0 
D 15:45:15.5828589 GameState.DebugPrintPower() -     TAG_CHANGE Entity=[entityName=Freeze id=352 zone=PLAY zonePos=0 cardId=TB_BaconShopLockAll_Button player=6] tag=BACON_ACTION_CARD value=0 
D 15:45:15.5828589 GameState.DebugPrintPower() -     TAG_CHANGE Entity=[entityName=Freeze id=352 zone=PLAY zonePos=0 cardId=TB_BaconShopLockAll_Button player=6] tag=GAME_MODE_BUTTON_SLOT value=0 
D 15:45:15.5828589 GameState.DebugPrintPower() -     TAG_CHANGE Entity=[entityName=Freeze id=352 zone=PLAY zonePos=0 cardId=TB_BaconShopLockAll_Button player=6] tag=SPAWN_TIME_COUNT value=0 
D 15:45:15.5828589 GameState.DebugPrintPower() -     TAG_CHANGE Entity=[entityName=Freeze id=352 zone=PLAY zonePos=0 cardId=TB_BaconShopLockAll_Button player=6] tag=TAG_SCRIPT_DATA_NUM_2 value=10 
D 15:45:15.5828589 GameState.DebugPrintPower() -     TAG_CHANGE Entity=[entityName=Freeze id=352 zone=PLAY zonePos=0 cardId=TB_BaconShopLockAll_Button player=6] tag=FACTION value=ALLIANCE 
D 15:45:15.5828589 GameState.DebugPrintPower() -     TAG_CHANGE Entity=[entityName=Freeze id=352 zone=PLAY zonePos=0 cardId=TB_BaconShopLockAll_Button player=6] tag=1270 value=1 
D 15:45:15.5828589 GameState.DebugPrintPower() -     TAG_CHANGE Entity=[entityName=Freeze id=352 zone=PLAY zonePos=0 cardId=TB_BaconShopLockAll_Button player=6] tag=BACON_ACTION_CARD value=1 
D 15:45:15.5828589 GameState.DebugPrintPower() -     TAG_CHANGE Entity=[entityName=Freeze id=352 zone=PLAY zonePos=0 cardId=TB_BaconShopLockAll_Button player=6] tag=GAME_MODE_BUTTON_SLOT value=1 
D 15:45:15.5828589 GameState.DebugPrintPower() -     TAG_CHANGE Entity=[entityName=Freeze id=352 zone=PLAY zonePos=0 cardId=TB_BaconShopLockAll_Button player=6] tag=HAS_ACTIVATE_POWER value=1 
D 15:45:15.5828589 GameState.DebugPrintPower() -     TAG_CHANGE Entity=[entityName=Drag To Sell id=353 zone=PLAY zonePos=0 cardId=TB_BaconShop_DragSell player=6] tag=1068 value=5 
D 15:45:15.5828589 GameState.DebugPrintPower() -     TAG_CHANGE Entity=[entityName=Drag To Sell id=353 zone=PLAY zonePos=0 cardId=TB_BaconShop_DragSell player=6] tag=1068 value=0 
D 15:45:15.5828589 GameState.DebugPrintPower() -     TAG_CHANGE Entity=[entityName=Drag To Sell id=353 zone=PLAY zonePos=0 cardId=TB_BaconShop_DragSell player=6] tag=SUPPRESS_ALL_SUMMON_VO value=0 
D 15:45:15.5828589 GameState.DebugPrintPower() -     TAG_CHANGE Entity=[entityName=Drag To Sell id=353 zone=PLAY zonePos=0 cardId=TB_BaconShop_DragSell player=6] tag=ZONE value=REMOVEDFROMGAME 
D 15:45:15.5828589 GameState.DebugPrintPower() -     TAG_CHANGE Entity=[entityName=Drag To Sell id=353 zone=PLAY zonePos=0 cardId=TB_BaconShop_DragSell player=6] tag=HAS_ACTIVATE_POWER value=0 
D 15:45:15.5828589 GameState.DebugPrintPower() -     TAG_CHANGE Entity=[entityName=Drag To Sell id=353 zone=PLAY zonePos=0 cardId=TB_BaconShop_DragSell player=6] tag=BACON_ACTION_CARD value=0 
D 15:45:15.5828589 GameState.DebugPrintPower() -     TAG_CHANGE Entity=[entityName=Drag To Sell id=353 zone=PLAY zonePos=0 cardId=TB_BaconShop_DragSell player=6] tag=MOVE_MINION_HOVER_TARGET_SLOT value=0 
D 15:45:15.5828589 GameState.DebugPrintPower() -     TAG_CHANGE Entity=[entityName=Drag To Sell id=353 zone=PLAY zonePos=0 cardId=TB_BaconShop_DragSell player=6] tag=SPAWN_TIME_COUNT value=0 
D 15:45:15.5828589 GameState.DebugPrintPower() -     TAG_CHANGE Entity=[entityName=Drag To Sell id=353 zone=PLAY zonePos=0 cardId=TB_BaconShop_DragSell player=6] tag=BACON_ACTION_CARD value=1 
D 15:45:15.5828589 GameState.DebugPrintPower() -     TAG_CHANGE Entity=[entityName=Drag To Sell id=353 zone=PLAY zonePos=0 cardId=TB_BaconShop_DragSell player=6] tag=MOVE_MINION_HOVER_TARGET_SLOT value=2 
D 15:45:15.5828589 GameState.DebugPrintPower() -     TAG_CHANGE Entity=[entityName=Drag To Sell id=353 zone=PLAY zonePos=0 cardId=TB_BaconShop_DragSell player=6] tag=HAS_ACTIVATE_POWER value=1 
D 15:45:15.5828589 GameState.DebugPrintPower() -     TAG_CHANGE Entity=[entityName=Tavern Tier 2 id=354 zone=PLAY zonePos=0 cardId=TB_BaconShopTechUp02_Button player=6] tag=1068 value=5 
D 15:45:15.5828589 GameState.DebugPrintPower() -     TAG_CHANGE Entity=[entityName=Tavern Tier 2 id=354 zone=PLAY zonePos=0 cardId=TB_BaconShopTechUp02_Button player=6] tag=1068 value=0 
D 15:45:15.5828589 GameState.DebugPrintPower() -     TAG_CHANGE Entity=[entityName=Tavern Tier 2 id=354 zone=PLAY zonePos=0 cardId=TB_BaconShopTechUp02_Button player=6] tag=SUPPRESS_ALL_SUMMON_VO value=0 
D 15:45:15.5828589 GameState.DebugPrintPower() -     TAG_CHANGE Entity=[entityName=Tavern Tier 2 id=354 zone=PLAY zonePos=0 cardId=TB_BaconShopTechUp02_Button player=6] tag=ZONE value=REMOVEDFROMGAME 
D 15:45:15.5828589 GameState.DebugPrintPower() -     TAG_CHANGE Entity=[entityName=Tavern Tier 2 id=354 zone=PLAY zonePos=0 cardId=TB_BaconShopTechUp02_Button player=6] tag=HAS_ACTIVATE_POWER value=0 
D 15:45:15.5828589 GameState.DebugPrintPower() -     TAG_CHANGE Entity=[entityName=Tavern Tier 2 id=354 zone=PLAY zonePos=0 cardId=TB_BaconShopTechUp02_Button player=6] tag=COST value=0 
D 15:45:15.5828589 GameState.DebugPrintPower() -     TAG_CHANGE Entity=[entityName=Tavern Tier 2 id=354 zone=PLAY zonePos=0 cardId=TB_BaconShopTechUp02_Button player=6] tag=BACON_ACTION_CARD value=0 
D 15:45:15.5828589 GameState.DebugPrintPower() -     TAG_CHANGE Entity=[entityName=Tavern Tier 2 id=354 zone=PLAY zonePos=0 cardId=TB_BaconShopTechUp02_Button player=6] tag=GAME_MODE_BUTTON_SLOT value=0 
D 15:45:15.5828589 GameState.DebugPrintPower() -     TAG_CHANGE Entity=[entityName=Tavern Tier 2 id=354 zone=PLAY zonePos=0 cardId=TB_BaconShopTechUp02_Button player=6] tag=TECH_LEVEL value=0 
D 15:45:15.5828589 GameState.DebugPrintPower() -     TAG_CHANGE Entity=[entityName=Tavern Tier 2 id=354 zone=PLAY zonePos=0 cardId=TB_BaconShopTechUp02_Button player=6] tag=SPAWN_TIME_COUNT value=0 
D 15:45:15.5828589 GameState.DebugPrintPower() -     TAG_CHANGE Entity=[entityName=Tavern Tier 2 id=354 zone=PLAY zonePos=0 cardId=TB_BaconShopTechUp02_Button player=6] tag=COST value=5 
D 15:45:15.5828589 GameState.DebugPrintPower() -     TAG_CHANGE Entity=[entityName=Tavern Tier 2 id=354 zone=PLAY zonePos=0 cardId=TB_BaconShopTechUp02_Button player=6] tag=BACON_ACTION_CARD value=1 
D 15:45:15.5828589 GameState.DebugPrintPower() -     TAG_CHANGE Entity=[entityName=Tavern Tier 2 id=354 zone=PLAY zonePos=0 cardId=TB_BaconShopTechUp02_Button player=6] tag=GAME_MODE_BUTTON_SLOT value=3 
D 15:45:15.5828589 GameState.DebugPrintPower() -     TAG_CHANGE Entity=[entityName=Tavern Tier 2 id=354 zone=PLAY zonePos=0 cardId=TB_BaconShopTechUp02_Button player=6] tag=TECH_LEVEL value=2 
D 15:45:15.5828589 GameState.DebugPrintPower() -     TAG_CHANGE Entity=[entityName=Tavern Tier 2 id=354 zone=PLAY zonePos=0 cardId=TB_BaconShopTechUp02_Button player=6] tag=HAS_ACTIVATE_POWER value=1 
D 15:45:15.5828589 GameState.DebugPrintPower() -     TAG_CHANGE Entity=[entityName=Drag To Buy id=362 zone=PLAY zonePos=0 cardId=TB_BaconShop_DragBuy player=6] tag=1068 value=5 
D 15:45:15.5828589 GameState.DebugPrintPower() -     TAG_CHANGE Entity=[entityName=Drag To Buy id=362 zone=PLAY zonePos=0 cardId=TB_BaconShop_DragBuy player=6] tag=1068 value=0 
D 15:45:15.5828589 GameState.DebugPrintPower() -     TAG_CHANGE Entity=[entityName=Drag To Buy id=362 zone=PLAY zonePos=0 cardId=TB_BaconShop_DragBuy player=6] tag=SUPPRESS_ALL_SUMMON_VO value=0 
D 15:45:15.5828589 GameState.DebugPrintPower() -     TAG_CHANGE Entity=[entityName=Drag To Buy id=362 zone=PLAY zonePos=0 cardId=TB_BaconShop_DragBuy player=6] tag=ZONE value=REMOVEDFROMGAME 
D 15:45:15.5828589 GameState.DebugPrintPower() -     TAG_CHANGE Entity=[entityName=Drag To Buy id=362 zone=PLAY zonePos=0 cardId=TB_BaconShop_DragBuy player=6] tag=HAS_ACTIVATE_POWER value=0 
D 15:45:15.5828589 GameState.DebugPrintPower() -     TAG_CHANGE Entity=[entityName=Drag To Buy id=362 zone=PLAY zonePos=0 cardId=TB_BaconShop_DragBuy player=6] tag=BACON_ACTION_CARD value=0 
D 15:45:15.5828589 GameState.DebugPrintPower() -     TAG_CHANGE Entity=[entityName=Drag To Buy id=362 zone=PLAY zonePos=0 cardId=TB_BaconShop_DragBuy player=6] tag=MOVE_MINION_HOVER_TARGET_SLOT value=0 
D 15:45:15.5828589 GameState.DebugPrintPower() -     TAG_CHANGE Entity=[entityName=Drag To Buy id=362 zone=PLAY zonePos=0 cardId=TB_BaconShop_DragBuy player=6] tag=SPAWN_TIME_COUNT value=0 
D 15:45:15.5828589 GameState.DebugPrintPower() -     TAG_CHANGE Entity=[entityName=Drag To Buy id=362 zone=PLAY zonePos=0 cardId=TB_BaconShop_DragBuy player=6] tag=2442 value=0 
D 15:45:15.5828589 GameState.DebugPrintPower() -     TAG_CHANGE Entity=[entityName=Drag To Buy id=362 zone=PLAY zonePos=0 cardId=TB_BaconShop_DragBuy player=6] tag=BACON_ACTION_CARD value=1 
D 15:45:15.5828589 GameState.DebugPrintPower() -     TAG_CHANGE Entity=[entityName=Drag To Buy id=362 zone=PLAY zonePos=0 cardId=TB_BaconShop_DragBuy player=6] tag=MOVE_MINION_HOVER_TARGET_SLOT value=1 
D 15:45:15.5828589 GameState.DebugPrintPower() -     TAG_CHANGE Entity=[entityName=Drag To Buy id=362 zone=PLAY zonePos=0 cardId=TB_BaconShop_DragBuy player=6] tag=HAS_ACTIVATE_POWER value=1 
D 15:45:15.5828589 GameState.DebugPrintPower() -     TAG_CHANGE Entity=[entityName=Drag To Buy id=366 zone=PLAY zonePos=0 cardId=TB_BaconShop_DragBuy player=6] tag=1068 value=5 
D 15:45:15.5828589 GameState.DebugPrintPower() -     TAG_CHANGE Entity=[entityName=Drag To Buy id=366 zone=PLAY zonePos=0 cardId=TB_BaconShop_DragBuy player=6] tag=1068 value=0 
D 15:45:15.5828589 GameState.DebugPrintPower() -     TAG_CHANGE Entity=[entityName=Drag To Buy id=366 zone=PLAY zonePos=0 cardId=TB_BaconShop_DragBuy player=6] tag=SUPPRESS_ALL_SUMMON_VO value=0 
D 15:45:15.5828589 GameState.DebugPrintPower() -     TAG_CHANGE Entity=[entityName=Drag To Buy id=366 zone=PLAY zonePos=0 cardId=TB_BaconShop_DragBuy player=6] tag=ZONE value=REMOVEDFROMGAME 
D 15:45:15.5828589 GameState.DebugPrintPower() -     TAG_CHANGE Entity=[entityName=Drag To Buy id=366 zone=PLAY zonePos=0 cardId=TB_BaconShop_DragBuy player=6] tag=HAS_ACTIVATE_POWER value=0 
D 15:45:15.5828589 GameState.DebugPrintPower() -     TAG_CHANGE Entity=[entityName=Drag To Buy id=366 zone=PLAY zonePos=0 cardId=TB_BaconShop_DragBuy player=6] tag=BACON_ACTION_CARD value=0 
D 15:45:15.5828589 GameState.DebugPrintPower() -     TAG_CHANGE Entity=[entityName=Drag To Buy id=366 zone=PLAY zonePos=0 cardId=TB_BaconShop_DragBuy player=6] tag=MOVE_MINION_HOVER_TARGET_SLOT value=0 
D 15:45:15.5828589 GameState.DebugPrintPower() -     TAG_CHANGE Entity=[entityName=Drag To Buy id=366 zone=PLAY zonePos=0 cardId=TB_BaconShop_DragBuy player=6] tag=SPAWN_TIME_COUNT value=0 
D 15:45:15.5828589 GameState.DebugPrintPower() -     TAG_CHANGE Entity=[entityName=Drag To Buy id=366 zone=PLAY zonePos=0 cardId=TB_BaconShop_DragBuy player=6] tag=2442 value=0 
D 15:45:15.5828589 GameState.DebugPrintPower() -     TAG_CHANGE Entity=[entityName=Drag To Buy id=366 zone=PLAY zonePos=0 cardId=TB_BaconShop_DragBuy player=6] tag=BACON_ACTION_CARD value=1 
D 15:45:15.5828589 GameState.DebugPrintPower() -     TAG_CHANGE Entity=[entityName=Drag To Buy id=366 zone=PLAY zonePos=0 cardId=TB_BaconShop_DragBuy player=6] tag=MOVE_MINION_HOVER_TARGET_SLOT value=1 
D 15:45:15.5828589 GameState.DebugPrintPower() -     TAG_CHANGE Entity=[entityName=Drag To Buy id=366 zone=PLAY zonePos=0 cardId=TB_BaconShop_DragBuy player=6] tag=HAS_ACTIVATE_POWER value=1 
D 15:45:15.5828589 GameState.DebugPrintPower() -     TAG_CHANGE Entity=[entityName=Drag To Buy Spell id=369 zone=PLAY zonePos=0 cardId=TB_BaconShop_DragBuy_Spell player=6] tag=1068 value=5 
D 15:45:15.5828589 GameState.DebugPrintPower() -     TAG_CHANGE Entity=[entityName=Drag To Buy Spell id=369 zone=PLAY zonePos=0 cardId=TB_BaconShop_DragBuy_Spell player=6] tag=1068 value=0 
D 15:45:15.5828589 GameState.DebugPrintPower() -     TAG_CHANGE Entity=[entityName=Drag To Buy Spell id=369 zone=PLAY zonePos=0 cardId=TB_BaconShop_DragBuy_Spell player=6] tag=ZONE value=REMOVEDFROMGAME 
D 15:45:15.5828589 GameState.DebugPrintPower() -     TAG_CHANGE Entity=[entityName=Drag To Buy Spell id=369 zone=PLAY zonePos=0 cardId=TB_BaconShop_DragBuy_Spell player=6] tag=HAS_ACTIVATE_POWER value=0 
D 15:45:15.5828589 GameState.DebugPrintPower() -     TAG_CHANGE Entity=[entityName=Drag To Buy Spell id=369 zone=PLAY zonePos=0 cardId=TB_BaconShop_DragBuy_Spell player=6] tag=BACON_ACTION_CARD value=0 
D 15:45:15.5828589 GameState.DebugPrintPower() -     TAG_CHANGE Entity=[entityName=Drag To Buy Spell id=369 zone=PLAY zonePos=0 cardId=TB_BaconShop_DragBuy_Spell player=6] tag=MOVE_MINION_HOVER_TARGET_SLOT value=0 
D 15:45:15.5828589 GameState.DebugPrintPower() -     TAG_CHANGE Entity=[entityName=Drag To Buy Spell id=369 zone=PLAY zonePos=0 cardId=TB_BaconShop_DragBuy_Spell player=6] tag=SPAWN_TIME_COUNT value=0 
D 15:45:15.5828589 GameState.DebugPrintPower() -     TAG_CHANGE Entity=[entityName=Drag To Buy Spell id=369 zone=PLAY zonePos=0 cardId=TB_BaconShop_DragBuy_Spell player=6] tag=2442 value=0 
D 15:45:15.5828589 GameState.DebugPrintPower() -     TAG_CHANGE Entity=[entityName=Drag To Buy Spell id=369 zone=PLAY zonePos=0 cardId=TB_BaconShop_DragBuy_Spell player=6] tag=BACON_ACTION_CARD value=1 
D 15:45:15.5828589 GameState.DebugPrintPower() -     TAG_CHANGE Entity=[entityName=Drag To Buy Spell id=369 zone=PLAY zonePos=0 cardId=TB_BaconShop_DragBuy_Spell player=6] tag=MOVE_MINION_HOVER_TARGET_SLOT value=1 
D 15:45:15.5828589 GameState.DebugPrintPower() -     TAG_CHANGE Entity=[entityName=Drag To Buy Spell id=369 zone=PLAY zonePos=0 cardId=TB_BaconShop_DragBuy_Spell player=6] tag=HAS_ACTIVATE_POWER value=1 
D 15:45:15.5828589 GameState.DebugPrintPower() -     TAG_CHANGE Entity=GameEntity tag=BACON_COIN_ON_ENEMY_MINIONS value=0 
D 15:45:15.5828589 GameState.DebugPrintPower() -     TAG_CHANGE Entity=GameEntity tag=1522 value=1 
D 15:45:15.5828589 GameState.DebugPrintPower() -     TAG_CHANGE Entity=GameEntity tag=1466 value=0 
D 15:45:15.5828589 GameState.DebugPrintPower() -     TAG_CHANGE Entity=GameEntity tag=3533 value=1 
D 15:45:15.5828589 GameState.DebugPrintPower() -     FULL_ENTITY - Creating ID=429 CardID=TB_BaconShop_HERO_90
D 15:45:15.5828589 GameState.DebugPrintPower() -         tag=CONTROLLER value=6
D 15:45:15.5828589 GameState.DebugPrintPower() -         tag=CARDTYPE value=HERO
D 15:45:15.5828589 GameState.DebugPrintPower() -         tag=PLAYER_ID value=5
D 15:45:15.5828589 GameState.DebugPrintPower() -         tag=HEALTH value=30
D 15:45:15.5828589 GameState.DebugPrintPower() -         tag=ZONE value=SETASIDE
D 15:45:15.5828589 GameState.DebugPrintPower() -         tag=ENTITY_ID value=429
D 15:45:15.5828589 GameState.DebugPrintPower() -         tag=FACTION value=NEUTRAL
D 15:45:15.5828589 GameState.DebugPrintPower() -         tag=RARITY value=FREE
D 15:45:15.5828589 GameState.DebugPrintPower() -         tag=ARMOR value=10
D 15:45:15.5828589 GameState.DebugPrintPower() -         tag=CREATOR value=16
D 15:45:15.5828589 GameState.DebugPrintPower() -         tag=HERO_POWER value=64481
D 15:45:15.5828589 GameState.DebugPrintPower() -         tag=1037 value=6
D 15:45:15.5828589 GameState.DebugPrintPower() -         tag=PLAYER_TECH_LEVEL value=1
D 15:45:15.5828589 GameState.DebugPrintPower() -         tag=SUPPRESS_ALL_SUMMON_VO value=1
D 15:45:15.5828589 GameState.DebugPrintPower() -         tag=BACON_HERO_CAN_BE_DRAFTED value=1
D 15:45:15.5828589 GameState.DebugPrintPower() -         tag=BACON_MAX_PLAYER_TECH_LEVEL value=6
D 15:45:15.5828589 GameState.DebugPrintPower() -         tag=SPAWN_TIME_COUNT value=1
D 15:45:15.5828589 GameState.DebugPrintPower() -         tag=BACON_COMPANION_ID value=77829
D 15:45:15.5828589 GameState.DebugPrintPower() -         tag=2210 value=1
D 15:45:15.5828589 GameState.DebugPrintPower() -         tag=BATTLEGROUNDS_FAVORITE_FINISHER value=69
D 15:45:15.5828589 GameState.DebugPrintPower() -         tag=HAS_ACTIVATE_POWER value=1
D 15:45:15.5828589 GameState.DebugPrintPower() -         tag=3085 value=30
D 15:45:15.5828589 GameState.DebugPrintPower() -         tag=3190 value=100
D 15:45:15.5828589 GameState.DebugPrintPower() -         tag=3206 value=8
D 15:45:15.5828589 GameState.DebugPrintPower() -     TAG_CHANGE Entity=429 tag=BACON_COMBAT_PHASE_HERO value=1 
D 15:45:15.5828589 GameState.DebugPrintPower() -     FULL_ENTITY - Creating ID=430 CardID=TB_BaconShop_HP_101
D 15:45:15.5828589 GameState.DebugPrintPower() -         tag=CONTROLLER value=6
D 15:45:15.5828589 GameState.DebugPrintPower() -         tag=CARDTYPE value=HERO_POWER
D 15:45:15.5828589 GameState.DebugPrintPower() -         tag=ZONE value=SETASIDE
D 15:45:15.5828589 GameState.DebugPrintPower() -         tag=ENTITY_ID value=430
D 15:45:15.5828589 GameState.DebugPrintPower() -         tag=LINKED_ENTITY value=166
D 15:45:15.5828589 GameState.DebugPrintPower() -         tag=CREATOR value=16
D 15:45:15.5828589 GameState.DebugPrintPower() -         tag=HIDE_COST value=1
D 15:45:15.5828589 GameState.DebugPrintPower() -         tag=1037 value=6
D 15:45:15.5828589 GameState.DebugPrintPower() -         tag=SUPPRESS_ALL_SUMMON_VO value=1
D 15:45:15.5828589 GameState.DebugPrintPower() -         tag=SPAWN_TIME_COUNT value=1
D 15:45:15.5828589 GameState.DebugPrintPower() -         tag=BACON_HEROPOWER_BASE_HERO_ID value=64480
D 15:45:15.5828589 GameState.DebugPrintPower() -     FULL_ENTITY - Creating ID=431 CardID=BG22_BuddyMeter
D 15:45:15.5828589 GameState.DebugPrintPower() -         tag=CONTROLLER value=6
D 15:45:15.5828589 GameState.DebugPrintPower() -         tag=CARDTYPE value=BATTLEGROUND_HERO_BUDDY
D 15:45:15.5828589 GameState.DebugPrintPower() -         tag=TAG_LAST_KNOWN_COST_IN_HAND value=17
D 15:45:15.5828589 GameState.DebugPrintPower() -         tag=COST value=17
D 15:45:15.5828589 GameState.DebugPrintPower() -         tag=ZONE value=SETASIDE
D 15:45:15.5828589 GameState.DebugPrintPower() -         tag=ENTITY_ID value=431
D 15:45:15.5828589 GameState.DebugPrintPower() -         tag=LINKED_ENTITY value=5
D 15:45:15.5828589 GameState.DebugPrintPower() -         tag=CREATOR value=16
D 15:45:15.5828589 GameState.DebugPrintPower() -         tag=HIDE_COST value=1
D 15:45:15.5828589 GameState.DebugPrintPower() -         tag=1037 value=6
D 15:45:15.5828589 GameState.DebugPrintPower() -         tag=SUPPRESS_ALL_SUMMON_VO value=1
D 15:45:15.5828589 GameState.DebugPrintPower() -         tag=SPAWN_TIME_COUNT value=1
D 15:45:15.5828589 GameState.DebugPrintPower() -         tag=1724 value=1
D 15:45:15.5828589 GameState.DebugPrintPower() -         tag=BACON_COMPANION_ID value=77829
D 15:45:15.5828589 GameState.DebugPrintPower() -         tag=HAS_ACTIVATE_POWER value=1
D 15:45:15.5828589 GameState.DebugPrintPower() -         tag=BACON_BUY_BUDDY value=1
D 15:45:15.5828589 GameState.DebugPrintPower() -     TAG_CHANGE Entity=431 tag=HIDE_COST value=0 
D 15:45:15.5828589 GameState.DebugPrintPower() -     FULL_ENTITY - Creating ID=432 CardID=
D 15:45:15.5828589 GameState.DebugPrintPower() -         tag=ZONE value=SETASIDE
D 15:45:15.5828589 GameState.DebugPrintPower() -         tag=CONTROLLER value=6
D 15:45:15.5828589 GameState.DebugPrintPower() -         tag=ENTITY_ID value=432
D 15:45:15.5828589 GameState.DebugPrintPower() -     FULL_ENTITY - Creating ID=433 CardID=
D 15:45:15.5828589 GameState.DebugPrintPower() -         tag=ZONE value=SETASIDE
D 15:45:15.5828589 GameState.DebugPrintPower() -         tag=CONTROLLER value=6
D 15:45:15.5828589 GameState.DebugPrintPower() -         tag=ENTITY_ID value=433
D 15:45:15.5828589 GameState.DebugPrintPower() -     TAG_CHANGE Entity=GameEntity tag=1453 value=1 
D 15:45:15.5828589 GameState.DebugPrintPower() -     FULL_ENTITY - Creating ID=434 CardID=BGS_127
D 15:45:15.5828589 GameState.DebugPrintPower() -         tag=CONTROLLER value=6
D 15:45:15.5828589 GameState.DebugPrintPower() -         tag=CARDTYPE value=MINION
D 15:45:15.5828589 GameState.DebugPrintPower() -         tag=TAG_LAST_KNOWN_COST_IN_HAND value=1
D 15:45:15.5828589 GameState.DebugPrintPower() -         tag=479 value=3
D 15:45:15.5828589 GameState.DebugPrintPower() -         tag=COST value=1
D 15:45:15.5828589 GameState.DebugPrintPower() -         tag=ATK value=3
D 15:45:15.5828589 GameState.DebugPrintPower() -         tag=HEALTH value=3
D 15:45:15.5828589 GameState.DebugPrintPower() -         tag=TRIGGER_VISUAL value=1
D 15:45:15.5828589 GameState.DebugPrintPower() -         tag=ZONE value=SETASIDE
D 15:45:15.5828589 GameState.DebugPrintPower() -         tag=ENTITY_ID value=434
D 15:45:15.5828589 GameState.DebugPrintPower() -         tag=CARDRACE value=ELEMENTAL
D 15:45:15.5828589 GameState.DebugPrintPower() -         tag=CREATOR value=63
D 15:45:15.5828589 GameState.DebugPrintPower() -         tag=1037 value=6
D 15:45:15.5828589 GameState.DebugPrintPower() -         tag=CREATOR_DBID value=57980
D 15:45:15.5828589 GameState.DebugPrintPower() -         tag=BACON_TRIPLE_UPGRADE_MINION_ID value=64300
D 15:45:15.5828589 GameState.DebugPrintPower() -         tag=TECH_LEVEL value=1
D 15:45:15.5828589 GameState.DebugPrintPower() -         tag=IS_BACON_POOL_MINION value=1
D 15:45:15.5828589 GameState.DebugPrintPower() -         tag=SUPPRESS_ALL_SUMMON_VO value=1
D 15:45:15.5828589 GameState.DebugPrintPower() -         tag=SPAWN_TIME_COUNT value=1
D 15:45:15.5828589 GameState.DebugPrintPower() -         tag=1688 value=1
D 15:45:15.5828589 GameState.DebugPrintPower() -         tag=HAS_ACTIVATE_POWER value=1
D 15:45:15.5828589 GameState.DebugPrintPower() -         tag=3085 value=3
D 15:45:15.5828589 GameState.DebugPrintPower() -     TAG_CHANGE Entity=[entityName=Drag To Buy Spell id=369 zone=PLAY zonePos=0 cardId=TB_BaconShop_DragBuy_Spell player=6] tag=COST value=0 
D 15:45:15.5828589 GameState.DebugPrintPower() -     TAG_CHANGE Entity=[entityName=Drag To Buy id=366 zone=PLAY zonePos=0 cardId=TB_BaconShop_DragBuy player=6] tag=COST value=0 
D 15:45:15.5828589 GameState.DebugPrintPower() -     TAG_CHANGE Entity=[entityName=Drag To Buy id=362 zone=PLAY zonePos=0 cardId=TB_BaconShop_DragBuy player=6] tag=COST value=0 
D 15:45:15.5828589 GameState.DebugPrintPower() -     TAG_CHANGE Entity=434 tag=LAST_AFFECTED_BY value=247 
D 15:45:15.5828589 GameState.DebugPrintPower() -     TAG_CHANGE Entity=434 tag=COPIED_FROM_ENTITY_ID value=246 
D 15:45:15.5828589 GameState.DebugPrintPower() -     TAG_CHANGE Entity=434 tag=3669 value=1 
D 15:45:15.5828589 GameState.DebugPrintPower() -     TAG_CHANGE Entity=[entityName=Annoy-o-Tron id=363 zone=PLAY zonePos=1 cardId=BG_GVG_085 player=6] tag=SPAWN_TIME_COUNT value=0 
D 15:45:15.5828589 GameState.DebugPrintPower() -     TAG_CHANGE Entity=[entityName=Annoy-o-Tron id=363 zone=PLAY zonePos=1 cardId=BG_GVG_085 player=6] tag=SPAWN_TIME_COUNT value=1 
D 15:45:15.5828589 GameState.DebugPrintPower() -     TAG_CHANGE Entity=GameEntity tag=1453 value=0 
D 15:45:15.5828589 GameState.DebugPrintPower() -     TAG_CHANGE Entity=GameEntity tag=1453 value=1 
D 15:45:15.5828589 GameState.DebugPrintPower() -     FULL_ENTITY - Creating ID=435 CardID=BG_GVG_085
D 15:45:15.5828589 GameState.DebugPrintPower() -         tag=CONTROLLER value=6
D 15:45:15.5828589 GameState.DebugPrintPower() -         tag=CARDTYPE value=MINION
D 15:45:15.5828589 GameState.DebugPrintPower() -         tag=479 value=1
D 15:45:15.5828589 GameState.DebugPrintPower() -         tag=ATK value=1
D 15:45:15.5828589 GameState.DebugPrintPower() -         tag=HEALTH value=2
D 15:45:15.5828589 GameState.DebugPrintPower() -         tag=ZONE value=SETASIDE
D 15:45:15.5828589 GameState.DebugPrintPower() -         tag=ENTITY_ID value=435
D 15:45:15.5828589 GameState.DebugPrintPower() -         tag=TAUNT value=1
D 15:45:15.5828589 GameState.DebugPrintPower() -         tag=DIVINE_SHIELD value=1
D 15:45:15.5828589 GameState.DebugPrintPower() -         tag=CARDRACE value=MECHANICAL
D 15:45:15.5828589 GameState.DebugPrintPower() -         tag=RARITY value=COMMON
D 15:45:15.5828589 GameState.DebugPrintPower() -         tag=CREATOR value=63
D 15:45:15.5828589 GameState.DebugPrintPower() -         tag=1037 value=6
D 15:45:15.5828589 GameState.DebugPrintPower() -         tag=CREATOR_DBID value=57980
D 15:45:15.5828589 GameState.DebugPrintPower() -         tag=BACON_TRIPLE_UPGRADE_MINION_ID value=103653
D 15:45:15.5828589 GameState.DebugPrintPower() -         tag=TECH_LEVEL value=1
D 15:45:15.5828589 GameState.DebugPrintPower() -         tag=IS_BACON_POOL_MINION value=1
D 15:45:15.5828589 GameState.DebugPrintPower() -         tag=SUPPRESS_ALL_SUMMON_VO value=1
D 15:45:15.5828589 GameState.DebugPrintPower() -         tag=SPAWN_TIME_COUNT value=1
D 15:45:15.5828589 GameState.DebugPrintPower() -         tag=1595 value=1
D 15:45:15.5828589 GameState.DebugPrintPower() -         tag=HAS_ACTIVATE_POWER value=1
D 15:45:15.5828589 GameState.DebugPrintPower() -         tag=3085 value=2
D 15:45:15.5828589 GameState.DebugPrintPower() -     TAG_CHANGE Entity=435 tag=LAST_AFFECTED_BY value=364 
D 15:45:15.5828589 GameState.DebugPrintPower() -     TAG_CHANGE Entity=435 tag=COPIED_FROM_ENTITY_ID value=363 
D 15:45:15.5828589 GameState.DebugPrintPower() -     TAG_CHANGE Entity=435 tag=3669 value=1 
D 15:45:15.5828589 GameState.DebugPrintPower() -     TAG_CHANGE Entity=[entityName=Annoy-o-Tron id=363 zone=PLAY zonePos=1 cardId=BG_GVG_085 player=6] tag=SPAWN_TIME_COUNT value=0 
D 15:45:15.5828589 GameState.DebugPrintPower() -     TAG_CHANGE Entity=[entityName=Annoy-o-Tron id=363 zone=PLAY zonePos=1 cardId=BG_GVG_085 player=6] tag=SPAWN_TIME_COUNT value=1 
D 15:45:15.5828589 GameState.DebugPrintPower() -     TAG_CHANGE Entity=GameEntity tag=1453 value=0 
D 15:45:15.5828589 GameState.DebugPrintPower() -     TAG_CHANGE Entity=GameEntity tag=3534 value=1 
D 15:45:15.5828589 GameState.DebugPrintPower() -     META_DATA - Meta=ARTIFICIAL_PAUSE Data=1500 InfoCount=1
D 15:45:15.5828589 GameState.DebugPrintPower() -                 Info[0] = [entityName=BaconShop8PlayerEnchant id=63 zone=PLAY zonePos=0 cardId=TB_BaconShop_8P_PlayerE player=6]
D 15:45:15.5828589 GameState.DebugPrintPower() -     META_DATA - Meta=SLUSH_TIME Data=1500 InfoCount=1
D 15:45:15.5828589 GameState.DebugPrintPower() -                 Info[0] = [entityName=BaconShop8PlayerEnchant id=63 zone=PLAY zonePos=0 cardId=TB_BaconShop_8P_PlayerE player=6]
D 15:45:15.5828589 GameState.DebugPrintPower() - BLOCK_END
D 15:45:15.5828589 GameState.DebugPrintPower() - TAG_CHANGE Entity=434 tag=3669 value=0 
D 15:45:15.5828589 GameState.DebugPrintPower() - TAG_CHANGE Entity=435 tag=3669 value=0 
D 15:45:15.5828589 PowerTaskList.DebugDump() - ID=188 ParentID=0 PreviousID=0 TaskCount=1
D 15:45:15.5828589 PowerTaskList.DebugDump() - Block Start=(null)
D 15:45:15.5828589 PowerTaskList.DebugPrintPower() -     META_DATA - Meta=ARTIFICIAL_HISTORY_INTERRUPT Data=0 InfoCount=0
D 15:45:15.5828589 PowerTaskList.DebugDump() - Block End=(null)
D 15:45:15.5828589 PowerProcessor.PrepareHistoryForCurrentTaskList() - m_currentTaskList=188
D 15:45:15.5828589 PowerProcessor.EndCurrentTaskList() - m_currentTaskList=188
D 15:45:15.5828589 PowerTaskList.DebugDump() - ID=189 ParentID=0 PreviousID=0 TaskCount=2
D 15:45:15.5828589 PowerTaskList.DebugDump() - Block Start=(null)
D 15:45:15.5828589 PowerTaskList.DebugPrintPower() -     TAG_CHANGE Entity=[entityName=Annoy-o-Tron id=363 zone=PLAY zonePos=1 cardId=BG_GVG_085 player=6] tag=1196 value=0 
D 15:45:15.5828589 PowerTaskList.DebugPrintPower() -     TAG_CHANGE Entity=GameEntity tag=STEP value=MAIN_END 
D 15:45:15.5828589 PowerTaskList.DebugDump() - Block End=(null)
D 15:45:15.5828589 PowerProcessor.PrepareHistoryForCurrentTaskList() - m_currentTaskList=189
D 15:45:15.5828589 PowerProcessor.EndCurrentTaskList() - m_currentTaskList=189
D 15:45:15.5828589 PowerTaskList.DebugDump() - ID=190 ParentID=0 PreviousID=0 TaskCount=2
D 15:45:15.5828589 PowerTaskList.DebugPrintPower() - BLOCK_START BlockType=TRIGGER Entity=[entityName=BaconShop8PlayerEnchant id=63 zone=PLAY zonePos=0 cardId=TB_BaconShop_8P_PlayerE player=6] EffectCardId=System.Collections.Generic.List`1[System.String] EffectIndex=33 Target=0 SubOption=-1 TriggerKeyword=TAG_NOT_SET
D 15:45:15.5828589 PowerTaskList.DebugPrintPower() -     TAG_CHANGE Entity=[entityName=Annoy-o-Tron id=363 zone=PLAY zonePos=1 cardId=BG_GVG_085 player=6] tag=SPAWN_TIME_COUNT value=0 
D 15:45:15.5828589 PowerTaskList.DebugPrintPower() -     TAG_CHANGE Entity=[entityName=Annoy-o-Tron id=363 zone=PLAY zonePos=1 cardId=BG_GVG_085 player=6] tag=SPAWN_TIME_COUNT value=1 
D 15:45:15.5828589 PowerTaskList.DebugPrintPower() - BLOCK_END
D 15:45:15.5828589 PowerProcessor.PrepareHistoryForCurrentTaskList() - m_currentTaskList=190
D 15:45:15.5828589 PowerProcessor.EndCurrentTaskList() - m_currentTaskList=190
D 15:45:15.5828589 PowerTaskList.DebugDump() - ID=191 ParentID=0 PreviousID=0 TaskCount=8
D 15:45:15.5828589 PowerTaskList.DebugPrintPower() - BLOCK_START BlockType=TRIGGER Entity=[entityName=3ofKindCheckPlayerEnchant id=64 zone=PLAY zonePos=0 cardId=TB_BaconShop_3ofKindChecke player=6] EffectCardId=System.Collections.Generic.List`1[System.String] EffectIndex=2 Target=0 SubOption=-1 TriggerKeyword=TAG_NOT_SET
D 15:45:15.5828589 PowerTaskList.DebugPrintPower() -     TAG_CHANGE Entity=[entityName=3ofKindCheckPlayerEnchant id=64 zone=PLAY zonePos=0 cardId=TB_BaconShop_3ofKindChecke player=6] tag=2747 value=64 
D 15:45:15.5828589 PowerTaskList.DebugPrintPower() -     TAG_CHANGE Entity=[entityName=3ofKindCheckPlayerEnchant id=64 zone=PLAY zonePos=0 cardId=TB_BaconShop_3ofKindChecke player=6] tag=LAST_AFFECTED_BY value=64 
D 15:45:15.5828589 PowerTaskList.DebugPrintPower() -     TAG_CHANGE Entity=[entityName=3ofKindCheckPlayerEnchant id=64 zone=PLAY zonePos=0 cardId=TB_BaconShop_3ofKindChecke player=6] tag=1068 value=4 
D 15:45:15.5828589 PowerTaskList.DebugPrintPower() -     TAG_CHANGE Entity=[entityName=3ofKindCheckPlayerEnchant id=64 zone=PLAY zonePos=0 cardId=TB_BaconShop_3ofKindChecke player=6] tag=1068 value=0 
D 15:45:15.5828589 PowerTaskList.DebugPrintPower() -     TAG_CHANGE Entity=[entityName=3ofKindCheckPlayerEnchant id=64 zone=PLAY zonePos=0 cardId=TB_BaconShop_3ofKindChecke player=6] tag=1037 value=6 
D 15:45:15.5828589 PowerTaskList.DebugPrintPower() -     TAG_CHANGE Entity=[entityName=3ofKindCheckPlayerEnchant id=64 zone=PLAY zonePos=0 cardId=TB_BaconShop_3ofKindChecke player=6] tag=ZONE value=GRAVEYARD 
D 15:45:15.5828589 PowerTaskList.DebugPrintPower() -     TAG_CHANGE Entity=[entityName=3ofKindCheckPlayerEnchant id=64 zone=PLAY zonePos=0 cardId=TB_BaconShop_3ofKindChecke player=6] tag=1234 value=17 
D 15:45:15.5828589 PowerTaskList.DebugPrintPower() -     HIDE_ENTITY - Entity=[entityName=3ofKindCheckPlayerEnchant id=64 zone=PLAY zonePos=0 cardId=TB_BaconShop_3ofKindChecke player=6] tag=ZONE value=GRAVEYARD
D 15:45:15.5828589 PowerTaskList.DebugPrintPower() - BLOCK_END
D 15:45:15.5828589 PowerProcessor.PrepareHistoryForCurrentTaskList() - m_currentTaskList=191
D 15:45:15.5996882 PowerProcessor.EndCurrentTaskList() - m_currentTaskList=191
D 15:45:15.6163651 PowerTaskList.DebugDump() - ID=192 ParentID=0 PreviousID=0 TaskCount=1
D 15:45:15.6163651 PowerTaskList.DebugPrintPower() - BLOCK_START BlockType=TRIGGER Entity=dymitrq#2316 EffectCardId=System.Collections.Generic.List`1[System.String] EffectIndex=-1 Target=0 SubOption=-1 TriggerKeyword=TAG_NOT_SET
D 15:45:15.6163651 PowerTaskList.DebugPrintPower() -     TAG_CHANGE Entity=GameEntity tag=NEXT_STEP value=MAIN_CLEANUP 
D 15:45:15.6163651 PowerTaskList.DebugPrintPower() - BLOCK_END
D 15:45:15.6163651 PowerProcessor.PrepareHistoryForCurrentTaskList() - m_currentTaskList=192
D 15:45:15.6163651 PowerProcessor.EndCurrentTaskList() - m_currentTaskList=192
D 15:45:15.6163651 PowerTaskList.DebugDump() - ID=193 ParentID=0 PreviousID=0 TaskCount=0
D 15:45:15.6163651 PowerTaskList.DebugPrintPower() - BLOCK_START BlockType=TRIGGER Entity=dymitrq#2316 EffectCardId=System.Collections.Generic.List`1[System.String] EffectIndex=-1 Target=0 SubOption=-1 TriggerKeyword=TAG_NOT_SET
D 15:45:15.6163651 PowerTaskList.DebugPrintPower() - BLOCK_END
D 15:45:15.6163651 PowerProcessor.PrepareHistoryForCurrentTaskList() - m_currentTaskList=193
D 15:45:15.6163651 PowerProcessor.EndCurrentTaskList() - m_currentTaskList=193
D 15:45:15.6163651 PowerTaskList.DebugDump() - ID=194 ParentID=0 PreviousID=0 TaskCount=0
D 15:45:15.6163651 PowerTaskList.DebugPrintPower() - BLOCK_START BlockType=TRIGGER Entity=Bartender Bob EffectCardId=System.Collections.Generic.List`1[System.String] EffectIndex=-1 Target=0 SubOption=-1 TriggerKeyword=TAG_NOT_SET
D 15:45:15.6163651 PowerTaskList.DebugPrintPower() - BLOCK_END
D 15:45:15.6163651 PowerProcessor.PrepareHistoryForCurrentTaskList() - m_currentTaskList=194
D 15:45:15.6163651 PowerProcessor.EndCurrentTaskList() - m_currentTaskList=194
D 15:45:15.6163651 PowerTaskList.DebugDump() - ID=195 ParentID=0 PreviousID=0 TaskCount=3
D 15:45:15.6163651 PowerTaskList.DebugPrintPower() - BLOCK_START BlockType=TRIGGER Entity=[entityName=BaconShop8PlayerEnchant id=63 zone=PLAY zonePos=0 cardId=TB_BaconShop_8P_PlayerE player=6] EffectCardId=System.Collections.Generic.List`1[System.String] EffectIndex=-1 Target=0 SubOption=-1 TriggerKeyword=2882
D 15:45:15.6163651 PowerTaskList.DebugPrintPower() -     TAG_CHANGE Entity=GameEntity tag=SUPPRESS_ALL_SUMMON_VO value=1 
D 15:45:15.6163651 PowerTaskList.DebugPrintPower() -     TAG_CHANGE Entity=GameEntity tag=MISSION_EVENT value=0 
D 15:45:15.6163651 PowerTaskList.DebugPrintPower() -     TAG_CHANGE Entity=GameEntity tag=MISSION_EVENT value=115 
D 15:45:15.6163651 PowerTaskList.DebugPrintPower() - BLOCK_END
D 15:45:15.6163651 PowerProcessor.PrepareHistoryForCurrentTaskList() - m_currentTaskList=195
D 15:45:15.6163651 PowerProcessor.EndCurrentTaskList() - m_currentTaskList=195
D 15:45:15.6163651 PowerTaskList.DebugDump() - ID=196 ParentID=0 PreviousID=0 TaskCount=0
D 15:45:15.6163651 PowerTaskList.DebugPrintPower() - BLOCK_START BlockType=TRIGGER Entity=[entityName=BaconShop8PlayerEnchant id=63 zone=PLAY zonePos=0 cardId=TB_BaconShop_8P_PlayerE player=6] EffectCardId=System.Collections.Generic.List`1[System.String] EffectIndex=29 Target=0 SubOption=-1 TriggerKeyword=TAG_NOT_SET
D 15:45:15.6163651 PowerTaskList.DebugPrintPower() - BLOCK_END
D 15:45:15.6163651 PowerProcessor.PrepareHistoryForCurrentTaskList() - m_currentTaskList=196
D 15:45:15.6163651 PowerProcessor.EndCurrentTaskList() - m_currentTaskList=196
D 15:45:15.6163651 PowerTaskList.DebugDump() - ID=197 ParentID=0 PreviousID=0 TaskCount=1
D 15:45:15.6163651 PowerTaskList.DebugPrintPower() - BLOCK_START BlockType=TRIGGER Entity=[entityName=The Perfect Crime id=166 zone=PLAY zonePos=0 cardId=BG23_HERO_305p player=6] EffectCardId=System.Collections.Generic.List`1[System.String] EffectIndex=0 Target=0 SubOption=-1 TriggerKeyword=TAG_NOT_SET
D 15:45:15.6163651 PowerTaskList.DebugPrintPower() -     META_DATA - Meta=ARTIFICIAL_HISTORY_INTERRUPT Data=0 InfoCount=0
D 15:45:15.6163651 PowerTaskList.DebugDump() - Block End=(null)
D 15:45:15.6163651 PowerProcessor.PrepareHistoryForCurrentTaskList() - m_currentTaskList=197
D 15:45:15.6163651 PowerProcessor.EndCurrentTaskList() - m_currentTaskList=197
D 15:45:15.6163651 PowerTaskList.DebugDump() - ID=198 ParentID=0 PreviousID=197 TaskCount=3
D 15:45:15.6163651 PowerTaskList.DebugDump() - Block Start=(null)
D 15:45:15.6163651 PowerTaskList.DebugPrintPower() -     SUB_SPELL_START - SpellPrefabGUID=Coins_ImpactOnly_FX:636e6c2d37fdf2945b2232ef7ba20145 Source=166 TargetCount=1
D 15:45:15.6163651 PowerTaskList.DebugPrintPower() -                       Source = [entityName=The Perfect Crime id=166 zone=PLAY zonePos=0 cardId=BG23_HERO_305p player=6]
D 15:45:15.6163651 PowerTaskList.DebugPrintPower() -                       Targets[0] = [entityName=The Perfect Crime id=166 zone=PLAY zonePos=0 cardId=BG23_HERO_305p player=6]
D 15:45:15.6163651 PowerTaskList.DebugPrintPower() -         TAG_CHANGE Entity=[entityName=The Perfect Crime id=166 zone=PLAY zonePos=0 cardId=BG23_HERO_305p player=6] tag=COST value=10 
D 15:45:15.6163651 PowerTaskList.DebugPrintPower() -     SUB_SPELL_END
D 15:45:15.6163651 PowerTaskList.DebugDump() - Block End=(null)
D 15:45:15.6163651 PowerProcessor.PrepareHistoryForCurrentTaskList() - m_currentTaskList=198
D 15:45:15.6621230 GameState.DebugPrintPowerList() - Count=92
D 15:45:15.6621230 GameState.DebugPrintPower() - TAG_CHANGE Entity=GameEntity tag=STEP value=MAIN_READY 
D 15:45:15.6621230 GameState.DebugPrintPower() - BLOCK_START BlockType=TRIGGER Entity=Bartender Bob EffectCardId=System.Collections.Generic.List`1[System.String] EffectIndex=-1 Target=0 SubOption=-1 TriggerKeyword=TAG_NOT_SET
D 15:45:15.6621230 GameState.DebugPrintPower() -     TAG_CHANGE Entity=GameEntity tag=NUM_TURNS_IN_PLAY value=3 
D 15:45:15.6621230 GameState.DebugPrintPower() -     TAG_CHANGE Entity=dymitrq#2316 tag=NUM_TURNS_IN_PLAY value=3 
D 15:45:15.6621230 GameState.DebugPrintPower() -     TAG_CHANGE Entity=Bartender Bob tag=NUM_TURNS_IN_PLAY value=3 
D 15:45:15.6621230 GameState.DebugPrintPower() -     TAG_CHANGE Entity=[entityName=Bartender Bob id=62 zone=PLAY zonePos=0 cardId=TB_BaconShopBob player=14] tag=NUM_TURNS_IN_PLAY value=3 
D 15:45:15.6621230 GameState.DebugPrintPower() -     TAG_CHANGE Entity=[entityName=Sparkhoarder Togwaggle id=85 zone=PLAY zonePos=0 cardId=BG23_HERO_305_SKIN_B player=6] tag=NUM_TURNS_IN_PLAY value=3 
D 15:45:15.6621230 GameState.DebugPrintPower() -     TAG_CHANGE Entity=[entityName=The Perfect Crime id=166 zone=PLAY zonePos=0 cardId=BG23_HERO_305p player=6] tag=NUM_TURNS_IN_PLAY value=3 
D 15:45:15.6621230 GameState.DebugPrintPower() -     TAG_CHANGE Entity=[entityName=Buddy Meter id=356 zone=PLAY zonePos=0 cardId=BG22_BuddyMeter player=6] tag=NUM_TURNS_IN_PLAY value=1 
D 15:45:15.6621230 GameState.DebugPrintPower() -     TAG_CHANGE Entity=[entityName=Annoy-o-Tron id=363 zone=PLAY zonePos=1 cardId=BG_GVG_085 player=6] tag=NUM_TURNS_IN_PLAY value=4 
D 15:45:15.6621230 GameState.DebugPrintPower() -     TAG_CHANGE Entity=GameEntity tag=NEXT_STEP value=MAIN_START_TRIGGERS 
D 15:45:15.6621230 GameState.DebugPrintPower() - BLOCK_END
D 15:45:15.6621230 GameState.DebugPrintPower() - TAG_CHANGE Entity=GameEntity tag=STEP value=MAIN_START_TRIGGERS 
D 15:45:15.6621230 GameState.DebugPrintPower() - BLOCK_START BlockType=TRIGGER Entity=Bartender Bob EffectCardId=System.Collections.Generic.List`1[System.String] EffectIndex=-1 Target=0 SubOption=-1 TriggerKeyword=TAG_NOT_SET
D 15:45:15.6621230 GameState.DebugPrintPower() -     TAG_CHANGE Entity=GameEntity tag=NEXT_STEP value=MAIN_START 
D 15:45:15.6621230 GameState.DebugPrintPower() - BLOCK_END
D 15:45:15.6621230 GameState.DebugPrintPower() - BLOCK_START BlockType=TRIGGER Entity=[entityName=BaconShop8PlayerEnchant id=63 zone=PLAY zonePos=0 cardId=TB_BaconShop_8P_PlayerE player=6] EffectCardId=System.Collections.Generic.List`1[System.String] EffectIndex=-1 Target=0 SubOption=-1 TriggerKeyword=TAG_NOT_SET
D 15:45:15.6621230 GameState.DebugPrintPower() -     TAG_CHANGE Entity=GameEntity tag=2022 value=1 
D 15:45:15.6621230 GameState.DebugPrintPower() -     TAG_CHANGE Entity=GameEntity tag=1453 value=1 
D 15:45:15.6621230 GameState.DebugPrintPower() -     TAG_CHANGE Entity=dymitrq#2316 tag=BACON_CURRENT_COMBAT_PLAYER_ID value=6 
D 15:45:15.6621230 GameState.DebugPrintPower() -     TAG_CHANGE Entity=Bartender Bob tag=BACON_CURRENT_COMBAT_PLAYER_ID value=5 
D 15:45:15.6621230 GameState.DebugPrintPower() -     TAG_CHANGE Entity=GameEntity tag=2374 value=1 
D 15:45:15.6621230 GameState.DebugPrintPower() -     FULL_ENTITY - Creating ID=459 CardID=TB_BaconShop_HERO_90
D 15:45:15.6621230 GameState.DebugPrintPower() -         tag=CONTROLLER value=14
D 15:45:15.6621230 GameState.DebugPrintPower() -         tag=CARDTYPE value=HERO
D 15:45:15.6621230 GameState.DebugPrintPower() -         tag=HEALTH value=30
D 15:45:15.6621230 GameState.DebugPrintPower() -         tag=ZONE value=PLAY
D 15:45:15.6621230 GameState.DebugPrintPower() -         tag=ENTITY_ID value=459
D 15:45:15.6621230 GameState.DebugPrintPower() -         tag=FACTION value=NEUTRAL
D 15:45:15.6621230 GameState.DebugPrintPower() -         tag=RARITY value=FREE
D 15:45:15.6621230 GameState.DebugPrintPower() -         tag=ARMOR value=10
D 15:45:15.6621230 GameState.DebugPrintPower() -         tag=CREATOR value=63
D 15:45:15.6621230 GameState.DebugPrintPower() -         tag=HERO_POWER value=64481
D 15:45:15.6621230 GameState.DebugPrintPower() -         tag=1037 value=6
D 15:45:15.6621230 GameState.DebugPrintPower() -         tag=CREATOR_DBID value=57980
D 15:45:15.6621230 GameState.DebugPrintPower() -         tag=SUPPRESS_ALL_SUMMON_VO value=1
D 15:45:15.6621230 GameState.DebugPrintPower() -         tag=BACON_HERO_CAN_BE_DRAFTED value=1
D 15:45:15.6621230 GameState.DebugPrintPower() -         tag=SPAWN_TIME_COUNT value=1
D 15:45:15.6621230 GameState.DebugPrintPower() -         tag=BACON_COMPANION_ID value=77829
D 15:45:15.6621230 GameState.DebugPrintPower() -         tag=HAS_ACTIVATE_POWER value=1
D 15:45:15.6621230 GameState.DebugPrintPower() -         tag=3085 value=30
D 15:45:15.6621230 GameState.DebugPrintPower() -         tag=3190 value=100
D 15:45:15.6621230 GameState.DebugPrintPower() -         tag=3206 value=8
D 15:45:15.6621230 GameState.DebugPrintPower() -     TAG_CHANGE Entity=459 tag=PLAYER_TECH_LEVEL value=1 
D 15:45:15.6621230 GameState.DebugPrintPower() -     TAG_CHANGE Entity=459 tag=BACON_MAX_PLAYER_TECH_LEVEL value=6 
D 15:45:15.6621230 GameState.DebugPrintPower() -     TAG_CHANGE Entity=459 tag=PLAYER_ID value=5 
D 15:45:15.6621230 GameState.DebugPrintPower() -     TAG_CHANGE Entity=459 tag=2210 value=1 
D 15:45:15.6621230 GameState.DebugPrintPower() -     TAG_CHANGE Entity=459 tag=BATTLEGROUNDS_FAVORITE_FINISHER value=69 
D 15:45:15.6621230 GameState.DebugPrintPower() -     TAG_CHANGE Entity=459 tag=COPIED_FROM_ENTITY_ID value=429 
D 15:45:15.6621230 GameState.DebugPrintPower() -     TAG_CHANGE Entity=459 tag=3669 value=1 
D 15:45:15.6621230 GameState.DebugPrintPower() -     TAG_CHANGE Entity=459 tag=LINKED_ENTITY value=62 
D 15:45:15.6621230 GameState.DebugPrintPower() -     TAG_CHANGE Entity=[entityName=Bartender Bob id=62 zone=PLAY zonePos=0 cardId=TB_BaconShopBob player=14] tag=1068 value=6 
D 15:45:15.6621230 GameState.DebugPrintPower() -     TAG_CHANGE Entity=[entityName=Bartender Bob id=62 zone=PLAY zonePos=0 cardId=TB_BaconShopBob player=14] tag=1068 value=0 
D 15:45:15.6621230 GameState.DebugPrintPower() -     TAG_CHANGE Entity=[entityName=Bartender Bob id=62 zone=PLAY zonePos=0 cardId=TB_BaconShopBob player=14] tag=SUPPRESS_ALL_SUMMON_VO value=0 
D 15:45:15.6621230 GameState.DebugPrintPower() -     TAG_CHANGE Entity=[entityName=Bartender Bob id=62 zone=PLAY zonePos=0 cardId=TB_BaconShopBob player=14] tag=1037 value=6 
D 15:45:15.6621230 GameState.DebugPrintPower() -     HIDE_ENTITY - Entity=[entityName=Bartender Bob id=62 zone=PLAY zonePos=0 cardId=TB_BaconShopBob player=14] tag=ZONE value=SETASIDE
D 15:45:15.6621230 GameState.DebugPrintPower() -     TAG_CHANGE Entity=[entityName=Bartender Bob id=62 zone=PLAY zonePos=0 cardId=TB_BaconShopBob player=14] tag=ZONE value=SETASIDE 
D 15:45:15.6621230 GameState.DebugPrintPower() -     SHOW_ENTITY - Updating Entity=[entityName=Bartender Bob id=62 zone=PLAY zonePos=0 cardId=TB_BaconShopBob player=14] CardID=TB_BaconShopBob
D 15:45:15.6621230 GameState.DebugPrintPower() -         tag=CONTROLLER value=14
D 15:45:15.6621230 GameState.DebugPrintPower() -         tag=CARDTYPE value=HERO
D 15:45:15.6621230 GameState.DebugPrintPower() -         tag=HEALTH value=60
D 15:45:15.6621230 GameState.DebugPrintPower() -         tag=ZONE value=SETASIDE
D 15:45:15.6621230 GameState.DebugPrintPower() -         tag=ENTITY_ID value=62
D 15:45:15.6621230 GameState.DebugPrintPower() -         tag=RARITY value=FREE
D 15:45:15.6621230 GameState.DebugPrintPower() -         tag=LINKED_ENTITY value=36
D 15:45:15.6621230 GameState.DebugPrintPower() -         tag=NUM_TURNS_IN_PLAY value=3
D 15:45:15.6621230 GameState.DebugPrintPower() -         tag=CREATOR value=16
D 15:45:15.6621230 GameState.DebugPrintPower() -         tag=HIDE_STATS value=1
D 15:45:15.6621230 GameState.DebugPrintPower() -         tag=REVEALED value=1
D 15:45:15.6621230 GameState.DebugPrintPower() -         tag=HIDE_HEALTH value=1
D 15:45:15.6621230 GameState.DebugPrintPower() -         tag=1037 value=6
D 15:45:15.6621230 GameState.DebugPrintPower() -         tag=1068 value=0
D 15:45:15.6621230 GameState.DebugPrintPower() -         tag=SUPPRESS_ALL_SUMMON_VO value=0
D 15:45:15.6621230 GameState.DebugPrintPower() -         tag=SPAWN_TIME_COUNT value=1
D 15:45:15.6621230 GameState.DebugPrintPower() -         tag=HAS_ACTIVATE_POWER value=1
D 15:45:15.6621230 GameState.DebugPrintPower() -         tag=3085 value=60
D 15:45:15.6621230 GameState.DebugPrintPower() -     TAG_CHANGE Entity=Bartender Bob tag=HERO_ENTITY value=459 
D 15:45:15.6621230 GameState.DebugPrintPower() -     TAG_CHANGE Entity=459 tag=BACON_COMBAT_PHASE_HERO value=1 
D 15:45:15.6621230 GameState.DebugPrintPower() -     HIDE_ENTITY - Entity=[entityName=Come One, Come All! id=430 zone=SETASIDE zonePos=0 cardId=TB_BaconShop_HP_101 player=6] tag=ZONE value=SETASIDE
D 15:45:15.6621230 GameState.DebugPrintPower() -     TAG_CHANGE Entity=[entityName=Come One, Come All! id=430 zone=SETASIDE zonePos=0 cardId=TB_BaconShop_HP_101 player=6] tag=CONTROLLER value=14 
D 15:45:15.6621230 GameState.DebugPrintPower() -     SHOW_ENTITY - Updating Entity=[entityName=Come One, Come All! id=430 zone=SETASIDE zonePos=0 cardId=TB_BaconShop_HP_101 player=6] CardID=TB_BaconShop_HP_101
D 15:45:15.6621230 GameState.DebugPrintPower() -         tag=CONTROLLER value=14
D 15:45:15.6621230 GameState.DebugPrintPower() -         tag=CARDTYPE value=HERO_POWER
D 15:45:15.6621230 GameState.DebugPrintPower() -         tag=ZONE value=PLAY
D 15:45:15.6621230 GameState.DebugPrintPower() -         tag=ENTITY_ID value=430
D 15:45:15.6621230 GameState.DebugPrintPower() -         tag=LINKED_ENTITY value=166
D 15:45:15.6621230 GameState.DebugPrintPower() -         tag=CREATOR value=16
D 15:45:15.6621230 GameState.DebugPrintPower() -         tag=HIDE_COST value=1
D 15:45:15.6621230 GameState.DebugPrintPower() -         tag=1037 value=6
D 15:45:15.6621230 GameState.DebugPrintPower() -         tag=1068 value=0
D 15:45:15.6621230 GameState.DebugPrintPower() -         tag=SUPPRESS_ALL_SUMMON_VO value=1
D 15:45:15.6621230 GameState.DebugPrintPower() -         tag=SPAWN_TIME_COUNT value=1
D 15:45:15.6621230 GameState.DebugPrintPower() -         tag=BACON_HEROPOWER_BASE_HERO_ID value=64480
D 15:45:15.6621230 GameState.DebugPrintPower() -     BLOCK_START BlockType=TRIGGER Entity=[entityName=Come One, Come All! id=430 zone=SETASIDE zonePos=0 cardId=TB_BaconShop_HP_101 player=6] EffectCardId=System.Collections.Generic.List`1[System.String] EffectIndex=3 Target=0 SubOption=-1 TriggerKeyword=TAG_NOT_SET
D 15:45:15.6621230 GameState.DebugPrintPower() -     BLOCK_END
D 15:45:15.6621230 GameState.DebugPrintPower() -     HIDE_ENTITY - Entity=[entityName=Buddy Meter id=431 zone=SETASIDE zonePos=0 cardId=BG22_BuddyMeter player=6] tag=ZONE value=SETASIDE
D 15:45:15.6621230 GameState.DebugPrintPower() -     TAG_CHANGE Entity=[entityName=Buddy Meter id=431 zone=SETASIDE zonePos=0 cardId=BG22_BuddyMeter player=6] tag=CONTROLLER value=14 
D 15:45:15.6621230 GameState.DebugPrintPower() -     SHOW_ENTITY - Updating Entity=[entityName=Buddy Meter id=431 zone=SETASIDE zonePos=0 cardId=BG22_BuddyMeter player=6] CardID=BG22_BuddyMeter
D 15:45:15.6621230 GameState.DebugPrintPower() -         tag=CONTROLLER value=14
D 15:45:15.6621230 GameState.DebugPrintPower() -         tag=CARDTYPE value=BATTLEGROUND_HERO_BUDDY
D 15:45:15.6621230 GameState.DebugPrintPower() -         tag=TAG_LAST_KNOWN_COST_IN_HAND value=17
D 15:45:15.6621230 GameState.DebugPrintPower() -         tag=COST value=17
D 15:45:15.6621230 GameState.DebugPrintPower() -         tag=ZONE value=PLAY
D 15:45:15.6621230 GameState.DebugPrintPower() -         tag=ENTITY_ID value=431
D 15:45:15.6621230 GameState.DebugPrintPower() -         tag=LINKED_ENTITY value=5
D 15:45:15.6621230 GameState.DebugPrintPower() -         tag=CREATOR value=16
D 15:45:15.6621230 GameState.DebugPrintPower() -         tag=HIDE_COST value=0
D 15:45:15.6621230 GameState.DebugPrintPower() -         tag=1037 value=6
D 15:45:15.6621230 GameState.DebugPrintPower() -         tag=1068 value=0
D 15:45:15.6621230 GameState.DebugPrintPower() -         tag=SUPPRESS_ALL_SUMMON_VO value=1
D 15:45:15.6621230 GameState.DebugPrintPower() -         tag=SPAWN_TIME_COUNT value=1
D 15:45:15.6621230 GameState.DebugPrintPower() -         tag=1724 value=1
D 15:45:15.6621230 GameState.DebugPrintPower() -         tag=BACON_COMPANION_ID value=77829
D 15:45:15.6621230 GameState.DebugPrintPower() -         tag=HAS_ACTIVATE_POWER value=1
D 15:45:15.6621230 GameState.DebugPrintPower() -         tag=BACON_BUY_BUDDY value=1
D 15:45:15.6621230 GameState.DebugPrintPower() -     FULL_ENTITY - Creating ID=460 CardID=
D 15:45:15.6621230 GameState.DebugPrintPower() -         tag=ZONE value=PLAY
D 15:45:15.6621230 GameState.DebugPrintPower() -         tag=CONTROLLER value=14
D 15:45:15.6621230 GameState.DebugPrintPower() -         tag=ENTITY_ID value=460
D 15:45:15.6621230 GameState.DebugPrintPower() -     FULL_ENTITY - Creating ID=461 CardID=
D 15:45:15.6621230 GameState.DebugPrintPower() -         tag=ZONE value=PLAY
D 15:45:15.6621230 GameState.DebugPrintPower() -         tag=CONTROLLER value=14
D 15:45:15.6621230 GameState.DebugPrintPower() -         tag=ENTITY_ID value=461
D 15:45:15.6621230 GameState.DebugPrintPower() -     SHOW_ENTITY - Updating Entity=460 CardID=BG29_813e
D 15:45:15.6621230 GameState.DebugPrintPower() -         tag=CONTROLLER value=14
D 15:45:15.6621230 GameState.DebugPrintPower() -         tag=CARDTYPE value=ENCHANTMENT
D 15:45:15.6621230 GameState.DebugPrintPower() -         tag=ATTACHED value=18
D 15:45:15.6621230 GameState.DebugPrintPower() -         tag=ZONE value=PLAY
D 15:45:15.6621230 GameState.DebugPrintPower() -         tag=ENTITY_ID value=460
D 15:45:15.6621230 GameState.DebugPrintPower() -         tag=CREATOR value=63
D 15:45:15.6621230 GameState.DebugPrintPower() -         tag=ENCHANTMENT_INVISIBLE value=1
D 15:45:15.6621230 GameState.DebugPrintPower() -         tag=1037 value=6
D 15:45:15.6621230 GameState.DebugPrintPower() -         tag=1068 value=0
D 15:45:15.6621230 GameState.DebugPrintPower() -         tag=CREATOR_DBID value=57980
D 15:45:15.6621230 GameState.DebugPrintPower() -         tag=SUPPRESS_ALL_SUMMON_VO value=1
D 15:45:15.6621230 GameState.DebugPrintPower() -         tag=SPAWN_TIME_COUNT value=1
D 15:45:15.6621230 GameState.DebugPrintPower() -         tag=COPIED_FROM_ENTITY_ID value=432
D 15:45:15.6621230 GameState.DebugPrintPower() -         tag=2860 value=1
D 15:45:15.6621230 GameState.DebugPrintPower() -         tag=3669 value=1
D 15:45:15.6621230 GameState.DebugPrintPower() -     SHOW_ENTITY - Updating Entity=461 CardID=Bacon_TagTransferPlayerE
D 15:45:15.6621230 GameState.DebugPrintPower() -         tag=CONTROLLER value=14
D 15:45:15.6621230 GameState.DebugPrintPower() -         tag=CARDTYPE value=ENCHANTMENT
D 15:45:15.6621230 GameState.DebugPrintPower() -         tag=RESOURCES value=3
D 15:45:15.6621230 GameState.DebugPrintPower() -         tag=ATTACHED value=18
D 15:45:15.6621230 GameState.DebugPrintPower() -         tag=ZONE value=PLAY
D 15:45:15.6621230 GameState.DebugPrintPower() -         tag=ENTITY_ID value=461
D 15:45:15.6621230 GameState.DebugPrintPower() -         tag=CREATOR value=63
D 15:45:15.6621230 GameState.DebugPrintPower() -         tag=1037 value=6
D 15:45:15.6621230 GameState.DebugPrintPower() -         tag=1068 value=0
D 15:45:15.6621230 GameState.DebugPrintPower() -         tag=CREATOR_DBID value=57980
D 15:45:15.6621230 GameState.DebugPrintPower() -         tag=PLAYER_TECH_LEVEL value=1
D 15:45:15.6621230 GameState.DebugPrintPower() -         tag=SUPPRESS_ALL_SUMMON_VO value=1
D 15:45:15.6621230 GameState.DebugPrintPower() -         tag=BACON_MAX_PLAYER_TECH_LEVEL value=6
D 15:45:15.6621230 GameState.DebugPrintPower() -         tag=SPAWN_TIME_COUNT value=1
D 15:45:15.6621230 GameState.DebugPrintPower() -         tag=COPIED_FROM_ENTITY_ID value=433
D 15:45:15.6621230 GameState.DebugPrintPower() -         tag=2245 value=3
D 15:45:15.6621230 GameState.DebugPrintPower() -         tag=2336 value=1
D 15:45:15.6621230 GameState.DebugPrintPower() -         tag=2860 value=1
D 15:45:15.6621230 GameState.DebugPrintPower() -         tag=2878 value=1
D 15:45:15.6621230 GameState.DebugPrintPower() -         tag=3090 value=3245
D 15:45:15.6621230 GameState.DebugPrintPower() -         tag=3669 value=1
D 15:45:15.6621230 GameState.DebugPrintPower() -     TAG_CHANGE Entity=Bartender Bob tag=3245 value=461 
D 15:45:15.6621230 GameState.DebugPrintPower() -     TAG_CHANGE Entity=Bartender Bob tag=2245 value=3 
D 15:45:15.6621230 GameState.DebugPrintPower() -     TAG_CHANGE Entity=Bartender Bob tag=2878 value=1 
D 15:45:15.6621230 GameState.DebugPrintPower() -     TAG_CHANGE Entity=Bartender Bob tag=2336 value=1 
D 15:45:15.6621230 GameState.DebugPrintPower() -     TAG_CHANGE Entity=Bartender Bob tag=BACON_MAX_PLAYER_TECH_LEVEL value=6 
D 15:45:15.6621230 GameState.DebugPrintPower() -     TAG_CHANGE Entity=Bartender Bob tag=RESOURCES value=3 
D 15:45:15.6621230 GameState.DebugPrintPower() -     TAG_CHANGE Entity=Bartender Bob tag=PLAYER_TECH_LEVEL value=1 
D 15:45:15.6621230 GameState.DebugPrintPower() -     FULL_ENTITY - Creating ID=462 CardID=BGS_127
D 15:45:15.6621230 GameState.DebugPrintPower() -         tag=CONTROLLER value=14
D 15:45:15.6621230 GameState.DebugPrintPower() -         tag=CARDTYPE value=MINION
D 15:45:15.6621230 GameState.DebugPrintPower() -         tag=1196 value=1
D 15:45:15.6621230 GameState.DebugPrintPower() -         tag=TAG_LAST_KNOWN_COST_IN_HAND value=1
D 15:45:15.6621230 GameState.DebugPrintPower() -         tag=479 value=3
D 15:45:15.6621230 GameState.DebugPrintPower() -         tag=COST value=1
D 15:45:15.6621230 GameState.DebugPrintPower() -         tag=ATK value=3
D 15:45:15.6621230 GameState.DebugPrintPower() -         tag=HEALTH value=3
D 15:45:15.6621230 GameState.DebugPrintPower() -         tag=TRIGGER_VISUAL value=1
D 15:45:15.6621230 GameState.DebugPrintPower() -         tag=EXHAUSTED value=1
D 15:45:15.6621230 GameState.DebugPrintPower() -         tag=ZONE value=PLAY
D 15:45:15.6621230 GameState.DebugPrintPower() -         tag=ENTITY_ID value=462
D 15:45:15.6621230 GameState.DebugPrintPower() -         tag=CARDRACE value=ELEMENTAL
D 15:45:15.6621230 GameState.DebugPrintPower() -         tag=ZONE_POSITION value=1
D 15:45:15.6621230 GameState.DebugPrintPower() -         tag=CREATOR value=63
D 15:45:15.6621230 GameState.DebugPrintPower() -         tag=1037 value=6
D 15:45:15.6621230 GameState.DebugPrintPower() -         tag=1254 value=63
D 15:45:15.6621230 GameState.DebugPrintPower() -         tag=CREATOR_DBID value=57980
D 15:45:15.6621230 GameState.DebugPrintPower() -         tag=BACON_TRIPLE_UPGRADE_MINION_ID value=64300
D 15:45:15.6621230 GameState.DebugPrintPower() -         tag=TECH_LEVEL value=1
D 15:45:15.6621230 GameState.DebugPrintPower() -         tag=IS_BACON_POOL_MINION value=1
D 15:45:15.6621230 GameState.DebugPrintPower() -         tag=SUPPRESS_ALL_SUMMON_VO value=1
D 15:45:15.6621230 GameState.DebugPrintPower() -         tag=SPAWN_TIME_COUNT value=1
D 15:45:15.6621230 GameState.DebugPrintPower() -         tag=1688 value=1
D 15:45:15.6621230 GameState.DebugPrintPower() -         tag=HAS_ACTIVATE_POWER value=1
D 15:45:15.6621230 GameState.DebugPrintPower() -         tag=3085 value=3
D 15:45:15.6621230 GameState.DebugPrintPower() -     TAG_CHANGE Entity=462 tag=EXHAUSTED value=0 
D 15:45:15.6621230 GameState.DebugPrintPower() -     TAG_CHANGE Entity=462 tag=LAST_AFFECTED_BY value=247 
D 15:45:15.6621230 GameState.DebugPrintPower() -     TAG_CHANGE Entity=462 tag=COPIED_FROM_ENTITY_ID value=434 
D 15:45:15.6621230 GameState.DebugPrintPower() -     TAG_CHANGE Entity=462 tag=3669 value=1 
D 15:45:15.6621230 GameState.DebugPrintPower() -     TAG_CHANGE Entity=GameEntity tag=1453 value=0 
D 15:45:15.6621230 GameState.DebugPrintPower() -     TAG_CHANGE Entity=GameEntity tag=2374 value=0 
D 15:45:15.6621230 GameState.DebugPrintPower() -     TAG_CHANGE Entity=GameEntity tag=3533 value=0 
D 15:45:15.6621230 GameState.DebugPrintPower() -     TAG_CHANGE Entity=462 tag=SPAWN_TIME_COUNT value=0 
D 15:45:15.6621230 GameState.DebugPrintPower() -     TAG_CHANGE Entity=462 tag=SPAWN_TIME_COUNT value=1 
D 15:45:15.6621230 GameState.DebugPrintPower() -     TAG_CHANGE Entity=460 tag=SPAWN_TIME_COUNT value=0 
D 15:45:15.6621230 GameState.DebugPrintPower() -     TAG_CHANGE Entity=460 tag=SPAWN_TIME_COUNT value=1 
D 15:45:15.6621230 GameState.DebugPrintPower() -     TAG_CHANGE Entity=461 tag=SPAWN_TIME_COUNT value=0 
D 15:45:15.6621230 GameState.DebugPrintPower() -     TAG_CHANGE Entity=461 tag=SPAWN_TIME_COUNT value=1 
D 15:45:15.6621230 GameState.DebugPrintPower() -     TAG_CHANGE Entity=Bartender Bob tag=SPAWN_TIME_COUNT value=0 
D 15:45:15.6621230 GameState.DebugPrintPower() -     TAG_CHANGE Entity=Bartender Bob tag=SPAWN_TIME_COUNT value=1 
D 15:45:15.6621230 GameState.DebugPrintPower() -     TAG_CHANGE Entity=[entityName=Annoy-o-Tron id=363 zone=PLAY zonePos=1 cardId=BG_GVG_085 player=6] tag=SPAWN_TIME_COUNT value=0 
D 15:45:15.6621230 GameState.DebugPrintPower() -     TAG_CHANGE Entity=[entityName=Annoy-o-Tron id=363 zone=PLAY zonePos=1 cardId=BG_GVG_085 player=6] tag=SPAWN_TIME_COUNT value=1 
D 15:45:15.6621230 GameState.DebugPrintPower() -     TAG_CHANGE Entity=[entityName=Persistent Poet Player Enchant [DNT] id=224 zone=PLAY zonePos=0 cardId=BG29_813e player=6] tag=SPAWN_TIME_COUNT value=0 
D 15:45:15.6621230 GameState.DebugPrintPower() -     TAG_CHANGE Entity=[entityName=Persistent Poet Player Enchant [DNT] id=224 zone=PLAY zonePos=0 cardId=BG29_813e player=6] tag=SPAWN_TIME_COUNT value=1 
D 15:45:15.6621230 GameState.DebugPrintPower() -     TAG_CHANGE Entity=[entityName=UNKNOWN ENTITY [cardType=INVALID] id=390 zone=SETASIDE zonePos=0 cardId= player=6] tag=SPAWN_TIME_COUNT value=0 
D 15:45:15.6621230 GameState.DebugPrintPower() -     TAG_CHANGE Entity=[entityName=UNKNOWN ENTITY [cardType=INVALID] id=390 zone=SETASIDE zonePos=0 cardId= player=6] tag=SPAWN_TIME_COUNT value=1 
D 15:45:15.6621230 GameState.DebugPrintPower() -     TAG_CHANGE Entity=dymitrq#2316 tag=SPAWN_TIME_COUNT value=0 
D 15:45:15.6621230 GameState.DebugPrintPower() -     TAG_CHANGE Entity=dymitrq#2316 tag=SPAWN_TIME_COUNT value=1 
D 15:45:15.6621230 GameState.DebugPrintPower() -     TAG_CHANGE Entity=[entityName=Sparkhoarder Togwaggle id=85 zone=PLAY zonePos=0 cardId=BG23_HERO_305_SKIN_B player=6] tag=2263 value=2 
D 15:45:15.6621230 GameState.DebugPrintPower() -     TAG_CHANGE Entity=GameEntity tag=BACON_CHOSEN_BOARD_SKIN_ID value=1 
D 15:45:15.6621230 GameState.DebugPrintPower() -     META_DATA - Meta=ARTIFICIAL_PAUSE Data=1500 InfoCount=1
D 15:45:15.6621230 GameState.DebugPrintPower() -                 Info[0] = [entityName=BaconShop8PlayerEnchant id=63 zone=PLAY zonePos=0 cardId=TB_BaconShop_8P_PlayerE player=6]
D 15:45:15.6621230 GameState.DebugPrintPower() -     META_DATA - Meta=SLUSH_TIME Data=1500 InfoCount=1
D 15:45:15.6621230 GameState.DebugPrintPower() -                 Info[0] = [entityName=BaconShop8PlayerEnchant id=63 zone=PLAY zonePos=0 cardId=TB_BaconShop_8P_PlayerE player=6]
D 15:45:15.6621230 GameState.DebugPrintPower() - BLOCK_END
D 15:45:15.6621230 GameState.DebugPrintPower() - TAG_CHANGE Entity=459 tag=3669 value=0 
D 15:45:15.6621230 GameState.DebugPrintPower() - TAG_CHANGE Entity=462 tag=3669 value=0 
D 15:45:15.6621230 GameState.DebugPrintPower() - TAG_CHANGE Entity=460 tag=3669 value=0 
D 15:45:15.6621230 GameState.DebugPrintPower() - TAG_CHANGE Entity=461 tag=3669 value=0 
D 15:45:15.7489977 PowerProcessor.EndCurrentTaskList() - m_currentTaskList=198
D 15:45:15.7489977 PowerTaskList.DebugDump() - ID=199 ParentID=0 PreviousID=198 TaskCount=0
D 15:45:15.7489977 PowerTaskList.DebugDump() - Block Start=(null)
D 15:45:15.7489977 PowerTaskList.DebugPrintPower() - BLOCK_END
D 15:45:15.7489977 PowerProcessor.PrepareHistoryForCurrentTaskList() - m_currentTaskList=199
D 15:45:15.7489977 PowerProcessor.EndCurrentTaskList() - m_currentTaskList=199
D 15:45:15.7489977 PowerTaskList.DebugDump() - ID=200 ParentID=0 PreviousID=0 TaskCount=0
D 15:45:15.7489977 PowerTaskList.DebugPrintPower() - BLOCK_START BlockType=TRIGGER Entity=[entityName=Freeze id=352 zone=PLAY zonePos=0 cardId=TB_BaconShopLockAll_Button player=6] EffectCardId=System.Collections.Generic.List`1[System.String] EffectIndex=0 Target=0 SubOption=-1 TriggerKeyword=TAG_NOT_SET
D 15:45:15.7489977 PowerTaskList.DebugPrintPower() - BLOCK_END
D 15:45:15.7489977 PowerProcessor.PrepareHistoryForCurrentTaskList() - m_currentTaskList=200
D 15:45:15.7489977 PowerProcessor.EndCurrentTaskList() - m_currentTaskList=200
D 15:45:15.7489977 PowerTaskList.DebugDump() - ID=201 ParentID=0 PreviousID=0 TaskCount=0
D 15:45:15.7489977 PowerTaskList.DebugPrintPower() - BLOCK_START BlockType=TRIGGER Entity=[entityName=BaconShop8PlayerEnchant id=63 zone=PLAY zonePos=0 cardId=TB_BaconShop_8P_PlayerE player=6] EffectCardId=System.Collections.Generic.List`1[System.String] EffectIndex=22 Target=0 SubOption=-1 TriggerKeyword=TAG_NOT_SET
D 15:45:15.7489977 PowerTaskList.DebugPrintPower() - BLOCK_END
D 15:45:15.7489977 PowerProcessor.PrepareHistoryForCurrentTaskList() - m_currentTaskList=201
D 15:45:15.7489977 PowerProcessor.EndCurrentTaskList() - m_currentTaskList=201
D 15:45:15.7489977 PowerTaskList.DebugDump() - ID=202 ParentID=0 PreviousID=0 TaskCount=11
D 15:45:15.7489977 PowerTaskList.DebugPrintPower() - BLOCK_START BlockType=TRIGGER Entity=[entityName=BaconShop8PlayerEnchant id=63 zone=PLAY zonePos=0 cardId=TB_BaconShop_8P_PlayerE player=6] EffectCardId=System.Collections.Generic.List`1[System.String] EffectIndex=35 Target=0 SubOption=-1 TriggerKeyword=TAG_NOT_SET
D 15:45:15.7489977 PowerTaskList.DebugPrintPower() -     FULL_ENTITY - Updating [entityName=UNKNOWN ENTITY [cardType=INVALID] id=390 zone=SETASIDE zonePos=0 cardId= player=6] CardID=
D 15:45:15.7489977 PowerTaskList.DebugPrintPower() -         tag=ZONE value=SETASIDE
D 15:45:15.7489977 PowerTaskList.DebugPrintPower() -         tag=CONTROLLER value=6
D 15:45:15.7489977 PowerTaskList.DebugPrintPower() -         tag=ENTITY_ID value=390
D 15:45:15.7489977 PowerTaskList.DebugPrintPower() -     SHOW_ENTITY - Updating Entity=[entityName=UNKNOWN ENTITY [cardType=INVALID] id=390 zone=SETASIDE zonePos=0 cardId= player=6] CardID=Bacon_TagTransferPlayerE
D 15:45:15.7489977 PowerTaskList.DebugPrintPower() -         tag=CONTROLLER value=6
D 15:45:15.7489977 PowerTaskList.DebugPrintPower() -         tag=CARDTYPE value=ENCHANTMENT
D 15:45:15.7489977 PowerTaskList.DebugPrintPower() -         tag=ATTACHED value=17
D 15:45:15.7489977 PowerTaskList.DebugPrintPower() -         tag=ZONE value=SETASIDE
D 15:45:15.7489977 PowerTaskList.DebugPrintPower() -         tag=ENTITY_ID value=390
D 15:45:15.7489977 PowerTaskList.DebugPrintPower() -         tag=CREATOR value=63
D 15:45:15.7489977 PowerTaskList.DebugPrintPower() -         tag=1037 value=6
D 15:45:15.7489977 PowerTaskList.DebugPrintPower() -         tag=1068 value=0
D 15:45:15.7489977 PowerTaskList.DebugPrintPower() -         tag=CREATOR_DBID value=57980
D 15:45:15.7489977 PowerTaskList.DebugPrintPower() -         tag=SPAWN_TIME_COUNT value=1
D 15:45:15.7489977 PowerTaskList.DebugPrintPower() -         tag=2860 value=1
D 15:45:15.7489977 PowerTaskList.DebugPrintPower() -         tag=3090 value=3245
D 15:45:15.7489977 PowerTaskList.DebugPrintPower() -     TAG_CHANGE Entity=[entityName=UNKNOWN ENTITY [cardType=INVALID] id=390 zone=SETASIDE zonePos=0 cardId= player=6] tag=1068 value=1 
D 15:45:15.7489977 PowerTaskList.DebugPrintPower() -     TAG_CHANGE Entity=[entityName=UNKNOWN ENTITY [cardType=INVALID] id=390 zone=SETASIDE zonePos=0 cardId= player=6] tag=1068 value=0 
D 15:45:15.7489977 PowerTaskList.DebugPrintPower() -     TAG_CHANGE Entity=[entityName=UNKNOWN ENTITY [cardType=INVALID] id=390 zone=SETASIDE zonePos=0 cardId= player=6] tag=ZONE value=PLAY 
D 15:45:15.7489977 PowerTaskList.DebugPrintPower() -     TAG_CHANGE Entity=dymitrq#2316 tag=3245 value=390 
D 15:45:15.7489977 PowerTaskList.DebugPrintPower() -     TAG_CHANGE Entity=[entityName=UNKNOWN ENTITY [cardType=INVALID] id=390 zone=SETASIDE zonePos=0 cardId= player=6] tag=2245 value=3 
D 15:45:15.7489977 PowerTaskList.DebugPrintPower() -     TAG_CHANGE Entity=[entityName=UNKNOWN ENTITY [cardType=INVALID] id=390 zone=SETASIDE zonePos=0 cardId= player=6] tag=2336 value=1 
D 15:45:15.7489977 PowerTaskList.DebugPrintPower() -     TAG_CHANGE Entity=[entityName=UNKNOWN ENTITY [cardType=INVALID] id=390 zone=SETASIDE zonePos=0 cardId= player=6] tag=BACON_MAX_PLAYER_TECH_LEVEL value=6 
D 15:45:15.7489977 PowerTaskList.DebugPrintPower() -     TAG_CHANGE Entity=[entityName=UNKNOWN ENTITY [cardType=INVALID] id=390 zone=SETASIDE zonePos=0 cardId= player=6] tag=RESOURCES value=3 
D 15:45:15.7489977 PowerTaskList.DebugPrintPower() -     TAG_CHANGE Entity=[entityName=UNKNOWN ENTITY [cardType=INVALID] id=390 zone=SETASIDE zonePos=0 cardId= player=6] tag=PLAYER_TECH_LEVEL value=1 
D 15:45:15.7489977 PowerTaskList.DebugPrintPower() - BLOCK_END
D 15:45:15.7489977 PowerProcessor.PrepareHistoryForCurrentTaskList() - m_currentTaskList=202
D 15:45:15.7666523 PowerProcessor.EndCurrentTaskList() - m_currentTaskList=202
D 15:45:15.7826528 PowerTaskList.DebugDump() - ID=203 ParentID=0 PreviousID=0 TaskCount=1
D 15:45:15.7826528 PowerTaskList.DebugDump() - Block Start=(null)
D 15:45:15.7826528 PowerTaskList.DebugPrintPower() -     TAG_CHANGE Entity=GameEntity tag=STEP value=MAIN_CLEANUP 
D 15:45:15.7826528 PowerTaskList.DebugDump() - Block End=(null)
D 15:45:15.7826528 PowerProcessor.PrepareHistoryForCurrentTaskList() - m_currentTaskList=203
D 15:45:15.7826528 PowerProcessor.EndCurrentTaskList() - m_currentTaskList=203
D 15:45:15.7826528 PowerTaskList.DebugDump() - ID=204 ParentID=0 PreviousID=0 TaskCount=3
D 15:45:15.7826528 PowerTaskList.DebugPrintPower() - BLOCK_START BlockType=TRIGGER Entity=dymitrq#2316 EffectCardId=System.Collections.Generic.List`1[System.String] EffectIndex=-1 Target=0 SubOption=-1 TriggerKeyword=TAG_NOT_SET
D 15:45:15.7826528 PowerTaskList.DebugPrintPower() -     TAG_CHANGE Entity=[entityName=Annoy-o-Tron id=363 zone=PLAY zonePos=1 cardId=BG_GVG_085 player=6] tag=JUST_PLAYED value=0 
D 15:45:15.7826528 PowerTaskList.DebugPrintPower() -     TAG_CHANGE Entity=dymitrq#2316 tag=COMBO_ACTIVE value=0 
D 15:45:15.7826528 PowerTaskList.DebugPrintPower() -     TAG_CHANGE Entity=GameEntity tag=NEXT_STEP value=MAIN_NEXT 
D 15:45:15.7826528 PowerTaskList.DebugPrintPower() - BLOCK_END
D 15:45:15.7826528 PowerProcessor.PrepareHistoryForCurrentTaskList() - m_currentTaskList=204
D 15:45:15.7826528 PowerProcessor.EndCurrentTaskList() - m_currentTaskList=204
D 15:45:15.7826528 PowerTaskList.DebugDump() - ID=205 ParentID=0 PreviousID=0 TaskCount=0
D 15:45:15.7826528 PowerTaskList.DebugPrintPower() - BLOCK_START BlockType=TRIGGER Entity=Bartender Bob EffectCardId=System.Collections.Generic.List`1[System.String] EffectIndex=-1 Target=0 SubOption=-1 TriggerKeyword=TAG_NOT_SET
D 15:45:15.7826528 PowerTaskList.DebugPrintPower() - BLOCK_END
D 15:45:15.7826528 PowerProcessor.PrepareHistoryForCurrentTaskList() - m_currentTaskList=205
D 15:45:15.7826528 PowerProcessor.EndCurrentTaskList() - m_currentTaskList=205
D 15:45:15.7826528 PowerTaskList.DebugDump() - ID=206 ParentID=0 PreviousID=0 TaskCount=1
D 15:45:15.7826528 PowerTaskList.DebugDump() - Block Start=(null)
D 15:45:15.7826528 PowerTaskList.DebugPrintPower() -     TAG_CHANGE Entity=GameEntity tag=STEP value=MAIN_NEXT 
D 15:45:15.7826528 PowerTaskList.DebugDump() - Block End=(null)
D 15:45:15.7826528 PowerProcessor.PrepareHistoryForCurrentTaskList() - m_currentTaskList=206
D 15:45:15.7826528 PowerProcessor.EndCurrentTaskList() - m_currentTaskList=206
D 15:45:15.7826528 PowerTaskList.DebugDump() - ID=207 ParentID=0 PreviousID=0 TaskCount=9
D 15:45:15.7826528 PowerTaskList.DebugPrintPower() - BLOCK_START BlockType=TRIGGER Entity=GameEntity EffectCardId=System.Collections.Generic.List`1[System.String] EffectIndex=0 Target=0 SubOption=-1 TriggerKeyword=TAG_NOT_SET
D 15:45:15.7826528 PowerTaskList.DebugPrintPower() -     TAG_CHANGE Entity=dymitrq#2316 tag=1292 value=0 
D 15:45:15.7826528 PowerTaskList.DebugPrintPower() -     TAG_CHANGE Entity=Bartender Bob tag=1292 value=1 
D 15:45:15.7826528 PowerTaskList.DebugPrintPower() -     TAG_CHANGE Entity=dymitrq#2316 tag=TIMEOUT value=40 
D 15:45:15.7826528 PowerTaskList.DebugPrintPower() -     TAG_CHANGE Entity=dymitrq#2316 tag=CURRENT_PLAYER value=0 
D 15:45:15.7826528 PowerTaskList.DebugPrintPower() -     TAG_CHANGE Entity=Bartender Bob tag=CURRENT_PLAYER value=1 
D 15:45:15.7826528 PowerTaskList.DebugPrintPower() -     TAG_CHANGE Entity=GameEntity tag=TURN value=2 
D 15:45:15.7826528 PowerTaskList.DebugPrintPower() -     TAG_CHANGE Entity=GameEntity tag=1882 value=2 
D 15:45:15.7826528 PowerTaskList.DebugPrintPower() -     TAG_CHANGE Entity=Bartender Bob tag=TURN value=1 
D 15:45:15.7826528 PowerTaskList.DebugPrintPower() -     TAG_CHANGE Entity=GameEntity tag=NEXT_STEP value=MAIN_READY 
D 15:45:15.7826528 PowerTaskList.DebugPrintPower() - BLOCK_END
D 15:45:15.7826528 PowerProcessor.PrepareHistoryForCurrentTaskList() - m_currentTaskList=207
D 15:45:15.7826528 PowerProcessor.EndCurrentTaskList() - m_currentTaskList=207
D 15:45:15.7826528 PowerTaskList.DebugDump() - ID=208 ParentID=0 PreviousID=0 TaskCount=204
D 15:45:15.7826528 PowerTaskList.DebugPrintPower() - BLOCK_START BlockType=TRIGGER Entity=[entityName=BaconShop8PlayerEnchant id=63 zone=PLAY zonePos=0 cardId=TB_BaconShop_8P_PlayerE player=6] EffectCardId=System.Collections.Generic.List`1[System.String] EffectIndex=-1 Target=0 SubOption=-1 TriggerKeyword=TAG_NOT_SET
D 15:45:15.7826528 PowerTaskList.DebugPrintPower() -     TAG_CHANGE Entity=GameEntity tag=BOARD_VISUAL_STATE value=2 
D 15:45:15.7826528 PowerTaskList.DebugPrintPower() -     TAG_CHANGE Entity=GameEntity tag=MISSION_EVENT value=2 
D 15:45:15.7826528 PowerTaskList.DebugPrintPower() -     TAG_CHANGE Entity=GameEntity tag=1488 value=0 
D 15:45:15.7826528 PowerTaskList.DebugPrintPower() -     TAG_CHANGE Entity=dymitrq#2316 tag=3075 value=0 
D 15:45:15.7826528 PowerTaskList.DebugPrintPower() -     META_DATA - Meta=SLUSH_TIME Data=3000 InfoCount=1
D 15:45:15.7826528 PowerTaskList.DebugPrintPower() -                 Info[0] = [entityName=BaconShop8PlayerEnchant id=63 zone=PLAY zonePos=0 cardId=TB_BaconShop_8P_PlayerE player=6]
D 15:45:15.7826528 PowerTaskList.DebugPrintPower() -     TAG_CHANGE Entity=[entityName=Deck Swabbie id=361 zone=PLAY zonePos=1 cardId=BGS_055 player=14] tag=1068 value=5 
D 15:45:15.7826528 PowerTaskList.DebugPrintPower() -     TAG_CHANGE Entity=[entityName=Deck Swabbie id=361 zone=PLAY zonePos=1 cardId=BGS_055 player=14] tag=1068 value=0 
D 15:45:15.7826528 PowerTaskList.DebugPrintPower() -     TAG_CHANGE Entity=[entityName=Deck Swabbie id=361 zone=PLAY zonePos=1 cardId=BGS_055 player=14] tag=SUPPRESS_ALL_SUMMON_VO value=0 
D 15:45:15.7826528 PowerTaskList.DebugPrintPower() -     TAG_CHANGE Entity=[entityName=Deck Swabbie id=361 zone=PLAY zonePos=1 cardId=BGS_055 player=14] tag=1254 value=0 
D 15:45:15.7826528 PowerTaskList.DebugPrintPower() -     TAG_CHANGE Entity=[entityName=Them Apples id=367 zone=PLAY zonePos=3 cardId=BG28_966 player=14] tag=ZONE_POSITION value=2 
D 15:45:15.7826528 PowerTaskList.DebugPrintPower() -     TAG_CHANGE Entity=[entityName=Scallywag id=365 zone=PLAY zonePos=2 cardId=BGS_061 player=14] tag=ZONE_POSITION value=1 
D 15:45:15.7826528 PowerTaskList.DebugPrintPower() -     TAG_CHANGE Entity=[entityName=Deck Swabbie id=361 zone=PLAY zonePos=1 cardId=BGS_055 player=14] tag=ZONE_POSITION value=0 
D 15:45:15.7826528 PowerTaskList.DebugPrintPower() -     TAG_CHANGE Entity=[entityName=Deck Swabbie id=361 zone=PLAY zonePos=1 cardId=BGS_055 player=14] tag=ZONE value=REMOVEDFROMGAME 
D 15:45:15.7826528 PowerTaskList.DebugPrintPower() -     TAG_CHANGE Entity=[entityName=Deck Swabbie id=361 zone=PLAY zonePos=1 cardId=BGS_055 player=14] tag=HAS_ACTIVATE_POWER value=0 
D 15:45:15.7826528 PowerTaskList.DebugPrintPower() -     TAG_CHANGE Entity=[entityName=Deck Swabbie id=361 zone=PLAY zonePos=1 cardId=BGS_055 player=14] tag=COST value=0 
D 15:45:15.7826528 PowerTaskList.DebugPrintPower() -     TAG_CHANGE Entity=[entityName=Deck Swabbie id=361 zone=PLAY zonePos=1 cardId=BGS_055 player=14] tag=ATK value=0 
D 15:45:15.7826528 PowerTaskList.DebugPrintPower() -     TAG_CHANGE Entity=[entityName=Deck Swabbie id=361 zone=PLAY zonePos=1 cardId=BGS_055 player=14] tag=HEALTH value=0 
D 15:45:15.7826528 PowerTaskList.DebugPrintPower() -     TAG_CHANGE Entity=[entityName=Deck Swabbie id=361 zone=PLAY zonePos=1 cardId=BGS_055 player=14] tag=BATTLECRY value=0 
D 15:45:15.7826528 PowerTaskList.DebugPrintPower() -     TAG_CHANGE Entity=[entityName=Deck Swabbie id=361 zone=PLAY zonePos=1 cardId=BGS_055 player=14] tag=CANT_ATTACK value=0 
D 15:45:15.7826528 PowerTaskList.DebugPrintPower() -     TAG_CHANGE Entity=[entityName=Deck Swabbie id=361 zone=PLAY zonePos=1 cardId=BGS_055 player=14] tag=NUM_TURNS_IN_PLAY value=0 
D 15:45:15.7826528 PowerTaskList.DebugPrintPower() -     TAG_CHANGE Entity=[entityName=Deck Swabbie id=361 zone=PLAY zonePos=1 cardId=BGS_055 player=14] tag=BACON_TRIPLE_UPGRADE_MINION_ID value=0 
D 15:45:15.7826528 PowerTaskList.DebugPrintPower() -     TAG_CHANGE Entity=[entityName=Deck Swabbie id=361 zone=PLAY zonePos=1 cardId=BGS_055 player=14] tag=TECH_LEVEL value=0 
D 15:45:15.7826528 PowerTaskList.DebugPrintPower() -     TAG_CHANGE Entity=[entityName=Deck Swabbie id=361 zone=PLAY zonePos=1 cardId=BGS_055 player=14] tag=IS_BACON_POOL_MINION value=0 
D 15:45:15.7826528 PowerTaskList.DebugPrintPower() -     TAG_CHANGE Entity=[entityName=Deck Swabbie id=361 zone=PLAY zonePos=1 cardId=BGS_055 player=14] tag=SPAWN_TIME_COUNT value=0 
D 15:45:15.7826528 PowerTaskList.DebugPrintPower() -     TAG_CHANGE Entity=[entityName=Deck Swabbie id=361 zone=PLAY zonePos=1 cardId=BGS_055 player=14] tag=1596 value=0 
D 15:45:15.7826528 PowerTaskList.DebugPrintPower() -     TAG_CHANGE Entity=[entityName=Deck Swabbie id=361 zone=PLAY zonePos=1 cardId=BGS_055 player=14] tag=COST value=3 
D 15:45:15.7826528 PowerTaskList.DebugPrintPower() -     TAG_CHANGE Entity=[entityName=Deck Swabbie id=361 zone=PLAY zonePos=1 cardId=BGS_055 player=14] tag=ATK value=2 
D 15:45:15.7826528 PowerTaskList.DebugPrintPower() -     TAG_CHANGE Entity=[entityName=Deck Swabbie id=361 zone=PLAY zonePos=1 cardId=BGS_055 player=14] tag=HEALTH value=2 
D 15:45:15.7826528 PowerTaskList.DebugPrintPower() -     TAG_CHANGE Entity=[entityName=Deck Swabbie id=361 zone=PLAY zonePos=1 cardId=BGS_055 player=14] tag=BATTLECRY value=1 
D 15:45:15.7826528 PowerTaskList.DebugPrintPower() -     TAG_CHANGE Entity=[entityName=Deck Swabbie id=361 zone=PLAY zonePos=1 cardId=BGS_055 player=14] tag=BACON_TRIPLE_UPGRADE_MINION_ID value=62186 
D 15:45:15.7826528 PowerTaskList.DebugPrintPower() -     TAG_CHANGE Entity=[entityName=Deck Swabbie id=361 zone=PLAY zonePos=1 cardId=BGS_055 player=14] tag=TECH_LEVEL value=1 
D 15:45:15.7826528 PowerTaskList.DebugPrintPower() -     TAG_CHANGE Entity=[entityName=Deck Swabbie id=361 zone=PLAY zonePos=1 cardId=BGS_055 player=14] tag=IS_BACON_POOL_MINION value=1 
D 15:45:15.7826528 PowerTaskList.DebugPrintPower() -     TAG_CHANGE Entity=[entityName=Deck Swabbie id=361 zone=PLAY zonePos=1 cardId=BGS_055 player=14] tag=1596 value=1 
D 15:45:15.7826528 PowerTaskList.DebugPrintPower() -     TAG_CHANGE Entity=[entityName=Deck Swabbie id=361 zone=PLAY zonePos=1 cardId=BGS_055 player=14] tag=HAS_ACTIVATE_POWER value=1 
D 15:45:15.7826528 PowerTaskList.DebugPrintPower() -     TAG_CHANGE Entity=[entityName=Scallywag id=365 zone=PLAY zonePos=2 cardId=BGS_061 player=14] tag=1068 value=5 
D 15:45:15.7826528 PowerTaskList.DebugPrintPower() -     TAG_CHANGE Entity=[entityName=Scallywag id=365 zone=PLAY zonePos=2 cardId=BGS_061 player=14] tag=1068 value=0 
D 15:45:15.7826528 PowerTaskList.DebugPrintPower() -     TAG_CHANGE Entity=[entityName=Scallywag id=365 zone=PLAY zonePos=2 cardId=BGS_061 player=14] tag=SUPPRESS_ALL_SUMMON_VO value=0 
D 15:45:15.7826528 PowerTaskList.DebugPrintPower() -     TAG_CHANGE Entity=[entityName=Scallywag id=365 zone=PLAY zonePos=2 cardId=BGS_061 player=14] tag=1254 value=0 
D 15:45:15.7826528 PowerTaskList.DebugPrintPower() -     TAG_CHANGE Entity=[entityName=Them Apples id=367 zone=PLAY zonePos=3 cardId=BG28_966 player=14] tag=ZONE_POSITION value=1 
D 15:45:15.7826528 PowerTaskList.DebugPrintPower() -     TAG_CHANGE Entity=[entityName=Scallywag id=365 zone=PLAY zonePos=2 cardId=BGS_061 player=14] tag=ZONE_POSITION value=0 
D 15:45:15.7826528 PowerTaskList.DebugPrintPower() -     TAG_CHANGE Entity=[entityName=Scallywag id=365 zone=PLAY zonePos=2 cardId=BGS_061 player=14] tag=ZONE value=REMOVEDFROMGAME 
D 15:45:15.7826528 PowerTaskList.DebugPrintPower() -     TAG_CHANGE Entity=[entityName=Scallywag id=365 zone=PLAY zonePos=2 cardId=BGS_061 player=14] tag=HAS_ACTIVATE_POWER value=0 
D 15:45:15.7826528 PowerTaskList.DebugPrintPower() -     TAG_CHANGE Entity=[entityName=Scallywag id=365 zone=PLAY zonePos=2 cardId=BGS_061 player=14] tag=COST value=0 
D 15:45:15.7826528 PowerTaskList.DebugPrintPower() -     TAG_CHANGE Entity=[entityName=Scallywag id=365 zone=PLAY zonePos=2 cardId=BGS_061 player=14] tag=ATK value=0 
D 15:45:15.7826528 PowerTaskList.DebugPrintPower() -     TAG_CHANGE Entity=[entityName=Scallywag id=365 zone=PLAY zonePos=2 cardId=BGS_061 player=14] tag=HEALTH value=0 
D 15:45:15.7826528 PowerTaskList.DebugPrintPower() -     TAG_CHANGE Entity=[entityName=Scallywag id=365 zone=PLAY zonePos=2 cardId=BGS_061 player=14] tag=DEATHRATTLE value=0 
D 15:45:15.7826528 PowerTaskList.DebugPrintPower() -     TAG_CHANGE Entity=[entityName=Scallywag id=365 zone=PLAY zonePos=2 cardId=BGS_061 player=14] tag=CANT_ATTACK value=0 
D 15:45:15.7826528 PowerTaskList.DebugPrintPower() -     TAG_CHANGE Entity=[entityName=Scallywag id=365 zone=PLAY zonePos=2 cardId=BGS_061 player=14] tag=NUM_TURNS_IN_PLAY value=0 
D 15:45:15.7826528 PowerTaskList.DebugPrintPower() -     TAG_CHANGE Entity=[entityName=Scallywag id=365 zone=PLAY zonePos=2 cardId=BGS_061 player=14] tag=BACON_TRIPLE_UPGRADE_MINION_ID value=0 
D 15:45:15.7826528 PowerTaskList.DebugPrintPower() -     TAG_CHANGE Entity=[entityName=Scallywag id=365 zone=PLAY zonePos=2 cardId=BGS_061 player=14] tag=TECH_LEVEL value=0 
D 15:45:15.7826528 PowerTaskList.DebugPrintPower() -     TAG_CHANGE Entity=[entityName=Scallywag id=365 zone=PLAY zonePos=2 cardId=BGS_061 player=14] tag=IS_BACON_POOL_MINION value=0 
D 15:45:15.7826528 PowerTaskList.DebugPrintPower() -     TAG_CHANGE Entity=[entityName=Scallywag id=365 zone=PLAY zonePos=2 cardId=BGS_061 player=14] tag=SPAWN_TIME_COUNT value=0 
D 15:45:15.7826528 PowerTaskList.DebugPrintPower() -     TAG_CHANGE Entity=[entityName=Scallywag id=365 zone=PLAY zonePos=2 cardId=BGS_061 player=14] tag=1596 value=0 
D 15:45:15.7826528 PowerTaskList.DebugPrintPower() -     TAG_CHANGE Entity=[entityName=Scallywag id=365 zone=PLAY zonePos=2 cardId=BGS_061 player=14] tag=COST value=1 
D 15:45:15.7826528 PowerTaskList.DebugPrintPower() -     TAG_CHANGE Entity=[entityName=Scallywag id=365 zone=PLAY zonePos=2 cardId=BGS_061 player=14] tag=ATK value=3 
D 15:45:15.7826528 PowerTaskList.DebugPrintPower() -     TAG_CHANGE Entity=[entityName=Scallywag id=365 zone=PLAY zonePos=2 cardId=BGS_061 player=14] tag=HEALTH value=1 
D 15:45:15.7826528 PowerTaskList.DebugPrintPower() -     TAG_CHANGE Entity=[entityName=Scallywag id=365 zone=PLAY zonePos=2 cardId=BGS_061 player=14] tag=DEATHRATTLE value=1 
D 15:45:15.7826528 PowerTaskList.DebugPrintPower() -     TAG_CHANGE Entity=[entityName=Scallywag id=365 zone=PLAY zonePos=2 cardId=BGS_061 player=14] tag=BACON_TRIPLE_UPGRADE_MINION_ID value=62262 
D 15:45:15.7826528 PowerTaskList.DebugPrintPower() -     TAG_CHANGE Entity=[entityName=Scallywag id=365 zone=PLAY zonePos=2 cardId=BGS_061 player=14] tag=TECH_LEVEL value=1 
D 15:45:15.7826528 PowerTaskList.DebugPrintPower() -     TAG_CHANGE Entity=[entityName=Scallywag id=365 zone=PLAY zonePos=2 cardId=BGS_061 player=14] tag=IS_BACON_POOL_MINION value=1 
D 15:45:15.7826528 PowerTaskList.DebugPrintPower() -     TAG_CHANGE Entity=[entityName=Scallywag id=365 zone=PLAY zonePos=2 cardId=BGS_061 player=14] tag=1596 value=1 
D 15:45:15.7826528 PowerTaskList.DebugPrintPower() -     TAG_CHANGE Entity=[entityName=Scallywag id=365 zone=PLAY zonePos=2 cardId=BGS_061 player=14] tag=HAS_ACTIVATE_POWER value=1 
D 15:45:15.7826528 PowerTaskList.DebugPrintPower() -     TAG_CHANGE Entity=[entityName=Them Apples id=367 zone=PLAY zonePos=3 cardId=BG28_966 player=14] tag=1068 value=5 
D 15:45:15.7826528 PowerTaskList.DebugPrintPower() -     TAG_CHANGE Entity=[entityName=Them Apples id=367 zone=PLAY zonePos=3 cardId=BG28_966 player=14] tag=1068 value=0 
D 15:45:15.7826528 PowerTaskList.DebugPrintPower() -     TAG_CHANGE Entity=[entityName=Them Apples id=367 zone=PLAY zonePos=3 cardId=BG28_966 player=14] tag=SUPPRESS_ALL_SUMMON_VO value=0 
D 15:45:15.7826528 PowerTaskList.DebugPrintPower() -     TAG_CHANGE Entity=[entityName=Them Apples id=367 zone=PLAY zonePos=3 cardId=BG28_966 player=14] tag=ZONE_POSITION value=0 
D 15:45:15.7826528 PowerTaskList.DebugPrintPower() -     TAG_CHANGE Entity=[entityName=Them Apples id=367 zone=PLAY zonePos=3 cardId=BG28_966 player=14] tag=ZONE value=REMOVEDFROMGAME 
D 15:45:15.7826528 PowerTaskList.DebugPrintPower() -     TAG_CHANGE Entity=[entityName=Them Apples id=367 zone=PLAY zonePos=3 cardId=BG28_966 player=14] tag=HAS_ACTIVATE_POWER value=0 
D 15:45:15.7826528 PowerTaskList.DebugPrintPower() -     TAG_CHANGE Entity=[entityName=Them Apples id=367 zone=PLAY zonePos=3 cardId=BG28_966 player=14] tag=COST value=0 
D 15:45:15.7826528 PowerTaskList.DebugPrintPower() -     TAG_CHANGE Entity=[entityName=Them Apples id=367 zone=PLAY zonePos=3 cardId=BG28_966 player=14] tag=CANT_ATTACK value=0 
D 15:45:15.7826528 PowerTaskList.DebugPrintPower() -     TAG_CHANGE Entity=[entityName=Them Apples id=367 zone=PLAY zonePos=3 cardId=BG28_966 player=14] tag=NUM_TURNS_IN_PLAY value=0 
D 15:45:15.7826528 PowerTaskList.DebugPrintPower() -     TAG_CHANGE Entity=[entityName=Them Apples id=367 zone=PLAY zonePos=3 cardId=BG28_966 player=14] tag=TECH_LEVEL value=0 
D 15:45:15.7826528 PowerTaskList.DebugPrintPower() -     TAG_CHANGE Entity=[entityName=Them Apples id=367 zone=PLAY zonePos=3 cardId=BG28_966 player=14] tag=SPAWN_TIME_COUNT value=0 
D 15:45:15.7826528 PowerTaskList.DebugPrintPower() -     TAG_CHANGE Entity=[entityName=Them Apples id=367 zone=PLAY zonePos=3 cardId=BG28_966 player=14] tag=SPELL_SCHOOL value=0 
D 15:45:15.7826528 PowerTaskList.DebugPrintPower() -     TAG_CHANGE Entity=[entityName=Them Apples id=367 zone=PLAY zonePos=3 cardId=BG28_966 player=14] tag=3081 value=0 
D 15:45:15.7826528 PowerTaskList.DebugPrintPower() -     TAG_CHANGE Entity=[entityName=Them Apples id=367 zone=PLAY zonePos=3 cardId=BG28_966 player=14] tag=COST value=1 
D 15:45:15.7826528 PowerTaskList.DebugPrintPower() -     TAG_CHANGE Entity=[entityName=Them Apples id=367 zone=PLAY zonePos=3 cardId=BG28_966 player=14] tag=TECH_LEVEL value=1 
D 15:45:15.7826528 PowerTaskList.DebugPrintPower() -     TAG_CHANGE Entity=[entityName=Them Apples id=367 zone=PLAY zonePos=3 cardId=BG28_966 player=14] tag=SPELL_SCHOOL value=9 
D 15:45:15.7826528 PowerTaskList.DebugPrintPower() -     TAG_CHANGE Entity=[entityName=Them Apples id=367 zone=PLAY zonePos=3 cardId=BG28_966 player=14] tag=3081 value=1 
D 15:45:15.7826528 PowerTaskList.DebugPrintPower() -     TAG_CHANGE Entity=[entityName=Them Apples id=367 zone=PLAY zonePos=3 cardId=BG28_966 player=14] tag=HAS_ACTIVATE_POWER value=1 
D 15:45:15.7826528 PowerTaskList.DebugPrintPower() -     TAG_CHANGE Entity=[entityName=Refresh id=351 zone=PLAY zonePos=0 cardId=TB_BaconShop_8p_Reroll_Button player=6] tag=1068 value=5 
D 15:45:15.7826528 PowerTaskList.DebugPrintPower() -     TAG_CHANGE Entity=[entityName=Refresh id=351 zone=PLAY zonePos=0 cardId=TB_BaconShop_8p_Reroll_Button player=6] tag=1068 value=0 
D 15:45:15.7826528 PowerTaskList.DebugPrintPower() -     TAG_CHANGE Entity=[entityName=Refresh id=351 zone=PLAY zonePos=0 cardId=TB_BaconShop_8p_Reroll_Button player=6] tag=SUPPRESS_ALL_SUMMON_VO value=0 
D 15:45:15.7826528 PowerTaskList.DebugPrintPower() -     TAG_CHANGE Entity=[entityName=Refresh id=351 zone=PLAY zonePos=0 cardId=TB_BaconShop_8p_Reroll_Button player=6] tag=ZONE value=REMOVEDFROMGAME 
D 15:45:15.7826528 PowerTaskList.DebugPrintPower() -     TAG_CHANGE Entity=[entityName=Refresh id=351 zone=PLAY zonePos=0 cardId=TB_BaconShop_8p_Reroll_Button player=6] tag=HAS_ACTIVATE_POWER value=0 
D 15:45:15.7826528 PowerTaskList.DebugPrintPower() -     TAG_CHANGE Entity=[entityName=Refresh id=351 zone=PLAY zonePos=0 cardId=TB_BaconShop_8p_Reroll_Button player=6] tag=COST value=0 
D 15:45:15.7826528 PowerTaskList.DebugPrintPower() -     TAG_CHANGE Entity=[entityName=Refresh id=351 zone=PLAY zonePos=0 cardId=TB_BaconShop_8p_Reroll_Button player=6] tag=BACON_ACTION_CARD value=0 
D 15:45:15.7826528 PowerTaskList.DebugPrintPower() -     TAG_CHANGE Entity=[entityName=Refresh id=351 zone=PLAY zonePos=0 cardId=TB_BaconShop_8p_Reroll_Button player=6] tag=GAME_MODE_BUTTON_SLOT value=0 
D 15:45:15.7826528 PowerTaskList.DebugPrintPower() -     TAG_CHANGE Entity=[entityName=Refresh id=351 zone=PLAY zonePos=0 cardId=TB_BaconShop_8p_Reroll_Button player=6] tag=SPAWN_TIME_COUNT value=0 
D 15:45:15.7826528 PowerTaskList.DebugPrintPower() -     TAG_CHANGE Entity=[entityName=Refresh id=351 zone=PLAY zonePos=0 cardId=TB_BaconShop_8p_Reroll_Button player=6] tag=COST value=1 
D 15:45:15.7826528 PowerTaskList.DebugPrintPower() -     TAG_CHANGE Entity=[entityName=Refresh id=351 zone=PLAY zonePos=0 cardId=TB_BaconShop_8p_Reroll_Button player=6] tag=BACON_ACTION_CARD value=1 
D 15:45:15.7826528 PowerTaskList.DebugPrintPower() -     TAG_CHANGE Entity=[entityName=Refresh id=351 zone=PLAY zonePos=0 cardId=TB_BaconShop_8p_Reroll_Button player=6] tag=GAME_MODE_BUTTON_SLOT value=2 
D 15:45:15.7826528 PowerTaskList.DebugPrintPower() -     TAG_CHANGE Entity=[entityName=Refresh id=351 zone=PLAY zonePos=0 cardId=TB_BaconShop_8p_Reroll_Button player=6] tag=HAS_ACTIVATE_POWER value=1 
D 15:45:15.7826528 PowerTaskList.DebugPrintPower() -     TAG_CHANGE Entity=[entityName=Freeze id=352 zone=PLAY zonePos=0 cardId=TB_BaconShopLockAll_Button player=6] tag=1068 value=5 
D 15:45:15.7826528 PowerTaskList.DebugPrintPower() -     TAG_CHANGE Entity=[entityName=Freeze id=352 zone=PLAY zonePos=0 cardId=TB_BaconShopLockAll_Button player=6] tag=1068 value=0 
D 15:45:15.7826528 PowerTaskList.DebugPrintPower() -     TAG_CHANGE Entity=[entityName=Freeze id=352 zone=PLAY zonePos=0 cardId=TB_BaconShopLockAll_Button player=6] tag=SUPPRESS_ALL_SUMMON_VO value=0 
D 15:45:15.7826528 PowerTaskList.DebugPrintPower() -     TAG_CHANGE Entity=[entityName=Freeze id=352 zone=PLAY zonePos=0 cardId=TB_BaconShopLockAll_Button player=6] tag=ZONE value=REMOVEDFROMGAME 
D 15:45:15.7826528 PowerTaskList.DebugPrintPower() -     TAG_CHANGE Entity=[entityName=Freeze id=352 zone=PLAY zonePos=0 cardId=TB_BaconShopLockAll_Button player=6] tag=HAS_ACTIVATE_POWER value=0 
D 15:45:15.7826528 PowerTaskList.DebugPrintPower() -     TAG_CHANGE Entity=[entityName=Freeze id=352 zone=PLAY zonePos=0 cardId=TB_BaconShopLockAll_Button player=6] tag=TAG_SCRIPT_DATA_NUM_2 value=0 
D 15:45:15.7826528 PowerTaskList.DebugPrintPower() -     TAG_CHANGE Entity=[entityName=Freeze id=352 zone=PLAY zonePos=0 cardId=TB_BaconShopLockAll_Button player=6] tag=FACTION value=INVALID 
D 15:45:15.7826528 PowerTaskList.DebugPrintPower() -     TAG_CHANGE Entity=[entityName=Freeze id=352 zone=PLAY zonePos=0 cardId=TB_BaconShopLockAll_Button player=6] tag=1270 value=0 
D 15:45:15.7826528 PowerTaskList.DebugPrintPower() -     TAG_CHANGE Entity=[entityName=Freeze id=352 zone=PLAY zonePos=0 cardId=TB_BaconShopLockAll_Button player=6] tag=BACON_ACTION_CARD value=0 
D 15:45:15.7826528 PowerTaskList.DebugPrintPower() -     TAG_CHANGE Entity=[entityName=Freeze id=352 zone=PLAY zonePos=0 cardId=TB_BaconShopLockAll_Button player=6] tag=GAME_MODE_BUTTON_SLOT value=0 
D 15:45:15.7826528 PowerTaskList.DebugPrintPower() -     TAG_CHANGE Entity=[entityName=Freeze id=352 zone=PLAY zonePos=0 cardId=TB_BaconShopLockAll_Button player=6] tag=SPAWN_TIME_COUNT value=0 
D 15:45:15.7826528 PowerTaskList.DebugPrintPower() -     TAG_CHANGE Entity=[entityName=Freeze id=352 zone=PLAY zonePos=0 cardId=TB_BaconShopLockAll_Button player=6] tag=TAG_SCRIPT_DATA_NUM_2 value=10 
D 15:45:15.7826528 PowerTaskList.DebugPrintPower() -     TAG_CHANGE Entity=[entityName=Freeze id=352 zone=PLAY zonePos=0 cardId=TB_BaconShopLockAll_Button player=6] tag=FACTION value=ALLIANCE 
D 15:45:15.7826528 PowerTaskList.DebugPrintPower() -     TAG_CHANGE Entity=[entityName=Freeze id=352 zone=PLAY zonePos=0 cardId=TB_BaconShopLockAll_Button player=6] tag=1270 value=1 
D 15:45:15.7826528 PowerTaskList.DebugPrintPower() -     TAG_CHANGE Entity=[entityName=Freeze id=352 zone=PLAY zonePos=0 cardId=TB_BaconShopLockAll_Button player=6] tag=BACON_ACTION_CARD value=1 
D 15:45:15.7826528 PowerTaskList.DebugPrintPower() -     TAG_CHANGE Entity=[entityName=Freeze id=352 zone=PLAY zonePos=0 cardId=TB_BaconShopLockAll_Button player=6] tag=GAME_MODE_BUTTON_SLOT value=1 
D 15:45:15.7826528 PowerTaskList.DebugPrintPower() -     TAG_CHANGE Entity=[entityName=Freeze id=352 zone=PLAY zonePos=0 cardId=TB_BaconShopLockAll_Button player=6] tag=HAS_ACTIVATE_POWER value=1 
D 15:45:15.7826528 PowerTaskList.DebugPrintPower() -     TAG_CHANGE Entity=[entityName=Drag To Sell id=353 zone=PLAY zonePos=0 cardId=TB_BaconShop_DragSell player=6] tag=1068 value=5 
D 15:45:15.7826528 PowerTaskList.DebugPrintPower() -     TAG_CHANGE Entity=[entityName=Drag To Sell id=353 zone=PLAY zonePos=0 cardId=TB_BaconShop_DragSell player=6] tag=1068 value=0 
D 15:45:15.7826528 PowerTaskList.DebugPrintPower() -     TAG_CHANGE Entity=[entityName=Drag To Sell id=353 zone=PLAY zonePos=0 cardId=TB_BaconShop_DragSell player=6] tag=SUPPRESS_ALL_SUMMON_VO value=0 
D 15:45:15.7826528 PowerTaskList.DebugPrintPower() -     TAG_CHANGE Entity=[entityName=Drag To Sell id=353 zone=PLAY zonePos=0 cardId=TB_BaconShop_DragSell player=6] tag=ZONE value=REMOVEDFROMGAME 
D 15:45:15.7826528 PowerTaskList.DebugPrintPower() -     TAG_CHANGE Entity=[entityName=Drag To Sell id=353 zone=PLAY zonePos=0 cardId=TB_BaconShop_DragSell player=6] tag=HAS_ACTIVATE_POWER value=0 
D 15:45:15.7826528 PowerTaskList.DebugPrintPower() -     TAG_CHANGE Entity=[entityName=Drag To Sell id=353 zone=PLAY zonePos=0 cardId=TB_BaconShop_DragSell player=6] tag=BACON_ACTION_CARD value=0 
D 15:45:15.7826528 PowerTaskList.DebugPrintPower() -     TAG_CHANGE Entity=[entityName=Drag To Sell id=353 zone=PLAY zonePos=0 cardId=TB_BaconShop_DragSell player=6] tag=MOVE_MINION_HOVER_TARGET_SLOT value=0 
D 15:45:15.7826528 PowerTaskList.DebugPrintPower() -     TAG_CHANGE Entity=[entityName=Drag To Sell id=353 zone=PLAY zonePos=0 cardId=TB_BaconShop_DragSell player=6] tag=SPAWN_TIME_COUNT value=0 
D 15:45:15.7826528 PowerTaskList.DebugPrintPower() -     TAG_CHANGE Entity=[entityName=Drag To Sell id=353 zone=PLAY zonePos=0 cardId=TB_BaconShop_DragSell player=6] tag=BACON_ACTION_CARD value=1 
D 15:45:15.7826528 PowerTaskList.DebugPrintPower() -     TAG_CHANGE Entity=[entityName=Drag To Sell id=353 zone=PLAY zonePos=0 cardId=TB_BaconShop_DragSell player=6] tag=MOVE_MINION_HOVER_TARGET_SLOT value=2 
D 15:45:15.7826528 PowerTaskList.DebugPrintPower() -     TAG_CHANGE Entity=[entityName=Drag To Sell id=353 zone=PLAY zonePos=0 cardId=TB_BaconShop_DragSell player=6] tag=HAS_ACTIVATE_POWER value=1 
D 15:45:15.7826528 PowerTaskList.DebugPrintPower() -     TAG_CHANGE Entity=[entityName=Tavern Tier 2 id=354 zone=PLAY zonePos=0 cardId=TB_BaconShopTechUp02_Button player=6] tag=1068 value=5 
D 15:45:15.7826528 PowerTaskList.DebugPrintPower() -     TAG_CHANGE Entity=[entityName=Tavern Tier 2 id=354 zone=PLAY zonePos=0 cardId=TB_BaconShopTechUp02_Button player=6] tag=1068 value=0 
D 15:45:15.7826528 PowerTaskList.DebugPrintPower() -     TAG_CHANGE Entity=[entityName=Tavern Tier 2 id=354 zone=PLAY zonePos=0 cardId=TB_BaconShopTechUp02_Button player=6] tag=SUPPRESS_ALL_SUMMON_VO value=0 
D 15:45:15.7826528 PowerTaskList.DebugPrintPower() -     TAG_CHANGE Entity=[entityName=Tavern Tier 2 id=354 zone=PLAY zonePos=0 cardId=TB_BaconShopTechUp02_Button player=6] tag=ZONE value=REMOVEDFROMGAME 
D 15:45:15.7826528 PowerTaskList.DebugPrintPower() -     TAG_CHANGE Entity=[entityName=Tavern Tier 2 id=354 zone=PLAY zonePos=0 cardId=TB_BaconShopTechUp02_Button player=6] tag=HAS_ACTIVATE_POWER value=0 
D 15:45:15.7826528 PowerTaskList.DebugPrintPower() -     TAG_CHANGE Entity=[entityName=Tavern Tier 2 id=354 zone=PLAY zonePos=0 cardId=TB_BaconShopTechUp02_Button player=6] tag=COST value=0 
D 15:45:15.7826528 PowerTaskList.DebugPrintPower() -     TAG_CHANGE Entity=[entityName=Tavern Tier 2 id=354 zone=PLAY zonePos=0 cardId=TB_BaconShopTechUp02_Button player=6] tag=BACON_ACTION_CARD value=0 
D 15:45:15.7826528 PowerTaskList.DebugPrintPower() -     TAG_CHANGE Entity=[entityName=Tavern Tier 2 id=354 zone=PLAY zonePos=0 cardId=TB_BaconShopTechUp02_Button player=6] tag=GAME_MODE_BUTTON_SLOT value=0 
D 15:45:15.7826528 PowerTaskList.DebugPrintPower() -     TAG_CHANGE Entity=[entityName=Tavern Tier 2 id=354 zone=PLAY zonePos=0 cardId=TB_BaconShopTechUp02_Button player=6] tag=TECH_LEVEL value=0 
D 15:45:15.7826528 PowerTaskList.DebugPrintPower() -     TAG_CHANGE Entity=[entityName=Tavern Tier 2 id=354 zone=PLAY zonePos=0 cardId=TB_BaconShopTechUp02_Button player=6] tag=SPAWN_TIME_COUNT value=0 
D 15:45:15.7826528 PowerTaskList.DebugPrintPower() -     TAG_CHANGE Entity=[entityName=Tavern Tier 2 id=354 zone=PLAY zonePos=0 cardId=TB_BaconShopTechUp02_Button player=6] tag=COST value=5 
D 15:45:15.7826528 PowerTaskList.DebugPrintPower() -     TAG_CHANGE Entity=[entityName=Tavern Tier 2 id=354 zone=PLAY zonePos=0 cardId=TB_BaconShopTechUp02_Button player=6] tag=BACON_ACTION_CARD value=1 
D 15:45:15.7826528 PowerTaskList.DebugPrintPower() -     TAG_CHANGE Entity=[entityName=Tavern Tier 2 id=354 zone=PLAY zonePos=0 cardId=TB_BaconShopTechUp02_Button player=6] tag=GAME_MODE_BUTTON_SLOT value=3 
D 15:45:15.7826528 PowerTaskList.DebugPrintPower() -     TAG_CHANGE Entity=[entityName=Tavern Tier 2 id=354 zone=PLAY zonePos=0 cardId=TB_BaconShopTechUp02_Button player=6] tag=TECH_LEVEL value=2 
D 15:45:15.7826528 PowerTaskList.DebugPrintPower() -     TAG_CHANGE Entity=[entityName=Tavern Tier 2 id=354 zone=PLAY zonePos=0 cardId=TB_BaconShopTechUp02_Button player=6] tag=HAS_ACTIVATE_POWER value=1 
D 15:45:15.7826528 PowerTaskList.DebugPrintPower() -     TAG_CHANGE Entity=[entityName=Drag To Buy id=362 zone=PLAY zonePos=0 cardId=TB_BaconShop_DragBuy player=6] tag=1068 value=5 
D 15:45:15.7826528 PowerTaskList.DebugPrintPower() -     TAG_CHANGE Entity=[entityName=Drag To Buy id=362 zone=PLAY zonePos=0 cardId=TB_BaconShop_DragBuy player=6] tag=1068 value=0 
D 15:45:15.7826528 PowerTaskList.DebugPrintPower() -     TAG_CHANGE Entity=[entityName=Drag To Buy id=362 zone=PLAY zonePos=0 cardId=TB_BaconShop_DragBuy player=6] tag=SUPPRESS_ALL_SUMMON_VO value=0 
D 15:45:15.7826528 PowerTaskList.DebugPrintPower() -     TAG_CHANGE Entity=[entityName=Drag To Buy id=362 zone=PLAY zonePos=0 cardId=TB_BaconShop_DragBuy player=6] tag=ZONE value=REMOVEDFROMGAME 
D 15:45:15.7826528 PowerTaskList.DebugPrintPower() -     TAG_CHANGE Entity=[entityName=Drag To Buy id=362 zone=PLAY zonePos=0 cardId=TB_BaconShop_DragBuy player=6] tag=HAS_ACTIVATE_POWER value=0 
D 15:45:15.7826528 PowerTaskList.DebugPrintPower() -     TAG_CHANGE Entity=[entityName=Drag To Buy id=362 zone=PLAY zonePos=0 cardId=TB_BaconShop_DragBuy player=6] tag=BACON_ACTION_CARD value=0 
D 15:45:15.7826528 PowerTaskList.DebugPrintPower() -     TAG_CHANGE Entity=[entityName=Drag To Buy id=362 zone=PLAY zonePos=0 cardId=TB_BaconShop_DragBuy player=6] tag=MOVE_MINION_HOVER_TARGET_SLOT value=0 
D 15:45:15.7826528 PowerTaskList.DebugPrintPower() -     TAG_CHANGE Entity=[entityName=Drag To Buy id=362 zone=PLAY zonePos=0 cardId=TB_BaconShop_DragBuy player=6] tag=SPAWN_TIME_COUNT value=0 
D 15:45:15.7826528 PowerTaskList.DebugPrintPower() -     TAG_CHANGE Entity=[entityName=Drag To Buy id=362 zone=PLAY zonePos=0 cardId=TB_BaconShop_DragBuy player=6] tag=2442 value=0 
D 15:45:15.7826528 PowerTaskList.DebugPrintPower() -     TAG_CHANGE Entity=[entityName=Drag To Buy id=362 zone=PLAY zonePos=0 cardId=TB_BaconShop_DragBuy player=6] tag=BACON_ACTION_CARD value=1 
D 15:45:15.7826528 PowerTaskList.DebugPrintPower() -     TAG_CHANGE Entity=[entityName=Drag To Buy id=362 zone=PLAY zonePos=0 cardId=TB_BaconShop_DragBuy player=6] tag=MOVE_MINION_HOVER_TARGET_SLOT value=1 
D 15:45:15.7826528 PowerTaskList.DebugPrintPower() -     TAG_CHANGE Entity=[entityName=Drag To Buy id=362 zone=PLAY zonePos=0 cardId=TB_BaconShop_DragBuy player=6] tag=HAS_ACTIVATE_POWER value=1 
D 15:45:15.7826528 PowerTaskList.DebugPrintPower() -     TAG_CHANGE Entity=[entityName=Drag To Buy id=366 zone=PLAY zonePos=0 cardId=TB_BaconShop_DragBuy player=6] tag=1068 value=5 
D 15:45:15.7826528 PowerTaskList.DebugPrintPower() -     TAG_CHANGE Entity=[entityName=Drag To Buy id=366 zone=PLAY zonePos=0 cardId=TB_BaconShop_DragBuy player=6] tag=1068 value=0 
D 15:45:15.7826528 PowerTaskList.DebugPrintPower() -     TAG_CHANGE Entity=[entityName=Drag To Buy id=366 zone=PLAY zonePos=0 cardId=TB_BaconShop_DragBuy player=6] tag=SUPPRESS_ALL_SUMMON_VO value=0 
D 15:45:15.7826528 PowerTaskList.DebugPrintPower() -     TAG_CHANGE Entity=[entityName=Drag To Buy id=366 zone=PLAY zonePos=0 cardId=TB_BaconShop_DragBuy player=6] tag=ZONE value=REMOVEDFROMGAME 
D 15:45:15.7826528 PowerTaskList.DebugPrintPower() -     TAG_CHANGE Entity=[entityName=Drag To Buy id=366 zone=PLAY zonePos=0 cardId=TB_BaconShop_DragBuy player=6] tag=HAS_ACTIVATE_POWER value=0 
D 15:45:15.7826528 PowerTaskList.DebugPrintPower() -     TAG_CHANGE Entity=[entityName=Drag To Buy id=366 zone=PLAY zonePos=0 cardId=TB_BaconShop_DragBuy player=6] tag=BACON_ACTION_CARD value=0 
D 15:45:15.7826528 PowerTaskList.DebugPrintPower() -     TAG_CHANGE Entity=[entityName=Drag To Buy id=366 zone=PLAY zonePos=0 cardId=TB_BaconShop_DragBuy player=6] tag=MOVE_MINION_HOVER_TARGET_SLOT value=0 
D 15:45:15.7826528 PowerTaskList.DebugPrintPower() -     TAG_CHANGE Entity=[entityName=Drag To Buy id=366 zone=PLAY zonePos=0 cardId=TB_BaconShop_DragBuy player=6] tag=SPAWN_TIME_COUNT value=0 
D 15:45:15.7826528 PowerTaskList.DebugPrintPower() -     TAG_CHANGE Entity=[entityName=Drag To Buy id=366 zone=PLAY zonePos=0 cardId=TB_BaconShop_DragBuy player=6] tag=2442 value=0 
D 15:45:15.7826528 PowerTaskList.DebugPrintPower() -     TAG_CHANGE Entity=[entityName=Drag To Buy id=366 zone=PLAY zonePos=0 cardId=TB_BaconShop_DragBuy player=6] tag=BACON_ACTION_CARD value=1 
D 15:45:15.7826528 PowerTaskList.DebugPrintPower() -     TAG_CHANGE Entity=[entityName=Drag To Buy id=366 zone=PLAY zonePos=0 cardId=TB_BaconShop_DragBuy player=6] tag=MOVE_MINION_HOVER_TARGET_SLOT value=1 
D 15:45:15.7826528 PowerTaskList.DebugPrintPower() -     TAG_CHANGE Entity=[entityName=Drag To Buy id=366 zone=PLAY zonePos=0 cardId=TB_BaconShop_DragBuy player=6] tag=HAS_ACTIVATE_POWER value=1 
D 15:45:15.7826528 PowerTaskList.DebugPrintPower() -     TAG_CHANGE Entity=[entityName=Drag To Buy Spell id=369 zone=PLAY zonePos=0 cardId=TB_BaconShop_DragBuy_Spell player=6] tag=1068 value=5 
D 15:45:15.7826528 PowerTaskList.DebugPrintPower() -     TAG_CHANGE Entity=[entityName=Drag To Buy Spell id=369 zone=PLAY zonePos=0 cardId=TB_BaconShop_DragBuy_Spell player=6] tag=1068 value=0 
D 15:45:15.7826528 PowerTaskList.DebugPrintPower() -     TAG_CHANGE Entity=[entityName=Drag To Buy Spell id=369 zone=PLAY zonePos=0 cardId=TB_BaconShop_DragBuy_Spell player=6] tag=ZONE value=REMOVEDFROMGAME 
D 15:45:15.7826528 PowerTaskList.DebugPrintPower() -     TAG_CHANGE Entity=[entityName=Drag To Buy Spell id=369 zone=PLAY zonePos=0 cardId=TB_BaconShop_DragBuy_Spell player=6] tag=HAS_ACTIVATE_POWER value=0 
D 15:45:15.7826528 PowerTaskList.DebugPrintPower() -     TAG_CHANGE Entity=[entityName=Drag To Buy Spell id=369 zone=PLAY zonePos=0 cardId=TB_BaconShop_DragBuy_Spell player=6] tag=BACON_ACTION_CARD value=0 
D 15:45:15.7826528 PowerTaskList.DebugPrintPower() -     TAG_CHANGE Entity=[entityName=Drag To Buy Spell id=369 zone=PLAY zonePos=0 cardId=TB_BaconShop_DragBuy_Spell player=6] tag=MOVE_MINION_HOVER_TARGET_SLOT value=0 
D 15:45:15.7826528 PowerTaskList.DebugPrintPower() -     TAG_CHANGE Entity=[entityName=Drag To Buy Spell id=369 zone=PLAY zonePos=0 cardId=TB_BaconShop_DragBuy_Spell player=6] tag=SPAWN_TIME_COUNT value=0 
D 15:45:15.7826528 PowerTaskList.DebugPrintPower() -     TAG_CHANGE Entity=[entityName=Drag To Buy Spell id=369 zone=PLAY zonePos=0 cardId=TB_BaconShop_DragBuy_Spell player=6] tag=2442 value=0 
D 15:45:15.7826528 PowerTaskList.DebugPrintPower() -     TAG_CHANGE Entity=[entityName=Drag To Buy Spell id=369 zone=PLAY zonePos=0 cardId=TB_BaconShop_DragBuy_Spell player=6] tag=BACON_ACTION_CARD value=1 
D 15:45:15.7826528 PowerTaskList.DebugPrintPower() -     TAG_CHANGE Entity=[entityName=Drag To Buy Spell id=369 zone=PLAY zonePos=0 cardId=TB_BaconShop_DragBuy_Spell player=6] tag=MOVE_MINION_HOVER_TARGET_SLOT value=1 
D 15:45:15.7826528 PowerTaskList.DebugPrintPower() -     TAG_CHANGE Entity=[entityName=Drag To Buy Spell id=369 zone=PLAY zonePos=0 cardId=TB_BaconShop_DragBuy_Spell player=6] tag=HAS_ACTIVATE_POWER value=1 
D 15:45:15.7826528 PowerTaskList.DebugPrintPower() -     TAG_CHANGE Entity=GameEntity tag=BACON_COIN_ON_ENEMY_MINIONS value=0 
D 15:45:15.7826528 PowerTaskList.DebugPrintPower() -     TAG_CHANGE Entity=GameEntity tag=1522 value=1 
D 15:45:15.7826528 PowerTaskList.DebugPrintPower() -     TAG_CHANGE Entity=GameEntity tag=1466 value=0 
D 15:45:15.7826528 PowerTaskList.DebugPrintPower() -     TAG_CHANGE Entity=GameEntity tag=3533 value=1 
D 15:45:15.7826528 PowerTaskList.DebugPrintPower() -     FULL_ENTITY - Updating [entityName=Silas Darkmoon id=429 zone=SETASIDE zonePos=0 cardId=TB_BaconShop_HERO_90 player=6] CardID=TB_BaconShop_HERO_90
D 15:45:15.7826528 PowerTaskList.DebugPrintPower() -         tag=CONTROLLER value=6
D 15:45:15.7826528 PowerTaskList.DebugPrintPower() -         tag=CARDTYPE value=HERO
D 15:45:15.7826528 PowerTaskList.DebugPrintPower() -         tag=PLAYER_ID value=5
D 15:45:15.7826528 PowerTaskList.DebugPrintPower() -         tag=HEALTH value=30
D 15:45:15.7826528 PowerTaskList.DebugPrintPower() -         tag=ZONE value=SETASIDE
D 15:45:15.7826528 PowerTaskList.DebugPrintPower() -         tag=ENTITY_ID value=429
D 15:45:15.7826528 PowerTaskList.DebugPrintPower() -         tag=FACTION value=NEUTRAL
D 15:45:15.7826528 PowerTaskList.DebugPrintPower() -         tag=RARITY value=FREE
D 15:45:15.7826528 PowerTaskList.DebugPrintPower() -         tag=ARMOR value=10
D 15:45:15.7826528 PowerTaskList.DebugPrintPower() -         tag=CREATOR value=16
D 15:45:15.7826528 PowerTaskList.DebugPrintPower() -         tag=HERO_POWER value=64481
D 15:45:15.7826528 PowerTaskList.DebugPrintPower() -         tag=1037 value=6
D 15:45:15.7826528 PowerTaskList.DebugPrintPower() -         tag=PLAYER_TECH_LEVEL value=1
D 15:45:15.7826528 PowerTaskList.DebugPrintPower() -         tag=SUPPRESS_ALL_SUMMON_VO value=1
D 15:45:15.7826528 PowerTaskList.DebugPrintPower() -         tag=BACON_HERO_CAN_BE_DRAFTED value=1
D 15:45:15.7826528 PowerTaskList.DebugPrintPower() -         tag=BACON_MAX_PLAYER_TECH_LEVEL value=6
D 15:45:15.7826528 PowerTaskList.DebugPrintPower() -         tag=SPAWN_TIME_COUNT value=1
D 15:45:15.7826528 PowerTaskList.DebugPrintPower() -         tag=BACON_COMPANION_ID value=77829
D 15:45:15.7826528 PowerTaskList.DebugPrintPower() -         tag=2210 value=1
D 15:45:15.7826528 PowerTaskList.DebugPrintPower() -         tag=BATTLEGROUNDS_FAVORITE_FINISHER value=69
D 15:45:15.7826528 PowerTaskList.DebugPrintPower() -         tag=HAS_ACTIVATE_POWER value=1
D 15:45:15.7826528 PowerTaskList.DebugPrintPower() -         tag=3085 value=30
D 15:45:15.7826528 PowerTaskList.DebugPrintPower() -         tag=3190 value=100
D 15:45:15.7826528 PowerTaskList.DebugPrintPower() -         tag=3206 value=8
D 15:45:15.7826528 PowerTaskList.DebugPrintPower() -     TAG_CHANGE Entity=[entityName=Silas Darkmoon id=429 zone=SETASIDE zonePos=0 cardId=TB_BaconShop_HERO_90 player=6] tag=BACON_COMBAT_PHASE_HERO value=1 
D 15:45:15.7826528 PowerTaskList.DebugPrintPower() -     FULL_ENTITY - Updating [entityName=Come One, Come All! id=430 zone=SETASIDE zonePos=0 cardId=TB_BaconShop_HP_101 player=6] CardID=TB_BaconShop_HP_101
D 15:45:15.7826528 PowerTaskList.DebugPrintPower() -         tag=CONTROLLER value=6
D 15:45:15.7826528 PowerTaskList.DebugPrintPower() -         tag=CARDTYPE value=HERO_POWER
D 15:45:15.7826528 PowerTaskList.DebugPrintPower() -         tag=ZONE value=SETASIDE
D 15:45:15.7826528 PowerTaskList.DebugPrintPower() -         tag=ENTITY_ID value=430
D 15:45:15.7826528 PowerTaskList.DebugPrintPower() -         tag=LINKED_ENTITY value=166
D 15:45:15.7826528 PowerTaskList.DebugPrintPower() -         tag=CREATOR value=16
D 15:45:15.7826528 PowerTaskList.DebugPrintPower() -         tag=HIDE_COST value=1
D 15:45:15.7826528 PowerTaskList.DebugPrintPower() -         tag=1037 value=6
D 15:45:15.7826528 PowerTaskList.DebugPrintPower() -         tag=SUPPRESS_ALL_SUMMON_VO value=1
D 15:45:15.7826528 PowerTaskList.DebugPrintPower() -         tag=SPAWN_TIME_COUNT value=1
D 15:45:15.7826528 PowerTaskList.DebugPrintPower() -         tag=BACON_HEROPOWER_BASE_HERO_ID value=64480
D 15:45:15.7826528 PowerTaskList.DebugPrintPower() -     FULL_ENTITY - Updating [entityName=Buddy Meter id=431 zone=SETASIDE zonePos=0 cardId=BG22_BuddyMeter player=6] CardID=BG22_BuddyMeter
D 15:45:15.7826528 PowerTaskList.DebugPrintPower() -         tag=CONTROLLER value=6
D 15:45:15.7826528 PowerTaskList.DebugPrintPower() -         tag=CARDTYPE value=BATTLEGROUND_HERO_BUDDY
D 15:45:15.7826528 PowerTaskList.DebugPrintPower() -         tag=TAG_LAST_KNOWN_COST_IN_HAND value=17
D 15:45:15.7826528 PowerTaskList.DebugPrintPower() -         tag=COST value=17
D 15:45:15.7826528 PowerTaskList.DebugPrintPower() -         tag=ZONE value=SETASIDE
D 15:45:15.7826528 PowerTaskList.DebugPrintPower() -         tag=ENTITY_ID value=431
D 15:45:15.7826528 PowerTaskList.DebugPrintPower() -         tag=LINKED_ENTITY value=5
D 15:45:15.7826528 PowerTaskList.DebugPrintPower() -         tag=CREATOR value=16
D 15:45:15.7826528 PowerTaskList.DebugPrintPower() -         tag=HIDE_COST value=1
D 15:45:15.7826528 PowerTaskList.DebugPrintPower() -         tag=1037 value=6
D 15:45:15.7826528 PowerTaskList.DebugPrintPower() -         tag=SUPPRESS_ALL_SUMMON_VO value=1
D 15:45:15.7826528 PowerTaskList.DebugPrintPower() -         tag=SPAWN_TIME_COUNT value=1
D 15:45:15.7826528 PowerTaskList.DebugPrintPower() -         tag=1724 value=1
D 15:45:15.7826528 PowerTaskList.DebugPrintPower() -         tag=BACON_COMPANION_ID value=77829
D 15:45:15.7826528 PowerTaskList.DebugPrintPower() -         tag=HAS_ACTIVATE_POWER value=1
D 15:45:15.7826528 PowerTaskList.DebugPrintPower() -         tag=BACON_BUY_BUDDY value=1
D 15:45:15.7826528 PowerTaskList.DebugPrintPower() -     TAG_CHANGE Entity=[entityName=Buddy Meter id=431 zone=SETASIDE zonePos=0 cardId=BG22_BuddyMeter player=6] tag=HIDE_COST value=0 
D 15:45:15.7826528 PowerTaskList.DebugPrintPower() -     FULL_ENTITY - Updating [entityName=UNKNOWN ENTITY [cardType=INVALID] id=432 zone=SETASIDE zonePos=0 cardId= player=6] CardID=
D 15:45:15.7826528 PowerTaskList.DebugPrintPower() -         tag=ZONE value=SETASIDE
D 15:45:15.7826528 PowerTaskList.DebugPrintPower() -         tag=CONTROLLER value=6
D 15:45:15.7826528 PowerTaskList.DebugPrintPower() -         tag=ENTITY_ID value=432
D 15:45:15.7826528 PowerTaskList.DebugPrintPower() -     FULL_ENTITY - Updating [entityName=UNKNOWN ENTITY [cardType=INVALID] id=433 zone=SETASIDE zonePos=0 cardId= player=6] CardID=
D 15:45:15.7826528 PowerTaskList.DebugPrintPower() -         tag=ZONE value=SETASIDE
D 15:45:15.7826528 PowerTaskList.DebugPrintPower() -         tag=CONTROLLER value=6
D 15:45:15.7826528 PowerTaskList.DebugPrintPower() -         tag=ENTITY_ID value=433
D 15:45:15.7826528 PowerTaskList.DebugPrintPower() -     TAG_CHANGE Entity=GameEntity tag=1453 value=1 
D 15:45:15.7826528 PowerTaskList.DebugPrintPower() -     FULL_ENTITY - Updating [entityName=Molten Rock id=434 zone=SETASIDE zonePos=0 cardId=BGS_127 player=6] CardID=BGS_127
D 15:45:15.7826528 PowerTaskList.DebugPrintPower() -         tag=CONTROLLER value=6
D 15:45:15.7826528 PowerTaskList.DebugPrintPower() -         tag=CARDTYPE value=MINION
D 15:45:15.7826528 PowerTaskList.DebugPrintPower() -         tag=TAG_LAST_KNOWN_COST_IN_HAND value=1
D 15:45:15.7826528 PowerTaskList.DebugPrintPower() -         tag=479 value=3
D 15:45:15.7826528 PowerTaskList.DebugPrintPower() -         tag=COST value=1
D 15:45:15.7826528 PowerTaskList.DebugPrintPower() -         tag=ATK value=3
D 15:45:15.7826528 PowerTaskList.DebugPrintPower() -         tag=HEALTH value=3
D 15:45:15.7826528 PowerTaskList.DebugPrintPower() -         tag=TRIGGER_VISUAL value=1
D 15:45:15.7826528 PowerTaskList.DebugPrintPower() -         tag=ZONE value=SETASIDE
D 15:45:15.7826528 PowerTaskList.DebugPrintPower() -         tag=ENTITY_ID value=434
D 15:45:15.7826528 PowerTaskList.DebugPrintPower() -         tag=CARDRACE value=ELEMENTAL
D 15:45:15.7826528 PowerTaskList.DebugPrintPower() -         tag=CREATOR value=63
D 15:45:15.7826528 PowerTaskList.DebugPrintPower() -         tag=1037 value=6
D 15:45:15.7826528 PowerTaskList.DebugPrintPower() -         tag=CREATOR_DBID value=57980
D 15:45:15.7826528 PowerTaskList.DebugPrintPower() -         tag=BACON_TRIPLE_UPGRADE_MINION_ID value=64300
D 15:45:15.7826528 PowerTaskList.DebugPrintPower() -         tag=TECH_LEVEL value=1
D 15:45:15.7826528 PowerTaskList.DebugPrintPower() -         tag=IS_BACON_POOL_MINION value=1
D 15:45:15.7826528 PowerTaskList.DebugPrintPower() -         tag=SUPPRESS_ALL_SUMMON_VO value=1
D 15:45:15.7826528 PowerTaskList.DebugPrintPower() -         tag=SPAWN_TIME_COUNT value=1
D 15:45:15.7826528 PowerTaskList.DebugPrintPower() -         tag=1688 value=1
D 15:45:15.7826528 PowerTaskList.DebugPrintPower() -         tag=HAS_ACTIVATE_POWER value=1
D 15:45:15.7826528 PowerTaskList.DebugPrintPower() -         tag=3085 value=3
D 15:45:15.7826528 PowerTaskList.DebugPrintPower() -     TAG_CHANGE Entity=[entityName=Drag To Buy Spell id=369 zone=PLAY zonePos=0 cardId=TB_BaconShop_DragBuy_Spell player=6] tag=COST value=0 
D 15:45:15.7826528 PowerTaskList.DebugPrintPower() -     TAG_CHANGE Entity=[entityName=Drag To Buy id=366 zone=PLAY zonePos=0 cardId=TB_BaconShop_DragBuy player=6] tag=COST value=0 
D 15:45:15.7826528 PowerTaskList.DebugPrintPower() -     TAG_CHANGE Entity=[entityName=Drag To Buy id=362 zone=PLAY zonePos=0 cardId=TB_BaconShop_DragBuy player=6] tag=COST value=0 
D 15:45:15.7826528 PowerTaskList.DebugPrintPower() -     TAG_CHANGE Entity=[entityName=Molten Rock id=434 zone=SETASIDE zonePos=0 cardId=BGS_127 player=6] tag=LAST_AFFECTED_BY value=247 
D 15:45:15.7826528 PowerTaskList.DebugPrintPower() -     TAG_CHANGE Entity=[entityName=Molten Rock id=434 zone=SETASIDE zonePos=0 cardId=BGS_127 player=6] tag=COPIED_FROM_ENTITY_ID value=246 
D 15:45:15.7826528 PowerTaskList.DebugPrintPower() -     TAG_CHANGE Entity=[entityName=Molten Rock id=434 zone=SETASIDE zonePos=0 cardId=BGS_127 player=6] tag=3669 value=1 
D 15:45:15.7826528 PowerTaskList.DebugPrintPower() -     TAG_CHANGE Entity=[entityName=Annoy-o-Tron id=363 zone=PLAY zonePos=1 cardId=BG_GVG_085 player=6] tag=SPAWN_TIME_COUNT value=0 
D 15:45:15.7826528 PowerTaskList.DebugPrintPower() -     TAG_CHANGE Entity=[entityName=Annoy-o-Tron id=363 zone=PLAY zonePos=1 cardId=BG_GVG_085 player=6] tag=SPAWN_TIME_COUNT value=1 
D 15:45:15.7826528 PowerTaskList.DebugPrintPower() -     TAG_CHANGE Entity=GameEntity tag=1453 value=0 
D 15:45:15.7826528 PowerTaskList.DebugPrintPower() -     TAG_CHANGE Entity=GameEntity tag=1453 value=1 
D 15:45:15.7826528 PowerTaskList.DebugPrintPower() -     FULL_ENTITY - Updating [entityName=Annoy-o-Tron id=435 zone=SETASIDE zonePos=0 cardId=BG_GVG_085 player=6] CardID=BG_GVG_085
D 15:45:15.7826528 PowerTaskList.DebugPrintPower() -         tag=CONTROLLER value=6
D 15:45:15.7826528 PowerTaskList.DebugPrintPower() -         tag=CARDTYPE value=MINION
D 15:45:15.7826528 PowerTaskList.DebugPrintPower() -         tag=479 value=1
D 15:45:15.7826528 PowerTaskList.DebugPrintPower() -         tag=ATK value=1
D 15:45:15.7826528 PowerTaskList.DebugPrintPower() -         tag=HEALTH value=2
D 15:45:15.7826528 PowerTaskList.DebugPrintPower() -         tag=ZONE value=SETASIDE
D 15:45:15.7826528 PowerTaskList.DebugPrintPower() -         tag=ENTITY_ID value=435
D 15:45:15.7826528 PowerTaskList.DebugPrintPower() -         tag=TAUNT value=1
D 15:45:15.7826528 PowerTaskList.DebugPrintPower() -         tag=DIVINE_SHIELD value=1
D 15:45:15.7826528 PowerTaskList.DebugPrintPower() -         tag=CARDRACE value=MECHANICAL
D 15:45:15.7826528 PowerTaskList.DebugPrintPower() -         tag=RARITY value=COMMON
D 15:45:15.7826528 PowerTaskList.DebugPrintPower() -         tag=CREATOR value=63
D 15:45:15.7826528 PowerTaskList.DebugPrintPower() -         tag=1037 value=6
D 15:45:15.7826528 PowerTaskList.DebugPrintPower() -         tag=CREATOR_DBID value=57980
D 15:45:15.7826528 PowerTaskList.DebugPrintPower() -         tag=BACON_TRIPLE_UPGRADE_MINION_ID value=103653
D 15:45:15.7826528 PowerTaskList.DebugPrintPower() -         tag=TECH_LEVEL value=1
D 15:45:15.7826528 PowerTaskList.DebugPrintPower() -         tag=IS_BACON_POOL_MINION value=1
D 15:45:15.7826528 PowerTaskList.DebugPrintPower() -         tag=SUPPRESS_ALL_SUMMON_VO value=1
D 15:45:15.7826528 PowerTaskList.DebugPrintPower() -         tag=SPAWN_TIME_COUNT value=1
D 15:45:15.7826528 PowerTaskList.DebugPrintPower() -         tag=1595 value=1
D 15:45:15.7826528 PowerTaskList.DebugPrintPower() -         tag=HAS_ACTIVATE_POWER value=1
D 15:45:15.7826528 PowerTaskList.DebugPrintPower() -         tag=3085 value=2
D 15:45:15.7826528 PowerTaskList.DebugPrintPower() -     TAG_CHANGE Entity=[entityName=Annoy-o-Tron id=435 zone=SETASIDE zonePos=0 cardId=BG_GVG_085 player=6] tag=LAST_AFFECTED_BY value=364 
D 15:45:15.7826528 PowerTaskList.DebugPrintPower() -     TAG_CHANGE Entity=[entityName=Annoy-o-Tron id=435 zone=SETASIDE zonePos=0 cardId=BG_GVG_085 player=6] tag=COPIED_FROM_ENTITY_ID value=363 
D 15:45:15.7826528 PowerTaskList.DebugPrintPower() -     TAG_CHANGE Entity=[entityName=Annoy-o-Tron id=435 zone=SETASIDE zonePos=0 cardId=BG_GVG_085 player=6] tag=3669 value=1 
D 15:45:15.7826528 PowerTaskList.DebugPrintPower() -     TAG_CHANGE Entity=[entityName=Annoy-o-Tron id=363 zone=PLAY zonePos=1 cardId=BG_GVG_085 player=6] tag=SPAWN_TIME_COUNT value=0 
D 15:45:15.7826528 PowerTaskList.DebugPrintPower() -     TAG_CHANGE Entity=[entityName=Annoy-o-Tron id=363 zone=PLAY zonePos=1 cardId=BG_GVG_085 player=6] tag=SPAWN_TIME_COUNT value=1 
D 15:45:15.7826528 PowerTaskList.DebugPrintPower() -     TAG_CHANGE Entity=GameEntity tag=1453 value=0 
D 15:45:15.7826528 PowerTaskList.DebugPrintPower() -     TAG_CHANGE Entity=GameEntity tag=3534 value=1 
D 15:45:15.7826528 PowerTaskList.DebugPrintPower() -     META_DATA - Meta=ARTIFICIAL_PAUSE Data=1500 InfoCount=1
D 15:45:15.7826528 PowerTaskList.DebugPrintPower() -                 Info[0] = [entityName=BaconShop8PlayerEnchant id=63 zone=PLAY zonePos=0 cardId=TB_BaconShop_8P_PlayerE player=6]
D 15:45:15.7826528 PowerTaskList.DebugPrintPower() -     META_DATA - Meta=SLUSH_TIME Data=1500 InfoCount=1
D 15:45:15.7826528 PowerTaskList.DebugPrintPower() -                 Info[0] = [entityName=BaconShop8PlayerEnchant id=63 zone=PLAY zonePos=0 cardId=TB_BaconShop_8P_PlayerE player=6]
D 15:45:15.7826528 PowerTaskList.DebugPrintPower() - BLOCK_END
D 15:45:15.7826528 PowerProcessor.PrepareHistoryForCurrentTaskList() - m_currentTaskList=208
D 15:45:15.8337474 GameState.DebugPrintPowerList() - Count=184
D 15:45:15.8337474 GameState.DebugPrintPower() - TAG_CHANGE Entity=GameEntity tag=STEP value=MAIN_START 
D 15:45:15.8337474 GameState.DebugPrintPower() - BLOCK_START BlockType=TRIGGER Entity=FanaticPro EffectCardId=System.Collections.Generic.List`1[System.String] EffectIndex=-1 Target=0 SubOption=-1 TriggerKeyword=TAG_NOT_SET
D 15:45:15.8337474 GameState.DebugPrintPower() -     TAG_CHANGE Entity=GameEntity tag=NEXT_STEP value=MAIN_ACTION 
D 15:45:15.8337474 GameState.DebugPrintPower() - BLOCK_END
D 15:45:15.8337474 GameState.DebugPrintPower() - TAG_CHANGE Entity=GameEntity tag=2022 value=0 
D 15:45:15.8337474 GameState.DebugPrintPower() - TAG_CHANGE Entity=dymitrq#2316 tag=2029 value=1 
D 15:45:15.8337474 GameState.DebugPrintPower() - BLOCK_START BlockType=ATTACK Entity=[entityName=Annoy-o-Tron id=363 zone=PLAY zonePos=1 cardId=BG_GVG_085 player=6] EffectCardId=System.Collections.Generic.List`1[System.String] EffectIndex=0 Target=0 SubOption=-1 
D 15:45:15.8337474 GameState.DebugPrintPower() -     TAG_CHANGE Entity=dymitrq#2316 tag=NUM_FRIENDLY_MINIONS_THAT_ATTACKED_THIS_TURN value=1 
D 15:45:15.8337474 GameState.DebugPrintPower() -     TAG_CHANGE Entity=GameEntity tag=PROPOSED_ATTACKER value=363 
D 15:45:15.8337474 GameState.DebugPrintPower() -     TAG_CHANGE Entity=GameEntity tag=PROPOSED_DEFENDER value=462 
D 15:45:15.8337474 GameState.DebugPrintPower() -     TAG_CHANGE Entity=[entityName=Annoy-o-Tron id=363 zone=PLAY zonePos=1 cardId=BG_GVG_085 player=6] tag=ATTACKING value=1 
D 15:45:15.8337474 GameState.DebugPrintPower() -     META_DATA - Meta=SLUSH_TIME Data=1200 InfoCount=1
D 15:45:15.8337474 GameState.DebugPrintPower() -                 Info[0] = [entityName=Annoy-o-Tron id=363 zone=PLAY zonePos=1 cardId=BG_GVG_085 player=6]
D 15:45:15.8337474 GameState.DebugPrintPower() -     TAG_CHANGE Entity=[entityName=Molten Rock id=462 zone=PLAY zonePos=1 cardId=BGS_127 player=14] tag=DEFENDING value=1 
D 15:45:15.8337474 GameState.DebugPrintPower() -     TAG_CHANGE Entity=[entityName=Annoy-o-Tron id=363 zone=PLAY zonePos=1 cardId=BG_GVG_085 player=6] tag=NUM_ATTACKS_THIS_TURN value=1 
D 15:45:15.8337474 GameState.DebugPrintPower() -     TAG_CHANGE Entity=[entityName=Annoy-o-Tron id=363 zone=PLAY zonePos=1 cardId=BG_GVG_085 player=6] tag=EXHAUSTED value=1 
D 15:45:15.8337474 GameState.DebugPrintPower() -     TAG_CHANGE Entity=[entityName=Molten Rock id=462 zone=PLAY zonePos=1 cardId=BGS_127 player=14] tag=2187 value=363 
D 15:45:15.8337474 GameState.DebugPrintPower() -     TAG_CHANGE Entity=[entityName=Molten Rock id=462 zone=PLAY zonePos=1 cardId=BGS_127 player=14] tag=PREDAMAGE value=1 
D 15:45:15.8337474 GameState.DebugPrintPower() -     TAG_CHANGE Entity=[entityName=Molten Rock id=462 zone=PLAY zonePos=1 cardId=BGS_127 player=14] tag=1173 value=462 
D 15:45:15.8337474 GameState.DebugPrintPower() -     TAG_CHANGE Entity=[entityName=Molten Rock id=462 zone=PLAY zonePos=1 cardId=BGS_127 player=14] tag=2187 value=0 
D 15:45:15.8337474 GameState.DebugPrintPower() -     TAG_CHANGE Entity=[entityName=Molten Rock id=462 zone=PLAY zonePos=1 cardId=BGS_127 player=14] tag=PREDAMAGE value=0 
D 15:45:15.8337474 GameState.DebugPrintPower() -     TAG_CHANGE Entity=[entityName=Molten Rock id=462 zone=PLAY zonePos=1 cardId=BGS_127 player=14] tag=1173 value=0 
D 15:45:15.8337474 GameState.DebugPrintPower() -     TAG_CHANGE Entity=[entityName=Molten Rock id=462 zone=PLAY zonePos=1 cardId=BGS_127 player=14] tag=PREDAMAGE value=1 
D 15:45:15.8337474 GameState.DebugPrintPower() -     TAG_CHANGE Entity=[entityName=Molten Rock id=462 zone=PLAY zonePos=1 cardId=BGS_127 player=14] tag=PREDAMAGE value=0 
D 15:45:15.8337474 GameState.DebugPrintPower() -     META_DATA - Meta=DAMAGE Data=1 InfoCount=1
D 15:45:15.8337474 GameState.DebugPrintPower() -                 Info[0] = [entityName=Molten Rock id=462 zone=PLAY zonePos=1 cardId=BGS_127 player=14]
D 15:45:15.8337474 GameState.DebugPrintPower() -     TAG_CHANGE Entity=[entityName=Molten Rock id=462 zone=PLAY zonePos=1 cardId=BGS_127 player=14] tag=LAST_AFFECTED_BY value=363 
D 15:45:15.8337474 GameState.DebugPrintPower() -     TAG_CHANGE Entity=[entityName=Molten Rock id=462 zone=PLAY zonePos=1 cardId=BGS_127 player=14] tag=DAMAGE value=1 
D 15:45:15.8337474 GameState.DebugPrintPower() -     TAG_CHANGE Entity=[entityName=Annoy-o-Tron id=363 zone=PLAY zonePos=1 cardId=BG_GVG_085 player=6] tag=2187 value=462 
D 15:45:15.8337474 GameState.DebugPrintPower() -     TAG_CHANGE Entity=[entityName=Annoy-o-Tron id=363 zone=PLAY zonePos=1 cardId=BG_GVG_085 player=6] tag=PREDAMAGE value=3 
D 15:45:15.8337474 GameState.DebugPrintPower() -     TAG_CHANGE Entity=[entityName=Annoy-o-Tron id=363 zone=PLAY zonePos=1 cardId=BG_GVG_085 player=6] tag=1173 value=363 
D 15:45:15.8337474 GameState.DebugPrintPower() -     TAG_CHANGE Entity=[entityName=Annoy-o-Tron id=363 zone=PLAY zonePos=1 cardId=BG_GVG_085 player=6] tag=2187 value=0 
D 15:45:15.8337474 GameState.DebugPrintPower() -     TAG_CHANGE Entity=[entityName=Annoy-o-Tron id=363 zone=PLAY zonePos=1 cardId=BG_GVG_085 player=6] tag=PREDAMAGE value=0 
D 15:45:15.8337474 GameState.DebugPrintPower() -     TAG_CHANGE Entity=[entityName=Annoy-o-Tron id=363 zone=PLAY zonePos=1 cardId=BG_GVG_085 player=6] tag=1173 value=0 
D 15:45:15.8337474 GameState.DebugPrintPower() -     TAG_CHANGE Entity=[entityName=Annoy-o-Tron id=363 zone=PLAY zonePos=1 cardId=BG_GVG_085 player=6] tag=PREDAMAGE value=3 
D 15:45:15.8337474 GameState.DebugPrintPower() -     TAG_CHANGE Entity=[entityName=Annoy-o-Tron id=363 zone=PLAY zonePos=1 cardId=BG_GVG_085 player=6] tag=PREDAMAGE value=0 
D 15:45:15.8337474 GameState.DebugPrintPower() -     TAG_CHANGE Entity=[entityName=Annoy-o-Tron id=363 zone=PLAY zonePos=1 cardId=BG_GVG_085 player=6] tag=DIVINE_SHIELD value=0 
D 15:45:15.8337474 GameState.DebugPrintPower() -     TAG_CHANGE Entity=[entityName=Annoy-o-Tron id=363 zone=PLAY zonePos=1 cardId=BG_GVG_085 player=6] tag=2873 value=1 
D 15:45:15.8337474 GameState.DebugPrintPower() -     META_DATA - Meta=DAMAGE Data=0 InfoCount=1
D 15:45:15.8337474 GameState.DebugPrintPower() -                 Info[0] = [entityName=Annoy-o-Tron id=363 zone=PLAY zonePos=1 cardId=BG_GVG_085 player=6]
D 15:45:15.8337474 GameState.DebugPrintPower() -     TAG_CHANGE Entity=GameEntity tag=1710 value=1 
D 15:45:15.8337474 GameState.DebugPrintPower() -     BLOCK_START BlockType=TRIGGER Entity=[entityName=BaconShop8PlayerEnchant id=63 zone=PLAY zonePos=0 cardId=TB_BaconShop_8P_PlayerE player=6] EffectCardId=System.Collections.Generic.List`1[System.String] EffectIndex=18 Target=0 SubOption=-1 TriggerKeyword=TAG_NOT_SET
D 15:45:15.8337474 GameState.DebugPrintPower() -         TAG_CHANGE Entity=dymitrq#2316 tag=1483 value=1 
D 15:45:15.8337474 GameState.DebugPrintPower() -     BLOCK_END
D 15:45:15.8337474 GameState.DebugPrintPower() -     BLOCK_START BlockType=TRIGGER Entity=[entityName=BaconShop8PlayerEnchant id=63 zone=PLAY zonePos=0 cardId=TB_BaconShop_8P_PlayerE player=6] EffectCardId=System.Collections.Generic.List`1[System.String] EffectIndex=20 Target=0 SubOption=-1 TriggerKeyword=TAG_NOT_SET
D 15:45:15.8337474 GameState.DebugPrintPower() -     BLOCK_END
D 15:45:15.8337474 GameState.DebugPrintPower() -     TAG_CHANGE Entity=GameEntity tag=1710 value=0 
D 15:45:15.8337474 GameState.DebugPrintPower() -     TAG_CHANGE Entity=GameEntity tag=PROPOSED_ATTACKER value=0 
D 15:45:15.8337474 GameState.DebugPrintPower() -     TAG_CHANGE Entity=GameEntity tag=PROPOSED_DEFENDER value=0 
D 15:45:15.8337474 GameState.DebugPrintPower() -     TAG_CHANGE Entity=[entityName=Annoy-o-Tron id=363 zone=PLAY zonePos=1 cardId=BG_GVG_085 player=6] tag=ATTACKING value=0 
D 15:45:15.8337474 GameState.DebugPrintPower() -     TAG_CHANGE Entity=[entityName=Molten Rock id=462 zone=PLAY zonePos=1 cardId=BGS_127 player=14] tag=DEFENDING value=0 
D 15:45:15.8337474 GameState.DebugPrintPower() - BLOCK_END
D 15:45:15.8337474 GameState.DebugPrintPower() - BLOCK_START BlockType=ATTACK Entity=[entityName=Molten Rock id=462 zone=PLAY zonePos=1 cardId=BGS_127 player=14] EffectCardId=System.Collections.Generic.List`1[System.String] EffectIndex=0 Target=0 SubOption=-1 
D 15:45:15.8337474 GameState.DebugPrintPower() -     TAG_CHANGE Entity=FanaticPro tag=NUM_FRIENDLY_MINIONS_THAT_ATTACKED_THIS_TURN value=1 
D 15:45:15.8337474 GameState.DebugPrintPower() -     TAG_CHANGE Entity=GameEntity tag=PROPOSED_ATTACKER value=462 
D 15:45:15.8337474 GameState.DebugPrintPower() -     TAG_CHANGE Entity=GameEntity tag=PROPOSED_DEFENDER value=363 
D 15:45:15.8337474 GameState.DebugPrintPower() -     TAG_CHANGE Entity=[entityName=Molten Rock id=462 zone=PLAY zonePos=1 cardId=BGS_127 player=14] tag=ATTACKING value=1 
D 15:45:15.8337474 GameState.DebugPrintPower() -     META_DATA - Meta=SLUSH_TIME Data=1200 InfoCount=1
D 15:45:15.8337474 GameState.DebugPrintPower() -                 Info[0] = [entityName=Molten Rock id=462 zone=PLAY zonePos=1 cardId=BGS_127 player=14]
D 15:45:15.8337474 GameState.DebugPrintPower() -     TAG_CHANGE Entity=[entityName=Annoy-o-Tron id=363 zone=PLAY zonePos=1 cardId=BG_GVG_085 player=6] tag=DEFENDING value=1 
D 15:45:15.8337474 GameState.DebugPrintPower() -     TAG_CHANGE Entity=[entityName=Molten Rock id=462 zone=PLAY zonePos=1 cardId=BGS_127 player=14] tag=NUM_ATTACKS_THIS_TURN value=1 
D 15:45:15.8337474 GameState.DebugPrintPower() -     TAG_CHANGE Entity=[entityName=Molten Rock id=462 zone=PLAY zonePos=1 cardId=BGS_127 player=14] tag=EXHAUSTED value=1 
D 15:45:15.8337474 GameState.DebugPrintPower() -     TAG_CHANGE Entity=[entityName=Annoy-o-Tron id=363 zone=PLAY zonePos=1 cardId=BG_GVG_085 player=6] tag=2187 value=462 
D 15:45:15.8337474 GameState.DebugPrintPower() -     TAG_CHANGE Entity=[entityName=Annoy-o-Tron id=363 zone=PLAY zonePos=1 cardId=BG_GVG_085 player=6] tag=PREDAMAGE value=3 
D 15:45:15.8337474 GameState.DebugPrintPower() -     TAG_CHANGE Entity=[entityName=Annoy-o-Tron id=363 zone=PLAY zonePos=1 cardId=BG_GVG_085 player=6] tag=1173 value=363 
D 15:45:15.8337474 GameState.DebugPrintPower() -     TAG_CHANGE Entity=[entityName=Annoy-o-Tron id=363 zone=PLAY zonePos=1 cardId=BG_GVG_085 player=6] tag=2187 value=0 
D 15:45:15.8337474 GameState.DebugPrintPower() -     TAG_CHANGE Entity=[entityName=Annoy-o-Tron id=363 zone=PLAY zonePos=1 cardId=BG_GVG_085 player=6] tag=PREDAMAGE value=0 
D 15:45:15.8337474 GameState.DebugPrintPower() -     TAG_CHANGE Entity=[entityName=Annoy-o-Tron id=363 zone=PLAY zonePos=1 cardId=BG_GVG_085 player=6] tag=1173 value=0 
D 15:45:15.8337474 GameState.DebugPrintPower() -     TAG_CHANGE Entity=[entityName=Annoy-o-Tron id=363 zone=PLAY zonePos=1 cardId=BG_GVG_085 player=6] tag=PREDAMAGE value=3 
D 15:45:15.8337474 GameState.DebugPrintPower() -     TAG_CHANGE Entity=[entityName=Annoy-o-Tron id=363 zone=PLAY zonePos=1 cardId=BG_GVG_085 player=6] tag=PREDAMAGE value=0 
D 15:45:15.8337474 GameState.DebugPrintPower() -     META_DATA - Meta=DAMAGE Data=3 InfoCount=1
D 15:45:15.8337474 GameState.DebugPrintPower() -                 Info[0] = [entityName=Annoy-o-Tron id=363 zone=PLAY zonePos=1 cardId=BG_GVG_085 player=6]
D 15:45:15.8337474 GameState.DebugPrintPower() -     TAG_CHANGE Entity=[entityName=Annoy-o-Tron id=363 zone=PLAY zonePos=1 cardId=BG_GVG_085 player=6] tag=LAST_AFFECTED_BY value=462 
D 15:45:15.8337474 GameState.DebugPrintPower() -     TAG_CHANGE Entity=[entityName=Annoy-o-Tron id=363 zone=PLAY zonePos=1 cardId=BG_GVG_085 player=6] tag=DAMAGE value=3 
D 15:45:15.8337474 GameState.DebugPrintPower() -     TAG_CHANGE Entity=[entityName=Molten Rock id=462 zone=PLAY zonePos=1 cardId=BGS_127 player=14] tag=2187 value=363 
D 15:45:15.8337474 GameState.DebugPrintPower() -     TAG_CHANGE Entity=[entityName=Molten Rock id=462 zone=PLAY zonePos=1 cardId=BGS_127 player=14] tag=PREDAMAGE value=1 
D 15:45:15.8337474 GameState.DebugPrintPower() -     TAG_CHANGE Entity=[entityName=Molten Rock id=462 zone=PLAY zonePos=1 cardId=BGS_127 player=14] tag=1173 value=462 
D 15:45:15.8337474 GameState.DebugPrintPower() -     TAG_CHANGE Entity=[entityName=Molten Rock id=462 zone=PLAY zonePos=1 cardId=BGS_127 player=14] tag=2187 value=0 
D 15:45:15.8337474 GameState.DebugPrintPower() -     TAG_CHANGE Entity=[entityName=Molten Rock id=462 zone=PLAY zonePos=1 cardId=BGS_127 player=14] tag=PREDAMAGE value=0 
D 15:45:15.8337474 GameState.DebugPrintPower() -     TAG_CHANGE Entity=[entityName=Molten Rock id=462 zone=PLAY zonePos=1 cardId=BGS_127 player=14] tag=1173 value=0 
D 15:45:15.8337474 GameState.DebugPrintPower() -     TAG_CHANGE Entity=[entityName=Molten Rock id=462 zone=PLAY zonePos=1 cardId=BGS_127 player=14] tag=PREDAMAGE value=1 
D 15:45:15.8337474 GameState.DebugPrintPower() -     TAG_CHANGE Entity=[entityName=Molten Rock id=462 zone=PLAY zonePos=1 cardId=BGS_127 player=14] tag=PREDAMAGE value=0 
D 15:45:15.8337474 GameState.DebugPrintPower() -     META_DATA - Meta=DAMAGE Data=1 InfoCount=1
D 15:45:15.8337474 GameState.DebugPrintPower() -                 Info[0] = [entityName=Molten Rock id=462 zone=PLAY zonePos=1 cardId=BGS_127 player=14]
D 15:45:15.8337474 GameState.DebugPrintPower() -     TAG_CHANGE Entity=[entityName=Molten Rock id=462 zone=PLAY zonePos=1 cardId=BGS_127 player=14] tag=DAMAGE value=2 
D 15:45:15.8337474 GameState.DebugPrintPower() -     TAG_CHANGE Entity=GameEntity tag=1710 value=1 
D 15:45:15.8337474 GameState.DebugPrintPower() -     TAG_CHANGE Entity=GameEntity tag=1710 value=0 
D 15:45:15.8337474 GameState.DebugPrintPower() -     TAG_CHANGE Entity=GameEntity tag=1710 value=1 
D 15:45:15.8337474 GameState.DebugPrintPower() -     BLOCK_START BlockType=TRIGGER Entity=[entityName=BaconShop8PlayerEnchant id=63 zone=PLAY zonePos=0 cardId=TB_BaconShop_8P_PlayerE player=6] EffectCardId=System.Collections.Generic.List`1[System.String] EffectIndex=18 Target=0 SubOption=-1 TriggerKeyword=TAG_NOT_SET
D 15:45:15.8337474 GameState.DebugPrintPower() -         TAG_CHANGE Entity=dymitrq#2316 tag=1483 value=2 
D 15:45:15.8337474 GameState.DebugPrintPower() -     BLOCK_END
D 15:45:15.8337474 GameState.DebugPrintPower() -     BLOCK_START BlockType=TRIGGER Entity=[entityName=BaconShop8PlayerEnchant id=63 zone=PLAY zonePos=0 cardId=TB_BaconShop_8P_PlayerE player=6] EffectCardId=System.Collections.Generic.List`1[System.String] EffectIndex=20 Target=0 SubOption=-1 TriggerKeyword=TAG_NOT_SET
D 15:45:15.8337474 GameState.DebugPrintPower() -     BLOCK_END
D 15:45:15.8337474 GameState.DebugPrintPower() -     TAG_CHANGE Entity=GameEntity tag=1710 value=0 
D 15:45:15.8337474 GameState.DebugPrintPower() -     TAG_CHANGE Entity=GameEntity tag=PROPOSED_ATTACKER value=0 
D 15:45:15.8337474 GameState.DebugPrintPower() -     TAG_CHANGE Entity=GameEntity tag=PROPOSED_DEFENDER value=0 
D 15:45:15.8337474 GameState.DebugPrintPower() -     TAG_CHANGE Entity=[entityName=Molten Rock id=462 zone=PLAY zonePos=1 cardId=BGS_127 player=14] tag=ATTACKING value=0 
D 15:45:15.8337474 GameState.DebugPrintPower() -     TAG_CHANGE Entity=[entityName=Annoy-o-Tron id=363 zone=PLAY zonePos=1 cardId=BG_GVG_085 player=6] tag=DEFENDING value=0 
D 15:45:15.8337474 GameState.DebugPrintPower() - BLOCK_END
D 15:45:15.8337474 GameState.DebugPrintPower() - BLOCK_START BlockType=DEATHS Entity=GameEntity EffectCardId=System.Collections.Generic.List`1[System.String] EffectIndex=0 Target=0 SubOption=-1 
D 15:45:15.8337474 GameState.DebugPrintPower() -     BLOCK_START BlockType=TRIGGER Entity=[entityName=BaconShop8PlayerEnchant id=63 zone=PLAY zonePos=0 cardId=TB_BaconShop_8P_PlayerE player=6] EffectCardId=System.Collections.Generic.List`1[System.String] EffectIndex=37 Target=0 SubOption=-1 TriggerKeyword=TAG_NOT_SET
D 15:45:15.8337474 GameState.DebugPrintPower() -         FULL_ENTITY - Creating ID=474 CardID=BG_GVG_085
D 15:45:15.8337474 GameState.DebugPrintPower() -             tag=CONTROLLER value=6
D 15:45:15.8337474 GameState.DebugPrintPower() -             tag=CARDTYPE value=MINION
D 15:45:15.8337474 GameState.DebugPrintPower() -             tag=479 value=1
D 15:45:15.8337474 GameState.DebugPrintPower() -             tag=ATK value=1
D 15:45:15.8337474 GameState.DebugPrintPower() -             tag=HEALTH value=2
D 15:45:15.8337474 GameState.DebugPrintPower() -             tag=ZONE value=SETASIDE
D 15:45:15.8337474 GameState.DebugPrintPower() -             tag=ENTITY_ID value=474
D 15:45:15.8337474 GameState.DebugPrintPower() -             tag=TAUNT value=1
D 15:45:15.8337474 GameState.DebugPrintPower() -             tag=DIVINE_SHIELD value=1
D 15:45:15.8337474 GameState.DebugPrintPower() -             tag=CARDRACE value=MECHANICAL
D 15:45:15.8337474 GameState.DebugPrintPower() -             tag=RARITY value=COMMON
D 15:45:15.8337474 GameState.DebugPrintPower() -             tag=CREATOR value=63
D 15:45:15.8337474 GameState.DebugPrintPower() -             tag=1037 value=6
D 15:45:15.8337474 GameState.DebugPrintPower() -             tag=CREATOR_DBID value=57980
D 15:45:15.8337474 GameState.DebugPrintPower() -             tag=BACON_TRIPLE_UPGRADE_MINION_ID value=103653
D 15:45:15.8337474 GameState.DebugPrintPower() -             tag=TECH_LEVEL value=1
D 15:45:15.8337474 GameState.DebugPrintPower() -             tag=IS_BACON_POOL_MINION value=1
D 15:45:15.8337474 GameState.DebugPrintPower() -             tag=SUPPRESS_ALL_SUMMON_VO value=1
D 15:45:15.8337474 GameState.DebugPrintPower() -             tag=SPAWN_TIME_COUNT value=1
D 15:45:15.8337474 GameState.DebugPrintPower() -             tag=1595 value=1
D 15:45:15.8337474 GameState.DebugPrintPower() -             tag=HAS_ACTIVATE_POWER value=1
D 15:45:15.8337474 GameState.DebugPrintPower() -             tag=3085 value=2
D 15:45:15.8337474 GameState.DebugPrintPower() -         TAG_CHANGE Entity=474 tag=2873 value=1 
D 15:45:15.8337474 GameState.DebugPrintPower() -         TAG_CHANGE Entity=474 tag=DIVINE_SHIELD value=0 
D 15:45:15.8337474 GameState.DebugPrintPower() -         TAG_CHANGE Entity=474 tag=DAMAGE value=3 
D 15:45:15.8337474 GameState.DebugPrintPower() -         TAG_CHANGE Entity=474 tag=EXHAUSTED value=1 
D 15:45:15.8337474 GameState.DebugPrintPower() -         TAG_CHANGE Entity=474 tag=LAST_AFFECTED_BY value=462 
D 15:45:15.8337474 GameState.DebugPrintPower() -         TAG_CHANGE Entity=474 tag=COPIED_FROM_ENTITY_ID value=363 
D 15:45:15.8337474 GameState.DebugPrintPower() -         TAG_CHANGE Entity=474 tag=3669 value=1 
D 15:45:15.8337474 GameState.DebugPrintPower() -         TAG_CHANGE Entity=474 tag=DIVINE_SHIELD value=1 
D 15:45:15.8337474 GameState.DebugPrintPower() -         TAG_CHANGE Entity=474 tag=DAMAGE value=0 
D 15:45:15.8337474 GameState.DebugPrintPower() -         TAG_CHANGE Entity=474 tag=TRANSIENT_ENTITY value=1 
D 15:45:15.8337474 GameState.DebugPrintPower() -     BLOCK_END
D 15:45:15.8337474 GameState.DebugPrintPower() -     TAG_CHANGE Entity=dymitrq#2316 tag=NUM_MINIONS_PLAYER_KILLED_THIS_TURN value=1 
D 15:45:15.8337474 GameState.DebugPrintPower() -     TAG_CHANGE Entity=GameEntity tag=NUM_MINIONS_KILLED_THIS_TURN value=1 
D 15:45:15.8337474 GameState.DebugPrintPower() -     TAG_CHANGE Entity=[entityName=Annoy-o-Tron id=363 zone=PLAY zonePos=1 cardId=BG_GVG_085 player=6] tag=1068 value=4 
D 15:45:15.8337474 GameState.DebugPrintPower() -     TAG_CHANGE Entity=[entityName=Annoy-o-Tron id=363 zone=PLAY zonePos=1 cardId=BG_GVG_085 player=6] tag=1068 value=0 
D 15:45:15.8337474 GameState.DebugPrintPower() -     TAG_CHANGE Entity=[entityName=Annoy-o-Tron id=363 zone=PLAY zonePos=1 cardId=BG_GVG_085 player=6] tag=EXHAUSTED value=0 
D 15:45:15.8337474 GameState.DebugPrintPower() -     TAG_CHANGE Entity=[entityName=Annoy-o-Tron id=363 zone=PLAY zonePos=1 cardId=BG_GVG_085 player=6] tag=ZONE_POSITION value=0 
D 15:45:15.8337474 GameState.DebugPrintPower() -     TAG_CHANGE Entity=[entityName=Annoy-o-Tron id=363 zone=PLAY zonePos=1 cardId=BG_GVG_085 player=6] tag=ZONE value=GRAVEYARD 
D 15:45:15.8337474 GameState.DebugPrintPower() -     TAG_CHANGE Entity=dymitrq#2316 tag=NUM_FRIENDLY_MINIONS_THAT_DIED_THIS_TURN value=1 
D 15:45:15.8337474 GameState.DebugPrintPower() -     TAG_CHANGE Entity=dymitrq#2316 tag=NUM_FRIENDLY_MINIONS_THAT_DIED_THIS_GAME value=1 
D 15:45:15.8337474 GameState.DebugPrintPower() -     TAG_CHANGE Entity=dymitrq#2316 tag=2753 value=103652 
D 15:45:15.8337474 GameState.DebugPrintPower() -     TAG_CHANGE Entity=dymitrq#2316 tag=2717 value=1 
D 15:45:15.8337474 GameState.DebugPrintPower() -     TAG_CHANGE Entity=[entityName=Annoy-o-Tron id=435 zone=SETASIDE zonePos=0 cardId=BG_GVG_085 player=6] tag=BACON_DIED_LAST_COMBAT value=1 
D 15:45:15.8337474 GameState.DebugPrintPower() -     TAG_CHANGE Entity=dymitrq#2316 tag=CORPSES value=1 
D 15:45:15.8337474 GameState.DebugPrintPower() -     TAG_CHANGE Entity=[entityName=Annoy-o-Tron id=363 zone=PLAY zonePos=1 cardId=BG_GVG_085 player=6] tag=DAMAGE value=0 
D 15:45:15.8337474 GameState.DebugPrintPower() - BLOCK_END
D 15:45:15.8337474 GameState.DebugPrintPower() - TAG_CHANGE Entity=474 tag=3669 value=0 
D 15:45:15.8337474 GameState.DebugPrintPower() - TAG_CHANGE Entity=GameEntity tag=3534 value=0 
D 15:45:15.8337474 GameState.DebugPrintPower() - BLOCK_START BlockType=TRIGGER Entity=[entityName=BaconShop8PlayerEnchant id=63 zone=PLAY zonePos=0 cardId=TB_BaconShop_8P_PlayerE player=6] EffectCardId=System.Collections.Generic.List`1[System.String] EffectIndex=14 Target=0 SubOption=-1 TriggerKeyword=TAG_NOT_SET
D 15:45:15.8337474 GameState.DebugPrintPower() -     TAG_CHANGE Entity=dymitrq#2316 tag=2267 value=5 
D 15:45:15.8337474 GameState.DebugPrintPower() -     TAG_CHANGE Entity=dymitrq#2316 tag=1487 value=1 
D 15:45:15.8337474 GameState.DebugPrintPower() -     TAG_CHANGE Entity=[entityName=Sparkhoarder Togwaggle id=85 zone=PLAY zonePos=0 cardId=BG23_HERO_305_SKIN_B player=6] tag=1487 value=1 
D 15:45:15.8337474 GameState.DebugPrintPower() -     TAG_CHANGE Entity=GameEntity tag=MISSION_EVENT value=128 
D 15:45:15.8337474 GameState.DebugPrintPower() -     TAG_CHANGE Entity=GameEntity tag=HIGHLIGHT_ATTACKING_MINION_DURING_COMBAT value=0 
D 15:45:15.8337474 GameState.DebugPrintPower() -     TAG_CHANGE Entity=[entityName=Silas Darkmoon id=459 zone=PLAY zonePos=0 cardId=TB_BaconShop_HERO_90 player=14] tag=ATK value=1 
D 15:45:15.8337474 GameState.DebugPrintPower() -     TAG_CHANGE Entity=GameEntity tag=MISSION_EVENT value=0 
D 15:45:15.8337474 GameState.DebugPrintPower() -     TAG_CHANGE Entity=GameEntity tag=MISSION_EVENT value=120 
D 15:45:15.8337474 GameState.DebugPrintPower() -     META_DATA - Meta=SLUSH_TIME Data=4400 InfoCount=1
D 15:45:15.8337474 GameState.DebugPrintPower() -                 Info[0] = [entityName=BaconShop8PlayerEnchant id=63 zone=PLAY zonePos=0 cardId=TB_BaconShop_8P_PlayerE player=6]
D 15:45:15.8337474 GameState.DebugPrintPower() -     SUB_SPELL_START - SpellPrefabGUID=Bacon_EndRound_BuffHeroAttack_Super:f82ca36d0e2b0cd43a93ff481e08061a Source=459 TargetCount=1
D 15:45:15.8337474 GameState.DebugPrintPower() -                       Source = [entityName=Silas Darkmoon id=459 zone=PLAY zonePos=0 cardId=TB_BaconShop_HERO_90 player=14]
D 15:45:15.8337474 GameState.DebugPrintPower() -                       Targets[0] = [entityName=Molten Rock id=462 zone=PLAY zonePos=1 cardId=BGS_127 player=14]
D 15:45:15.8337474 GameState.DebugPrintPower() -         TAG_CHANGE Entity=[entityName=Silas Darkmoon id=459 zone=PLAY zonePos=0 cardId=TB_BaconShop_HERO_90 player=14] tag=ATK value=2 
D 15:45:15.8337474 GameState.DebugPrintPower() -     SUB_SPELL_END
D 15:45:15.8337474 GameState.DebugPrintPower() -     TAG_CHANGE Entity=dymitrq#2316 tag=2843 value=2 
D 15:45:15.8337474 GameState.DebugPrintPower() -     TAG_CHANGE Entity=[entityName=Silas Darkmoon id=459 zone=PLAY zonePos=0 cardId=TB_BaconShop_HERO_90 player=14] tag=1715 value=63 
D 15:45:15.8337474 GameState.DebugPrintPower() -     TAG_CHANGE Entity=[entityName=Sparkhoarder Togwaggle id=85 zone=PLAY zonePos=0 cardId=BG23_HERO_305_SKIN_B player=6] tag=1715 value=63 
D 15:45:15.8337474 GameState.DebugPrintPower() -     BLOCK_START BlockType=ATTACK Entity=[entityName=Silas Darkmoon id=459 zone=PLAY zonePos=0 cardId=TB_BaconShop_HERO_90 player=14] EffectCardId=System.Collections.Generic.List`1[System.String] EffectIndex=0 Target=0 SubOption=-1 
D 15:45:15.8337474 GameState.DebugPrintPower() -         TAG_CHANGE Entity=GameEntity tag=PROPOSED_ATTACKER value=459 
D 15:45:15.8337474 GameState.DebugPrintPower() -         TAG_CHANGE Entity=GameEntity tag=PROPOSED_DEFENDER value=85 
D 15:45:15.8337474 GameState.DebugPrintPower() -         TAG_CHANGE Entity=[entityName=Silas Darkmoon id=459 zone=PLAY zonePos=0 cardId=TB_BaconShop_HERO_90 player=14] tag=ATTACKING value=1 
D 15:45:15.8337474 GameState.DebugPrintPower() -         META_DATA - Meta=SLUSH_TIME Data=1200 InfoCount=1
D 15:45:15.8337474 GameState.DebugPrintPower() -                     Info[0] = [entityName=Silas Darkmoon id=459 zone=PLAY zonePos=0 cardId=TB_BaconShop_HERO_90 player=14]
D 15:45:15.8337474 GameState.DebugPrintPower() -         TAG_CHANGE Entity=[entityName=Silas Darkmoon id=459 zone=PLAY zonePos=0 cardId=TB_BaconShop_HERO_90 player=14] tag=479 value=2 
D 15:45:15.8337474 GameState.DebugPrintPower() -         TAG_CHANGE Entity=[entityName=Sparkhoarder Togwaggle id=85 zone=PLAY zonePos=0 cardId=BG23_HERO_305_SKIN_B player=6] tag=DEFENDING value=1 
D 15:45:15.8337474 GameState.DebugPrintPower() -         TAG_CHANGE Entity=[entityName=Silas Darkmoon id=459 zone=PLAY zonePos=0 cardId=TB_BaconShop_HERO_90 player=14] tag=NUM_ATTACKS_THIS_TURN value=1 
D 15:45:15.8337474 GameState.DebugPrintPower() -         TAG_CHANGE Entity=[entityName=Silas Darkmoon id=459 zone=PLAY zonePos=0 cardId=TB_BaconShop_HERO_90 player=14] tag=EXHAUSTED value=1 
D 15:45:15.8337474 GameState.DebugPrintPower() -         TAG_CHANGE Entity=[entityName=Sparkhoarder Togwaggle id=85 zone=PLAY zonePos=0 cardId=BG23_HERO_305_SKIN_B player=6] tag=2187 value=459 
D 15:45:15.8337474 GameState.DebugPrintPower() -         TAG_CHANGE Entity=[entityName=Sparkhoarder Togwaggle id=85 zone=PLAY zonePos=0 cardId=BG23_HERO_305_SKIN_B player=6] tag=PREDAMAGE value=2 
D 15:45:15.8337474 GameState.DebugPrintPower() -         TAG_CHANGE Entity=[entityName=Sparkhoarder Togwaggle id=85 zone=PLAY zonePos=0 cardId=BG23_HERO_305_SKIN_B player=6] tag=1173 value=85 
D 15:45:15.8337474 GameState.DebugPrintPower() -         TAG_CHANGE Entity=[entityName=Sparkhoarder Togwaggle id=85 zone=PLAY zonePos=0 cardId=BG23_HERO_305_SKIN_B player=6] tag=2187 value=0 
D 15:45:15.8337474 GameState.DebugPrintPower() -         TAG_CHANGE Entity=[entityName=Sparkhoarder Togwaggle id=85 zone=PLAY zonePos=0 cardId=BG23_HERO_305_SKIN_B player=6] tag=PREDAMAGE value=0 
D 15:45:15.8337474 GameState.DebugPrintPower() -         TAG_CHANGE Entity=[entityName=Sparkhoarder Togwaggle id=85 zone=PLAY zonePos=0 cardId=BG23_HERO_305_SKIN_B player=6] tag=1173 value=0 
D 15:45:15.8337474 GameState.DebugPrintPower() -         TAG_CHANGE Entity=FanaticPro tag=2335 value=1 
D 15:45:15.8337474 GameState.DebugPrintPower() -         TAG_CHANGE Entity=[entityName=Sparkhoarder Togwaggle id=85 zone=PLAY zonePos=0 cardId=BG23_HERO_305_SKIN_B player=6] tag=PREDAMAGE value=2 
D 15:45:15.8337474 GameState.DebugPrintPower() -         TAG_CHANGE Entity=[entityName=Sparkhoarder Togwaggle id=85 zone=PLAY zonePos=0 cardId=BG23_HERO_305_SKIN_B player=6] tag=PREDAMAGE value=0 
D 15:45:15.8337474 GameState.DebugPrintPower() -         META_DATA - Meta=DAMAGE Data=2 InfoCount=1
D 15:45:15.8337474 GameState.DebugPrintPower() -                     Info[0] = [entityName=Sparkhoarder Togwaggle id=85 zone=PLAY zonePos=0 cardId=BG23_HERO_305_SKIN_B player=6]
D 15:45:15.8337474 GameState.DebugPrintPower() -         TAG_CHANGE Entity=[entityName=Sparkhoarder Togwaggle id=85 zone=PLAY zonePos=0 cardId=BG23_HERO_305_SKIN_B player=6] tag=ARMOR value=11 
D 15:45:15.8337474 GameState.DebugPrintPower() -         TAG_CHANGE Entity=dymitrq#2316 tag=3143 value=2 
D 15:45:15.8337474 GameState.DebugPrintPower() -         TAG_CHANGE Entity=[entityName=Sparkhoarder Togwaggle id=85 zone=PLAY zonePos=0 cardId=BG23_HERO_305_SKIN_B player=6] tag=LAST_AFFECTED_BY value=459 
D 15:45:15.8337474 GameState.DebugPrintPower() -         TAG_CHANGE Entity=dymitrq#2316 tag=464 value=2 
D 15:45:15.8337474 GameState.DebugPrintPower() -         TAG_CHANGE Entity=dymitrq#2316 tag=1853 value=2 
D 15:45:15.8337474 GameState.DebugPrintPower() -         TAG_CHANGE Entity=dymitrq#2316 tag=DAMAGE_DEALT_TO_HERO_LAST_TURN value=2 
D 15:45:15.8337474 GameState.DebugPrintPower() -         TAG_CHANGE Entity=GameEntity tag=1710 value=1 
D 15:45:15.8337474 GameState.DebugPrintPower() -         TAG_CHANGE Entity=GameEntity tag=1710 value=0 
D 15:45:15.8337474 GameState.DebugPrintPower() -         TAG_CHANGE Entity=GameEntity tag=PROPOSED_ATTACKER value=0 
D 15:45:15.8337474 GameState.DebugPrintPower() -         TAG_CHANGE Entity=GameEntity tag=PROPOSED_DEFENDER value=0 
D 15:45:15.8337474 GameState.DebugPrintPower() -         TAG_CHANGE Entity=[entityName=Silas Darkmoon id=459 zone=PLAY zonePos=0 cardId=TB_BaconShop_HERO_90 player=14] tag=ATTACKING value=0 
D 15:45:15.8337474 GameState.DebugPrintPower() -         TAG_CHANGE Entity=[entityName=Sparkhoarder Togwaggle id=85 zone=PLAY zonePos=0 cardId=BG23_HERO_305_SKIN_B player=6] tag=DEFENDING value=0 
D 15:45:15.8337474 GameState.DebugPrintPower() -     BLOCK_END
D 15:45:15.8337474 GameState.DebugPrintPower() -     META_DATA - Meta=ARTIFICIAL_PAUSE Data=1000 InfoCount=1
D 15:45:15.8337474 GameState.DebugPrintPower() -                 Info[0] = [entityName=BaconShop8PlayerEnchant id=63 zone=PLAY zonePos=0 cardId=TB_BaconShop_8P_PlayerE player=6]
D 15:45:15.8337474 GameState.DebugPrintPower() -     META_DATA - Meta=SLUSH_TIME Data=1000 InfoCount=1
D 15:45:15.8337474 GameState.DebugPrintPower() -                 Info[0] = [entityName=BaconShop8PlayerEnchant id=63 zone=PLAY zonePos=0 cardId=TB_BaconShop_8P_PlayerE player=6]
D 15:45:15.8337474 GameState.DebugPrintPower() -     META_DATA - Meta=SLUSH_TIME Data=500 InfoCount=1
D 15:45:15.8337474 GameState.DebugPrintPower() -                 Info[0] = [entityName=BaconShop8PlayerEnchant id=63 zone=PLAY zonePos=0 cardId=TB_BaconShop_8P_PlayerE player=6]
D 15:45:15.8337474 GameState.DebugPrintPower() -     TAG_CHANGE Entity=[entityName=Silas Darkmoon id=459 zone=PLAY zonePos=0 cardId=TB_BaconShop_HERO_90 player=14] tag=ATK value=0 
D 15:45:15.8337474 GameState.DebugPrintPower() -     TAG_CHANGE Entity=GameEntity tag=HIGHLIGHT_ATTACKING_MINION_DURING_COMBAT value=1 
D 15:45:15.8337474 GameState.DebugPrintPower() - BLOCK_END
D 15:45:15.8337474 GameState.DebugPrintPower() - BLOCK_START BlockType=TRIGGER Entity=[entityName=BaconShop8PlayerEnchant id=63 zone=PLAY zonePos=0 cardId=TB_BaconShop_8P_PlayerE player=6] EffectCardId=System.Collections.Generic.List`1[System.String] EffectIndex=21 Target=0 SubOption=-1 TriggerKeyword=TAG_NOT_SET
D 15:45:15.8337474 GameState.DebugPrintPower() -     TAG_CHANGE Entity=dymitrq#2316 tag=1483 value=0 
D 15:45:15.8337474 GameState.DebugPrintPower() - BLOCK_END
D 15:45:15.8337474 GameState.DebugPrintPower() - BLOCK_START BlockType=TRIGGER Entity=[entityName=BaconShop8PlayerEnchant id=63 zone=PLAY zonePos=0 cardId=TB_BaconShop_8P_PlayerE player=6] EffectCardId=System.Collections.Generic.List`1[System.String] EffectIndex=28 Target=0 SubOption=-1 TriggerKeyword=TAG_NOT_SET
D 15:45:15.8337474 GameState.DebugPrintPower() -     TAG_CHANGE Entity=[entityName=Silas Darkmoon id=459 zone=PLAY zonePos=0 cardId=TB_BaconShop_HERO_90 player=14] tag=479 value=0 
D 15:45:15.8337474 GameState.DebugPrintPower() - BLOCK_END
D 15:45:15.8500830 GameState.DebugPrintPowerList() - Count=1
D 15:45:15.8500830 GameState.DebugPrintPower() - TAG_CHANGE Entity=[entityName=Sire Denathrius id=131 zone=SETASIDE zonePos=0 cardId=BG24_HERO_100 player=14] tag=ARMOR value=9 
D 15:45:15.8669548 GameState.DebugPrintPowerList() - Count=255
D 15:45:15.8669548 GameState.DebugPrintPower() - BLOCK_START BlockType=TRIGGER Entity=[entityName=Buddy Meter id=356 zone=PLAY zonePos=0 cardId=BG22_BuddyMeter player=6] EffectCardId=System.Collections.Generic.List`1[System.String] EffectIndex=4 Target=0 SubOption=-1 TriggerKeyword=1724
D 15:45:15.8669548 GameState.DebugPrintPower() -     SUB_SPELL_START - SpellPrefabGUID=ReuseFX_Generic_Impact_GoldCoins_Super_Quick:87fe315354583b44790863c45c46615c Source=356 TargetCount=1
D 15:45:15.8669548 GameState.DebugPrintPower() -                       Source = [entityName=Buddy Meter id=356 zone=PLAY zonePos=0 cardId=BG22_BuddyMeter player=6]
D 15:45:15.8669548 GameState.DebugPrintPower() -                       Targets[0] = [entityName=Buddy Meter id=356 zone=PLAY zonePos=0 cardId=BG22_BuddyMeter player=6]
D 15:45:15.8669548 GameState.DebugPrintPower() -         TAG_CHANGE Entity=[entityName=Buddy Meter id=356 zone=PLAY zonePos=0 cardId=BG22_BuddyMeter player=6] tag=COST value=15 
D 15:45:15.8669548 GameState.DebugPrintPower() -     SUB_SPELL_END
D 15:45:15.8669548 GameState.DebugPrintPower() - BLOCK_END
D 15:45:15.8669548 GameState.DebugPrintPower() - BLOCK_START BlockType=TRIGGER Entity=[entityName=Buddy Meter id=431 zone=SETASIDE zonePos=0 cardId=BG22_BuddyMeter player=6] EffectCardId=System.Collections.Generic.List`1[System.String] EffectIndex=4 Target=0 SubOption=-1 TriggerKeyword=1724
D 15:45:15.8669548 GameState.DebugPrintPower() - BLOCK_END
D 15:45:15.8669548 GameState.DebugPrintPower() - BLOCK_START BlockType=TRIGGER Entity=[entityName=BaconShop8PlayerEnchant id=63 zone=PLAY zonePos=0 cardId=TB_BaconShop_8P_PlayerE player=6] EffectCardId=System.Collections.Generic.List`1[System.String] EffectIndex=-1 Target=0 SubOption=-1 TriggerKeyword=TAG_NOT_SET
D 15:45:15.8669548 GameState.DebugPrintPower() -     TAG_CHANGE Entity=GameEntity tag=1453 value=1 
D 15:45:15.8669548 GameState.DebugPrintPower() -     TAG_CHANGE Entity=FanaticPro tag=3245 value=0 
D 15:45:15.8669548 GameState.DebugPrintPower() -     TAG_CHANGE Entity=[entityName=Molten Rock id=462 zone=PLAY zonePos=1 cardId=BGS_127 player=14] tag=1068 value=5 
D 15:45:15.8669548 GameState.DebugPrintPower() -     TAG_CHANGE Entity=[entityName=Molten Rock id=462 zone=PLAY zonePos=1 cardId=BGS_127 player=14] tag=1068 value=0 
D 15:45:15.8669548 GameState.DebugPrintPower() -     TAG_CHANGE Entity=[entityName=Molten Rock id=462 zone=PLAY zonePos=1 cardId=BGS_127 player=14] tag=EXHAUSTED value=0 
D 15:45:15.8669548 GameState.DebugPrintPower() -     TAG_CHANGE Entity=[entityName=Molten Rock id=462 zone=PLAY zonePos=1 cardId=BGS_127 player=14] tag=SUPPRESS_ALL_SUMMON_VO value=0 
D 15:45:15.8669548 GameState.DebugPrintPower() -     TAG_CHANGE Entity=[entityName=Molten Rock id=462 zone=PLAY zonePos=1 cardId=BGS_127 player=14] tag=1254 value=0 
D 15:45:15.8669548 GameState.DebugPrintPower() -     TAG_CHANGE Entity=[entityName=Molten Rock id=462 zone=PLAY zonePos=1 cardId=BGS_127 player=14] tag=ZONE_POSITION value=0 
D 15:45:15.8669548 GameState.DebugPrintPower() -     TAG_CHANGE Entity=[entityName=Molten Rock id=462 zone=PLAY zonePos=1 cardId=BGS_127 player=14] tag=ZONE value=REMOVEDFROMGAME 
D 15:45:15.8669548 GameState.DebugPrintPower() -     TAG_CHANGE Entity=[entityName=Molten Rock id=462 zone=PLAY zonePos=1 cardId=BGS_127 player=14] tag=HAS_ACTIVATE_POWER value=0 
D 15:45:15.8669548 GameState.DebugPrintPower() -     TAG_CHANGE Entity=[entityName=Molten Rock id=462 zone=PLAY zonePos=1 cardId=BGS_127 player=14] tag=COST value=0 
D 15:45:15.8669548 GameState.DebugPrintPower() -     TAG_CHANGE Entity=[entityName=Molten Rock id=462 zone=PLAY zonePos=1 cardId=BGS_127 player=14] tag=ATK value=0 
D 15:45:15.8669548 GameState.DebugPrintPower() -     TAG_CHANGE Entity=[entityName=Molten Rock id=462 zone=PLAY zonePos=1 cardId=BGS_127 player=14] tag=HEALTH value=0 
D 15:45:15.8669548 GameState.DebugPrintPower() -     TAG_CHANGE Entity=[entityName=Molten Rock id=462 zone=PLAY zonePos=1 cardId=BGS_127 player=14] tag=DAMAGE value=0 
D 15:45:15.8669548 GameState.DebugPrintPower() -     TAG_CHANGE Entity=[entityName=Molten Rock id=462 zone=PLAY zonePos=1 cardId=BGS_127 player=14] tag=TRIGGER_VISUAL value=0 
D 15:45:15.8669548 GameState.DebugPrintPower() -     TAG_CHANGE Entity=[entityName=Molten Rock id=462 zone=PLAY zonePos=1 cardId=BGS_127 player=14] tag=NUM_ATTACKS_THIS_TURN value=0 
D 15:45:15.8669548 GameState.DebugPrintPower() -     TAG_CHANGE Entity=[entityName=Molten Rock id=462 zone=PLAY zonePos=1 cardId=BGS_127 player=14] tag=BACON_TRIPLE_UPGRADE_MINION_ID value=0 
D 15:45:15.8669548 GameState.DebugPrintPower() -     TAG_CHANGE Entity=[entityName=Molten Rock id=462 zone=PLAY zonePos=1 cardId=BGS_127 player=14] tag=TECH_LEVEL value=0 
D 15:45:15.8669548 GameState.DebugPrintPower() -     TAG_CHANGE Entity=[entityName=Molten Rock id=462 zone=PLAY zonePos=1 cardId=BGS_127 player=14] tag=IS_BACON_POOL_MINION value=0 
D 15:45:15.8669548 GameState.DebugPrintPower() -     TAG_CHANGE Entity=[entityName=Molten Rock id=462 zone=PLAY zonePos=1 cardId=BGS_127 player=14] tag=SPAWN_TIME_COUNT value=0 
D 15:45:15.8669548 GameState.DebugPrintPower() -     TAG_CHANGE Entity=[entityName=Molten Rock id=462 zone=PLAY zonePos=1 cardId=BGS_127 player=14] tag=COPIED_FROM_ENTITY_ID value=0 
D 15:45:15.8669548 GameState.DebugPrintPower() -     TAG_CHANGE Entity=[entityName=Molten Rock id=462 zone=PLAY zonePos=1 cardId=BGS_127 player=14] tag=1688 value=0 
D 15:45:15.8669548 GameState.DebugPrintPower() -     TAG_CHANGE Entity=[entityName=Molten Rock id=462 zone=PLAY zonePos=1 cardId=BGS_127 player=14] tag=COST value=1 
D 15:45:15.8669548 GameState.DebugPrintPower() -     TAG_CHANGE Entity=[entityName=Molten Rock id=462 zone=PLAY zonePos=1 cardId=BGS_127 player=14] tag=ATK value=3 
D 15:45:15.8669548 GameState.DebugPrintPower() -     TAG_CHANGE Entity=[entityName=Molten Rock id=462 zone=PLAY zonePos=1 cardId=BGS_127 player=14] tag=HEALTH value=3 
D 15:45:15.8669548 GameState.DebugPrintPower() -     TAG_CHANGE Entity=[entityName=Molten Rock id=462 zone=PLAY zonePos=1 cardId=BGS_127 player=14] tag=TRIGGER_VISUAL value=1 
D 15:45:15.8669548 GameState.DebugPrintPower() -     TAG_CHANGE Entity=[entityName=Molten Rock id=462 zone=PLAY zonePos=1 cardId=BGS_127 player=14] tag=BACON_TRIPLE_UPGRADE_MINION_ID value=64300 
D 15:45:15.8669548 GameState.DebugPrintPower() -     TAG_CHANGE Entity=[entityName=Molten Rock id=462 zone=PLAY zonePos=1 cardId=BGS_127 player=14] tag=TECH_LEVEL value=1 
D 15:45:15.8669548 GameState.DebugPrintPower() -     TAG_CHANGE Entity=[entityName=Molten Rock id=462 zone=PLAY zonePos=1 cardId=BGS_127 player=14] tag=IS_BACON_POOL_MINION value=1 
D 15:45:15.8669548 GameState.DebugPrintPower() -     TAG_CHANGE Entity=[entityName=Molten Rock id=462 zone=PLAY zonePos=1 cardId=BGS_127 player=14] tag=1688 value=1 
D 15:45:15.8669548 GameState.DebugPrintPower() -     TAG_CHANGE Entity=[entityName=Molten Rock id=462 zone=PLAY zonePos=1 cardId=BGS_127 player=14] tag=HAS_ACTIVATE_POWER value=1 
D 15:45:15.8669548 GameState.DebugPrintPower() -     TAG_CHANGE Entity=[entityName=UNKNOWN ENTITY [cardType=INVALID] id=460 zone=PLAY zonePos=0 cardId= player=14] tag=1068 value=5 
D 15:45:15.8669548 GameState.DebugPrintPower() -     TAG_CHANGE Entity=[entityName=UNKNOWN ENTITY [cardType=INVALID] id=460 zone=PLAY zonePos=0 cardId= player=14] tag=1068 value=0 
D 15:45:15.8669548 GameState.DebugPrintPower() -     TAG_CHANGE Entity=[entityName=UNKNOWN ENTITY [cardType=INVALID] id=460 zone=PLAY zonePos=0 cardId= player=14] tag=SUPPRESS_ALL_SUMMON_VO value=0 
D 15:45:15.8669548 GameState.DebugPrintPower() -     TAG_CHANGE Entity=[entityName=UNKNOWN ENTITY [cardType=INVALID] id=460 zone=PLAY zonePos=0 cardId= player=14] tag=ZONE value=REMOVEDFROMGAME 
D 15:45:15.8669548 GameState.DebugPrintPower() -     TAG_CHANGE Entity=[entityName=UNKNOWN ENTITY [cardType=INVALID] id=460 zone=PLAY zonePos=0 cardId= player=14] tag=1234 value=18 
D 15:45:15.8669548 GameState.DebugPrintPower() -     HIDE_ENTITY - Entity=[entityName=UNKNOWN ENTITY [cardType=INVALID] id=460 zone=PLAY zonePos=0 cardId= player=14] tag=ZONE value=REMOVEDFROMGAME
D 15:45:15.8669548 GameState.DebugPrintPower() -     TAG_CHANGE Entity=[entityName=UNKNOWN ENTITY [cardType=INVALID] id=461 zone=PLAY zonePos=0 cardId= player=14] tag=1068 value=5 
D 15:45:15.8669548 GameState.DebugPrintPower() -     TAG_CHANGE Entity=[entityName=UNKNOWN ENTITY [cardType=INVALID] id=461 zone=PLAY zonePos=0 cardId= player=14] tag=1068 value=0 
D 15:45:15.8669548 GameState.DebugPrintPower() -     TAG_CHANGE Entity=[entityName=UNKNOWN ENTITY [cardType=INVALID] id=461 zone=PLAY zonePos=0 cardId= player=14] tag=SUPPRESS_ALL_SUMMON_VO value=0 
D 15:45:15.8669548 GameState.DebugPrintPower() -     TAG_CHANGE Entity=[entityName=UNKNOWN ENTITY [cardType=INVALID] id=461 zone=PLAY zonePos=0 cardId= player=14] tag=ZONE value=REMOVEDFROMGAME 
D 15:45:15.8669548 GameState.DebugPrintPower() -     TAG_CHANGE Entity=[entityName=UNKNOWN ENTITY [cardType=INVALID] id=461 zone=PLAY zonePos=0 cardId= player=14] tag=1234 value=18 
D 15:45:15.8669548 GameState.DebugPrintPower() -     HIDE_ENTITY - Entity=[entityName=UNKNOWN ENTITY [cardType=INVALID] id=461 zone=PLAY zonePos=0 cardId= player=14] tag=ZONE value=REMOVEDFROMGAME
D 15:45:15.8669548 GameState.DebugPrintPower() -     TAG_CHANGE Entity=[entityName=Buddy Meter id=431 zone=SETASIDE zonePos=0 cardId=BG22_BuddyMeter player=6] tag=1068 value=5 
D 15:45:15.8669548 GameState.DebugPrintPower() -     TAG_CHANGE Entity=[entityName=Buddy Meter id=431 zone=SETASIDE zonePos=0 cardId=BG22_BuddyMeter player=6] tag=1068 value=0 
D 15:45:15.8669548 GameState.DebugPrintPower() -     TAG_CHANGE Entity=[entityName=Buddy Meter id=431 zone=SETASIDE zonePos=0 cardId=BG22_BuddyMeter player=6] tag=SUPPRESS_ALL_SUMMON_VO value=0 
D 15:45:15.8669548 GameState.DebugPrintPower() -     TAG_CHANGE Entity=[entityName=Buddy Meter id=431 zone=SETASIDE zonePos=0 cardId=BG22_BuddyMeter player=6] tag=ZONE value=REMOVEDFROMGAME 
D 15:45:15.8669548 GameState.DebugPrintPower() -     TAG_CHANGE Entity=[entityName=Buddy Meter id=431 zone=SETASIDE zonePos=0 cardId=BG22_BuddyMeter player=6] tag=HAS_ACTIVATE_POWER value=0 
D 15:45:15.8669548 GameState.DebugPrintPower() -     TAG_CHANGE Entity=[entityName=Buddy Meter id=431 zone=SETASIDE zonePos=0 cardId=BG22_BuddyMeter player=6] tag=COST value=0 
D 15:45:15.8669548 GameState.DebugPrintPower() -     TAG_CHANGE Entity=[entityName=Buddy Meter id=431 zone=SETASIDE zonePos=0 cardId=BG22_BuddyMeter player=6] tag=LINKED_ENTITY value=0 
D 15:45:15.8669548 GameState.DebugPrintPower() -     TAG_CHANGE Entity=[entityName=Buddy Meter id=431 zone=SETASIDE zonePos=0 cardId=BG22_BuddyMeter player=6] tag=SPAWN_TIME_COUNT value=0 
D 15:45:15.8669548 GameState.DebugPrintPower() -     TAG_CHANGE Entity=[entityName=Buddy Meter id=431 zone=SETASIDE zonePos=0 cardId=BG22_BuddyMeter player=6] tag=1724 value=0 
D 15:45:15.8669548 GameState.DebugPrintPower() -     TAG_CHANGE Entity=[entityName=Buddy Meter id=431 zone=SETASIDE zonePos=0 cardId=BG22_BuddyMeter player=6] tag=BACON_COMPANION_ID value=0 
D 15:45:15.8669548 GameState.DebugPrintPower() -     TAG_CHANGE Entity=[entityName=Buddy Meter id=431 zone=SETASIDE zonePos=0 cardId=BG22_BuddyMeter player=6] tag=BACON_BUY_BUDDY value=0 
D 15:45:15.8669548 GameState.DebugPrintPower() -     TAG_CHANGE Entity=[entityName=Buddy Meter id=431 zone=SETASIDE zonePos=0 cardId=BG22_BuddyMeter player=6] tag=COST value=17 
D 15:45:15.8669548 GameState.DebugPrintPower() -     TAG_CHANGE Entity=[entityName=Buddy Meter id=431 zone=SETASIDE zonePos=0 cardId=BG22_BuddyMeter player=6] tag=HIDE_COST value=1 
D 15:45:15.8669548 GameState.DebugPrintPower() -     TAG_CHANGE Entity=[entityName=Buddy Meter id=431 zone=SETASIDE zonePos=0 cardId=BG22_BuddyMeter player=6] tag=1724 value=1 
D 15:45:15.8669548 GameState.DebugPrintPower() -     TAG_CHANGE Entity=[entityName=Buddy Meter id=431 zone=SETASIDE zonePos=0 cardId=BG22_BuddyMeter player=6] tag=BACON_BUY_BUDDY value=1 
D 15:45:15.8669548 GameState.DebugPrintPower() -     TAG_CHANGE Entity=[entityName=Buddy Meter id=431 zone=SETASIDE zonePos=0 cardId=BG22_BuddyMeter player=6] tag=HAS_ACTIVATE_POWER value=1 
D 15:45:15.8669548 GameState.DebugPrintPower() -     TAG_CHANGE Entity=[entityName=Annoy-o-Tron id=435 zone=SETASIDE zonePos=0 cardId=BG_GVG_085 player=6] tag=1254 value=63 
D 15:45:15.8669548 GameState.DebugPrintPower() -     TAG_CHANGE Entity=[entityName=Annoy-o-Tron id=435 zone=SETASIDE zonePos=0 cardId=BG_GVG_085 player=6] tag=1068 value=1 
D 15:45:15.8669548 GameState.DebugPrintPower() -     TAG_CHANGE Entity=[entityName=Annoy-o-Tron id=435 zone=SETASIDE zonePos=0 cardId=BG_GVG_085 player=6] tag=1068 value=0 
D 15:45:15.8669548 GameState.DebugPrintPower() -     TAG_CHANGE Entity=[entityName=Annoy-o-Tron id=435 zone=SETASIDE zonePos=0 cardId=BG_GVG_085 player=6] tag=ZONE value=PLAY 
D 15:45:15.8669548 GameState.DebugPrintPower() -     TAG_CHANGE Entity=[entityName=Annoy-o-Tron id=435 zone=SETASIDE zonePos=0 cardId=BG_GVG_085 player=6] tag=ZONE_POSITION value=1 
D 15:45:15.8669548 GameState.DebugPrintPower() -     TAG_CHANGE Entity=[entityName=Annoy-o-Tron id=435 zone=SETASIDE zonePos=0 cardId=BG_GVG_085 player=6] tag=1196 value=1 
D 15:45:15.8669548 GameState.DebugPrintPower() -     TAG_CHANGE Entity=[entityName=Annoy-o-Tron id=435 zone=SETASIDE zonePos=0 cardId=BG_GVG_085 player=6] tag=EXHAUSTED value=1 
D 15:45:15.8669548 GameState.DebugPrintPower() -     TAG_CHANGE Entity=[entityName=Silas Darkmoon id=459 zone=PLAY zonePos=0 cardId=TB_BaconShop_HERO_90 player=14] tag=TRANSIENT_ENTITY value=1 
D 15:45:15.8669548 GameState.DebugPrintPower() -     TAG_CHANGE Entity=[entityName=Come One, Come All! id=430 zone=SETASIDE zonePos=0 cardId=TB_BaconShop_HP_101 player=6] tag=TRANSIENT_ENTITY value=1 
D 15:45:15.8669548 GameState.DebugPrintPower() -     TAG_CHANGE Entity=[entityName=Annoy-o-Tron id=474 zone=SETASIDE zonePos=0 cardId=BG_GVG_085 player=6] tag=1068 value=5 
D 15:45:15.8669548 GameState.DebugPrintPower() -     TAG_CHANGE Entity=[entityName=Annoy-o-Tron id=474 zone=SETASIDE zonePos=0 cardId=BG_GVG_085 player=6] tag=1068 value=0 
D 15:45:15.8669548 GameState.DebugPrintPower() -     TAG_CHANGE Entity=[entityName=Annoy-o-Tron id=474 zone=SETASIDE zonePos=0 cardId=BG_GVG_085 player=6] tag=ZONE value=REMOVEDFROMGAME 
D 15:45:15.8669548 GameState.DebugPrintPower() -     TAG_CHANGE Entity=[entityName=Annoy-o-Tron id=474 zone=SETASIDE zonePos=0 cardId=BG_GVG_085 player=6] tag=HAS_ACTIVATE_POWER value=0 
D 15:45:15.8669548 GameState.DebugPrintPower() -     TAG_CHANGE Entity=[entityName=Annoy-o-Tron id=474 zone=SETASIDE zonePos=0 cardId=BG_GVG_085 player=6] tag=ATK value=0 
D 15:45:15.8669548 GameState.DebugPrintPower() -     TAG_CHANGE Entity=[entityName=Annoy-o-Tron id=474 zone=SETASIDE zonePos=0 cardId=BG_GVG_085 player=6] tag=HEALTH value=0 
D 15:45:15.8669548 GameState.DebugPrintPower() -     TAG_CHANGE Entity=[entityName=Annoy-o-Tron id=474 zone=SETASIDE zonePos=0 cardId=BG_GVG_085 player=6] tag=EXHAUSTED value=0 
D 15:45:15.8669548 GameState.DebugPrintPower() -     TAG_CHANGE Entity=[entityName=Annoy-o-Tron id=474 zone=SETASIDE zonePos=0 cardId=BG_GVG_085 player=6] tag=TAUNT value=0 
D 15:45:15.8669548 GameState.DebugPrintPower() -     TAG_CHANGE Entity=[entityName=Annoy-o-Tron id=474 zone=SETASIDE zonePos=0 cardId=BG_GVG_085 player=6] tag=DIVINE_SHIELD value=0 
D 15:45:15.8669548 GameState.DebugPrintPower() -     TAG_CHANGE Entity=[entityName=Annoy-o-Tron id=474 zone=SETASIDE zonePos=0 cardId=BG_GVG_085 player=6] tag=BACON_TRIPLE_UPGRADE_MINION_ID value=0 
D 15:45:15.8669548 GameState.DebugPrintPower() -     TAG_CHANGE Entity=[entityName=Annoy-o-Tron id=474 zone=SETASIDE zonePos=0 cardId=BG_GVG_085 player=6] tag=TECH_LEVEL value=0 
D 15:45:15.8669548 GameState.DebugPrintPower() -     TAG_CHANGE Entity=[entityName=Annoy-o-Tron id=474 zone=SETASIDE zonePos=0 cardId=BG_GVG_085 player=6] tag=IS_BACON_POOL_MINION value=0 
D 15:45:15.8669548 GameState.DebugPrintPower() -     TAG_CHANGE Entity=[entityName=Annoy-o-Tron id=474 zone=SETASIDE zonePos=0 cardId=BG_GVG_085 player=6] tag=SUPPRESS_ALL_SUMMON_VO value=0 
D 15:45:15.8669548 GameState.DebugPrintPower() -     TAG_CHANGE Entity=[entityName=Annoy-o-Tron id=474 zone=SETASIDE zonePos=0 cardId=BG_GVG_085 player=6] tag=TRANSIENT_ENTITY value=0 
D 15:45:15.8669548 GameState.DebugPrintPower() -     TAG_CHANGE Entity=[entityName=Annoy-o-Tron id=474 zone=SETASIDE zonePos=0 cardId=BG_GVG_085 player=6] tag=SPAWN_TIME_COUNT value=0 
D 15:45:15.8669548 GameState.DebugPrintPower() -     TAG_CHANGE Entity=[entityName=Annoy-o-Tron id=474 zone=SETASIDE zonePos=0 cardId=BG_GVG_085 player=6] tag=COPIED_FROM_ENTITY_ID value=0 
D 15:45:15.8669548 GameState.DebugPrintPower() -     TAG_CHANGE Entity=[entityName=Annoy-o-Tron id=474 zone=SETASIDE zonePos=0 cardId=BG_GVG_085 player=6] tag=1595 value=0 
D 15:45:15.8669548 GameState.DebugPrintPower() -     TAG_CHANGE Entity=[entityName=Annoy-o-Tron id=474 zone=SETASIDE zonePos=0 cardId=BG_GVG_085 player=6] tag=2873 value=0 
D 15:45:15.8669548 GameState.DebugPrintPower() -     TAG_CHANGE Entity=[entityName=Annoy-o-Tron id=474 zone=SETASIDE zonePos=0 cardId=BG_GVG_085 player=6] tag=ATK value=1 
D 15:45:15.8669548 GameState.DebugPrintPower() -     TAG_CHANGE Entity=[entityName=Annoy-o-Tron id=474 zone=SETASIDE zonePos=0 cardId=BG_GVG_085 player=6] tag=HEALTH value=2 
D 15:45:15.8669548 GameState.DebugPrintPower() -     TAG_CHANGE Entity=[entityName=Annoy-o-Tron id=474 zone=SETASIDE zonePos=0 cardId=BG_GVG_085 player=6] tag=TAUNT value=1 
D 15:45:15.8669548 GameState.DebugPrintPower() -     TAG_CHANGE Entity=[entityName=Annoy-o-Tron id=474 zone=SETASIDE zonePos=0 cardId=BG_GVG_085 player=6] tag=DIVINE_SHIELD value=1 
D 15:45:15.8669548 GameState.DebugPrintPower() -     TAG_CHANGE Entity=[entityName=Annoy-o-Tron id=474 zone=SETASIDE zonePos=0 cardId=BG_GVG_085 player=6] tag=BACON_TRIPLE_UPGRADE_MINION_ID value=103653 
D 15:45:15.8669548 GameState.DebugPrintPower() -     TAG_CHANGE Entity=[entityName=Annoy-o-Tron id=474 zone=SETASIDE zonePos=0 cardId=BG_GVG_085 player=6] tag=TECH_LEVEL value=1 
D 15:45:15.8669548 GameState.DebugPrintPower() -     TAG_CHANGE Entity=[entityName=Annoy-o-Tron id=474 zone=SETASIDE zonePos=0 cardId=BG_GVG_085 player=6] tag=IS_BACON_POOL_MINION value=1 
D 15:45:15.8669548 GameState.DebugPrintPower() -     TAG_CHANGE Entity=[entityName=Annoy-o-Tron id=474 zone=SETASIDE zonePos=0 cardId=BG_GVG_085 player=6] tag=1595 value=1 
D 15:45:15.8669548 GameState.DebugPrintPower() -     TAG_CHANGE Entity=[entityName=Annoy-o-Tron id=474 zone=SETASIDE zonePos=0 cardId=BG_GVG_085 player=6] tag=HAS_ACTIVATE_POWER value=1 
D 15:45:15.8669548 GameState.DebugPrintPower() -     TAG_CHANGE Entity=[entityName=Update Damage Cap [DNT] id=231 zone=GRAVEYARD zonePos=0 cardId=TB_BaconShop_UpdateDmgCap player=6] tag=1068 value=5 
D 15:45:15.8669548 GameState.DebugPrintPower() -     TAG_CHANGE Entity=[entityName=Update Damage Cap [DNT] id=231 zone=GRAVEYARD zonePos=0 cardId=TB_BaconShop_UpdateDmgCap player=6] tag=1068 value=0 
D 15:45:15.8669548 GameState.DebugPrintPower() -     TAG_CHANGE Entity=[entityName=Update Damage Cap [DNT] id=231 zone=GRAVEYARD zonePos=0 cardId=TB_BaconShop_UpdateDmgCap player=6] tag=ZONE value=REMOVEDFROMGAME 
D 15:45:15.8669548 GameState.DebugPrintPower() -     TAG_CHANGE Entity=[entityName=Update Damage Cap [DNT] id=231 zone=GRAVEYARD zonePos=0 cardId=TB_BaconShop_UpdateDmgCap player=6] tag=SPAWN_TIME_COUNT value=0 
D 15:45:15.8669548 GameState.DebugPrintPower() -     TAG_CHANGE Entity=[entityName=Update Damage Cap [DNT] id=231 zone=GRAVEYARD zonePos=0 cardId=TB_BaconShop_UpdateDmgCap player=6] tag=1715 value=0 
D 15:45:15.8669548 GameState.DebugPrintPower() -     TAG_CHANGE Entity=[entityName=Check Triples id=368 zone=GRAVEYARD zonePos=0 cardId=TB_BaconShop_CheckTriples player=6] tag=1068 value=5 
D 15:45:15.8669548 GameState.DebugPrintPower() -     TAG_CHANGE Entity=[entityName=Check Triples id=368 zone=GRAVEYARD zonePos=0 cardId=TB_BaconShop_CheckTriples player=6] tag=1068 value=0 
D 15:45:15.8669548 GameState.DebugPrintPower() -     TAG_CHANGE Entity=[entityName=Check Triples id=368 zone=GRAVEYARD zonePos=0 cardId=TB_BaconShop_CheckTriples player=6] tag=ZONE value=REMOVEDFROMGAME 
D 15:45:15.8669548 GameState.DebugPrintPower() -     TAG_CHANGE Entity=[entityName=Check Triples id=368 zone=GRAVEYARD zonePos=0 cardId=TB_BaconShop_CheckTriples player=6] tag=1200 value=0 
D 15:45:15.8669548 GameState.DebugPrintPower() -     TAG_CHANGE Entity=[entityName=Check Triples id=368 zone=GRAVEYARD zonePos=0 cardId=TB_BaconShop_CheckTriples player=6] tag=SPAWN_TIME_COUNT value=0 
D 15:45:15.8669548 GameState.DebugPrintPower() -     TAG_CHANGE Entity=[entityName=Check Triples id=368 zone=GRAVEYARD zonePos=0 cardId=TB_BaconShop_CheckTriples player=6] tag=1715 value=0 
D 15:45:15.8669548 GameState.DebugPrintPower() -     TAG_CHANGE Entity=[entityName=Check Triples id=368 zone=GRAVEYARD zonePos=0 cardId=TB_BaconShop_CheckTriples player=6] tag=1200 value=1 
D 15:45:15.8669548 GameState.DebugPrintPower() -     TAG_CHANGE Entity=[entityName=3ofKindCheckPlayerEnchant id=64 zone=GRAVEYARD zonePos=0 cardId= player=6] tag=ZONE value=REMOVEDFROMGAME 
D 15:45:15.8669548 GameState.DebugPrintPower() -     TAG_CHANGE Entity=[entityName=Annoy-o-Tron id=363 zone=PLAY zonePos=1 cardId=BG_GVG_085 player=6] tag=1068 value=5 
D 15:45:15.8669548 GameState.DebugPrintPower() -     TAG_CHANGE Entity=[entityName=Annoy-o-Tron id=363 zone=PLAY zonePos=1 cardId=BG_GVG_085 player=6] tag=1068 value=0 
D 15:45:15.8669548 GameState.DebugPrintPower() -     TAG_CHANGE Entity=[entityName=Annoy-o-Tron id=363 zone=PLAY zonePos=1 cardId=BG_GVG_085 player=6] tag=1037 value=6 
D 15:45:15.8669548 GameState.DebugPrintPower() -     TAG_CHANGE Entity=[entityName=Annoy-o-Tron id=363 zone=PLAY zonePos=1 cardId=BG_GVG_085 player=6] tag=ZONE value=REMOVEDFROMGAME 
D 15:45:15.8669548 GameState.DebugPrintPower() -     TAG_CHANGE Entity=[entityName=Silas Darkmoon id=429 zone=SETASIDE zonePos=0 cardId=TB_BaconShop_HERO_90 player=6] tag=1068 value=5 
D 15:45:15.8669548 GameState.DebugPrintPower() -     TAG_CHANGE Entity=[entityName=Silas Darkmoon id=429 zone=SETASIDE zonePos=0 cardId=TB_BaconShop_HERO_90 player=6] tag=1068 value=0 
D 15:45:15.8669548 GameState.DebugPrintPower() -     TAG_CHANGE Entity=[entityName=Silas Darkmoon id=429 zone=SETASIDE zonePos=0 cardId=TB_BaconShop_HERO_90 player=6] tag=ZONE value=REMOVEDFROMGAME 
D 15:45:15.8669548 GameState.DebugPrintPower() -     TAG_CHANGE Entity=[entityName=Silas Darkmoon id=429 zone=SETASIDE zonePos=0 cardId=TB_BaconShop_HERO_90 player=6] tag=HAS_ACTIVATE_POWER value=0 
D 15:45:15.8669548 GameState.DebugPrintPower() -     TAG_CHANGE Entity=[entityName=Silas Darkmoon id=429 zone=SETASIDE zonePos=0 cardId=TB_BaconShop_HERO_90 player=6] tag=PLAYER_ID value=0 
D 15:45:15.8669548 GameState.DebugPrintPower() -     TAG_CHANGE Entity=[entityName=Silas Darkmoon id=429 zone=SETASIDE zonePos=0 cardId=TB_BaconShop_HERO_90 player=6] tag=HEALTH value=0 
D 15:45:15.8669548 GameState.DebugPrintPower() -     TAG_CHANGE Entity=[entityName=Silas Darkmoon id=429 zone=SETASIDE zonePos=0 cardId=TB_BaconShop_HERO_90 player=6] tag=FACTION value=INVALID 
D 15:45:15.8669548 GameState.DebugPrintPower() -     TAG_CHANGE Entity=[entityName=Silas Darkmoon id=429 zone=SETASIDE zonePos=0 cardId=TB_BaconShop_HERO_90 player=6] tag=ARMOR value=0 
D 15:45:15.8669548 GameState.DebugPrintPower() -     TAG_CHANGE Entity=[entityName=Silas Darkmoon id=429 zone=SETASIDE zonePos=0 cardId=TB_BaconShop_HERO_90 player=6] tag=HERO_POWER value=0 
D 15:45:15.8669548 GameState.DebugPrintPower() -     TAG_CHANGE Entity=[entityName=Silas Darkmoon id=429 zone=SETASIDE zonePos=0 cardId=TB_BaconShop_HERO_90 player=6] tag=PLAYER_TECH_LEVEL value=0 
D 15:45:15.8669548 GameState.DebugPrintPower() -     TAG_CHANGE Entity=[entityName=Silas Darkmoon id=429 zone=SETASIDE zonePos=0 cardId=TB_BaconShop_HERO_90 player=6] tag=SUPPRESS_ALL_SUMMON_VO value=0 
D 15:45:15.8669548 GameState.DebugPrintPower() -     TAG_CHANGE Entity=[entityName=Silas Darkmoon id=429 zone=SETASIDE zonePos=0 cardId=TB_BaconShop_HERO_90 player=6] tag=BACON_HERO_CAN_BE_DRAFTED value=0 
D 15:45:15.8669548 GameState.DebugPrintPower() -     TAG_CHANGE Entity=[entityName=Silas Darkmoon id=429 zone=SETASIDE zonePos=0 cardId=TB_BaconShop_HERO_90 player=6] tag=BACON_MAX_PLAYER_TECH_LEVEL value=0 
D 15:45:15.8669548 GameState.DebugPrintPower() -     TAG_CHANGE Entity=[entityName=Silas Darkmoon id=429 zone=SETASIDE zonePos=0 cardId=TB_BaconShop_HERO_90 player=6] tag=SPAWN_TIME_COUNT value=0 
D 15:45:15.8669548 GameState.DebugPrintPower() -     TAG_CHANGE Entity=[entityName=Silas Darkmoon id=429 zone=SETASIDE zonePos=0 cardId=TB_BaconShop_HERO_90 player=6] tag=BACON_COMPANION_ID value=0 
D 15:45:15.8669548 GameState.DebugPrintPower() -     TAG_CHANGE Entity=[entityName=Silas Darkmoon id=429 zone=SETASIDE zonePos=0 cardId=TB_BaconShop_HERO_90 player=6] tag=2210 value=0 
D 15:45:15.8669548 GameState.DebugPrintPower() -     TAG_CHANGE Entity=[entityName=Silas Darkmoon id=429 zone=SETASIDE zonePos=0 cardId=TB_BaconShop_HERO_90 player=6] tag=BATTLEGROUNDS_FAVORITE_FINISHER value=0 
D 15:45:15.8669548 GameState.DebugPrintPower() -     TAG_CHANGE Entity=[entityName=Silas Darkmoon id=429 zone=SETASIDE zonePos=0 cardId=TB_BaconShop_HERO_90 player=6] tag=BACON_COMBAT_PHASE_HERO value=0 
D 15:45:15.8669548 GameState.DebugPrintPower() -     TAG_CHANGE Entity=[entityName=Silas Darkmoon id=429 zone=SETASIDE zonePos=0 cardId=TB_BaconShop_HERO_90 player=6] tag=3190 value=0 
D 15:45:15.8669548 GameState.DebugPrintPower() -     TAG_CHANGE Entity=[entityName=Silas Darkmoon id=429 zone=SETASIDE zonePos=0 cardId=TB_BaconShop_HERO_90 player=6] tag=3206 value=0 
D 15:45:15.8669548 GameState.DebugPrintPower() -     TAG_CHANGE Entity=[entityName=Silas Darkmoon id=429 zone=SETASIDE zonePos=0 cardId=TB_BaconShop_HERO_90 player=6] tag=HEALTH value=30 
D 15:45:15.8669548 GameState.DebugPrintPower() -     TAG_CHANGE Entity=[entityName=Silas Darkmoon id=429 zone=SETASIDE zonePos=0 cardId=TB_BaconShop_HERO_90 player=6] tag=FACTION value=NEUTRAL 
D 15:45:15.8669548 GameState.DebugPrintPower() -     TAG_CHANGE Entity=[entityName=Silas Darkmoon id=429 zone=SETASIDE zonePos=0 cardId=TB_BaconShop_HERO_90 player=6] tag=ARMOR value=10 
D 15:45:15.8669548 GameState.DebugPrintPower() -     TAG_CHANGE Entity=[entityName=Silas Darkmoon id=429 zone=SETASIDE zonePos=0 cardId=TB_BaconShop_HERO_90 player=6] tag=HERO_POWER value=64481 
D 15:45:15.8669548 GameState.DebugPrintPower() -     TAG_CHANGE Entity=[entityName=Silas Darkmoon id=429 zone=SETASIDE zonePos=0 cardId=TB_BaconShop_HERO_90 player=6] tag=BACON_HERO_CAN_BE_DRAFTED value=1 
D 15:45:15.8669548 GameState.DebugPrintPower() -     TAG_CHANGE Entity=[entityName=Silas Darkmoon id=429 zone=SETASIDE zonePos=0 cardId=TB_BaconShop_HERO_90 player=6] tag=BACON_COMPANION_ID value=77829 
D 15:45:15.8669548 GameState.DebugPrintPower() -     TAG_CHANGE Entity=[entityName=Silas Darkmoon id=429 zone=SETASIDE zonePos=0 cardId=TB_BaconShop_HERO_90 player=6] tag=3190 value=100 
D 15:45:15.8669548 GameState.DebugPrintPower() -     TAG_CHANGE Entity=[entityName=Silas Darkmoon id=429 zone=SETASIDE zonePos=0 cardId=TB_BaconShop_HERO_90 player=6] tag=3206 value=8 
D 15:45:15.8669548 GameState.DebugPrintPower() -     TAG_CHANGE Entity=[entityName=Silas Darkmoon id=429 zone=SETASIDE zonePos=0 cardId=TB_BaconShop_HERO_90 player=6] tag=HAS_ACTIVATE_POWER value=1 
D 15:45:15.8669548 GameState.DebugPrintPower() -     TAG_CHANGE Entity=[entityName=UNKNOWN ENTITY [cardType=INVALID] id=432 zone=SETASIDE zonePos=0 cardId= player=6] tag=ZONE value=REMOVEDFROMGAME 
D 15:45:15.8669548 GameState.DebugPrintPower() -     TAG_CHANGE Entity=[entityName=UNKNOWN ENTITY [cardType=INVALID] id=433 zone=SETASIDE zonePos=0 cardId= player=6] tag=ZONE value=REMOVEDFROMGAME 
D 15:45:15.8669548 GameState.DebugPrintPower() -     TAG_CHANGE Entity=[entityName=Molten Rock id=434 zone=SETASIDE zonePos=0 cardId=BGS_127 player=6] tag=1068 value=5 
D 15:45:15.8669548 GameState.DebugPrintPower() -     TAG_CHANGE Entity=[entityName=Molten Rock id=434 zone=SETASIDE zonePos=0 cardId=BGS_127 player=6] tag=1068 value=0 
D 15:45:15.8669548 GameState.DebugPrintPower() -     TAG_CHANGE Entity=[entityName=Molten Rock id=434 zone=SETASIDE zonePos=0 cardId=BGS_127 player=6] tag=ZONE value=REMOVEDFROMGAME 
D 15:45:15.8669548 GameState.DebugPrintPower() -     TAG_CHANGE Entity=[entityName=Molten Rock id=434 zone=SETASIDE zonePos=0 cardId=BGS_127 player=6] tag=HAS_ACTIVATE_POWER value=0 
D 15:45:15.8669548 GameState.DebugPrintPower() -     TAG_CHANGE Entity=[entityName=Molten Rock id=434 zone=SETASIDE zonePos=0 cardId=BGS_127 player=6] tag=COST value=0 
D 15:45:15.8669548 GameState.DebugPrintPower() -     TAG_CHANGE Entity=[entityName=Molten Rock id=434 zone=SETASIDE zonePos=0 cardId=BGS_127 player=6] tag=ATK value=0 
D 15:45:15.8669548 GameState.DebugPrintPower() -     TAG_CHANGE Entity=[entityName=Molten Rock id=434 zone=SETASIDE zonePos=0 cardId=BGS_127 player=6] tag=HEALTH value=0 
D 15:45:15.8669548 GameState.DebugPrintPower() -     TAG_CHANGE Entity=[entityName=Molten Rock id=434 zone=SETASIDE zonePos=0 cardId=BGS_127 player=6] tag=TRIGGER_VISUAL value=0 
D 15:45:15.8669548 GameState.DebugPrintPower() -     TAG_CHANGE Entity=[entityName=Molten Rock id=434 zone=SETASIDE zonePos=0 cardId=BGS_127 player=6] tag=BACON_TRIPLE_UPGRADE_MINION_ID value=0 
D 15:45:15.8669548 GameState.DebugPrintPower() -     TAG_CHANGE Entity=[entityName=Molten Rock id=434 zone=SETASIDE zonePos=0 cardId=BGS_127 player=6] tag=TECH_LEVEL value=0 
D 15:45:15.8669548 GameState.DebugPrintPower() -     TAG_CHANGE Entity=[entityName=Molten Rock id=434 zone=SETASIDE zonePos=0 cardId=BGS_127 player=6] tag=IS_BACON_POOL_MINION value=0 
D 15:45:15.8669548 GameState.DebugPrintPower() -     TAG_CHANGE Entity=[entityName=Molten Rock id=434 zone=SETASIDE zonePos=0 cardId=BGS_127 player=6] tag=SUPPRESS_ALL_SUMMON_VO value=0 
D 15:45:15.8669548 GameState.DebugPrintPower() -     TAG_CHANGE Entity=[entityName=Molten Rock id=434 zone=SETASIDE zonePos=0 cardId=BGS_127 player=6] tag=SPAWN_TIME_COUNT value=0 
D 15:45:15.8669548 GameState.DebugPrintPower() -     TAG_CHANGE Entity=[entityName=Molten Rock id=434 zone=SETASIDE zonePos=0 cardId=BGS_127 player=6] tag=COPIED_FROM_ENTITY_ID value=0 
D 15:45:15.8669548 GameState.DebugPrintPower() -     TAG_CHANGE Entity=[entityName=Molten Rock id=434 zone=SETASIDE zonePos=0 cardId=BGS_127 player=6] tag=1688 value=0 
D 15:45:15.8669548 GameState.DebugPrintPower() -     TAG_CHANGE Entity=[entityName=Molten Rock id=434 zone=SETASIDE zonePos=0 cardId=BGS_127 player=6] tag=COST value=1 
D 15:45:15.8669548 GameState.DebugPrintPower() -     TAG_CHANGE Entity=[entityName=Molten Rock id=434 zone=SETASIDE zonePos=0 cardId=BGS_127 player=6] tag=ATK value=3 
D 15:45:15.8669548 GameState.DebugPrintPower() -     TAG_CHANGE Entity=[entityName=Molten Rock id=434 zone=SETASIDE zonePos=0 cardId=BGS_127 player=6] tag=HEALTH value=3 
D 15:45:15.8669548 GameState.DebugPrintPower() -     TAG_CHANGE Entity=[entityName=Molten Rock id=434 zone=SETASIDE zonePos=0 cardId=BGS_127 player=6] tag=TRIGGER_VISUAL value=1 
D 15:45:15.8669548 GameState.DebugPrintPower() -     TAG_CHANGE Entity=[entityName=Molten Rock id=434 zone=SETASIDE zonePos=0 cardId=BGS_127 player=6] tag=BACON_TRIPLE_UPGRADE_MINION_ID value=64300 
D 15:45:15.8669548 GameState.DebugPrintPower() -     TAG_CHANGE Entity=[entityName=Molten Rock id=434 zone=SETASIDE zonePos=0 cardId=BGS_127 player=6] tag=TECH_LEVEL value=1 
D 15:45:15.8669548 GameState.DebugPrintPower() -     TAG_CHANGE Entity=[entityName=Molten Rock id=434 zone=SETASIDE zonePos=0 cardId=BGS_127 player=6] tag=IS_BACON_POOL_MINION value=1 
D 15:45:15.8669548 GameState.DebugPrintPower() -     TAG_CHANGE Entity=[entityName=Molten Rock id=434 zone=SETASIDE zonePos=0 cardId=BGS_127 player=6] tag=1688 value=1 
D 15:45:15.8669548 GameState.DebugPrintPower() -     TAG_CHANGE Entity=[entityName=Molten Rock id=434 zone=SETASIDE zonePos=0 cardId=BGS_127 player=6] tag=HAS_ACTIVATE_POWER value=1 
D 15:45:15.8669548 GameState.DebugPrintPower() -     TAG_CHANGE Entity=GameEntity tag=BOARD_VISUAL_STATE value=1 
D 15:45:15.8669548 GameState.DebugPrintPower() -     TAG_CHANGE Entity=GameEntity tag=MISSION_EVENT value=1 
D 15:45:15.8669548 GameState.DebugPrintPower() -     TAG_CHANGE Entity=GameEntity tag=1488 value=1 
D 15:45:15.8669548 GameState.DebugPrintPower() -     TAG_CHANGE Entity=[entityName=Bartender Bob id=62 zone=PLAY zonePos=0 cardId=TB_BaconShopBob player=14] tag=1068 value=1 
D 15:45:15.8669548 GameState.DebugPrintPower() -     TAG_CHANGE Entity=[entityName=Bartender Bob id=62 zone=PLAY zonePos=0 cardId=TB_BaconShopBob player=14] tag=1068 value=0 
D 15:45:15.8669548 GameState.DebugPrintPower() -     TAG_CHANGE Entity=[entityName=Bartender Bob id=62 zone=PLAY zonePos=0 cardId=TB_BaconShopBob player=14] tag=ZONE value=PLAY 
D 15:45:15.8669548 GameState.DebugPrintPower() -     TAG_CHANGE Entity=[entityName=Bartender Bob id=62 zone=PLAY zonePos=0 cardId=TB_BaconShopBob player=14] tag=NUM_TURNS_IN_PLAY value=0 
D 15:45:15.8669548 GameState.DebugPrintPower() -     TAG_CHANGE Entity=[entityName=Bartender Bob id=62 zone=PLAY zonePos=0 cardId=TB_BaconShopBob player=14] tag=NUM_ATTACKS_THIS_TURN value=1 
D 15:45:15.8669548 GameState.DebugPrintPower() -     TAG_CHANGE Entity=[entityName=Bartender Bob id=62 zone=PLAY zonePos=0 cardId=TB_BaconShopBob player=14] tag=LINKED_ENTITY value=459 
D 15:45:15.8669548 GameState.DebugPrintPower() -     TAG_CHANGE Entity=[entityName=Silas Darkmoon id=459 zone=PLAY zonePos=0 cardId=TB_BaconShop_HERO_90 player=14] tag=1068 value=6 
D 15:45:15.8669548 GameState.DebugPrintPower() -     TAG_CHANGE Entity=[entityName=Silas Darkmoon id=459 zone=PLAY zonePos=0 cardId=TB_BaconShop_HERO_90 player=14] tag=1068 value=0 
D 15:45:15.8669548 GameState.DebugPrintPower() -     TAG_CHANGE Entity=[entityName=Silas Darkmoon id=459 zone=PLAY zonePos=0 cardId=TB_BaconShop_HERO_90 player=14] tag=EXHAUSTED value=0 
D 15:45:15.8669548 GameState.DebugPrintPower() -     TAG_CHANGE Entity=[entityName=Silas Darkmoon id=459 zone=PLAY zonePos=0 cardId=TB_BaconShop_HERO_90 player=14] tag=SUPPRESS_ALL_SUMMON_VO value=0 
D 15:45:15.8669548 GameState.DebugPrintPower() -     TAG_CHANGE Entity=[entityName=Silas Darkmoon id=459 zone=PLAY zonePos=0 cardId=TB_BaconShop_HERO_90 player=14] tag=ZONE value=REMOVEDFROMGAME 
D 15:45:15.8669548 GameState.DebugPrintPower() -     TAG_CHANGE Entity=[entityName=Silas Darkmoon id=459 zone=PLAY zonePos=0 cardId=TB_BaconShop_HERO_90 player=14] tag=HAS_ACTIVATE_POWER value=0 
D 15:45:15.8669548 GameState.DebugPrintPower() -     TAG_CHANGE Entity=[entityName=Silas Darkmoon id=459 zone=PLAY zonePos=0 cardId=TB_BaconShop_HERO_90 player=14] tag=PLAYER_ID value=0 
D 15:45:15.8669548 GameState.DebugPrintPower() -     TAG_CHANGE Entity=[entityName=Silas Darkmoon id=459 zone=PLAY zonePos=0 cardId=TB_BaconShop_HERO_90 player=14] tag=HEALTH value=0 
D 15:45:15.8669548 GameState.DebugPrintPower() -     TAG_CHANGE Entity=[entityName=Silas Darkmoon id=459 zone=PLAY zonePos=0 cardId=TB_BaconShop_HERO_90 player=14] tag=FACTION value=INVALID 
D 15:45:15.8669548 GameState.DebugPrintPower() -     TAG_CHANGE Entity=[entityName=Silas Darkmoon id=459 zone=PLAY zonePos=0 cardId=TB_BaconShop_HERO_90 player=14] tag=LINKED_ENTITY value=0 
D 15:45:15.8669548 GameState.DebugPrintPower() -     TAG_CHANGE Entity=[entityName=Silas Darkmoon id=459 zone=PLAY zonePos=0 cardId=TB_BaconShop_HERO_90 player=14] tag=ARMOR value=0 
D 15:45:15.8669548 GameState.DebugPrintPower() -     TAG_CHANGE Entity=[entityName=Silas Darkmoon id=459 zone=PLAY zonePos=0 cardId=TB_BaconShop_HERO_90 player=14] tag=NUM_ATTACKS_THIS_TURN value=0 
D 15:45:15.8669548 GameState.DebugPrintPower() -     TAG_CHANGE Entity=[entityName=Silas Darkmoon id=459 zone=PLAY zonePos=0 cardId=TB_BaconShop_HERO_90 player=14] tag=HERO_POWER value=0 
D 15:45:15.8669548 GameState.DebugPrintPower() -     TAG_CHANGE Entity=[entityName=Silas Darkmoon id=459 zone=PLAY zonePos=0 cardId=TB_BaconShop_HERO_90 player=14] tag=PLAYER_TECH_LEVEL value=0 
D 15:45:15.8669548 GameState.DebugPrintPower() -     TAG_CHANGE Entity=[entityName=Silas Darkmoon id=459 zone=PLAY zonePos=0 cardId=TB_BaconShop_HERO_90 player=14] tag=BACON_HERO_CAN_BE_DRAFTED value=0 
D 15:45:15.8669548 GameState.DebugPrintPower() -     TAG_CHANGE Entity=[entityName=Silas Darkmoon id=459 zone=PLAY zonePos=0 cardId=TB_BaconShop_HERO_90 player=14] tag=TRANSIENT_ENTITY value=0 
D 15:45:15.8669548 GameState.DebugPrintPower() -     TAG_CHANGE Entity=[entityName=Silas Darkmoon id=459 zone=PLAY zonePos=0 cardId=TB_BaconShop_HERO_90 player=14] tag=BACON_MAX_PLAYER_TECH_LEVEL value=0 
D 15:45:15.8669548 GameState.DebugPrintPower() -     TAG_CHANGE Entity=[entityName=Silas Darkmoon id=459 zone=PLAY zonePos=0 cardId=TB_BaconShop_HERO_90 player=14] tag=SPAWN_TIME_COUNT value=0 
D 15:45:15.8669548 GameState.DebugPrintPower() -     TAG_CHANGE Entity=[entityName=Silas Darkmoon id=459 zone=PLAY zonePos=0 cardId=TB_BaconShop_HERO_90 player=14] tag=COPIED_FROM_ENTITY_ID value=0 
D 15:45:15.8669548 GameState.DebugPrintPower() -     TAG_CHANGE Entity=[entityName=Silas Darkmoon id=459 zone=PLAY zonePos=0 cardId=TB_BaconShop_HERO_90 player=14] tag=1715 value=0 
D 15:45:15.8669548 GameState.DebugPrintPower() -     TAG_CHANGE Entity=[entityName=Silas Darkmoon id=459 zone=PLAY zonePos=0 cardId=TB_BaconShop_HERO_90 player=14] tag=BACON_COMPANION_ID value=0 
D 15:45:15.8669548 GameState.DebugPrintPower() -     TAG_CHANGE Entity=[entityName=Silas Darkmoon id=459 zone=PLAY zonePos=0 cardId=TB_BaconShop_HERO_90 player=14] tag=2210 value=0 
D 15:45:15.8669548 GameState.DebugPrintPower() -     TAG_CHANGE Entity=[entityName=Silas Darkmoon id=459 zone=PLAY zonePos=0 cardId=TB_BaconShop_HERO_90 player=14] tag=BATTLEGROUNDS_FAVORITE_FINISHER value=0 
D 15:45:15.8669548 GameState.DebugPrintPower() -     TAG_CHANGE Entity=[entityName=Silas Darkmoon id=459 zone=PLAY zonePos=0 cardId=TB_BaconShop_HERO_90 player=14] tag=BACON_COMBAT_PHASE_HERO value=0 
D 15:45:15.8669548 GameState.DebugPrintPower() -     TAG_CHANGE Entity=[entityName=Silas Darkmoon id=459 zone=PLAY zonePos=0 cardId=TB_BaconShop_HERO_90 player=14] tag=3190 value=0 
D 15:45:15.8669548 GameState.DebugPrintPower() -     TAG_CHANGE Entity=[entityName=Silas Darkmoon id=459 zone=PLAY zonePos=0 cardId=TB_BaconShop_HERO_90 player=14] tag=3206 value=0 
D 15:45:15.8669548 GameState.DebugPrintPower() -     TAG_CHANGE Entity=[entityName=Silas Darkmoon id=459 zone=PLAY zonePos=0 cardId=TB_BaconShop_HERO_90 player=14] tag=HEALTH value=30 
D 15:45:15.8669548 GameState.DebugPrintPower() -     TAG_CHANGE Entity=[entityName=Silas Darkmoon id=459 zone=PLAY zonePos=0 cardId=TB_BaconShop_HERO_90 player=14] tag=FACTION value=NEUTRAL 
D 15:45:15.8669548 GameState.DebugPrintPower() -     TAG_CHANGE Entity=[entityName=Silas Darkmoon id=459 zone=PLAY zonePos=0 cardId=TB_BaconShop_HERO_90 player=14] tag=ARMOR value=10 
D 15:45:15.8669548 GameState.DebugPrintPower() -     TAG_CHANGE Entity=[entityName=Silas Darkmoon id=459 zone=PLAY zonePos=0 cardId=TB_BaconShop_HERO_90 player=14] tag=HERO_POWER value=64481 
D 15:45:15.8669548 GameState.DebugPrintPower() -     TAG_CHANGE Entity=[entityName=Silas Darkmoon id=459 zone=PLAY zonePos=0 cardId=TB_BaconShop_HERO_90 player=14] tag=BACON_HERO_CAN_BE_DRAFTED value=1 
D 15:45:15.8669548 GameState.DebugPrintPower() -     TAG_CHANGE Entity=[entityName=Silas Darkmoon id=459 zone=PLAY zonePos=0 cardId=TB_BaconShop_HERO_90 player=14] tag=BACON_COMPANION_ID value=77829 
D 15:45:15.8669548 GameState.DebugPrintPower() -     TAG_CHANGE Entity=[entityName=Silas Darkmoon id=459 zone=PLAY zonePos=0 cardId=TB_BaconShop_HERO_90 player=14] tag=3190 value=100 
D 15:45:15.8669548 GameState.DebugPrintPower() -     TAG_CHANGE Entity=[entityName=Silas Darkmoon id=459 zone=PLAY zonePos=0 cardId=TB_BaconShop_HERO_90 player=14] tag=3206 value=8 
D 15:45:15.8669548 GameState.DebugPrintPower() -     TAG_CHANGE Entity=[entityName=Silas Darkmoon id=459 zone=PLAY zonePos=0 cardId=TB_BaconShop_HERO_90 player=14] tag=HAS_ACTIVATE_POWER value=1 
D 15:45:15.8669548 GameState.DebugPrintPower() -     TAG_CHANGE Entity=[entityName=Silas Darkmoon id=459 zone=PLAY zonePos=0 cardId=TB_BaconShop_HERO_90 player=14] tag=REVEALED value=1 
D 15:45:15.8669548 GameState.DebugPrintPower() -     TAG_CHANGE Entity=FanaticPro tag=HERO_ENTITY value=62 
D 15:45:15.8669548 GameState.DebugPrintPower() -     TAG_CHANGE Entity=[entityName=Come One, Come All! id=430 zone=SETASIDE zonePos=0 cardId=TB_BaconShop_HP_101 player=6] tag=1068 value=6 
D 15:45:15.8669548 GameState.DebugPrintPower() -     TAG_CHANGE Entity=[entityName=Come One, Come All! id=430 zone=SETASIDE zonePos=0 cardId=TB_BaconShop_HP_101 player=6] tag=1068 value=0 
D 15:45:15.8669548 GameState.DebugPrintPower() -     TAG_CHANGE Entity=[entityName=Come One, Come All! id=430 zone=SETASIDE zonePos=0 cardId=TB_BaconShop_HP_101 player=6] tag=SUPPRESS_ALL_SUMMON_VO value=0 
D 15:45:15.8669548 GameState.DebugPrintPower() -     TAG_CHANGE Entity=[entityName=Come One, Come All! id=430 zone=SETASIDE zonePos=0 cardId=TB_BaconShop_HP_101 player=6] tag=ZONE value=REMOVEDFROMGAME 
D 15:45:15.8669548 GameState.DebugPrintPower() -     TAG_CHANGE Entity=[entityName=Come One, Come All! id=430 zone=SETASIDE zonePos=0 cardId=TB_BaconShop_HP_101 player=6] tag=LINKED_ENTITY value=0 
D 15:45:15.8669548 GameState.DebugPrintPower() -     TAG_CHANGE Entity=[entityName=Come One, Come All! id=430 zone=SETASIDE zonePos=0 cardId=TB_BaconShop_HP_101 player=6] tag=HIDE_COST value=0 
D 15:45:15.8669548 GameState.DebugPrintPower() -     TAG_CHANGE Entity=[entityName=Come One, Come All! id=430 zone=SETASIDE zonePos=0 cardId=TB_BaconShop_HP_101 player=6] tag=TRANSIENT_ENTITY value=0 
D 15:45:15.8669548 GameState.DebugPrintPower() -     TAG_CHANGE Entity=[entityName=Come One, Come All! id=430 zone=SETASIDE zonePos=0 cardId=TB_BaconShop_HP_101 player=6] tag=SPAWN_TIME_COUNT value=0 
D 15:45:15.8669548 GameState.DebugPrintPower() -     TAG_CHANGE Entity=[entityName=Come One, Come All! id=430 zone=SETASIDE zonePos=0 cardId=TB_BaconShop_HP_101 player=6] tag=BACON_HEROPOWER_BASE_HERO_ID value=0 
D 15:45:15.8669548 GameState.DebugPrintPower() -     TAG_CHANGE Entity=[entityName=Come One, Come All! id=430 zone=SETASIDE zonePos=0 cardId=TB_BaconShop_HP_101 player=6] tag=HIDE_COST value=1 
D 15:45:15.8669548 GameState.DebugPrintPower() -     TAG_CHANGE Entity=[entityName=Come One, Come All! id=430 zone=SETASIDE zonePos=0 cardId=TB_BaconShop_HP_101 player=6] tag=BACON_HEROPOWER_BASE_HERO_ID value=64480 
D 15:45:15.8669548 GameState.DebugPrintPower() -     TAG_CHANGE Entity=FanaticPro tag=3143 value=10 
D 15:45:15.8669548 GameState.DebugPrintPower() -     FULL_ENTITY - Creating ID=500 CardID=TB_BaconShop_8p_Reroll_Button
D 15:45:15.8669548 GameState.DebugPrintPower() -         tag=CONTROLLER value=6
D 15:45:15.8669548 GameState.DebugPrintPower() -         tag=CARDTYPE value=GAME_MODE_BUTTON
D 15:45:15.8669548 GameState.DebugPrintPower() -         tag=TAG_LAST_KNOWN_COST_IN_HAND value=1
D 15:45:15.8669548 GameState.DebugPrintPower() -         tag=COST value=1
D 15:45:15.8669548 GameState.DebugPrintPower() -         tag=ZONE value=PLAY
D 15:45:15.8669548 GameState.DebugPrintPower() -         tag=ENTITY_ID value=500
D 15:45:15.8669548 GameState.DebugPrintPower() -         tag=CREATOR value=63
D 15:45:15.8669548 GameState.DebugPrintPower() -         tag=1037 value=6
D 15:45:15.8669548 GameState.DebugPrintPower() -         tag=CREATOR_DBID value=57980
D 15:45:15.8669548 GameState.DebugPrintPower() -         tag=BACON_ACTION_CARD value=1
D 15:45:15.8669548 GameState.DebugPrintPower() -         tag=GAME_MODE_BUTTON_SLOT value=2
D 15:45:15.8669548 GameState.DebugPrintPower() -         tag=SUPPRESS_ALL_SUMMON_VO value=1
D 15:45:15.8669548 GameState.DebugPrintPower() -         tag=SPAWN_TIME_COUNT value=1
D 15:45:15.8669548 GameState.DebugPrintPower() -         tag=HAS_ACTIVATE_POWER value=1
D 15:45:15.8669548 GameState.DebugPrintPower() -     FULL_ENTITY - Creating ID=501 CardID=TB_BaconShopLockAll_Button
D 15:45:15.8669548 GameState.DebugPrintPower() -         tag=CONTROLLER value=6
D 15:45:15.8669548 GameState.DebugPrintPower() -         tag=CARDTYPE value=GAME_MODE_BUTTON
D 15:45:15.8669548 GameState.DebugPrintPower() -         tag=TAG_SCRIPT_DATA_NUM_2 value=10
D 15:45:15.8669548 GameState.DebugPrintPower() -         tag=ZONE value=PLAY
D 15:45:15.8669548 GameState.DebugPrintPower() -         tag=ENTITY_ID value=501
D 15:45:15.8669548 GameState.DebugPrintPower() -         tag=FACTION value=ALLIANCE
D 15:45:15.8669548 GameState.DebugPrintPower() -         tag=CREATOR value=63
D 15:45:15.8669548 GameState.DebugPrintPower() -         tag=1037 value=6
D 15:45:15.8669548 GameState.DebugPrintPower() -         tag=1270 value=1
D 15:45:15.8669548 GameState.DebugPrintPower() -         tag=CREATOR_DBID value=57980
D 15:45:15.8669548 GameState.DebugPrintPower() -         tag=BACON_ACTION_CARD value=1
D 15:45:15.8669548 GameState.DebugPrintPower() -         tag=GAME_MODE_BUTTON_SLOT value=1
D 15:45:15.8669548 GameState.DebugPrintPower() -         tag=SUPPRESS_ALL_SUMMON_VO value=1
D 15:45:15.8669548 GameState.DebugPrintPower() -         tag=SPAWN_TIME_COUNT value=1
D 15:45:15.8669548 GameState.DebugPrintPower() -         tag=HAS_ACTIVATE_POWER value=1
D 15:45:15.8669548 GameState.DebugPrintPower() -     FULL_ENTITY - Creating ID=502 CardID=TB_BaconShop_DragSell
D 15:45:15.8669548 GameState.DebugPrintPower() -         tag=CONTROLLER value=6
D 15:45:15.8669548 GameState.DebugPrintPower() -         tag=CARDTYPE value=MOVE_MINION_HOVER_TARGET
D 15:45:15.8669548 GameState.DebugPrintPower() -         tag=ZONE value=PLAY
D 15:45:15.8669548 GameState.DebugPrintPower() -         tag=ENTITY_ID value=502
D 15:45:15.8669548 GameState.DebugPrintPower() -         tag=CREATOR value=63
D 15:45:15.8669548 GameState.DebugPrintPower() -         tag=1037 value=6
D 15:45:15.8669548 GameState.DebugPrintPower() -         tag=CREATOR_DBID value=57980
D 15:45:15.8669548 GameState.DebugPrintPower() -         tag=BACON_ACTION_CARD value=1
D 15:45:15.8669548 GameState.DebugPrintPower() -         tag=SUPPRESS_ALL_SUMMON_VO value=1
D 15:45:15.8669548 GameState.DebugPrintPower() -         tag=MOVE_MINION_HOVER_TARGET_SLOT value=2
D 15:45:15.8669548 GameState.DebugPrintPower() -         tag=SPAWN_TIME_COUNT value=1
D 15:45:15.8669548 GameState.DebugPrintPower() -         tag=HAS_ACTIVATE_POWER value=1
D 15:45:15.8669548 GameState.DebugPrintPower() -     FULL_ENTITY - Creating ID=503 CardID=TB_BaconShopTechUp02_Button
D 15:45:15.8669548 GameState.DebugPrintPower() -         tag=CONTROLLER value=6
D 15:45:15.8669548 GameState.DebugPrintPower() -         tag=CARDTYPE value=GAME_MODE_BUTTON
D 15:45:15.8669548 GameState.DebugPrintPower() -         tag=TAG_LAST_KNOWN_COST_IN_HAND value=5
D 15:45:15.8669548 GameState.DebugPrintPower() -         tag=COST value=5
D 15:45:15.8669548 GameState.DebugPrintPower() -         tag=ZONE value=PLAY
D 15:45:15.8669548 GameState.DebugPrintPower() -         tag=ENTITY_ID value=503
D 15:45:15.8669548 GameState.DebugPrintPower() -         tag=CREATOR value=63
D 15:45:15.8669548 GameState.DebugPrintPower() -         tag=1037 value=6
D 15:45:15.8669548 GameState.DebugPrintPower() -         tag=CREATOR_DBID value=57980
D 15:45:15.8669548 GameState.DebugPrintPower() -         tag=BACON_ACTION_CARD value=1
D 15:45:15.8669548 GameState.DebugPrintPower() -         tag=GAME_MODE_BUTTON_SLOT value=3
D 15:45:15.8669548 GameState.DebugPrintPower() -         tag=TECH_LEVEL value=2
D 15:45:15.8669548 GameState.DebugPrintPower() -         tag=SUPPRESS_ALL_SUMMON_VO value=1
D 15:45:15.8669548 GameState.DebugPrintPower() -         tag=SPAWN_TIME_COUNT value=1
D 15:45:15.8669548 GameState.DebugPrintPower() -         tag=HAS_ACTIVATE_POWER value=1
D 15:45:15.8669548 GameState.DebugPrintPower() -     META_DATA - Meta=ARTIFICIAL_PAUSE Data=1500 InfoCount=1
D 15:45:15.8669548 GameState.DebugPrintPower() -                 Info[0] = [entityName=BaconShop8PlayerEnchant id=63 zone=PLAY zonePos=0 cardId=TB_BaconShop_8P_PlayerE player=6]
D 15:45:15.8669548 GameState.DebugPrintPower() -     TAG_CHANGE Entity=GameEntity tag=2374 value=1 
D 15:45:15.8669548 GameState.DebugPrintPower() -     TAG_CHANGE Entity=[entityName=Annoy-o-Tron id=435 zone=SETASIDE zonePos=0 cardId=BG_GVG_085 player=6] tag=NUM_TURNS_IN_PLAY value=3 
D 15:45:15.8669548 GameState.DebugPrintPower() -     TAG_CHANGE Entity=[entityName=Annoy-o-Tron id=435 zone=SETASIDE zonePos=0 cardId=BG_GVG_085 player=6] tag=EXHAUSTED value=0 
D 15:45:15.8669548 GameState.DebugPrintPower() -     TAG_CHANGE Entity=[entityName=Annoy-o-Tron id=435 zone=SETASIDE zonePos=0 cardId=BG_GVG_085 player=6] tag=CANT_ATTACK value=1 
D 15:45:15.8669548 GameState.DebugPrintPower() -     TAG_CHANGE Entity=[entityName=Annoy-o-Tron id=435 zone=SETASIDE zonePos=0 cardId=BG_GVG_085 player=6] tag=SUPPRESS_ALL_SUMMON_VO value=0 
D 15:45:15.8669548 GameState.DebugPrintPower() -     TAG_CHANGE Entity=GameEntity tag=1453 value=0 
D 15:45:15.8669548 GameState.DebugPrintPower() -     TAG_CHANGE Entity=GameEntity tag=STEP value=MAIN_END 
D 15:45:15.8669548 GameState.DebugPrintPower() - BLOCK_END
D 15:45:15.8669548 GameState.DebugPrintPower() - BLOCK_START BlockType=TRIGGER Entity=FanaticPro EffectCardId=System.Collections.Generic.List`1[System.String] EffectIndex=-1 Target=0 SubOption=-1 TriggerKeyword=TAG_NOT_SET
D 15:45:15.8669548 GameState.DebugPrintPower() -     TAG_CHANGE Entity=GameEntity tag=NEXT_STEP value=MAIN_CLEANUP 
D 15:45:15.8669548 GameState.DebugPrintPower() - BLOCK_END
D 15:45:15.8669548 GameState.DebugPrintPower() - BLOCK_START BlockType=TRIGGER Entity=FanaticPro EffectCardId=System.Collections.Generic.List`1[System.String] EffectIndex=-1 Target=0 SubOption=-1 TriggerKeyword=TAG_NOT_SET
D 15:45:15.8669548 GameState.DebugPrintPower() - BLOCK_END
D 15:45:15.8669548 GameState.DebugPrintPower() - BLOCK_START BlockType=TRIGGER Entity=dymitrq#2316 EffectCardId=System.Collections.Generic.List`1[System.String] EffectIndex=-1 Target=0 SubOption=-1 TriggerKeyword=TAG_NOT_SET
D 15:45:15.8669548 GameState.DebugPrintPower() - BLOCK_END
D 15:45:15.8669548 GameState.DebugPrintPower() - BLOCK_START BlockType=TRIGGER Entity=501 EffectCardId=System.Collections.Generic.List`1[System.String] EffectIndex=0 Target=0 SubOption=-1 TriggerKeyword=TAG_NOT_SET
D 15:45:15.8669548 GameState.DebugPrintPower() - BLOCK_END
D 15:45:15.8827003 GameState.DebugPrintPowerList() - Count=1
D 15:45:15.8827003 GameState.DebugPrintPower() - TAG_CHANGE Entity=[entityName=Rakanishu id=103 zone=SETASIDE zonePos=0 cardId=TB_BaconShop_HERO_75 player=14] tag=ARMOR value=11 
D 15:45:15.8999062 GameState.DebugPrintPowerList() - Count=7
D 15:45:15.8999062 GameState.DebugPrintPower() - TAG_CHANGE Entity=GameEntity tag=STEP value=MAIN_CLEANUP 
D 15:45:15.8999062 GameState.DebugPrintPower() - BLOCK_START BlockType=TRIGGER Entity=FanaticPro EffectCardId=System.Collections.Generic.List`1[System.String] EffectIndex=-1 Target=0 SubOption=-1 TriggerKeyword=TAG_NOT_SET
D 15:45:15.8999062 GameState.DebugPrintPower() -     TAG_CHANGE Entity=FanaticPro tag=1854 value=3 
D 15:45:15.8999062 GameState.DebugPrintPower() -     TAG_CHANGE Entity=GameEntity tag=NEXT_STEP value=MAIN_NEXT 
D 15:45:15.8999062 GameState.DebugPrintPower() - BLOCK_END
D 15:45:15.8999062 GameState.DebugPrintPower() - BLOCK_START BlockType=TRIGGER Entity=dymitrq#2316 EffectCardId=System.Collections.Generic.List`1[System.String] EffectIndex=-1 Target=0 SubOption=-1 TriggerKeyword=TAG_NOT_SET
D 15:45:15.8999062 GameState.DebugPrintPower() - BLOCK_END
D 15:45:15.9161420 GameState.DebugPrintPowerList() - Count=2
D 15:45:15.9161420 GameState.DebugPrintPower() - TAG_CHANGE Entity=[entityName=Sparkhoarder Togwaggle id=85 zone=PLAY zonePos=0 cardId=BG23_HERO_305_SKIN_B player=6] tag=PLAYER_LEADERBOARD_PLACE value=2 
D 15:45:15.9161420 GameState.DebugPrintPower() - TAG_CHANGE Entity=[entityName=Rakanishu id=103 zone=SETASIDE zonePos=0 cardId=TB_BaconShop_HERO_75 player=14] tag=PLAYER_LEADERBOARD_PLACE value=3 
D 15:45:15.9326969 GameState.DebugPrintPowerList() - Count=1
D 15:45:15.9326969 GameState.DebugPrintPower() - TAG_CHANGE Entity=[entityName=Murloc Holmes id=146 zone=SETASIDE zonePos=0 cardId=BG23_HERO_303 player=14] tag=PLAYER_LEADERBOARD_PLACE value=4 
D 15:45:15.9494678 GameState.DebugPrintPowerList() - Count=1
D 15:45:15.9494678 GameState.DebugPrintPower() - TAG_CHANGE Entity=[entityName=Sire Denathrius id=131 zone=SETASIDE zonePos=0 cardId=BG24_HERO_100 player=14] tag=PLAYER_LEADERBOARD_PLACE value=7 
D 15:45:16.1158668 GameState.DebugPrintPowerList() - Count=42
D 15:45:16.1158668 GameState.DebugPrintPower() - TAG_CHANGE Entity=dymitrq#2316 tag=NEXT_OPPONENT_PLAYER_ID value=1 
D 15:45:16.1158668 GameState.DebugPrintPower() - TAG_CHANGE Entity=GameEntity tag=STEP value=MAIN_NEXT 
D 15:45:16.1158668 GameState.DebugPrintPower() - BLOCK_START BlockType=TRIGGER Entity=GameEntity EffectCardId=System.Collections.Generic.List`1[System.String] EffectIndex=0 Target=0 SubOption=-1 TriggerKeyword=TAG_NOT_SET
D 15:45:16.1158668 GameState.DebugPrintPower() -     TAG_CHANGE Entity=FanaticPro tag=1292 value=0 
D 15:45:16.1158668 GameState.DebugPrintPower() -     TAG_CHANGE Entity=dymitrq#2316 tag=1292 value=1 
D 15:45:16.1158668 GameState.DebugPrintPower() -     TAG_CHANGE Entity=FanaticPro tag=CURRENT_PLAYER value=0 
D 15:45:16.1158668 GameState.DebugPrintPower() -     TAG_CHANGE Entity=dymitrq#2316 tag=CURRENT_PLAYER value=1 
D 15:45:16.1158668 GameState.DebugPrintPower() -     TAG_CHANGE Entity=GameEntity tag=TURN value=3 
D 15:45:16.1158668 GameState.DebugPrintPower() -     TAG_CHANGE Entity=GameEntity tag=1882 value=3 
D 15:45:16.1158668 GameState.DebugPrintPower() -     TAG_CHANGE Entity=dymitrq#2316 tag=TURN value=2 
D 15:45:16.1158668 GameState.DebugPrintPower() -     TAG_CHANGE Entity=GameEntity tag=NEXT_STEP value=MAIN_READY 
D 15:45:16.1158668 GameState.DebugPrintPower() - BLOCK_END
D 15:45:16.1158668 GameState.DebugPrintPower() - TAG_CHANGE Entity=GameEntity tag=STEP value=MAIN_READY 
D 15:45:16.1158668 GameState.DebugPrintPower() - BLOCK_START BlockType=TRIGGER Entity=dymitrq#2316 EffectCardId=System.Collections.Generic.List`1[System.String] EffectIndex=-1 Target=0 SubOption=-1 TriggerKeyword=TAG_NOT_SET
D 15:45:16.1158668 GameState.DebugPrintPower() -     TAG_CHANGE Entity=GameEntity tag=NUM_TURNS_IN_PLAY value=4 
D 15:45:16.1158668 GameState.DebugPrintPower() -     TAG_CHANGE Entity=[entityName=Sparkhoarder Togwaggle id=85 zone=PLAY zonePos=0 cardId=BG23_HERO_305_SKIN_B player=6] tag=NUM_TURNS_IN_PLAY value=4 
D 15:45:16.1158668 GameState.DebugPrintPower() -     TAG_CHANGE Entity=[entityName=The Perfect Crime id=166 zone=PLAY zonePos=0 cardId=BG23_HERO_305p player=6] tag=NUM_TURNS_IN_PLAY value=4 
D 15:45:16.1158668 GameState.DebugPrintPower() -     TAG_CHANGE Entity=[entityName=Buddy Meter id=356 zone=PLAY zonePos=0 cardId=BG22_BuddyMeter player=6] tag=NUM_TURNS_IN_PLAY value=2 
D 15:45:16.1158668 GameState.DebugPrintPower() -     TAG_CHANGE Entity=FanaticPro tag=NUM_TURNS_IN_PLAY value=4 
D 15:45:16.1158668 GameState.DebugPrintPower() -     TAG_CHANGE Entity=dymitrq#2316 tag=NUM_TURNS_IN_PLAY value=4 
D 15:45:16.1158668 GameState.DebugPrintPower() -     TAG_CHANGE Entity=[entityName=Annoy-o-Tron id=435 zone=SETASIDE zonePos=0 cardId=BG_GVG_085 player=6] tag=NUM_TURNS_IN_PLAY value=4 
D 15:45:16.1158668 GameState.DebugPrintPower() -     TAG_CHANGE Entity=[entityName=Bartender Bob id=62 zone=PLAY zonePos=0 cardId=TB_BaconShopBob player=14] tag=NUM_TURNS_IN_PLAY value=1 
D 15:45:16.1158668 GameState.DebugPrintPower() -     TAG_CHANGE Entity=[entityName=Refresh id=500 zone=PLAY zonePos=0 cardId=TB_BaconShop_8p_Reroll_Button player=6] tag=NUM_TURNS_IN_PLAY value=1 
D 15:45:16.1158668 GameState.DebugPrintPower() -     TAG_CHANGE Entity=[entityName=Freeze id=501 zone=PLAY zonePos=0 cardId=TB_BaconShopLockAll_Button player=6] tag=NUM_TURNS_IN_PLAY value=1 
D 15:45:16.1158668 GameState.DebugPrintPower() -     TAG_CHANGE Entity=[entityName=Drag To Sell id=502 zone=PLAY zonePos=0 cardId=TB_BaconShop_DragSell player=6] tag=NUM_TURNS_IN_PLAY value=1 
D 15:45:16.1158668 GameState.DebugPrintPower() -     TAG_CHANGE Entity=[entityName=Tavern Tier 2 id=503 zone=PLAY zonePos=0 cardId=TB_BaconShopTechUp02_Button player=6] tag=NUM_TURNS_IN_PLAY value=1 
D 15:45:16.1158668 GameState.DebugPrintPower() -     TAG_CHANGE Entity=dymitrq#2316 tag=RESOURCES value=4 
D 15:45:16.1158668 GameState.DebugPrintPower() -     TAG_CHANGE Entity=dymitrq#2316 tag=RESOURCES_USED value=0 
D 15:45:16.1158668 GameState.DebugPrintPower() -     TAG_CHANGE Entity=dymitrq#2316 tag=NUM_CARDS_PLAYED_THIS_TURN value=0 
D 15:45:16.1158668 GameState.DebugPrintPower() -     TAG_CHANGE Entity=dymitrq#2316 tag=NUM_MINIONS_PLAYED_THIS_TURN value=0 
D 15:45:16.1158668 GameState.DebugPrintPower() -     TAG_CHANGE Entity=dymitrq#2316 tag=NUM_OPTIONS_PLAYED_THIS_TURN value=0 
D 15:45:16.1158668 GameState.DebugPrintPower() -     TAG_CHANGE Entity=GameEntity tag=NEXT_STEP value=MAIN_START_TRIGGERS 
D 15:45:16.1158668 GameState.DebugPrintPower() -     TAG_CHANGE Entity=dymitrq#2316 tag=NUM_FRIENDLY_MINIONS_THAT_DIED_THIS_TURN value=0 
D 15:45:16.1158668 GameState.DebugPrintPower() -     TAG_CHANGE Entity=dymitrq#2316 tag=464 value=0 
D 15:45:16.1158668 GameState.DebugPrintPower() -     TAG_CHANGE Entity=dymitrq#2316 tag=3143 value=0 
D 15:45:16.1158668 GameState.DebugPrintPower() -     TAG_CHANGE Entity=FanaticPro tag=3143 value=0 
D 15:45:16.1158668 GameState.DebugPrintPower() -     TAG_CHANGE Entity=dymitrq#2316 tag=NUM_MINIONS_PLAYER_KILLED_THIS_TURN value=0 
D 15:45:16.1158668 GameState.DebugPrintPower() -     TAG_CHANGE Entity=dymitrq#2316 tag=NUM_FRIENDLY_MINIONS_THAT_ATTACKED_THIS_TURN value=0 
D 15:45:16.1158668 GameState.DebugPrintPower() -     TAG_CHANGE Entity=FanaticPro tag=NUM_FRIENDLY_MINIONS_THAT_ATTACKED_THIS_TURN value=0 
D 15:45:16.1158668 GameState.DebugPrintPower() -     TAG_CHANGE Entity=GameEntity tag=NUM_MINIONS_KILLED_THIS_TURN value=0 
D 15:45:16.1158668 GameState.DebugPrintPower() -     TAG_CHANGE Entity=dymitrq#2316 tag=2245 value=0 
D 15:45:16.1158668 GameState.DebugPrintPower() - BLOCK_END
D 15:45:16.1326779 GameState.DebugPrintPowerList() - Count=1
D 15:45:16.1326779 GameState.DebugPrintPower() - TAG_CHANGE Entity=[entityName=Rakanishu id=103 zone=SETASIDE zonePos=0 cardId=TB_BaconShop_HERO_75 player=14] tag=PLAYER_LEADERBOARD_PLACE value=2 
D 15:45:16.1497062 GameState.DebugPrintPowerList() - Count=2
D 15:45:16.1497062 GameState.DebugPrintPower() - TAG_CHANGE Entity=[entityName=Sparkhoarder Togwaggle id=85 zone=PLAY zonePos=0 cardId=BG23_HERO_305_SKIN_B player=6] tag=PLAYER_LEADERBOARD_PLACE value=3 
D 15:45:16.1497062 GameState.DebugPrintPower() - TAG_CHANGE Entity=[entityName=Shudderwock id=161 zone=SETASIDE zonePos=0 cardId=TB_BaconShop_HERO_23 player=14] tag=PLAYER_LEADERBOARD_PLACE value=4 
D 15:45:16.1659621 GameState.DebugPrintPowerList() - Count=1
D 15:45:16.1659621 GameState.DebugPrintPower() - TAG_CHANGE Entity=[entityName=Murloc Holmes id=146 zone=SETASIDE zonePos=0 cardId=BG23_HERO_303 player=14] tag=PLAYER_LEADERBOARD_PLACE value=5 
D 15:45:16.1828730 GameState.DebugPrintPowerList() - Count=1
D 15:45:16.1828730 GameState.DebugPrintPower() - TAG_CHANGE Entity=[entityName=Silas Darkmoon id=206 zone=SETASIDE zonePos=0 cardId=TB_BaconShop_HERO_90 player=14] tag=PLAYER_LEADERBOARD_PLACE value=4 
D 15:45:16.1996351 GameState.DebugPrintPowerList() - Count=1
D 15:45:16.1996351 GameState.DebugPrintPower() - TAG_CHANGE Entity=[entityName=Shudderwock id=161 zone=SETASIDE zonePos=0 cardId=TB_BaconShop_HERO_23 player=14] tag=PLAYER_LEADERBOARD_PLACE value=5 
D 15:45:16.2158741 GameState.DebugPrintPowerList() - Count=1
D 15:45:16.2158741 GameState.DebugPrintPower() - TAG_CHANGE Entity=[entityName=Murloc Holmes id=146 zone=SETASIDE zonePos=0 cardId=BG23_HERO_303 player=14] tag=PLAYER_LEADERBOARD_PLACE value=6 
D 15:45:16.2327900 GameState.DebugPrintPowerList() - Count=1
D 15:45:16.2327900 GameState.DebugPrintPower() - TAG_CHANGE Entity=[entityName=Murloc Holmes id=146 zone=SETASIDE zonePos=0 cardId=BG23_HERO_303 player=14] tag=PLAYER_LEADERBOARD_PLACE value=5 
D 15:45:16.2492261 GameState.DebugPrintPowerList() - Count=1
D 15:45:16.2492261 GameState.DebugPrintPower() - TAG_CHANGE Entity=[entityName=Shudderwock id=161 zone=SETASIDE zonePos=0 cardId=TB_BaconShop_HERO_23 player=14] tag=PLAYER_LEADERBOARD_PLACE value=6 
D 15:45:16.2664814 GameState.DebugPrintPowerList() - Count=1
D 15:45:16.2664814 GameState.DebugPrintPower() - TAG_CHANGE Entity=[entityName=Sire Denathrius id=131 zone=SETASIDE zonePos=0 cardId=BG24_HERO_100 player=14] tag=BACON_ODD_PLAYER_OUT value=1 
D 15:45:16.2830039 GameState.DebugPrintPowerList() - Count=5
D 15:45:16.2830039 GameState.DebugPrintPower() - TAG_CHANGE Entity=GameEntity tag=STEP value=MAIN_START_TRIGGERS 
D 15:45:16.2830039 GameState.DebugPrintPower() - BLOCK_START BlockType=TRIGGER Entity=[entityName=BaconShop8PlayerEnchant id=63 zone=PLAY zonePos=0 cardId=TB_BaconShop_8P_PlayerE player=6] EffectCardId=System.Collections.Generic.List`1[System.String] EffectIndex=-1 Target=0 SubOption=-1 TriggerKeyword=TAG_NOT_SET
D 15:45:16.2830039 GameState.DebugPrintPower() - BLOCK_END
D 15:45:16.2830039 GameState.DebugPrintPower() - BLOCK_START BlockType=TRIGGER Entity=[entityName=BaconShop8PlayerEnchant id=63 zone=PLAY zonePos=0 cardId=TB_BaconShop_8P_PlayerE player=6] EffectCardId=System.Collections.Generic.List`1[System.String] EffectIndex=2 Target=0 SubOption=-1 TriggerKeyword=TAG_NOT_SET
D 15:45:16.2830039 GameState.DebugPrintPower() -     TAG_CHANGE Entity=[entityName=Sparkhoarder Togwaggle id=85 zone=PLAY zonePos=0 cardId=BG23_HERO_305_SKIN_B player=6] tag=NEXT_OPPONENT_PLAYER_ID value=1 
D 15:45:16.2995143 GameState.DebugPrintPowerList() - Count=1
D 15:45:16.2995143 GameState.DebugPrintPower() - TAG_CHANGE Entity=[entityName=Shudderwock id=161 zone=SETASIDE zonePos=0 cardId=TB_BaconShop_HERO_23 player=14] tag=PLAYER_LEADERBOARD_PLACE value=5 
D 15:45:16.3162766 GameState.DebugPrintPowerList() - Count=1
D 15:45:16.3162766 GameState.DebugPrintPower() - TAG_CHANGE Entity=[entityName=Murloc Holmes id=146 zone=SETASIDE zonePos=0 cardId=BG23_HERO_303 player=14] tag=PLAYER_LEADERBOARD_PLACE value=6 
D 15:45:16.3328335 GameState.DebugPrintPowerList() - Count=172
D 15:45:16.3328335 GameState.DebugPrintPower() - TAG_CHANGE Entity=dymitrq#2316 tag=BACON_CURRENT_COMBAT_PLAYER_ID value=0 
D 15:45:16.3328335 GameState.DebugPrintPower() - TAG_CHANGE Entity=FanaticPro tag=BACON_CURRENT_COMBAT_PLAYER_ID value=0 
D 15:45:16.3328335 GameState.DebugPrintPower() - FULL_ENTITY - Creating ID=556 CardID=TB_BaconShop_UpdateDmgCap
D 15:45:16.3328335 GameState.DebugPrintPower() -     tag=CONTROLLER value=6
D 15:45:16.3328335 GameState.DebugPrintPower() -     tag=CARDTYPE value=SPELL
D 15:45:16.3328335 GameState.DebugPrintPower() -     tag=ZONE value=SETASIDE
D 15:45:16.3328335 GameState.DebugPrintPower() -     tag=ENTITY_ID value=556
D 15:45:16.3328335 GameState.DebugPrintPower() -     tag=CREATOR value=63
D 15:45:16.3328335 GameState.DebugPrintPower() -     tag=1037 value=6
D 15:45:16.3328335 GameState.DebugPrintPower() -     tag=CREATOR_DBID value=57980
D 15:45:16.3328335 GameState.DebugPrintPower() -     tag=SUPPRESS_ALL_SUMMON_VO value=1
D 15:45:16.3328335 GameState.DebugPrintPower() -     tag=SPAWN_TIME_COUNT value=1
D 15:45:16.3328335 GameState.DebugPrintPower() - TAG_CHANGE Entity=556 tag=1715 value=63 
D 15:45:16.3328335 GameState.DebugPrintPower() - TAG_CHANGE Entity=556 tag=1068 value=1 
D 15:45:16.3328335 GameState.DebugPrintPower() - TAG_CHANGE Entity=556 tag=1068 value=0 
D 15:45:16.3328335 GameState.DebugPrintPower() - TAG_CHANGE Entity=556 tag=ZONE value=PLAY 
D 15:45:16.3328335 GameState.DebugPrintPower() - META_DATA - Meta=HISTORY_TARGET Data=0 InfoCount=1
D 15:45:16.3328335 GameState.DebugPrintPower() -             Info[0] = 556
D 15:45:16.3328335 GameState.DebugPrintPower() - BLOCK_START BlockType=POWER Entity=556 EffectCardId=System.Collections.Generic.List`1[System.String] EffectIndex=0 Target=0 SubOption=-1 
D 15:45:16.3328335 GameState.DebugPrintPower() - BLOCK_END
D 15:45:16.3328335 GameState.DebugPrintPower() - TAG_CHANGE Entity=556 tag=1068 value=4 
D 15:45:16.3328335 GameState.DebugPrintPower() - TAG_CHANGE Entity=556 tag=1068 value=0 
D 15:45:16.3328335 GameState.DebugPrintPower() - TAG_CHANGE Entity=556 tag=SUPPRESS_ALL_SUMMON_VO value=0 
D 15:45:16.3328335 GameState.DebugPrintPower() - TAG_CHANGE Entity=556 tag=ZONE value=GRAVEYARD 
D 15:45:16.3328335 GameState.DebugPrintPower() - BLOCK_END
D 15:45:16.3328335 GameState.DebugPrintPower() - BLOCK_START BlockType=TRIGGER Entity=[entityName=BaconShop8PlayerEnchant id=63 zone=PLAY zonePos=0 cardId=TB_BaconShop_8P_PlayerE player=6] EffectCardId=System.Collections.Generic.List`1[System.String] EffectIndex=29 Target=0 SubOption=-1 TriggerKeyword=TAG_NOT_SET
D 15:45:16.3328335 GameState.DebugPrintPower() - BLOCK_END
D 15:45:16.3328335 GameState.DebugPrintPower() - BLOCK_START BlockType=TRIGGER Entity=[entityName=BaconShop8PlayerEnchant id=63 zone=PLAY zonePos=0 cardId=TB_BaconShop_8P_PlayerE player=6] EffectCardId=System.Collections.Generic.List`1[System.String] EffectIndex=35 Target=0 SubOption=-1 TriggerKeyword=TAG_NOT_SET
D 15:45:16.3328335 GameState.DebugPrintPower() - BLOCK_END
D 15:45:16.3328335 GameState.DebugPrintPower() - BLOCK_START BlockType=TRIGGER Entity=[entityName=BaconShop8PlayerEnchant id=63 zone=PLAY zonePos=0 cardId=TB_BaconShop_8P_PlayerE player=6] EffectCardId=System.Collections.Generic.List`1[System.String] EffectIndex=-1 Target=0 SubOption=-1 TriggerKeyword=TAG_NOT_SET
D 15:45:16.3328335 GameState.DebugPrintPower() -     TAG_CHANGE Entity=dymitrq#2316 tag=1914 value=0 
D 15:45:16.3328335 GameState.DebugPrintPower() -     TAG_CHANGE Entity=dymitrq#2316 tag=2336 value=0 
D 15:45:16.3328335 GameState.DebugPrintPower() -     FULL_ENTITY - Creating ID=557 CardID=
D 15:45:16.3328335 GameState.DebugPrintPower() -         tag=ZONE value=SETASIDE
D 15:45:16.3328335 GameState.DebugPrintPower() -         tag=CONTROLLER value=6
D 15:45:16.3328335 GameState.DebugPrintPower() -         tag=ENTITY_ID value=557
D 15:45:16.3328335 GameState.DebugPrintPower() -     SHOW_ENTITY - Updating Entity=557 CardID=TB_BaconShop_3ofKindChecke
D 15:45:16.3328335 GameState.DebugPrintPower() -         tag=CONTROLLER value=6
D 15:45:16.3328335 GameState.DebugPrintPower() -         tag=CARDTYPE value=ENCHANTMENT
D 15:45:16.3328335 GameState.DebugPrintPower() -         tag=ATTACHED value=17
D 15:45:16.3328335 GameState.DebugPrintPower() -         tag=ZONE value=SETASIDE
D 15:45:16.3328335 GameState.DebugPrintPower() -         tag=ENTITY_ID value=557
D 15:45:16.3328335 GameState.DebugPrintPower() -         tag=CREATOR value=63
D 15:45:16.3328335 GameState.DebugPrintPower() -         tag=1037 value=6
D 15:45:16.3328335 GameState.DebugPrintPower() -         tag=1068 value=0
D 15:45:16.3328335 GameState.DebugPrintPower() -         tag=CREATOR_DBID value=57980
D 15:45:16.3328335 GameState.DebugPrintPower() -         tag=SPAWN_TIME_COUNT value=1
D 15:45:16.3328335 GameState.DebugPrintPower() -     TAG_CHANGE Entity=557 tag=1068 value=1 
D 15:45:16.3328335 GameState.DebugPrintPower() -     TAG_CHANGE Entity=557 tag=1068 value=0 
D 15:45:16.3328335 GameState.DebugPrintPower() -     TAG_CHANGE Entity=557 tag=ZONE value=PLAY 
D 15:45:16.3328335 GameState.DebugPrintPower() -     TAG_CHANGE Entity=dymitrq#2316 tag=1469 value=1 
D 15:45:16.3328335 GameState.DebugPrintPower() -     TAG_CHANGE Entity=GameEntity tag=1453 value=1 
D 15:45:16.3328335 GameState.DebugPrintPower() -     TAG_CHANGE Entity=GameEntity tag=1466 value=1 
D 15:45:16.3328335 GameState.DebugPrintPower() -     TAG_CHANGE Entity=GameEntity tag=BACON_COIN_ON_ENEMY_MINIONS value=1 
D 15:45:16.3328335 GameState.DebugPrintPower() -     TAG_CHANGE Entity=GameEntity tag=1522 value=0 
D 15:45:16.3328335 GameState.DebugPrintPower() -     TAG_CHANGE Entity=GameEntity tag=2374 value=0 
D 15:45:16.3328335 GameState.DebugPrintPower() -     TAG_CHANGE Entity=dymitrq#2316 tag=3075 value=1 
D 15:45:16.3328335 GameState.DebugPrintPower() -     SUB_SPELL_START - SpellPrefabGUID=Bacon_MinionSwap_OverrideSpawnIn_Super:69498edad9bb7594e89a3b5e0e41f026 Source=63 TargetCount=0
D 15:45:16.3328335 GameState.DebugPrintPower() -                       Source = [entityName=BaconShop8PlayerEnchant id=63 zone=PLAY zonePos=0 cardId=TB_BaconShop_8P_PlayerE player=6]
D 15:45:16.3328335 GameState.DebugPrintPower() -         FULL_ENTITY - Creating ID=558 CardID=BG_GVG_085
D 15:45:16.3328335 GameState.DebugPrintPower() -             tag=CONTROLLER value=6
D 15:45:16.3328335 GameState.DebugPrintPower() -             tag=CARDTYPE value=MINION
D 15:45:16.3328335 GameState.DebugPrintPower() -             tag=479 value=1
D 15:45:16.3328335 GameState.DebugPrintPower() -             tag=ATK value=1
D 15:45:16.3328335 GameState.DebugPrintPower() -             tag=HEALTH value=2
D 15:45:16.3328335 GameState.DebugPrintPower() -             tag=ZONE value=SETASIDE
D 15:45:16.3328335 GameState.DebugPrintPower() -             tag=ENTITY_ID value=558
D 15:45:16.3328335 GameState.DebugPrintPower() -             tag=TAUNT value=1
D 15:45:16.3328335 GameState.DebugPrintPower() -             tag=DIVINE_SHIELD value=1
D 15:45:16.3328335 GameState.DebugPrintPower() -             tag=CARDRACE value=MECHANICAL
D 15:45:16.3328335 GameState.DebugPrintPower() -             tag=RARITY value=COMMON
D 15:45:16.3328335 GameState.DebugPrintPower() -             tag=CREATOR value=63
D 15:45:16.3328335 GameState.DebugPrintPower() -             tag=1037 value=6
D 15:45:16.3328335 GameState.DebugPrintPower() -             tag=CREATOR_DBID value=57980
D 15:45:16.3328335 GameState.DebugPrintPower() -             tag=BACON_TRIPLE_UPGRADE_MINION_ID value=103653
D 15:45:16.3328335 GameState.DebugPrintPower() -             tag=TECH_LEVEL value=1
D 15:45:16.3328335 GameState.DebugPrintPower() -             tag=IS_BACON_POOL_MINION value=1
D 15:45:16.3328335 GameState.DebugPrintPower() -             tag=SUPPRESS_ALL_SUMMON_VO value=1
D 15:45:16.3328335 GameState.DebugPrintPower() -             tag=SPAWN_TIME_COUNT value=1
D 15:45:16.3328335 GameState.DebugPrintPower() -             tag=1595 value=1
D 15:45:16.3328335 GameState.DebugPrintPower() -             tag=HAS_ACTIVATE_POWER value=1
D 15:45:16.3328335 GameState.DebugPrintPower() -             tag=3085 value=2
D 15:45:16.3328335 GameState.DebugPrintPower() -         FULL_ENTITY - Creating ID=559 CardID=BGS_061
D 15:45:16.3328335 GameState.DebugPrintPower() -             tag=CONTROLLER value=6
D 15:45:16.3328335 GameState.DebugPrintPower() -             tag=CARDTYPE value=MINION
D 15:45:16.3328335 GameState.DebugPrintPower() -             tag=TAG_LAST_KNOWN_COST_IN_HAND value=1
D 15:45:16.3328335 GameState.DebugPrintPower() -             tag=479 value=3
D 15:45:16.3328335 GameState.DebugPrintPower() -             tag=COST value=1
D 15:45:16.3328335 GameState.DebugPrintPower() -             tag=ATK value=3
D 15:45:16.3328335 GameState.DebugPrintPower() -             tag=HEALTH value=1
D 15:45:16.3328335 GameState.DebugPrintPower() -             tag=ZONE value=SETASIDE
D 15:45:16.3328335 GameState.DebugPrintPower() -             tag=ENTITY_ID value=559
D 15:45:16.3328335 GameState.DebugPrintPower() -             tag=CARDRACE value=PIRATE
D 15:45:16.3328335 GameState.DebugPrintPower() -             tag=DEATHRATTLE value=1
D 15:45:16.3328335 GameState.DebugPrintPower() -             tag=CREATOR value=63
D 15:45:16.3328335 GameState.DebugPrintPower() -             tag=1037 value=6
D 15:45:16.3328335 GameState.DebugPrintPower() -             tag=CREATOR_DBID value=57980
D 15:45:16.3328335 GameState.DebugPrintPower() -             tag=BACON_TRIPLE_UPGRADE_MINION_ID value=62262
D 15:45:16.3328335 GameState.DebugPrintPower() -             tag=TECH_LEVEL value=1
D 15:45:16.3328335 GameState.DebugPrintPower() -             tag=IS_BACON_POOL_MINION value=1
D 15:45:16.3328335 GameState.DebugPrintPower() -             tag=SUPPRESS_ALL_SUMMON_VO value=1
D 15:45:16.3328335 GameState.DebugPrintPower() -             tag=SPAWN_TIME_COUNT value=1
D 15:45:16.3328335 GameState.DebugPrintPower() -             tag=1596 value=1
D 15:45:16.3328335 GameState.DebugPrintPower() -             tag=HAS_ACTIVATE_POWER value=1
D 15:45:16.3328335 GameState.DebugPrintPower() -             tag=3085 value=1
D 15:45:16.3328335 GameState.DebugPrintPower() -         FULL_ENTITY - Creating ID=560 CardID=BG29_611
D 15:45:16.3328335 GameState.DebugPrintPower() -             tag=CONTROLLER value=6
D 15:45:16.3328335 GameState.DebugPrintPower() -             tag=CARDTYPE value=MINION
D 15:45:16.3328335 GameState.DebugPrintPower() -             tag=TAG_LAST_KNOWN_COST_IN_HAND value=1
D 15:45:16.3328335 GameState.DebugPrintPower() -             tag=479 value=1
D 15:45:16.3328335 GameState.DebugPrintPower() -             tag=COST value=1
D 15:45:16.3328335 GameState.DebugPrintPower() -             tag=ATK value=1
D 15:45:16.3328335 GameState.DebugPrintPower() -             tag=HEALTH value=1
D 15:45:16.3328335 GameState.DebugPrintPower() -             tag=ZONE value=SETASIDE
D 15:45:16.3328335 GameState.DebugPrintPower() -             tag=ENTITY_ID value=560
D 15:45:16.3328335 GameState.DebugPrintPower() -             tag=DIVINE_SHIELD value=1
D 15:45:16.3328335 GameState.DebugPrintPower() -             tag=CARDRACE value=MECHANICAL
D 15:45:16.3328335 GameState.DebugPrintPower() -             tag=DEATHRATTLE value=1
D 15:45:16.3328335 GameState.DebugPrintPower() -             tag=CREATOR value=63
D 15:45:16.3328335 GameState.DebugPrintPower() -             tag=1037 value=6
D 15:45:16.3328335 GameState.DebugPrintPower() -             tag=CREATOR_DBID value=57980
D 15:45:16.3328335 GameState.DebugPrintPower() -             tag=BACON_TRIPLE_UPGRADE_MINION_ID value=110102
D 15:45:16.3328335 GameState.DebugPrintPower() -             tag=TECH_LEVEL value=1
D 15:45:16.3328335 GameState.DebugPrintPower() -             tag=IS_BACON_POOL_MINION value=1
D 15:45:16.3328335 GameState.DebugPrintPower() -             tag=SUPPRESS_ALL_SUMMON_VO value=1
D 15:45:16.3328335 GameState.DebugPrintPower() -             tag=SPAWN_TIME_COUNT value=1
D 15:45:16.3328335 GameState.DebugPrintPower() -             tag=1595 value=1
D 15:45:16.3328335 GameState.DebugPrintPower() -             tag=HAS_ACTIVATE_POWER value=1
D 15:45:16.3328335 GameState.DebugPrintPower() -             tag=3085 value=1
D 15:45:16.3328335 GameState.DebugPrintPower() -         FULL_ENTITY - Creating ID=561 CardID=BG_GVG_085
D 15:45:16.3328335 GameState.DebugPrintPower() -             tag=CONTROLLER value=14
D 15:45:16.3328335 GameState.DebugPrintPower() -             tag=CARDTYPE value=MINION
D 15:45:16.3328335 GameState.DebugPrintPower() -             tag=1196 value=1
D 15:45:16.3328335 GameState.DebugPrintPower() -             tag=479 value=1
D 15:45:16.3328335 GameState.DebugPrintPower() -             tag=ATK value=1
D 15:45:16.3328335 GameState.DebugPrintPower() -             tag=HEALTH value=2
D 15:45:16.3328335 GameState.DebugPrintPower() -             tag=EXHAUSTED value=1
D 15:45:16.3328335 GameState.DebugPrintPower() -             tag=ZONE value=PLAY
D 15:45:16.3328335 GameState.DebugPrintPower() -             tag=ENTITY_ID value=561
D 15:45:16.3328335 GameState.DebugPrintPower() -             tag=TAUNT value=1
D 15:45:16.3328335 GameState.DebugPrintPower() -             tag=DIVINE_SHIELD value=1
D 15:45:16.3328335 GameState.DebugPrintPower() -             tag=CARDRACE value=MECHANICAL
D 15:45:16.3328335 GameState.DebugPrintPower() -             tag=RARITY value=COMMON
D 15:45:16.3328335 GameState.DebugPrintPower() -             tag=ZONE_POSITION value=1
D 15:45:16.3328335 GameState.DebugPrintPower() -             tag=CREATOR value=63
D 15:45:16.3328335 GameState.DebugPrintPower() -             tag=1037 value=6
D 15:45:16.3328335 GameState.DebugPrintPower() -             tag=1254 value=63
D 15:45:16.3328335 GameState.DebugPrintPower() -             tag=CREATOR_DBID value=57980
D 15:45:16.3328335 GameState.DebugPrintPower() -             tag=BACON_TRIPLE_UPGRADE_MINION_ID value=103653
D 15:45:16.3328335 GameState.DebugPrintPower() -             tag=TECH_LEVEL value=1
D 15:45:16.3328335 GameState.DebugPrintPower() -             tag=IS_BACON_POOL_MINION value=1
D 15:45:16.3328335 GameState.DebugPrintPower() -             tag=SUPPRESS_ALL_SUMMON_VO value=1
D 15:45:16.3328335 GameState.DebugPrintPower() -             tag=SPAWN_TIME_COUNT value=1
D 15:45:16.3328335 GameState.DebugPrintPower() -             tag=1595 value=1
D 15:45:16.3328335 GameState.DebugPrintPower() -             tag=HAS_ACTIVATE_POWER value=1
D 15:45:16.3328335 GameState.DebugPrintPower() -             tag=3085 value=2
D 15:45:16.3328335 GameState.DebugPrintPower() -         FULL_ENTITY - Creating ID=562 CardID=TB_BaconShop_DragBuy
D 15:45:16.3328335 GameState.DebugPrintPower() -             tag=CONTROLLER value=6
D 15:45:16.3328335 GameState.DebugPrintPower() -             tag=CARDTYPE value=MOVE_MINION_HOVER_TARGET
D 15:45:16.3328335 GameState.DebugPrintPower() -             tag=ZONE value=PLAY
D 15:45:16.3328335 GameState.DebugPrintPower() -             tag=ENTITY_ID value=562
D 15:45:16.3328335 GameState.DebugPrintPower() -             tag=CREATOR value=63
D 15:45:16.3328335 GameState.DebugPrintPower() -             tag=1037 value=6
D 15:45:16.3328335 GameState.DebugPrintPower() -             tag=CREATOR_DBID value=57980
D 15:45:16.3328335 GameState.DebugPrintPower() -             tag=BACON_ACTION_CARD value=1
D 15:45:16.3328335 GameState.DebugPrintPower() -             tag=SUPPRESS_ALL_SUMMON_VO value=1
D 15:45:16.3328335 GameState.DebugPrintPower() -             tag=MOVE_MINION_HOVER_TARGET_SLOT value=1
D 15:45:16.3328335 GameState.DebugPrintPower() -             tag=SPAWN_TIME_COUNT value=1
D 15:45:16.3328335 GameState.DebugPrintPower() -             tag=HAS_ACTIVATE_POWER value=1
D 15:45:16.3328335 GameState.DebugPrintPower() -         TAG_CHANGE Entity=562 tag=2442 value=561 
D 15:45:16.3328335 GameState.DebugPrintPower() -         TAG_CHANGE Entity=561 tag=HAS_DRAG_TO_BUY value=1 
D 15:45:16.3328335 GameState.DebugPrintPower() -         TAG_CHANGE Entity=[entityName=Tavern Tier 2 id=503 zone=PLAY zonePos=0 cardId=TB_BaconShopTechUp02_Button player=6] tag=COST value=4 
D 15:45:16.3328335 GameState.DebugPrintPower() -         TAG_CHANGE Entity=562 tag=COST value=3 
D 15:45:16.3328335 GameState.DebugPrintPower() -         TAG_CHANGE Entity=561 tag=NUM_TURNS_IN_PLAY value=3 
D 15:45:16.3328335 GameState.DebugPrintPower() -         TAG_CHANGE Entity=561 tag=EXHAUSTED value=0 
D 15:45:16.3328335 GameState.DebugPrintPower() -         TAG_CHANGE Entity=561 tag=CANT_ATTACK value=1 
D 15:45:16.3328335 GameState.DebugPrintPower() -         TAG_CHANGE Entity=558 tag=1068 value=5 
D 15:45:16.3328335 GameState.DebugPrintPower() -         TAG_CHANGE Entity=558 tag=1068 value=0 
D 15:45:16.3328335 GameState.DebugPrintPower() -         TAG_CHANGE Entity=558 tag=ZONE value=REMOVEDFROMGAME 
D 15:45:16.3328335 GameState.DebugPrintPower() -         TAG_CHANGE Entity=558 tag=HAS_ACTIVATE_POWER value=0 
D 15:45:16.3328335 GameState.DebugPrintPower() -         TAG_CHANGE Entity=558 tag=ATK value=0 
D 15:45:16.3328335 GameState.DebugPrintPower() -         TAG_CHANGE Entity=558 tag=HEALTH value=0 
D 15:45:16.3328335 GameState.DebugPrintPower() -         TAG_CHANGE Entity=558 tag=TAUNT value=0 
D 15:45:16.3328335 GameState.DebugPrintPower() -         TAG_CHANGE Entity=558 tag=DIVINE_SHIELD value=0 
D 15:45:16.3328335 GameState.DebugPrintPower() -         TAG_CHANGE Entity=558 tag=BACON_TRIPLE_UPGRADE_MINION_ID value=0 
D 15:45:16.3328335 GameState.DebugPrintPower() -         TAG_CHANGE Entity=558 tag=TECH_LEVEL value=0 
D 15:45:16.3328335 GameState.DebugPrintPower() -         TAG_CHANGE Entity=558 tag=IS_BACON_POOL_MINION value=0 
D 15:45:16.3328335 GameState.DebugPrintPower() -         TAG_CHANGE Entity=558 tag=SUPPRESS_ALL_SUMMON_VO value=0 
D 15:45:16.3328335 GameState.DebugPrintPower() -         TAG_CHANGE Entity=558 tag=SPAWN_TIME_COUNT value=0 
D 15:45:16.3328335 GameState.DebugPrintPower() -         TAG_CHANGE Entity=558 tag=1595 value=0 
D 15:45:16.3328335 GameState.DebugPrintPower() -         TAG_CHANGE Entity=558 tag=ATK value=1 
D 15:45:16.3328335 GameState.DebugPrintPower() -         TAG_CHANGE Entity=558 tag=HEALTH value=2 
D 15:45:16.3328335 GameState.DebugPrintPower() -         TAG_CHANGE Entity=558 tag=TAUNT value=1 
D 15:45:16.3328335 GameState.DebugPrintPower() -         TAG_CHANGE Entity=558 tag=DIVINE_SHIELD value=1 
D 15:45:16.3328335 GameState.DebugPrintPower() -         TAG_CHANGE Entity=558 tag=BACON_TRIPLE_UPGRADE_MINION_ID value=103653 
D 15:45:16.3328335 GameState.DebugPrintPower() -         TAG_CHANGE Entity=558 tag=TECH_LEVEL value=1 
D 15:45:16.3328335 GameState.DebugPrintPower() -         TAG_CHANGE Entity=558 tag=IS_BACON_POOL_MINION value=1 
D 15:45:16.3328335 GameState.DebugPrintPower() -         TAG_CHANGE Entity=558 tag=1595 value=1 
D 15:45:16.3328335 GameState.DebugPrintPower() -         TAG_CHANGE Entity=558 tag=HAS_ACTIVATE_POWER value=1 
D 15:45:16.3328335 GameState.DebugPrintPower() -         FULL_ENTITY - Creating ID=563 CardID=BGS_061
D 15:45:16.3328335 GameState.DebugPrintPower() -             tag=CONTROLLER value=14
D 15:45:16.3328335 GameState.DebugPrintPower() -             tag=CARDTYPE value=MINION
D 15:45:16.3328335 GameState.DebugPrintPower() -             tag=1196 value=1
D 15:45:16.3328335 GameState.DebugPrintPower() -             tag=TAG_LAST_KNOWN_COST_IN_HAND value=1
D 15:45:16.3328335 GameState.DebugPrintPower() -             tag=479 value=3
D 15:45:16.3328335 GameState.DebugPrintPower() -             tag=COST value=1
D 15:45:16.3328335 GameState.DebugPrintPower() -             tag=ATK value=3
D 15:45:16.3328335 GameState.DebugPrintPower() -             tag=HEALTH value=1
D 15:45:16.3328335 GameState.DebugPrintPower() -             tag=EXHAUSTED value=1
D 15:45:16.3328335 GameState.DebugPrintPower() -             tag=ZONE value=PLAY
D 15:45:16.3328335 GameState.DebugPrintPower() -             tag=ENTITY_ID value=563
D 15:45:16.3328335 GameState.DebugPrintPower() -             tag=CARDRACE value=PIRATE
D 15:45:16.3328335 GameState.DebugPrintPower() -             tag=DEATHRATTLE value=1
D 15:45:16.3328335 GameState.DebugPrintPower() -             tag=ZONE_POSITION value=2
D 15:45:16.3328335 GameState.DebugPrintPower() -             tag=CREATOR value=63
D 15:45:16.3328335 GameState.DebugPrintPower() -             tag=1037 value=6
D 15:45:16.3328335 GameState.DebugPrintPower() -             tag=1254 value=63
D 15:45:16.3328335 GameState.DebugPrintPower() -             tag=CREATOR_DBID value=57980
D 15:45:16.3328335 GameState.DebugPrintPower() -             tag=BACON_TRIPLE_UPGRADE_MINION_ID value=62262
D 15:45:16.3328335 GameState.DebugPrintPower() -             tag=TECH_LEVEL value=1
D 15:45:16.3328335 GameState.DebugPrintPower() -             tag=IS_BACON_POOL_MINION value=1
D 15:45:16.3328335 GameState.DebugPrintPower() -             tag=SUPPRESS_ALL_SUMMON_VO value=1
D 15:45:16.3328335 GameState.DebugPrintPower() -             tag=SPAWN_TIME_COUNT value=1
D 15:45:16.3328335 GameState.DebugPrintPower() -             tag=1596 value=1
D 15:45:16.3328335 GameState.DebugPrintPower() -             tag=HAS_ACTIVATE_POWER value=1
D 15:45:16.3328335 GameState.DebugPrintPower() -             tag=3085 value=1
D 15:45:16.3328335 GameState.DebugPrintPower() -         FULL_ENTITY - Creating ID=564 CardID=TB_BaconShop_DragBuy
D 15:45:16.3328335 GameState.DebugPrintPower() -             tag=CONTROLLER value=6
D 15:45:16.3328335 GameState.DebugPrintPower() -             tag=CARDTYPE value=MOVE_MINION_HOVER_TARGET
D 15:45:16.3328335 GameState.DebugPrintPower() -             tag=ZONE value=PLAY
D 15:45:16.3328335 GameState.DebugPrintPower() -             tag=ENTITY_ID value=564
D 15:45:16.3328335 GameState.DebugPrintPower() -             tag=CREATOR value=63
D 15:45:16.3328335 GameState.DebugPrintPower() -             tag=1037 value=6
D 15:45:16.3328335 GameState.DebugPrintPower() -             tag=CREATOR_DBID value=57980
D 15:45:16.3328335 GameState.DebugPrintPower() -             tag=BACON_ACTION_CARD value=1
D 15:45:16.3328335 GameState.DebugPrintPower() -             tag=SUPPRESS_ALL_SUMMON_VO value=1
D 15:45:16.3328335 GameState.DebugPrintPower() -             tag=MOVE_MINION_HOVER_TARGET_SLOT value=1
D 15:45:16.3328335 GameState.DebugPrintPower() -             tag=SPAWN_TIME_COUNT value=1
D 15:45:16.3328335 GameState.DebugPrintPower() -             tag=HAS_ACTIVATE_POWER value=1
D 15:45:16.3328335 GameState.DebugPrintPower() -         TAG_CHANGE Entity=564 tag=2442 value=563 
D 15:45:16.3328335 GameState.DebugPrintPower() -         TAG_CHANGE Entity=563 tag=HAS_DRAG_TO_BUY value=1 
D 15:45:16.3328335 GameState.DebugPrintPower() -         TAG_CHANGE Entity=564 tag=COST value=3 
D 15:45:16.3328335 GameState.DebugPrintPower() -         TAG_CHANGE Entity=563 tag=NUM_TURNS_IN_PLAY value=3 
D 15:45:16.3328335 GameState.DebugPrintPower() -         TAG_CHANGE Entity=563 tag=EXHAUSTED value=0 
D 15:45:16.3328335 GameState.DebugPrintPower() -         TAG_CHANGE Entity=563 tag=CANT_ATTACK value=1 
D 15:45:16.3328335 GameState.DebugPrintPower() -         TAG_CHANGE Entity=559 tag=1068 value=5 
D 15:45:16.3328335 GameState.DebugPrintPower() -         TAG_CHANGE Entity=559 tag=1068 value=0 
D 15:45:16.3328335 GameState.DebugPrintPower() -         TAG_CHANGE Entity=559 tag=ZONE value=REMOVEDFROMGAME 
D 15:45:16.3328335 GameState.DebugPrintPower() -         TAG_CHANGE Entity=559 tag=HAS_ACTIVATE_POWER value=0 
D 15:45:16.3328335 GameState.DebugPrintPower() -         TAG_CHANGE Entity=559 tag=COST value=0 
D 15:45:16.3328335 GameState.DebugPrintPower() -         TAG_CHANGE Entity=559 tag=ATK value=0 
D 15:45:16.3328335 GameState.DebugPrintPower() -         TAG_CHANGE Entity=559 tag=HEALTH value=0 
D 15:45:16.3328335 GameState.DebugPrintPower() -         TAG_CHANGE Entity=559 tag=DEATHRATTLE value=0 
D 15:45:16.3328335 GameState.DebugPrintPower() -         TAG_CHANGE Entity=559 tag=BACON_TRIPLE_UPGRADE_MINION_ID value=0 
D 15:45:16.3328335 GameState.DebugPrintPower() -         TAG_CHANGE Entity=559 tag=TECH_LEVEL value=0 
D 15:45:16.3328335 GameState.DebugPrintPower() -         TAG_CHANGE Entity=559 tag=IS_BACON_POOL_MINION value=0 
D 15:45:16.3328335 GameState.DebugPrintPower() -         TAG_CHANGE Entity=559 tag=SUPPRESS_ALL_SUMMON_VO value=0 
D 15:45:16.3328335 GameState.DebugPrintPower() -         TAG_CHANGE Entity=559 tag=SPAWN_TIME_COUNT value=0 
D 15:45:16.3328335 GameState.DebugPrintPower() -         TAG_CHANGE Entity=559 tag=1596 value=0 
D 15:45:16.3328335 GameState.DebugPrintPower() -         TAG_CHANGE Entity=559 tag=COST value=1 
D 15:45:16.3328335 GameState.DebugPrintPower() -         TAG_CHANGE Entity=559 tag=ATK value=3 
D 15:45:16.3328335 GameState.DebugPrintPower() -         TAG_CHANGE Entity=559 tag=HEALTH value=1 
D 15:45:16.3328335 GameState.DebugPrintPower() -         TAG_CHANGE Entity=559 tag=DEATHRATTLE value=1 
D 15:45:16.3328335 GameState.DebugPrintPower() -         TAG_CHANGE Entity=559 tag=BACON_TRIPLE_UPGRADE_MINION_ID value=62262 
D 15:45:16.3328335 GameState.DebugPrintPower() -         TAG_CHANGE Entity=559 tag=TECH_LEVEL value=1 
D 15:45:16.3328335 GameState.DebugPrintPower() -         TAG_CHANGE Entity=559 tag=IS_BACON_POOL_MINION value=1 
D 15:45:16.3328335 GameState.DebugPrintPower() -         TAG_CHANGE Entity=559 tag=1596 value=1 
D 15:45:16.3328335 GameState.DebugPrintPower() -         TAG_CHANGE Entity=559 tag=HAS_ACTIVATE_POWER value=1 
D 15:45:16.3328335 GameState.DebugPrintPower() -         FULL_ENTITY - Creating ID=565 CardID=BG29_611
D 15:45:16.3328335 GameState.DebugPrintPower() -             tag=CONTROLLER value=14
D 15:45:16.3328335 GameState.DebugPrintPower() -             tag=CARDTYPE value=MINION
D 15:45:16.3328335 GameState.DebugPrintPower() -             tag=1196 value=1
D 15:45:16.3328335 GameState.DebugPrintPower() -             tag=TAG_LAST_KNOWN_COST_IN_HAND value=1
D 15:45:16.3328335 GameState.DebugPrintPower() -             tag=479 value=1
D 15:45:16.3328335 GameState.DebugPrintPower() -             tag=COST value=1
D 15:45:16.3328335 GameState.DebugPrintPower() -             tag=ATK value=1
D 15:45:16.3328335 GameState.DebugPrintPower() -             tag=HEALTH value=1
D 15:45:16.3328335 GameState.DebugPrintPower() -             tag=EXHAUSTED value=1
D 15:45:16.3328335 GameState.DebugPrintPower() -             tag=ZONE value=PLAY
D 15:45:16.3328335 GameState.DebugPrintPower() -             tag=ENTITY_ID value=565
D 15:45:16.3328335 GameState.DebugPrintPower() -             tag=DIVINE_SHIELD value=1
D 15:45:16.3328335 GameState.DebugPrintPower() -             tag=CARDRACE value=MECHANICAL
D 15:45:16.3328335 GameState.DebugPrintPower() -             tag=DEATHRATTLE value=1
D 15:45:16.3328335 GameState.DebugPrintPower() -             tag=ZONE_POSITION value=3
D 15:45:16.3328335 GameState.DebugPrintPower() -             tag=CREATOR value=63
D 15:45:16.3328335 GameState.DebugPrintPower() -             tag=1037 value=6
D 15:45:16.3328335 GameState.DebugPrintPower() -             tag=1254 value=63
D 15:45:16.3328335 GameState.DebugPrintPower() -             tag=CREATOR_DBID value=57980
D 15:45:16.3328335 GameState.DebugPrintPower() -             tag=BACON_TRIPLE_UPGRADE_MINION_ID value=110102
D 15:45:16.3328335 GameState.DebugPrintPower() -             tag=TECH_LEVEL value=1
D 15:45:16.3328335 GameState.DebugPrintPower() -             tag=IS_BACON_POOL_MINION value=1
D 15:45:16.3328335 GameState.DebugPrintPower() -             tag=SUPPRESS_ALL_SUMMON_VO value=1
D 15:45:16.3328335 GameState.DebugPrintPower() -             tag=SPAWN_TIME_COUNT value=1
D 15:45:16.3328335 GameState.DebugPrintPower() -             tag=1595 value=1
D 15:45:16.3328335 GameState.DebugPrintPower() -             tag=HAS_ACTIVATE_POWER value=1
D 15:45:16.3328335 GameState.DebugPrintPower() -             tag=3085 value=1
D 15:45:16.3328335 GameState.DebugPrintPower() -         FULL_ENTITY - Creating ID=566 CardID=TB_BaconShop_DragBuy
D 15:45:16.3328335 GameState.DebugPrintPower() -             tag=CONTROLLER value=6
D 15:45:16.3328335 GameState.DebugPrintPower() -             tag=CARDTYPE value=MOVE_MINION_HOVER_TARGET
D 15:45:16.3328335 GameState.DebugPrintPower() -             tag=ZONE value=PLAY
D 15:45:16.3328335 GameState.DebugPrintPower() -             tag=ENTITY_ID value=566
D 15:45:16.3328335 GameState.DebugPrintPower() -             tag=CREATOR value=63
D 15:45:16.3328335 GameState.DebugPrintPower() -             tag=1037 value=6
D 15:45:16.3328335 GameState.DebugPrintPower() -             tag=CREATOR_DBID value=57980
D 15:45:16.3328335 GameState.DebugPrintPower() -             tag=BACON_ACTION_CARD value=1
D 15:45:16.3328335 GameState.DebugPrintPower() -             tag=SUPPRESS_ALL_SUMMON_VO value=1
D 15:45:16.3328335 GameState.DebugPrintPower() -             tag=MOVE_MINION_HOVER_TARGET_SLOT value=1
D 15:45:16.3328335 GameState.DebugPrintPower() -             tag=SPAWN_TIME_COUNT value=1
D 15:45:16.3328335 GameState.DebugPrintPower() -             tag=HAS_ACTIVATE_POWER value=1
D 15:45:16.3328335 GameState.DebugPrintPower() -         TAG_CHANGE Entity=566 tag=2442 value=565 
D 15:45:16.3328335 GameState.DebugPrintPower() -         TAG_CHANGE Entity=565 tag=HAS_DRAG_TO_BUY value=1 
D 15:45:16.3328335 GameState.DebugPrintPower() -         TAG_CHANGE Entity=566 tag=COST value=3 
D 15:45:16.3328335 GameState.DebugPrintPower() -         TAG_CHANGE Entity=565 tag=NUM_TURNS_IN_PLAY value=3 
D 15:45:16.3328335 GameState.DebugPrintPower() -         TAG_CHANGE Entity=565 tag=EXHAUSTED value=0 
D 15:45:16.3328335 GameState.DebugPrintPower() -         TAG_CHANGE Entity=565 tag=CANT_ATTACK value=1 
D 15:45:16.3328335 GameState.DebugPrintPower() -         TAG_CHANGE Entity=560 tag=1068 value=5 
D 15:45:16.3328335 GameState.DebugPrintPower() -         TAG_CHANGE Entity=560 tag=1068 value=0 
D 15:45:16.3328335 GameState.DebugPrintPower() -         TAG_CHANGE Entity=560 tag=ZONE value=REMOVEDFROMGAME 
D 15:45:16.3328335 GameState.DebugPrintPower() -         TAG_CHANGE Entity=560 tag=HAS_ACTIVATE_POWER value=0 
D 15:45:16.3328335 GameState.DebugPrintPower() -         TAG_CHANGE Entity=560 tag=COST value=0 
D 15:45:16.3328335 GameState.DebugPrintPower() -         TAG_CHANGE Entity=560 tag=ATK value=0 
D 15:45:16.3328335 GameState.DebugPrintPower() -         TAG_CHANGE Entity=560 tag=HEALTH value=0 
D 15:45:16.3328335 GameState.DebugPrintPower() -         TAG_CHANGE Entity=560 tag=DIVINE_SHIELD value=0 
D 15:45:16.3328335 GameState.DebugPrintPower() -         TAG_CHANGE Entity=560 tag=DEATHRATTLE value=0 
D 15:45:16.3328335 GameState.DebugPrintPower() -         TAG_CHANGE Entity=560 tag=BACON_TRIPLE_UPGRADE_MINION_ID value=0 
D 15:45:16.3328335 GameState.DebugPrintPower() -         TAG_CHANGE Entity=560 tag=TECH_LEVEL value=0 
D 15:45:16.3328335 GameState.DebugPrintPower() -         TAG_CHANGE Entity=560 tag=IS_BACON_POOL_MINION value=0 
D 15:45:16.3328335 GameState.DebugPrintPower() -         TAG_CHANGE Entity=560 tag=SUPPRESS_ALL_SUMMON_VO value=0 
D 15:45:16.3328335 GameState.DebugPrintPower() -         TAG_CHANGE Entity=560 tag=SPAWN_TIME_COUNT value=0 
D 15:45:16.3328335 GameState.DebugPrintPower() -         TAG_CHANGE Entity=560 tag=1595 value=0 
D 15:45:16.3328335 GameState.DebugPrintPower() -         TAG_CHANGE Entity=560 tag=COST value=1 
D 15:45:16.3328335 GameState.DebugPrintPower() -         TAG_CHANGE Entity=560 tag=ATK value=1 
D 15:45:16.3328335 GameState.DebugPrintPower() -         TAG_CHANGE Entity=560 tag=HEALTH value=1 
D 15:45:16.3328335 GameState.DebugPrintPower() -         TAG_CHANGE Entity=560 tag=DIVINE_SHIELD value=1 
D 15:45:16.3328335 GameState.DebugPrintPower() -         TAG_CHANGE Entity=560 tag=DEATHRATTLE value=1 
D 15:45:16.3328335 GameState.DebugPrintPower() -         TAG_CHANGE Entity=560 tag=BACON_TRIPLE_UPGRADE_MINION_ID value=110102 
D 15:45:16.3328335 GameState.DebugPrintPower() -         TAG_CHANGE Entity=560 tag=TECH_LEVEL value=1 
D 15:45:16.3328335 GameState.DebugPrintPower() -         TAG_CHANGE Entity=560 tag=IS_BACON_POOL_MINION value=1 
D 15:45:16.3328335 GameState.DebugPrintPower() -         TAG_CHANGE Entity=560 tag=1595 value=1 
D 15:45:16.3328335 GameState.DebugPrintPower() -         TAG_CHANGE Entity=560 tag=HAS_ACTIVATE_POWER value=1 
D 15:45:16.3328335 GameState.DebugPrintPower() -         FULL_ENTITY - Creating ID=567 CardID=BG28_810
D 15:45:16.3328335 GameState.DebugPrintPower() -             tag=CONTROLLER value=6
D 15:45:16.3328335 GameState.DebugPrintPower() -             tag=CARDTYPE value=BATTLEGROUND_SPELL
D 15:45:16.3328335 GameState.DebugPrintPower() -             tag=TAG_LAST_KNOWN_COST_IN_HAND value=1
D 15:45:16.3328335 GameState.DebugPrintPower() -             tag=COST value=1
D 15:45:16.3328335 GameState.DebugPrintPower() -             tag=ZONE value=SETASIDE
D 15:45:16.3328335 GameState.DebugPrintPower() -             tag=ENTITY_ID value=567
D 15:45:16.3328335 GameState.DebugPrintPower() -             tag=CREATOR value=63
D 15:45:16.3328335 GameState.DebugPrintPower() -             tag=1037 value=6
D 15:45:16.3328335 GameState.DebugPrintPower() -             tag=CREATOR_DBID value=57980
D 15:45:16.3328335 GameState.DebugPrintPower() -             tag=TECH_LEVEL value=1
D 15:45:16.3328335 GameState.DebugPrintPower() -             tag=SUPPRESS_ALL_SUMMON_VO value=1
D 15:45:16.3328335 GameState.DebugPrintPower() -             tag=SPAWN_TIME_COUNT value=1
D 15:45:16.3328335 GameState.DebugPrintPower() -             tag=SPELL_SCHOOL value=9
D 15:45:16.3328335 GameState.DebugPrintPower() -             tag=HAS_ACTIVATE_POWER value=1
D 15:45:16.3328335 GameState.DebugPrintPower() -             tag=3081 value=1
D 15:45:16.3328335 GameState.DebugPrintPower() -         FULL_ENTITY - Creating ID=568 CardID=BG28_810
D 15:45:16.3328335 GameState.DebugPrintPower() -             tag=CONTROLLER value=14
D 15:45:16.3328335 GameState.DebugPrintPower() -             tag=CARDTYPE value=BATTLEGROUND_SPELL
D 15:45:16.3328335 GameState.DebugPrintPower() -             tag=TAG_LAST_KNOWN_COST_IN_HAND value=1
D 15:45:16.3328335 GameState.DebugPrintPower() -             tag=COST value=1
D 15:45:16.3328335 GameState.DebugPrintPower() -             tag=ZONE value=PLAY
D 15:45:16.3328335 GameState.DebugPrintPower() -             tag=ENTITY_ID value=568
D 15:45:16.3328335 GameState.DebugPrintPower() -             tag=ZONE_POSITION value=4
D 15:45:16.3328335 GameState.DebugPrintPower() -             tag=CREATOR value=63
D 15:45:16.3328335 GameState.DebugPrintPower() -             tag=1037 value=6
D 15:45:16.3328335 GameState.DebugPrintPower() -             tag=CREATOR_DBID value=57980
D 15:45:16.3328335 GameState.DebugPrintPower() -             tag=TECH_LEVEL value=1
D 15:45:16.3328335 GameState.DebugPrintPower() -             tag=SUPPRESS_ALL_SUMMON_VO value=1
D 15:45:16.3328335 GameState.DebugPrintPower() -             tag=SPAWN_TIME_COUNT value=1
D 15:45:16.3328335 GameState.DebugPrintPower() -             tag=SPELL_SCHOOL value=9
D 15:45:16.3328335 GameState.DebugPrintPower() -             tag=HAS_ACTIVATE_POWER value=1
D 15:45:16.3328335 GameState.DebugPrintPower() -             tag=3081 value=1
D 15:45:16.3328335 GameState.DebugPrintPower() -         TAG_CHANGE Entity=568 tag=NUM_TURNS_IN_PLAY value=3 
D 15:45:16.3328335 GameState.DebugPrintPower() -         TAG_CHANGE Entity=567 tag=1068 value=5 
D 15:45:16.3328335 GameState.DebugPrintPower() -         TAG_CHANGE Entity=567 tag=1068 value=0 
D 15:45:16.3328335 GameState.DebugPrintPower() -         TAG_CHANGE Entity=567 tag=ZONE value=REMOVEDFROMGAME 
D 15:45:16.3328335 GameState.DebugPrintPower() -         TAG_CHANGE Entity=567 tag=HAS_ACTIVATE_POWER value=0 
D 15:45:16.3328335 GameState.DebugPrintPower() -         TAG_CHANGE Entity=567 tag=COST value=0 
D 15:45:16.3328335 GameState.DebugPrintPower() -         TAG_CHANGE Entity=567 tag=TECH_LEVEL value=0 
D 15:45:16.3328335 GameState.DebugPrintPower() -         TAG_CHANGE Entity=567 tag=SUPPRESS_ALL_SUMMON_VO value=0 
D 15:45:16.3328335 GameState.DebugPrintPower() -         TAG_CHANGE Entity=567 tag=SPAWN_TIME_COUNT value=0 
D 15:45:16.3328335 GameState.DebugPrintPower() -         TAG_CHANGE Entity=567 tag=SPELL_SCHOOL value=0 
D 15:45:16.3328335 GameState.DebugPrintPower() -         TAG_CHANGE Entity=567 tag=3081 value=0 
D 15:45:16.3328335 GameState.DebugPrintPower() -         TAG_CHANGE Entity=567 tag=COST value=1 
D 15:45:16.3328335 GameState.DebugPrintPower() -         TAG_CHANGE Entity=567 tag=TECH_LEVEL value=1 
D 15:45:16.3328335 GameState.DebugPrintPower() -         TAG_CHANGE Entity=567 tag=SPELL_SCHOOL value=9 
D 15:45:16.3328335 GameState.DebugPrintPower() -         TAG_CHANGE Entity=567 tag=3081 value=1 
D 15:45:16.3328335 GameState.DebugPrintPower() -         TAG_CHANGE Entity=567 tag=HAS_ACTIVATE_POWER value=1 
D 15:45:16.3328335 GameState.DebugPrintPower() -     SUB_SPELL_END
D 15:45:16.3328335 GameState.DebugPrintPower() -     TAG_CHANGE Entity=GameEntity tag=1453 value=0 
D 15:45:16.3328335 GameState.DebugPrintPower() -     TAG_CHANGE Entity=GameEntity tag=SUPPRESS_ALL_SUMMON_VO value=0 
D 15:45:16.3328335 GameState.DebugPrintPower() -     TAG_CHANGE Entity=GameEntity tag=MISSION_EVENT value=0 
D 15:45:16.3328335 GameState.DebugPrintPower() -     TAG_CHANGE Entity=GameEntity tag=MISSION_EVENT value=114 
D 15:45:16.3328335 GameState.DebugPrintPower() -     BLOCK_START BlockType=TRIGGER Entity=[entityName=Refresh id=500 zone=PLAY zonePos=0 cardId=TB_BaconShop_8p_Reroll_Button player=6] EffectCardId=System.Collections.Generic.List`1[System.String] EffectIndex=0 Target=0 SubOption=-1 TriggerKeyword=TAG_NOT_SET
D 15:45:16.3328335 GameState.DebugPrintPower() -         TAG_CHANGE Entity=dymitrq#2316 tag=2336 value=1 
D 15:45:16.3328335 GameState.DebugPrintPower() -     BLOCK_END
D 15:45:16.3328335 GameState.DebugPrintPower() - BLOCK_END
D 15:45:16.3328335 GameState.DebugPrintPower() - BLOCK_START BlockType=TRIGGER Entity=[entityName=Banana Watcher id=223 zone=PLAY zonePos=0 cardId=TB_BaconShop_HP_038e player=6] EffectCardId=System.Collections.Generic.List`1[System.String] EffectIndex=0 Target=0 SubOption=-1 TriggerKeyword=2882
D 15:45:16.3328335 GameState.DebugPrintPower() - BLOCK_END
D 15:45:16.3328335 GameState.DebugPrintPower() - BLOCK_START BlockType=TRIGGER Entity=dymitrq#2316 EffectCardId=System.Collections.Generic.List`1[System.String] EffectIndex=-1 Target=0 SubOption=-1 TriggerKeyword=TAG_NOT_SET
D 15:45:16.3328335 GameState.DebugPrintPower() -     TAG_CHANGE Entity=GameEntity tag=NEXT_STEP value=MAIN_START 
D 15:45:16.3328335 GameState.DebugPrintPower() - BLOCK_END
D 15:45:16.3328335 GameState.DebugPrintPower() - BLOCK_START BlockType=TRIGGER Entity=[entityName=BaconShop8PlayerEnchant id=63 zone=PLAY zonePos=0 cardId=TB_BaconShop_8P_PlayerE player=6] EffectCardId=System.Collections.Generic.List`1[System.String] EffectIndex=7 Target=0 SubOption=-1 TriggerKeyword=TAG_NOT_SET
D 15:45:16.3328335 GameState.DebugPrintPower() - BLOCK_END
D 15:45:16.3328335 GameState.DebugPrintPower() - FULL_ENTITY - Creating ID=569 CardID=TB_BaconShop_DragBuy_Spell
D 15:45:16.3328335 GameState.DebugPrintPower() -     tag=CONTROLLER value=6
D 15:45:16.3328335 GameState.DebugPrintPower() -     tag=CARDTYPE value=MOVE_MINION_HOVER_TARGET
D 15:45:16.3328335 GameState.DebugPrintPower() -     tag=ZONE value=PLAY
D 15:45:16.3328335 GameState.DebugPrintPower() -     tag=ENTITY_ID value=569
D 15:45:16.3328335 GameState.DebugPrintPower() -     tag=CREATOR value=63
D 15:45:16.3328335 GameState.DebugPrintPower() -     tag=1037 value=6
D 15:45:16.3328335 GameState.DebugPrintPower() -     tag=CREATOR_DBID value=57980
D 15:45:16.3328335 GameState.DebugPrintPower() -     tag=BACON_ACTION_CARD value=1
D 15:45:16.3328335 GameState.DebugPrintPower() -     tag=MOVE_MINION_HOVER_TARGET_SLOT value=1
D 15:45:16.3328335 GameState.DebugPrintPower() -     tag=SPAWN_TIME_COUNT value=1
D 15:45:16.3328335 GameState.DebugPrintPower() -     tag=HAS_ACTIVATE_POWER value=1
D 15:45:16.3328335 GameState.DebugPrintPower() - TAG_CHANGE Entity=569 tag=2442 value=568 
D 15:45:16.3328335 GameState.DebugPrintPower() - TAG_CHANGE Entity=568 tag=HAS_DRAG_TO_BUY value=1 
D 15:45:16.3328335 GameState.DebugPrintPower() - TAG_CHANGE Entity=569 tag=COST value=1 
D 15:45:16.3495702 GameState.DebugPrintPowerList() - Count=2
D 15:45:16.3495702 GameState.DebugPrintPower() - TAG_CHANGE Entity=[entityName=Sparkhoarder Togwaggle id=85 zone=PLAY zonePos=0 cardId=BG23_HERO_305_SKIN_B player=6] tag=PLAYER_LEADERBOARD_PLACE value=2 
D 15:45:16.3495702 GameState.DebugPrintPower() - TAG_CHANGE Entity=[entityName=Rakanishu id=103 zone=SETASIDE zonePos=0 cardId=TB_BaconShop_HERO_75 player=14] tag=PLAYER_LEADERBOARD_PLACE value=3 
D 15:45:16.3660180 GameState.DebugPrintPowerList() - Count=1
D 15:45:16.3660180 GameState.DebugPrintPower() - TAG_CHANGE Entity=[entityName=Murloc Holmes id=146 zone=SETASIDE zonePos=0 cardId=BG23_HERO_303 player=14] tag=PLAYER_LEADERBOARD_PLACE value=5 
D 15:45:16.3825778 GameState.DebugPrintPowerList() - Count=1
D 15:45:16.3825778 GameState.DebugPrintPower() - TAG_CHANGE Entity=[entityName=Shudderwock id=161 zone=SETASIDE zonePos=0 cardId=TB_BaconShop_HERO_23 player=14] tag=PLAYER_LEADERBOARD_PLACE value=6 
D 15:45:16.4002679 GameState.DebugPrintPowerList() - Count=1
D 15:45:16.4002679 GameState.DebugPrintPower() - TAG_CHANGE Entity=[entityName=Rakanishu id=103 zone=SETASIDE zonePos=0 cardId=TB_BaconShop_HERO_75 player=14] tag=PLAYER_LEADERBOARD_PLACE value=2 
D 15:45:16.4158541 GameState.DebugPrintPowerList() - Count=1
D 15:45:16.4158541 GameState.DebugPrintPower() - TAG_CHANGE Entity=[entityName=Sparkhoarder Togwaggle id=85 zone=PLAY zonePos=0 cardId=BG23_HERO_305_SKIN_B player=6] tag=PLAYER_LEADERBOARD_PLACE value=3 
D 15:45:16.4358563 GameState.DebugPrintPowerList() - Count=1
D 15:45:16.4358563 GameState.DebugPrintPower() - TAG_CHANGE Entity=[entityName=Shudderwock id=161 zone=SETASIDE zonePos=0 cardId=TB_BaconShop_HERO_23 player=14] tag=PLAYER_LEADERBOARD_PLACE value=5 
D 15:45:16.4505722 GameState.DebugPrintPowerList() - Count=1
D 15:45:16.4505722 GameState.DebugPrintPower() - TAG_CHANGE Entity=[entityName=Murloc Holmes id=146 zone=SETASIDE zonePos=0 cardId=BG23_HERO_303 player=14] tag=PLAYER_LEADERBOARD_PLACE value=6 
D 15:45:16.4695087 GameState.DebugPrintPowerList() - Count=22
D 15:45:16.4695087 GameState.DebugPrintPower() - TAG_CHANGE Entity=GameEntity tag=STEP value=MAIN_START 
D 15:45:16.4695087 GameState.DebugPrintPower() - BLOCK_START BlockType=TRIGGER Entity=dymitrq#2316 EffectCardId=System.Collections.Generic.List`1[System.String] EffectIndex=-1 Target=0 SubOption=-1 TriggerKeyword=TAG_NOT_SET
D 15:45:16.4695087 GameState.DebugPrintPower() -     TAG_CHANGE Entity=GameEntity tag=NEXT_STEP value=MAIN_ACTION 
D 15:45:16.4695087 GameState.DebugPrintPower() - BLOCK_END
D 15:45:16.4695087 GameState.DebugPrintPower() - BLOCK_START BlockType=TRIGGER Entity=[entityName=BaconShop8PlayerEnchant id=63 zone=PLAY zonePos=0 cardId=TB_BaconShop_8P_PlayerE player=6] EffectCardId=System.Collections.Generic.List`1[System.String] EffectIndex=4 Target=0 SubOption=-1 TriggerKeyword=TAG_NOT_SET
D 15:45:16.4695087 GameState.DebugPrintPower() -     FULL_ENTITY - Creating ID=602 CardID=TB_BaconShop_CheckTriples
D 15:45:16.4695087 GameState.DebugPrintPower() -         tag=CONTROLLER value=6
D 15:45:16.4695087 GameState.DebugPrintPower() -         tag=CARDTYPE value=SPELL
D 15:45:16.4695087 GameState.DebugPrintPower() -         tag=ZONE value=SETASIDE
D 15:45:16.4695087 GameState.DebugPrintPower() -         tag=ENTITY_ID value=602
D 15:45:16.4695087 GameState.DebugPrintPower() -         tag=CREATOR value=63
D 15:45:16.4695087 GameState.DebugPrintPower() -         tag=1037 value=6
D 15:45:16.4695087 GameState.DebugPrintPower() -         tag=1200 value=1
D 15:45:16.4695087 GameState.DebugPrintPower() -         tag=CREATOR_DBID value=57980
D 15:45:16.4695087 GameState.DebugPrintPower() -         tag=SPAWN_TIME_COUNT value=1
D 15:45:16.4695087 GameState.DebugPrintPower() -     TAG_CHANGE Entity=602 tag=1715 value=63 
D 15:45:16.4695087 GameState.DebugPrintPower() -     TAG_CHANGE Entity=602 tag=1068 value=1 
D 15:45:16.4695087 GameState.DebugPrintPower() -     TAG_CHANGE Entity=602 tag=1068 value=0 
D 15:45:16.4695087 GameState.DebugPrintPower() -     TAG_CHANGE Entity=602 tag=ZONE value=PLAY 
D 15:45:16.4695087 GameState.DebugPrintPower() -     META_DATA - Meta=HISTORY_TARGET Data=0 InfoCount=1
D 15:45:16.4695087 GameState.DebugPrintPower() -                 Info[0] = 602
D 15:45:16.4695087 GameState.DebugPrintPower() -     BLOCK_START BlockType=POWER Entity=602 EffectCardId=System.Collections.Generic.List`1[System.String] EffectIndex=0 Target=0 SubOption=-1 
D 15:45:16.4695087 GameState.DebugPrintPower() -     BLOCK_END
D 15:45:16.4695087 GameState.DebugPrintPower() -     TAG_CHANGE Entity=602 tag=1068 value=4 
D 15:45:16.4695087 GameState.DebugPrintPower() -     TAG_CHANGE Entity=602 tag=1068 value=0 
D 15:45:16.4695087 GameState.DebugPrintPower() -     TAG_CHANGE Entity=602 tag=ZONE value=GRAVEYARD 
D 15:45:16.4695087 GameState.DebugPrintPower() -     TAG_CHANGE Entity=[entityName=Annoy-o-Tron id=561 zone=PLAY zonePos=1 cardId=BG_GVG_085 player=14] tag=BACON_PAIR_CANDIDATE value=1 
D 15:45:16.4695087 GameState.DebugPrintPower() - BLOCK_END
D 15:45:16.4695087 GameState.DebugPrintPower() - TAG_CHANGE Entity=GameEntity tag=STEP value=MAIN_ACTION 
D 15:45:16.4695087 GameState.DebugPrintPower() - BLOCK_START BlockType=TRIGGER Entity=dymitrq#2316 EffectCardId=System.Collections.Generic.List`1[System.String] EffectIndex=-1 Target=0 SubOption=-1 TriggerKeyword=TAG_NOT_SET
D 15:45:16.4695087 GameState.DebugPrintPower() -     TAG_CHANGE Entity=GameEntity tag=NEXT_STEP value=MAIN_END 
D 15:45:16.4695087 GameState.DebugPrintPower() - BLOCK_END
D 15:45:16.4836364 GameState.DebugPrintOptions() - id=6
D 15:45:16.4836364 GameState.DebugPrintOptions() -   option 0 type=END_TURN mainEntity= error=INVALID errorParam=
D 15:45:16.4836364 GameState.DebugPrintOptions() -   option 1 type=POWER mainEntity=[entityName=Annoy-o-Tron id=435 zone=SETASIDE zonePos=0 cardId=BG_GVG_085 player=6] error=NONE errorParam=
D 15:45:16.4836364 GameState.DebugPrintOptions() -   option 2 type=POWER mainEntity=[entityName=Refresh id=500 zone=PLAY zonePos=0 cardId=TB_BaconShop_8p_Reroll_Button player=6] error=NONE errorParam=
D 15:45:16.4836364 GameState.DebugPrintOptions() -   option 3 type=POWER mainEntity=[entityName=Freeze id=501 zone=PLAY zonePos=0 cardId=TB_BaconShopLockAll_Button player=6] error=NONE errorParam=
D 15:45:16.4836364 GameState.DebugPrintOptions() -   option 4 type=POWER mainEntity=[entityName=Drag To Sell id=502 zone=PLAY zonePos=0 cardId=TB_BaconShop_DragSell player=6] error=NONE errorParam=
D 15:45:16.4836364 GameState.DebugPrintOptions() -     target 0 entity=[entityName=Annoy-o-Tron id=435 zone=SETASIDE zonePos=0 cardId=BG_GVG_085 player=6] error=NONE errorParam=
D 15:45:16.4836364 GameState.DebugPrintOptions() -     target 1 entity=[entityName=Sparkhoarder Togwaggle id=85 zone=PLAY zonePos=0 cardId=BG23_HERO_305_SKIN_B player=6] error=REQ_MINION_TARGET errorParam=
D 15:45:16.4836364 GameState.DebugPrintOptions() -     target 2 entity=[entityName=Bartender Bob id=62 zone=PLAY zonePos=0 cardId=TB_BaconShopBob player=14] error=REQ_FRIENDLY_TARGET errorParam=
D 15:45:16.4836364 GameState.DebugPrintOptions() -     target 3 entity=[entityName=Annoy-o-Tron id=561 zone=PLAY zonePos=1 cardId=BG_GVG_085 player=14] error=REQ_FRIENDLY_TARGET errorParam=
D 15:45:16.4836364 GameState.DebugPrintOptions() -     target 4 entity=[entityName=Scallywag id=563 zone=PLAY zonePos=2 cardId=BGS_061 player=14] error=REQ_FRIENDLY_TARGET errorParam=
D 15:45:16.4836364 GameState.DebugPrintOptions() -     target 5 entity=[entityName=Cord Puller id=565 zone=PLAY zonePos=3 cardId=BG29_611 player=14] error=REQ_FRIENDLY_TARGET errorParam=
D 15:45:16.4836364 GameState.DebugPrintOptions() -     target 6 entity=[entityName=Tavern Coin id=568 zone=PLAY zonePos=4 cardId=BG28_810 player=14] error=REQ_MINION_TARGET errorParam=
D 15:45:16.4836364 GameState.DebugPrintOptions() -   option 5 type=POWER mainEntity=[entityName=Tavern Tier 2 id=503 zone=PLAY zonePos=0 cardId=TB_BaconShopTechUp02_Button player=6] error=NONE errorParam=
D 15:45:16.4836364 GameState.DebugPrintOptions() -   option 6 type=POWER mainEntity=[entityName=Annoy-o-Tron id=561 zone=PLAY zonePos=1 cardId=BG_GVG_085 player=14] error=NONE errorParam=
D 15:45:16.4836364 GameState.DebugPrintOptions() -   option 7 type=POWER mainEntity=[entityName=Drag To Buy id=562 zone=PLAY zonePos=0 cardId=TB_BaconShop_DragBuy player=6] error=NONE errorParam=
D 15:45:16.4836364 GameState.DebugPrintOptions() -     target 0 entity=[entityName=Annoy-o-Tron id=561 zone=PLAY zonePos=1 cardId=BG_GVG_085 player=14] error=NONE errorParam=
D 15:45:16.4836364 GameState.DebugPrintOptions() -     target 1 entity=[entityName=Sparkhoarder Togwaggle id=85 zone=PLAY zonePos=0 cardId=BG23_HERO_305_SKIN_B player=6] error=REQ_ENEMY_TARGET errorParam=
D 15:45:16.4836364 GameState.DebugPrintOptions() -     target 2 entity=[entityName=Annoy-o-Tron id=435 zone=SETASIDE zonePos=0 cardId=BG_GVG_085 player=6] error=REQ_ENEMY_TARGET errorParam=
D 15:45:16.4836364 GameState.DebugPrintOptions() -     target 3 entity=[entityName=Bartender Bob id=62 zone=PLAY zonePos=0 cardId=TB_BaconShopBob player=14] error=REQ_MINION_TARGET errorParam=
D 15:45:16.4836364 GameState.DebugPrintOptions() -     target 4 entity=[entityName=Scallywag id=563 zone=PLAY zonePos=2 cardId=BGS_061 player=14] error=127 errorParam=
D 15:45:16.4836364 GameState.DebugPrintOptions() -     target 5 entity=[entityName=Cord Puller id=565 zone=PLAY zonePos=3 cardId=BG29_611 player=14] error=127 errorParam=
D 15:45:16.4836364 GameState.DebugPrintOptions() -     target 6 entity=[entityName=Tavern Coin id=568 zone=PLAY zonePos=4 cardId=BG28_810 player=14] error=REQ_MINION_TARGET errorParam=
D 15:45:16.4836364 GameState.DebugPrintOptions() -   option 8 type=POWER mainEntity=[entityName=Scallywag id=563 zone=PLAY zonePos=2 cardId=BGS_061 player=14] error=NONE errorParam=
D 15:45:16.4836364 GameState.DebugPrintOptions() -   option 9 type=POWER mainEntity=[entityName=Drag To Buy id=564 zone=PLAY zonePos=0 cardId=TB_BaconShop_DragBuy player=6] error=NONE errorParam=
D 15:45:16.4836364 GameState.DebugPrintOptions() -     target 0 entity=[entityName=Scallywag id=563 zone=PLAY zonePos=2 cardId=BGS_061 player=14] error=NONE errorParam=
D 15:45:16.4836364 GameState.DebugPrintOptions() -     target 1 entity=[entityName=Sparkhoarder Togwaggle id=85 zone=PLAY zonePos=0 cardId=BG23_HERO_305_SKIN_B player=6] error=REQ_ENEMY_TARGET errorParam=
D 15:45:16.4836364 GameState.DebugPrintOptions() -     target 2 entity=[entityName=Annoy-o-Tron id=435 zone=SETASIDE zonePos=0 cardId=BG_GVG_085 player=6] error=REQ_ENEMY_TARGET errorParam=
D 15:45:16.4836364 GameState.DebugPrintOptions() -     target 3 entity=[entityName=Bartender Bob id=62 zone=PLAY zonePos=0 cardId=TB_BaconShopBob player=14] error=REQ_MINION_TARGET errorParam=
D 15:45:16.4836364 GameState.DebugPrintOptions() -     target 4 entity=[entityName=Annoy-o-Tron id=561 zone=PLAY zonePos=1 cardId=BG_GVG_085 player=14] error=127 errorParam=
D 15:45:16.4836364 GameState.DebugPrintOptions() -     target 5 entity=[entityName=Cord Puller id=565 zone=PLAY zonePos=3 cardId=BG29_611 player=14] error=127 errorParam=
D 15:45:16.4836364 GameState.DebugPrintOptions() -     target 6 entity=[entityName=Tavern Coin id=568 zone=PLAY zonePos=4 cardId=BG28_810 player=14] error=REQ_MINION_TARGET errorParam=
D 15:45:16.4836364 GameState.DebugPrintOptions() -   option 10 type=POWER mainEntity=[entityName=Cord Puller id=565 zone=PLAY zonePos=3 cardId=BG29_611 player=14] error=NONE errorParam=
D 15:45:16.4836364 GameState.DebugPrintOptions() -   option 11 type=POWER mainEntity=[entityName=Drag To Buy id=566 zone=PLAY zonePos=0 cardId=TB_BaconShop_DragBuy player=6] error=NONE errorParam=
D 15:45:16.4836364 GameState.DebugPrintOptions() -     target 0 entity=[entityName=Cord Puller id=565 zone=PLAY zonePos=3 cardId=BG29_611 player=14] error=NONE errorParam=
D 15:45:16.4836364 GameState.DebugPrintOptions() -     target 1 entity=[entityName=Sparkhoarder Togwaggle id=85 zone=PLAY zonePos=0 cardId=BG23_HERO_305_SKIN_B player=6] error=REQ_ENEMY_TARGET errorParam=
D 15:45:16.4836364 GameState.DebugPrintOptions() -     target 2 entity=[entityName=Annoy-o-Tron id=435 zone=SETASIDE zonePos=0 cardId=BG_GVG_085 player=6] error=REQ_ENEMY_TARGET errorParam=
D 15:45:16.4836364 GameState.DebugPrintOptions() -     target 3 entity=[entityName=Bartender Bob id=62 zone=PLAY zonePos=0 cardId=TB_BaconShopBob player=14] error=REQ_MINION_TARGET errorParam=
D 15:45:16.4836364 GameState.DebugPrintOptions() -     target 4 entity=[entityName=Annoy-o-Tron id=561 zone=PLAY zonePos=1 cardId=BG_GVG_085 player=14] error=127 errorParam=
D 15:45:16.4836364 GameState.DebugPrintOptions() -     target 5 entity=[entityName=Scallywag id=563 zone=PLAY zonePos=2 cardId=BGS_061 player=14] error=127 errorParam=
D 15:45:16.4836364 GameState.DebugPrintOptions() -     target 6 entity=[entityName=Tavern Coin id=568 zone=PLAY zonePos=4 cardId=BG28_810 player=14] error=REQ_MINION_TARGET errorParam=
D 15:45:16.4836364 GameState.DebugPrintOptions() -   option 12 type=POWER mainEntity=[entityName=Tavern Coin id=568 zone=PLAY zonePos=4 cardId=BG28_810 player=14] error=NONE errorParam=
D 15:45:16.4836364 GameState.DebugPrintOptions() -   option 13 type=POWER mainEntity=[entityName=Drag To Buy Spell id=569 zone=PLAY zonePos=0 cardId=TB_BaconShop_DragBuy_Spell player=6] error=NONE errorParam=
D 15:45:16.4836364 GameState.DebugPrintOptions() -     target 0 entity=[entityName=Tavern Coin id=568 zone=PLAY zonePos=4 cardId=BG28_810 player=14] error=NONE errorParam=
D 15:45:16.4836364 GameState.DebugPrintOptions() -     target 1 entity=[entityName=Sparkhoarder Togwaggle id=85 zone=PLAY zonePos=0 cardId=BG23_HERO_305_SKIN_B player=6] error=REQ_ENEMY_TARGET errorParam=
D 15:45:16.4836364 GameState.DebugPrintOptions() -     target 2 entity=[entityName=Annoy-o-Tron id=435 zone=SETASIDE zonePos=0 cardId=BG_GVG_085 player=6] error=REQ_ENEMY_TARGET errorParam=
D 15:45:16.4836364 GameState.DebugPrintOptions() -     target 3 entity=[entityName=Bartender Bob id=62 zone=PLAY zonePos=0 cardId=TB_BaconShopBob player=14] error=127 errorParam=
D 15:45:16.4836364 GameState.DebugPrintOptions() -     target 4 entity=[entityName=Annoy-o-Tron id=561 zone=PLAY zonePos=1 cardId=BG_GVG_085 player=14] error=127 errorParam=
D 15:45:16.4836364 GameState.DebugPrintOptions() -     target 5 entity=[entityName=Scallywag id=563 zone=PLAY zonePos=2 cardId=BGS_061 player=14] error=127 errorParam=
D 15:45:16.4836364 GameState.DebugPrintOptions() -     target 6 entity=[entityName=Cord Puller id=565 zone=PLAY zonePos=3 cardId=BG29_611 player=14] error=127 errorParam=
D 15:45:16.4836364 GameState.DebugPrintOptions() -   option 14 type=POWER mainEntity=[entityName=Sparkhoarder Togwaggle id=85 zone=PLAY zonePos=0 cardId=BG23_HERO_305_SKIN_B player=6] error=REQ_ATTACK_GREATER_THAN_0 errorParam=
D 15:45:16.4836364 GameState.DebugPrintOptions() -   option 15 type=POWER mainEntity=[entityName=The Perfect Crime id=166 zone=PLAY zonePos=0 cardId=BG23_HERO_305p player=6] error=REQ_ENOUGH_MANA errorParam=
D 15:45:16.4836364 GameState.DebugPrintOptions() -   option 16 type=POWER mainEntity=[entityName=Buddy Meter id=356 zone=PLAY zonePos=0 cardId=BG22_BuddyMeter player=6] error=REQ_ENOUGH_MANA errorParam=
D 15:45:16.4836364 GameState.DebugPrintOptions() -   option 17 type=POWER mainEntity=[entityName=Annoy-o-Tron id=435 zone=SETASIDE zonePos=0 cardId=BG_GVG_085 player=6] error=REQ_ATTACKER_CAN_ATTACK errorParam=
D 15:45:16.4836364 GameState.DebugPrintOptions() -   option 18 type=POWER mainEntity=[entityName=Bartender Bob id=62 zone=PLAY zonePos=0 cardId=TB_BaconShopBob player=14] error=REQ_YOUR_TURN errorParam=
D 15:45:16.5169688 GameState.DebugPrintPowerList() - Count=1
D 15:45:16.5169688 GameState.DebugPrintPower() - TAG_CHANGE Entity=[entityName=Rakanishu id=103 zone=SETASIDE zonePos=0 cardId=TB_BaconShop_HERO_75 player=14] tag=PLAYER_TECH_LEVEL value=2 
D 15:45:17.3164307 PowerProcessor.EndCurrentTaskList() - m_currentTaskList=208
D 15:45:17.3330507 PowerTaskList.DebugDump() - ID=209 ParentID=0 PreviousID=0 TaskCount=2
D 15:45:17.3330507 PowerTaskList.DebugDump() - Block Start=(null)
D 15:45:17.3330507 PowerTaskList.DebugPrintPower() -     TAG_CHANGE Entity=[entityName=Molten Rock id=434 zone=SETASIDE zonePos=0 cardId=BGS_127 player=6] tag=3669 value=0 
D 15:45:17.3330507 PowerTaskList.DebugPrintPower() -     TAG_CHANGE Entity=[entityName=Annoy-o-Tron id=435 zone=SETASIDE zonePos=0 cardId=BG_GVG_085 player=6] tag=3669 value=0 
D 15:45:17.3330507 PowerTaskList.DebugDump() - Block End=(null)
D 15:45:17.3330507 PowerProcessor.PrepareHistoryForCurrentTaskList() - m_currentTaskList=209
D 15:45:17.3330507 PowerProcessor.EndCurrentTaskList() - m_currentTaskList=209
D 15:45:17.3330507 PowerTaskList.DebugDump() - ID=210 ParentID=0 PreviousID=0 TaskCount=1
D 15:45:17.3330507 PowerTaskList.DebugDump() - Block Start=(null)
D 15:45:17.3330507 PowerTaskList.DebugPrintPower() -     TAG_CHANGE Entity=GameEntity tag=STEP value=MAIN_READY 
D 15:45:17.3330507 PowerTaskList.DebugDump() - Block End=(null)
D 15:45:17.3330507 PowerProcessor.PrepareHistoryForCurrentTaskList() - m_currentTaskList=210
D 15:45:17.3330507 PowerProcessor.EndCurrentTaskList() - m_currentTaskList=210
D 15:45:17.3330507 PowerTaskList.DebugDump() - ID=211 ParentID=0 PreviousID=0 TaskCount=9
D 15:45:17.3330507 PowerTaskList.DebugPrintPower() - BLOCK_START BlockType=TRIGGER Entity=FanaticPro EffectCardId=System.Collections.Generic.List`1[System.String] EffectIndex=-1 Target=0 SubOption=-1 TriggerKeyword=TAG_NOT_SET
D 15:45:17.3330507 PowerTaskList.DebugPrintPower() -     TAG_CHANGE Entity=GameEntity tag=NUM_TURNS_IN_PLAY value=3 
D 15:45:17.3330507 PowerTaskList.DebugPrintPower() -     TAG_CHANGE Entity=dymitrq#2316 tag=NUM_TURNS_IN_PLAY value=3 
D 15:45:17.3330507 PowerTaskList.DebugPrintPower() -     TAG_CHANGE Entity=FanaticPro tag=NUM_TURNS_IN_PLAY value=3 
D 15:45:17.3330507 PowerTaskList.DebugPrintPower() -     TAG_CHANGE Entity=[entityName=Bartender Bob id=62 zone=PLAY zonePos=0 cardId=TB_BaconShopBob player=14] tag=NUM_TURNS_IN_PLAY value=3 
D 15:45:17.3330507 PowerTaskList.DebugPrintPower() -     TAG_CHANGE Entity=[entityName=Sparkhoarder Togwaggle id=85 zone=PLAY zonePos=0 cardId=BG23_HERO_305_SKIN_B player=6] tag=NUM_TURNS_IN_PLAY value=3 
D 15:45:17.3330507 PowerTaskList.DebugPrintPower() -     TAG_CHANGE Entity=[entityName=The Perfect Crime id=166 zone=PLAY zonePos=0 cardId=BG23_HERO_305p player=6] tag=NUM_TURNS_IN_PLAY value=3 
D 15:45:17.3330507 PowerTaskList.DebugPrintPower() -     TAG_CHANGE Entity=[entityName=Buddy Meter id=356 zone=PLAY zonePos=0 cardId=BG22_BuddyMeter player=6] tag=NUM_TURNS_IN_PLAY value=1 
D 15:45:17.3330507 PowerTaskList.DebugPrintPower() -     TAG_CHANGE Entity=[entityName=Annoy-o-Tron id=363 zone=PLAY zonePos=1 cardId=BG_GVG_085 player=6] tag=NUM_TURNS_IN_PLAY value=4 
D 15:45:17.3330507 PowerTaskList.DebugPrintPower() -     TAG_CHANGE Entity=GameEntity tag=NEXT_STEP value=MAIN_START_TRIGGERS 
D 15:45:17.3330507 PowerTaskList.DebugPrintPower() - BLOCK_END
D 15:45:17.3330507 PowerProcessor.PrepareHistoryForCurrentTaskList() - m_currentTaskList=211
D 15:45:17.3330507 PowerProcessor.EndCurrentTaskList() - m_currentTaskList=211
D 15:45:17.3330507 PowerTaskList.DebugDump() - ID=212 ParentID=0 PreviousID=0 TaskCount=1
D 15:45:17.3330507 PowerTaskList.DebugDump() - Block Start=(null)
D 15:45:17.3330507 PowerTaskList.DebugPrintPower() -     TAG_CHANGE Entity=GameEntity tag=STEP value=MAIN_START_TRIGGERS 
D 15:45:17.3330507 PowerTaskList.DebugDump() - Block End=(null)
D 15:45:17.3330507 PowerProcessor.PrepareHistoryForCurrentTaskList() - m_currentTaskList=212
D 15:45:17.3330507 PowerProcessor.EndCurrentTaskList() - m_currentTaskList=212
D 15:45:17.3330507 PowerTaskList.DebugDump() - ID=213 ParentID=0 PreviousID=0 TaskCount=1
D 15:45:17.3330507 PowerTaskList.DebugPrintPower() - BLOCK_START BlockType=TRIGGER Entity=FanaticPro EffectCardId=System.Collections.Generic.List`1[System.String] EffectIndex=-1 Target=0 SubOption=-1 TriggerKeyword=TAG_NOT_SET
D 15:45:17.3330507 PowerTaskList.DebugPrintPower() -     TAG_CHANGE Entity=GameEntity tag=NEXT_STEP value=MAIN_START 
D 15:45:17.3330507 PowerTaskList.DebugPrintPower() - BLOCK_END
D 15:45:17.3330507 PowerProcessor.PrepareHistoryForCurrentTaskList() - m_currentTaskList=213
D 15:45:17.3330507 PowerProcessor.EndCurrentTaskList() - m_currentTaskList=213
D 15:45:17.3330507 PowerTaskList.DebugDump() - ID=214 ParentID=0 PreviousID=0 TaskCount=26
D 15:45:17.3330507 PowerTaskList.DebugPrintPower() - BLOCK_START BlockType=TRIGGER Entity=[entityName=BaconShop8PlayerEnchant id=63 zone=PLAY zonePos=0 cardId=TB_BaconShop_8P_PlayerE player=6] EffectCardId=System.Collections.Generic.List`1[System.String] EffectIndex=-1 Target=0 SubOption=-1 TriggerKeyword=TAG_NOT_SET
D 15:45:17.3330507 PowerTaskList.DebugPrintPower() -     TAG_CHANGE Entity=GameEntity tag=2022 value=1 
D 15:45:17.3330507 PowerTaskList.DebugPrintPower() -     TAG_CHANGE Entity=GameEntity tag=1453 value=1 
D 15:45:17.3330507 PowerTaskList.DebugPrintPower() -     TAG_CHANGE Entity=dymitrq#2316 tag=BACON_CURRENT_COMBAT_PLAYER_ID value=6 
D 15:45:17.3330507 PowerTaskList.DebugPrintPower() -     TAG_CHANGE Entity=FanaticPro tag=BACON_CURRENT_COMBAT_PLAYER_ID value=5 
D 15:45:17.3330507 PowerTaskList.DebugPrintPower() -     TAG_CHANGE Entity=GameEntity tag=2374 value=1 
D 15:45:17.3330507 PowerTaskList.DebugPrintPower() -     FULL_ENTITY - Updating [entityName=Silas Darkmoon id=459 zone=PLAY zonePos=0 cardId=TB_BaconShop_HERO_90 player=14] CardID=TB_BaconShop_HERO_90
D 15:45:17.3330507 PowerTaskList.DebugPrintPower() -         tag=CONTROLLER value=14
D 15:45:17.3330507 PowerTaskList.DebugPrintPower() -         tag=CARDTYPE value=HERO
D 15:45:17.3330507 PowerTaskList.DebugPrintPower() -         tag=HEALTH value=30
D 15:45:17.3330507 PowerTaskList.DebugPrintPower() -         tag=ZONE value=PLAY
D 15:45:17.3330507 PowerTaskList.DebugPrintPower() -         tag=ENTITY_ID value=459
D 15:45:17.3330507 PowerTaskList.DebugPrintPower() -         tag=FACTION value=NEUTRAL
D 15:45:17.3330507 PowerTaskList.DebugPrintPower() -         tag=RARITY value=FREE
D 15:45:17.3330507 PowerTaskList.DebugPrintPower() -         tag=ARMOR value=10
D 15:45:17.3330507 PowerTaskList.DebugPrintPower() -         tag=CREATOR value=63
D 15:45:17.3330507 PowerTaskList.DebugPrintPower() -         tag=HERO_POWER value=64481
D 15:45:17.3330507 PowerTaskList.DebugPrintPower() -         tag=1037 value=6
D 15:45:17.3330507 PowerTaskList.DebugPrintPower() -         tag=CREATOR_DBID value=57980
D 15:45:17.3330507 PowerTaskList.DebugPrintPower() -         tag=SUPPRESS_ALL_SUMMON_VO value=1
D 15:45:17.3330507 PowerTaskList.DebugPrintPower() -         tag=BACON_HERO_CAN_BE_DRAFTED value=1
D 15:45:17.3330507 PowerTaskList.DebugPrintPower() -         tag=SPAWN_TIME_COUNT value=1
D 15:45:17.3330507 PowerTaskList.DebugPrintPower() -         tag=BACON_COMPANION_ID value=77829
D 15:45:17.3330507 PowerTaskList.DebugPrintPower() -         tag=HAS_ACTIVATE_POWER value=1
D 15:45:17.3330507 PowerTaskList.DebugPrintPower() -         tag=3085 value=30
D 15:45:17.3330507 PowerTaskList.DebugPrintPower() -         tag=3190 value=100
D 15:45:17.3330507 PowerTaskList.DebugPrintPower() -         tag=3206 value=8
D 15:45:17.3330507 PowerTaskList.DebugPrintPower() -     TAG_CHANGE Entity=[entityName=Silas Darkmoon id=459 zone=PLAY zonePos=0 cardId=TB_BaconShop_HERO_90 player=14] tag=PLAYER_TECH_LEVEL value=1 
D 15:45:17.3330507 PowerTaskList.DebugPrintPower() -     TAG_CHANGE Entity=[entityName=Silas Darkmoon id=459 zone=PLAY zonePos=0 cardId=TB_BaconShop_HERO_90 player=14] tag=BACON_MAX_PLAYER_TECH_LEVEL value=6 
D 15:45:17.3330507 PowerTaskList.DebugPrintPower() -     TAG_CHANGE Entity=[entityName=Silas Darkmoon id=459 zone=PLAY zonePos=0 cardId=TB_BaconShop_HERO_90 player=14] tag=PLAYER_ID value=5 
D 15:45:17.3330507 PowerTaskList.DebugPrintPower() -     TAG_CHANGE Entity=[entityName=Silas Darkmoon id=459 zone=PLAY zonePos=0 cardId=TB_BaconShop_HERO_90 player=14] tag=2210 value=1 
D 15:45:17.3330507 PowerTaskList.DebugPrintPower() -     TAG_CHANGE Entity=[entityName=Silas Darkmoon id=459 zone=PLAY zonePos=0 cardId=TB_BaconShop_HERO_90 player=14] tag=BATTLEGROUNDS_FAVORITE_FINISHER value=69 
D 15:45:17.3330507 PowerTaskList.DebugPrintPower() -     TAG_CHANGE Entity=[entityName=Silas Darkmoon id=459 zone=PLAY zonePos=0 cardId=TB_BaconShop_HERO_90 player=14] tag=COPIED_FROM_ENTITY_ID value=429 
D 15:45:17.3330507 PowerTaskList.DebugPrintPower() -     TAG_CHANGE Entity=[entityName=Silas Darkmoon id=459 zone=PLAY zonePos=0 cardId=TB_BaconShop_HERO_90 player=14] tag=3669 value=1 
D 15:45:17.3330507 PowerTaskList.DebugPrintPower() -     TAG_CHANGE Entity=[entityName=Silas Darkmoon id=459 zone=PLAY zonePos=0 cardId=TB_BaconShop_HERO_90 player=14] tag=LINKED_ENTITY value=62 
D 15:45:17.3330507 PowerTaskList.DebugPrintPower() -     TAG_CHANGE Entity=[entityName=Bartender Bob id=62 zone=PLAY zonePos=0 cardId=TB_BaconShopBob player=14] tag=1068 value=6 
D 15:45:17.3330507 PowerTaskList.DebugPrintPower() -     TAG_CHANGE Entity=[entityName=Bartender Bob id=62 zone=PLAY zonePos=0 cardId=TB_BaconShopBob player=14] tag=1068 value=0 
D 15:45:17.3330507 PowerTaskList.DebugPrintPower() -     TAG_CHANGE Entity=[entityName=Bartender Bob id=62 zone=PLAY zonePos=0 cardId=TB_BaconShopBob player=14] tag=SUPPRESS_ALL_SUMMON_VO value=0 
D 15:45:17.3330507 PowerTaskList.DebugPrintPower() -     TAG_CHANGE Entity=[entityName=Bartender Bob id=62 zone=PLAY zonePos=0 cardId=TB_BaconShopBob player=14] tag=1037 value=6 
D 15:45:17.3330507 PowerTaskList.DebugPrintPower() -     HIDE_ENTITY - Entity=[entityName=Bartender Bob id=62 zone=PLAY zonePos=0 cardId=TB_BaconShopBob player=14] tag=ZONE value=SETASIDE
D 15:45:17.3330507 PowerTaskList.DebugPrintPower() -     TAG_CHANGE Entity=[entityName=Bartender Bob id=62 zone=PLAY zonePos=0 cardId=TB_BaconShopBob player=14] tag=ZONE value=SETASIDE 
D 15:45:17.3330507 PowerTaskList.DebugPrintPower() -     SHOW_ENTITY - Updating Entity=[entityName=Bartender Bob id=62 zone=PLAY zonePos=0 cardId=TB_BaconShopBob player=14] CardID=TB_BaconShopBob
D 15:45:17.3330507 PowerTaskList.DebugPrintPower() -         tag=CONTROLLER value=14
D 15:45:17.3330507 PowerTaskList.DebugPrintPower() -         tag=CARDTYPE value=HERO
D 15:45:17.3330507 PowerTaskList.DebugPrintPower() -         tag=HEALTH value=60
D 15:45:17.3330507 PowerTaskList.DebugPrintPower() -         tag=ZONE value=SETASIDE
D 15:45:17.3330507 PowerTaskList.DebugPrintPower() -         tag=ENTITY_ID value=62
D 15:45:17.3330507 PowerTaskList.DebugPrintPower() -         tag=RARITY value=FREE
D 15:45:17.3330507 PowerTaskList.DebugPrintPower() -         tag=LINKED_ENTITY value=36
D 15:45:17.3330507 PowerTaskList.DebugPrintPower() -         tag=NUM_TURNS_IN_PLAY value=3
D 15:45:17.3330507 PowerTaskList.DebugPrintPower() -         tag=CREATOR value=16
D 15:45:17.3330507 PowerTaskList.DebugPrintPower() -         tag=HIDE_STATS value=1
D 15:45:17.3330507 PowerTaskList.DebugPrintPower() -         tag=REVEALED value=1
D 15:45:17.3330507 PowerTaskList.DebugPrintPower() -         tag=HIDE_HEALTH value=1
D 15:45:17.3330507 PowerTaskList.DebugPrintPower() -         tag=1037 value=6
D 15:45:17.3330507 PowerTaskList.DebugPrintPower() -         tag=1068 value=0
D 15:45:17.3330507 PowerTaskList.DebugPrintPower() -         tag=SUPPRESS_ALL_SUMMON_VO value=0
D 15:45:17.3330507 PowerTaskList.DebugPrintPower() -         tag=SPAWN_TIME_COUNT value=1
D 15:45:17.3330507 PowerTaskList.DebugPrintPower() -         tag=HAS_ACTIVATE_POWER value=1
D 15:45:17.3330507 PowerTaskList.DebugPrintPower() -         tag=3085 value=60
D 15:45:17.3330507 PowerTaskList.DebugPrintPower() -     TAG_CHANGE Entity=FanaticPro tag=HERO_ENTITY value=459 
D 15:45:17.3330507 PowerTaskList.DebugPrintPower() -     TAG_CHANGE Entity=[entityName=Silas Darkmoon id=459 zone=PLAY zonePos=0 cardId=TB_BaconShop_HERO_90 player=14] tag=BACON_COMBAT_PHASE_HERO value=1 
D 15:45:17.3330507 PowerTaskList.DebugPrintPower() -     HIDE_ENTITY - Entity=[entityName=Come One, Come All! id=430 zone=SETASIDE zonePos=0 cardId=TB_BaconShop_HP_101 player=6] tag=ZONE value=SETASIDE
D 15:45:17.3330507 PowerTaskList.DebugPrintPower() -     TAG_CHANGE Entity=[entityName=Come One, Come All! id=430 zone=SETASIDE zonePos=0 cardId=TB_BaconShop_HP_101 player=6] tag=CONTROLLER value=14 
D 15:45:17.3330507 PowerTaskList.DebugPrintPower() -     SHOW_ENTITY - Updating Entity=[entityName=Come One, Come All! id=430 zone=SETASIDE zonePos=0 cardId=TB_BaconShop_HP_101 player=6] CardID=TB_BaconShop_HP_101
D 15:45:17.3330507 PowerTaskList.DebugPrintPower() -         tag=CONTROLLER value=14
D 15:45:17.3330507 PowerTaskList.DebugPrintPower() -         tag=CARDTYPE value=HERO_POWER
D 15:45:17.3330507 PowerTaskList.DebugPrintPower() -         tag=ZONE value=PLAY
D 15:45:17.3330507 PowerTaskList.DebugPrintPower() -         tag=ENTITY_ID value=430
D 15:45:17.3330507 PowerTaskList.DebugPrintPower() -         tag=LINKED_ENTITY value=166
D 15:45:17.3330507 PowerTaskList.DebugPrintPower() -         tag=CREATOR value=16
D 15:45:17.3330507 PowerTaskList.DebugPrintPower() -         tag=HIDE_COST value=1
D 15:45:17.3330507 PowerTaskList.DebugPrintPower() -         tag=1037 value=6
D 15:45:17.3330507 PowerTaskList.DebugPrintPower() -         tag=1068 value=0
D 15:45:17.3330507 PowerTaskList.DebugPrintPower() -         tag=SUPPRESS_ALL_SUMMON_VO value=1
D 15:45:17.3330507 PowerTaskList.DebugPrintPower() -         tag=SPAWN_TIME_COUNT value=1
D 15:45:17.3330507 PowerTaskList.DebugPrintPower() -         tag=BACON_HEROPOWER_BASE_HERO_ID value=64480
D 15:45:17.3330507 PowerTaskList.DebugDump() - Block End=(null)
D 15:45:17.3330507 PowerProcessor.PrepareHistoryForCurrentTaskList() - m_currentTaskList=214
D 15:45:18.4158338 PowerProcessor.EndCurrentTaskList() - m_currentTaskList=214
D 15:45:18.5658305 PowerTaskList.DebugDump() - ID=215 ParentID=214 PreviousID=0 TaskCount=0
D 15:45:18.5658305 PowerTaskList.DebugPrintPower() - BLOCK_START BlockType=TRIGGER Entity=[entityName=Come One, Come All! id=430 zone=PLAY zonePos=0 cardId=TB_BaconShop_HP_101 player=14] EffectCardId=System.Collections.Generic.List`1[System.String] EffectIndex=3 Target=0 SubOption=-1 TriggerKeyword=TAG_NOT_SET
D 15:45:18.5658305 PowerTaskList.DebugPrintPower() - BLOCK_END
D 15:45:18.5658305 PowerProcessor.PrepareHistoryForCurrentTaskList() - m_currentTaskList=215
D 15:45:18.5658305 PowerProcessor.EndCurrentTaskList() - m_currentTaskList=215
D 15:45:18.5658305 PowerTaskList.DebugDump() - ID=216 ParentID=0 PreviousID=214 TaskCount=42
D 15:45:18.5658305 PowerTaskList.DebugDump() - Block Start=(null)
D 15:45:18.5658305 PowerTaskList.DebugPrintPower() -     HIDE_ENTITY - Entity=[entityName=Buddy Meter id=431 zone=SETASIDE zonePos=0 cardId=BG22_BuddyMeter player=6] tag=ZONE value=SETASIDE
D 15:45:18.5658305 PowerTaskList.DebugPrintPower() -     TAG_CHANGE Entity=[entityName=Buddy Meter id=431 zone=SETASIDE zonePos=0 cardId=BG22_BuddyMeter player=6] tag=CONTROLLER value=14 
D 15:45:18.5658305 PowerTaskList.DebugPrintPower() -     SHOW_ENTITY - Updating Entity=[entityName=Buddy Meter id=431 zone=SETASIDE zonePos=0 cardId=BG22_BuddyMeter player=6] CardID=BG22_BuddyMeter
D 15:45:18.5658305 PowerTaskList.DebugPrintPower() -         tag=CONTROLLER value=14
D 15:45:18.5658305 PowerTaskList.DebugPrintPower() -         tag=CARDTYPE value=BATTLEGROUND_HERO_BUDDY
D 15:45:18.5658305 PowerTaskList.DebugPrintPower() -         tag=TAG_LAST_KNOWN_COST_IN_HAND value=17
D 15:45:18.5658305 PowerTaskList.DebugPrintPower() -         tag=COST value=17
D 15:45:18.5658305 PowerTaskList.DebugPrintPower() -         tag=ZONE value=PLAY
D 15:45:18.5658305 PowerTaskList.DebugPrintPower() -         tag=ENTITY_ID value=431
D 15:45:18.5658305 PowerTaskList.DebugPrintPower() -         tag=LINKED_ENTITY value=5
D 15:45:18.5658305 PowerTaskList.DebugPrintPower() -         tag=CREATOR value=16
D 15:45:18.5658305 PowerTaskList.DebugPrintPower() -         tag=HIDE_COST value=0
D 15:45:18.5658305 PowerTaskList.DebugPrintPower() -         tag=1037 value=6
D 15:45:18.5658305 PowerTaskList.DebugPrintPower() -         tag=1068 value=0
D 15:45:18.5658305 PowerTaskList.DebugPrintPower() -         tag=SUPPRESS_ALL_SUMMON_VO value=1
D 15:45:18.5658305 PowerTaskList.DebugPrintPower() -         tag=SPAWN_TIME_COUNT value=1
D 15:45:18.5658305 PowerTaskList.DebugPrintPower() -         tag=1724 value=1
D 15:45:18.5658305 PowerTaskList.DebugPrintPower() -         tag=BACON_COMPANION_ID value=77829
D 15:45:18.5658305 PowerTaskList.DebugPrintPower() -         tag=HAS_ACTIVATE_POWER value=1
D 15:45:18.5658305 PowerTaskList.DebugPrintPower() -         tag=BACON_BUY_BUDDY value=1
D 15:45:18.5658305 PowerTaskList.DebugPrintPower() -     FULL_ENTITY - Updating [entityName=UNKNOWN ENTITY [cardType=INVALID] id=460 zone=PLAY zonePos=0 cardId= player=14] CardID=
D 15:45:18.5658305 PowerTaskList.DebugPrintPower() -         tag=ZONE value=PLAY
D 15:45:18.5658305 PowerTaskList.DebugPrintPower() -         tag=CONTROLLER value=14
D 15:45:18.5658305 PowerTaskList.DebugPrintPower() -         tag=ENTITY_ID value=460
D 15:45:18.5658305 PowerTaskList.DebugPrintPower() -     FULL_ENTITY - Updating [entityName=UNKNOWN ENTITY [cardType=INVALID] id=461 zone=PLAY zonePos=0 cardId= player=14] CardID=
D 15:45:18.5658305 PowerTaskList.DebugPrintPower() -         tag=ZONE value=PLAY
D 15:45:18.5658305 PowerTaskList.DebugPrintPower() -         tag=CONTROLLER value=14
D 15:45:18.5658305 PowerTaskList.DebugPrintPower() -         tag=ENTITY_ID value=461
D 15:45:18.5658305 PowerTaskList.DebugPrintPower() -     SHOW_ENTITY - Updating Entity=[entityName=UNKNOWN ENTITY [cardType=INVALID] id=460 zone=PLAY zonePos=0 cardId= player=14] CardID=BG29_813e
D 15:45:18.5658305 PowerTaskList.DebugPrintPower() -         tag=CONTROLLER value=14
D 15:45:18.5658305 PowerTaskList.DebugPrintPower() -         tag=CARDTYPE value=ENCHANTMENT
D 15:45:18.5658305 PowerTaskList.DebugPrintPower() -         tag=ATTACHED value=18
D 15:45:18.5658305 PowerTaskList.DebugPrintPower() -         tag=ZONE value=PLAY
D 15:45:18.5658305 PowerTaskList.DebugPrintPower() -         tag=ENTITY_ID value=460
D 15:45:18.5658305 PowerTaskList.DebugPrintPower() -         tag=CREATOR value=63
D 15:45:18.5658305 PowerTaskList.DebugPrintPower() -         tag=ENCHANTMENT_INVISIBLE value=1
D 15:45:18.5658305 PowerTaskList.DebugPrintPower() -         tag=1037 value=6
D 15:45:18.5658305 PowerTaskList.DebugPrintPower() -         tag=1068 value=0
D 15:45:18.5658305 PowerTaskList.DebugPrintPower() -         tag=CREATOR_DBID value=57980
D 15:45:18.5658305 PowerTaskList.DebugPrintPower() -         tag=SUPPRESS_ALL_SUMMON_VO value=1
D 15:45:18.5658305 PowerTaskList.DebugPrintPower() -         tag=SPAWN_TIME_COUNT value=1
D 15:45:18.5658305 PowerTaskList.DebugPrintPower() -         tag=COPIED_FROM_ENTITY_ID value=432
D 15:45:18.5658305 PowerTaskList.DebugPrintPower() -         tag=2860 value=1
D 15:45:18.5658305 PowerTaskList.DebugPrintPower() -         tag=3669 value=1
D 15:45:18.5658305 PowerTaskList.DebugPrintPower() -     SHOW_ENTITY - Updating Entity=[entityName=UNKNOWN ENTITY [cardType=INVALID] id=461 zone=PLAY zonePos=0 cardId= player=14] CardID=Bacon_TagTransferPlayerE
D 15:45:18.5658305 PowerTaskList.DebugPrintPower() -         tag=CONTROLLER value=14
D 15:45:18.5658305 PowerTaskList.DebugPrintPower() -         tag=CARDTYPE value=ENCHANTMENT
D 15:45:18.5658305 PowerTaskList.DebugPrintPower() -         tag=RESOURCES value=3
D 15:45:18.5658305 PowerTaskList.DebugPrintPower() -         tag=ATTACHED value=18
D 15:45:18.5658305 PowerTaskList.DebugPrintPower() -         tag=ZONE value=PLAY
D 15:45:18.5658305 PowerTaskList.DebugPrintPower() -         tag=ENTITY_ID value=461
D 15:45:18.5658305 PowerTaskList.DebugPrintPower() -         tag=CREATOR value=63
D 15:45:18.5658305 PowerTaskList.DebugPrintPower() -         tag=1037 value=6
D 15:45:18.5658305 PowerTaskList.DebugPrintPower() -         tag=1068 value=0
D 15:45:18.5658305 PowerTaskList.DebugPrintPower() -         tag=CREATOR_DBID value=57980
D 15:45:18.5658305 PowerTaskList.DebugPrintPower() -         tag=PLAYER_TECH_LEVEL value=1
D 15:45:18.5658305 PowerTaskList.DebugPrintPower() -         tag=SUPPRESS_ALL_SUMMON_VO value=1
D 15:45:18.5658305 PowerTaskList.DebugPrintPower() -         tag=BACON_MAX_PLAYER_TECH_LEVEL value=6
D 15:45:18.5658305 PowerTaskList.DebugPrintPower() -         tag=SPAWN_TIME_COUNT value=1
D 15:45:18.5658305 PowerTaskList.DebugPrintPower() -         tag=COPIED_FROM_ENTITY_ID value=433
D 15:45:18.5658305 PowerTaskList.DebugPrintPower() -         tag=2245 value=3
D 15:45:18.5658305 PowerTaskList.DebugPrintPower() -         tag=2336 value=1
D 15:45:18.5658305 PowerTaskList.DebugPrintPower() -         tag=2860 value=1
D 15:45:18.5658305 PowerTaskList.DebugPrintPower() -         tag=2878 value=1
D 15:45:18.5658305 PowerTaskList.DebugPrintPower() -         tag=3090 value=3245
D 15:45:18.5658305 PowerTaskList.DebugPrintPower() -         tag=3669 value=1
D 15:45:18.5658305 PowerTaskList.DebugPrintPower() -     TAG_CHANGE Entity=FanaticPro tag=3245 value=461 
D 15:45:18.5658305 PowerTaskList.DebugPrintPower() -     TAG_CHANGE Entity=FanaticPro tag=2245 value=3 
D 15:45:18.5658305 PowerTaskList.DebugPrintPower() -     TAG_CHANGE Entity=FanaticPro tag=2878 value=1 
D 15:45:18.5658305 PowerTaskList.DebugPrintPower() -     TAG_CHANGE Entity=FanaticPro tag=2336 value=1 
D 15:45:18.5658305 PowerTaskList.DebugPrintPower() -     TAG_CHANGE Entity=FanaticPro tag=BACON_MAX_PLAYER_TECH_LEVEL value=6 
D 15:45:18.5658305 PowerTaskList.DebugPrintPower() -     TAG_CHANGE Entity=FanaticPro tag=RESOURCES value=3 
D 15:45:18.5658305 PowerTaskList.DebugPrintPower() -     TAG_CHANGE Entity=FanaticPro tag=PLAYER_TECH_LEVEL value=1 
D 15:45:18.5658305 PowerTaskList.DebugPrintPower() -     FULL_ENTITY - Updating [entityName=Molten Rock id=462 zone=PLAY zonePos=1 cardId=BGS_127 player=14] CardID=BGS_127
D 15:45:18.5658305 PowerTaskList.DebugPrintPower() -         tag=CONTROLLER value=14
D 15:45:18.5658305 PowerTaskList.DebugPrintPower() -         tag=CARDTYPE value=MINION
D 15:45:18.5658305 PowerTaskList.DebugPrintPower() -         tag=1196 value=1
D 15:45:18.5658305 PowerTaskList.DebugPrintPower() -         tag=TAG_LAST_KNOWN_COST_IN_HAND value=1
D 15:45:18.5658305 PowerTaskList.DebugPrintPower() -         tag=479 value=3
D 15:45:18.5658305 PowerTaskList.DebugPrintPower() -         tag=COST value=1
D 15:45:18.5658305 PowerTaskList.DebugPrintPower() -         tag=ATK value=3
D 15:45:18.5658305 PowerTaskList.DebugPrintPower() -         tag=HEALTH value=3
D 15:45:18.5658305 PowerTaskList.DebugPrintPower() -         tag=TRIGGER_VISUAL value=1
D 15:45:18.5658305 PowerTaskList.DebugPrintPower() -         tag=EXHAUSTED value=1
D 15:45:18.5658305 PowerTaskList.DebugPrintPower() -         tag=ZONE value=PLAY
D 15:45:18.5658305 PowerTaskList.DebugPrintPower() -         tag=ENTITY_ID value=462
D 15:45:18.5658305 PowerTaskList.DebugPrintPower() -         tag=CARDRACE value=ELEMENTAL
D 15:45:18.5658305 PowerTaskList.DebugPrintPower() -         tag=ZONE_POSITION value=1
D 15:45:18.5658305 PowerTaskList.DebugPrintPower() -         tag=CREATOR value=63
D 15:45:18.5658305 PowerTaskList.DebugPrintPower() -         tag=1037 value=6
D 15:45:18.5658305 PowerTaskList.DebugPrintPower() -         tag=1254 value=63
D 15:45:18.5658305 PowerTaskList.DebugPrintPower() -         tag=CREATOR_DBID value=57980
D 15:45:18.5658305 PowerTaskList.DebugPrintPower() -         tag=BACON_TRIPLE_UPGRADE_MINION_ID value=64300
D 15:45:18.5658305 PowerTaskList.DebugPrintPower() -         tag=TECH_LEVEL value=1
D 15:45:18.5658305 PowerTaskList.DebugPrintPower() -         tag=IS_BACON_POOL_MINION value=1
D 15:45:18.5658305 PowerTaskList.DebugPrintPower() -         tag=SUPPRESS_ALL_SUMMON_VO value=1
D 15:45:18.5658305 PowerTaskList.DebugPrintPower() -         tag=SPAWN_TIME_COUNT value=1
D 15:45:18.5658305 PowerTaskList.DebugPrintPower() -         tag=1688 value=1
D 15:45:18.5658305 PowerTaskList.DebugPrintPower() -         tag=HAS_ACTIVATE_POWER value=1
D 15:45:18.5658305 PowerTaskList.DebugPrintPower() -         tag=3085 value=3
D 15:45:18.5658305 PowerTaskList.DebugPrintPower() -     TAG_CHANGE Entity=[entityName=Molten Rock id=462 zone=PLAY zonePos=1 cardId=BGS_127 player=14] tag=EXHAUSTED value=0 
D 15:45:18.5658305 PowerTaskList.DebugPrintPower() -     TAG_CHANGE Entity=[entityName=Molten Rock id=462 zone=PLAY zonePos=1 cardId=BGS_127 player=14] tag=LAST_AFFECTED_BY value=247 
D 15:45:18.5658305 PowerTaskList.DebugPrintPower() -     TAG_CHANGE Entity=[entityName=Molten Rock id=462 zone=PLAY zonePos=1 cardId=BGS_127 player=14] tag=COPIED_FROM_ENTITY_ID value=434 
D 15:45:18.5658305 PowerTaskList.DebugPrintPower() -     TAG_CHANGE Entity=[entityName=Molten Rock id=462 zone=PLAY zonePos=1 cardId=BGS_127 player=14] tag=3669 value=1 
D 15:45:18.5658305 PowerTaskList.DebugPrintPower() -     TAG_CHANGE Entity=GameEntity tag=1453 value=0 
D 15:45:18.5658305 PowerTaskList.DebugPrintPower() -     TAG_CHANGE Entity=GameEntity tag=2374 value=0 
D 15:45:18.5658305 PowerTaskList.DebugPrintPower() -     TAG_CHANGE Entity=GameEntity tag=3533 value=0 
D 15:45:18.5658305 PowerTaskList.DebugPrintPower() -     TAG_CHANGE Entity=[entityName=Molten Rock id=462 zone=PLAY zonePos=1 cardId=BGS_127 player=14] tag=SPAWN_TIME_COUNT value=0 
D 15:45:18.5658305 PowerTaskList.DebugPrintPower() -     TAG_CHANGE Entity=[entityName=Molten Rock id=462 zone=PLAY zonePos=1 cardId=BGS_127 player=14] tag=SPAWN_TIME_COUNT value=1 
D 15:45:18.5658305 PowerTaskList.DebugPrintPower() -     TAG_CHANGE Entity=[entityName=UNKNOWN ENTITY [cardType=INVALID] id=460 zone=PLAY zonePos=0 cardId= player=14] tag=SPAWN_TIME_COUNT value=0 
D 15:45:18.5658305 PowerTaskList.DebugPrintPower() -     TAG_CHANGE Entity=[entityName=UNKNOWN ENTITY [cardType=INVALID] id=460 zone=PLAY zonePos=0 cardId= player=14] tag=SPAWN_TIME_COUNT value=1 
D 15:45:18.5658305 PowerTaskList.DebugPrintPower() -     TAG_CHANGE Entity=[entityName=UNKNOWN ENTITY [cardType=INVALID] id=461 zone=PLAY zonePos=0 cardId= player=14] tag=SPAWN_TIME_COUNT value=0 
D 15:45:18.5658305 PowerTaskList.DebugPrintPower() -     TAG_CHANGE Entity=[entityName=UNKNOWN ENTITY [cardType=INVALID] id=461 zone=PLAY zonePos=0 cardId= player=14] tag=SPAWN_TIME_COUNT value=1 
D 15:45:18.5658305 PowerTaskList.DebugPrintPower() -     TAG_CHANGE Entity=FanaticPro tag=SPAWN_TIME_COUNT value=0 
D 15:45:18.5658305 PowerTaskList.DebugPrintPower() -     TAG_CHANGE Entity=FanaticPro tag=SPAWN_TIME_COUNT value=1 
D 15:45:18.5658305 PowerTaskList.DebugPrintPower() -     TAG_CHANGE Entity=[entityName=Annoy-o-Tron id=363 zone=PLAY zonePos=1 cardId=BG_GVG_085 player=6] tag=SPAWN_TIME_COUNT value=0 
D 15:45:18.5658305 PowerTaskList.DebugPrintPower() -     TAG_CHANGE Entity=[entityName=Annoy-o-Tron id=363 zone=PLAY zonePos=1 cardId=BG_GVG_085 player=6] tag=SPAWN_TIME_COUNT value=1 
D 15:45:18.5658305 PowerTaskList.DebugPrintPower() -     TAG_CHANGE Entity=[entityName=Persistent Poet Player Enchant [DNT] id=224 zone=PLAY zonePos=0 cardId=BG29_813e player=6] tag=SPAWN_TIME_COUNT value=0 
D 15:45:18.5658305 PowerTaskList.DebugPrintPower() -     TAG_CHANGE Entity=[entityName=Persistent Poet Player Enchant [DNT] id=224 zone=PLAY zonePos=0 cardId=BG29_813e player=6] tag=SPAWN_TIME_COUNT value=1 
D 15:45:18.5658305 PowerTaskList.DebugPrintPower() -     TAG_CHANGE Entity=[entityName=TagTransferPlayerEnchant [DNT] id=390 zone=PLAY zonePos=0 cardId=Bacon_TagTransferPlayerE player=6] tag=SPAWN_TIME_COUNT value=0 
D 15:45:18.5658305 PowerTaskList.DebugPrintPower() -     TAG_CHANGE Entity=[entityName=TagTransferPlayerEnchant [DNT] id=390 zone=PLAY zonePos=0 cardId=Bacon_TagTransferPlayerE player=6] tag=SPAWN_TIME_COUNT value=1 
D 15:45:18.5658305 PowerTaskList.DebugPrintPower() -     TAG_CHANGE Entity=dymitrq#2316 tag=SPAWN_TIME_COUNT value=0 
D 15:45:18.5658305 PowerTaskList.DebugPrintPower() -     TAG_CHANGE Entity=dymitrq#2316 tag=SPAWN_TIME_COUNT value=1 
D 15:45:18.5658305 PowerTaskList.DebugPrintPower() -     TAG_CHANGE Entity=[entityName=Sparkhoarder Togwaggle id=85 zone=PLAY zonePos=0 cardId=BG23_HERO_305_SKIN_B player=6] tag=2263 value=2 
D 15:45:18.5658305 PowerTaskList.DebugPrintPower() -     TAG_CHANGE Entity=GameEntity tag=BACON_CHOSEN_BOARD_SKIN_ID value=1 
D 15:45:18.5658305 PowerTaskList.DebugPrintPower() -     META_DATA - Meta=ARTIFICIAL_PAUSE Data=1500 InfoCount=1
D 15:45:18.5658305 PowerTaskList.DebugPrintPower() -                 Info[0] = [entityName=BaconShop8PlayerEnchant id=63 zone=PLAY zonePos=0 cardId=TB_BaconShop_8P_PlayerE player=6]
D 15:45:18.5658305 PowerTaskList.DebugPrintPower() -     META_DATA - Meta=SLUSH_TIME Data=1500 InfoCount=1
D 15:45:18.5658305 PowerTaskList.DebugPrintPower() -                 Info[0] = [entityName=BaconShop8PlayerEnchant id=63 zone=PLAY zonePos=0 cardId=TB_BaconShop_8P_PlayerE player=6]
D 15:45:18.5658305 PowerTaskList.DebugPrintPower() - BLOCK_END
D 15:45:18.5658305 PowerProcessor.PrepareHistoryForCurrentTaskList() - m_currentTaskList=216
D 15:45:21.1496453 PowerProcessor.EndCurrentTaskList() - m_currentTaskList=216
D 15:45:21.1667539 PowerTaskList.DebugDump() - ID=217 ParentID=0 PreviousID=0 TaskCount=4
D 15:45:21.1667539 PowerTaskList.DebugDump() - Block Start=(null)
D 15:45:21.1667539 PowerTaskList.DebugPrintPower() -     TAG_CHANGE Entity=[entityName=Silas Darkmoon id=459 zone=PLAY zonePos=0 cardId=TB_BaconShop_HERO_90 player=14] tag=3669 value=0 
D 15:45:21.1667539 PowerTaskList.DebugPrintPower() -     TAG_CHANGE Entity=[entityName=Molten Rock id=462 zone=PLAY zonePos=1 cardId=BGS_127 player=14] tag=3669 value=0 
D 15:45:21.1667539 PowerTaskList.DebugPrintPower() -     TAG_CHANGE Entity=[entityName=Persistent Poet Player Enchant [DNT] id=460 zone=PLAY zonePos=0 cardId=BG29_813e player=14] tag=3669 value=0 
D 15:45:21.1667539 PowerTaskList.DebugPrintPower() -     TAG_CHANGE Entity=[entityName=TagTransferPlayerEnchant [DNT] id=461 zone=PLAY zonePos=0 cardId=Bacon_TagTransferPlayerE player=14] tag=3669 value=0 
D 15:45:21.1667539 PowerTaskList.DebugDump() - Block End=(null)
D 15:45:21.1667539 PowerProcessor.PrepareHistoryForCurrentTaskList() - m_currentTaskList=217
D 15:45:21.1667539 PowerProcessor.EndCurrentTaskList() - m_currentTaskList=217
D 15:45:21.1667539 PowerTaskList.DebugDump() - ID=218 ParentID=0 PreviousID=0 TaskCount=1
D 15:45:21.1667539 PowerTaskList.DebugDump() - Block Start=(null)
D 15:45:21.1667539 PowerTaskList.DebugPrintPower() -     TAG_CHANGE Entity=GameEntity tag=STEP value=MAIN_START 
D 15:45:21.1667539 PowerTaskList.DebugDump() - Block End=(null)
D 15:45:21.1667539 PowerProcessor.PrepareHistoryForCurrentTaskList() - m_currentTaskList=218
D 15:45:21.1667539 PowerProcessor.EndCurrentTaskList() - m_currentTaskList=218
D 15:45:21.1667539 PowerTaskList.DebugDump() - ID=219 ParentID=0 PreviousID=0 TaskCount=1
D 15:45:21.1667539 PowerTaskList.DebugPrintPower() - BLOCK_START BlockType=TRIGGER Entity=FanaticPro EffectCardId=System.Collections.Generic.List`1[System.String] EffectIndex=-1 Target=0 SubOption=-1 TriggerKeyword=TAG_NOT_SET
D 15:45:21.1667539 PowerTaskList.DebugPrintPower() -     TAG_CHANGE Entity=GameEntity tag=NEXT_STEP value=MAIN_ACTION 
D 15:45:21.1667539 PowerTaskList.DebugPrintPower() - BLOCK_END
D 15:45:21.1667539 PowerProcessor.PrepareHistoryForCurrentTaskList() - m_currentTaskList=219
D 15:45:21.1667539 PowerProcessor.EndCurrentTaskList() - m_currentTaskList=219
D 15:45:21.1667539 PowerTaskList.DebugDump() - ID=220 ParentID=0 PreviousID=0 TaskCount=2
D 15:45:21.1667539 PowerTaskList.DebugDump() - Block Start=(null)
D 15:45:21.1667539 PowerTaskList.DebugPrintPower() -     TAG_CHANGE Entity=GameEntity tag=2022 value=0 
D 15:45:21.1667539 PowerTaskList.DebugPrintPower() -     TAG_CHANGE Entity=dymitrq#2316 tag=2029 value=1 
D 15:45:21.1667539 PowerTaskList.DebugDump() - Block End=(null)
D 15:45:21.1667539 PowerProcessor.PrepareHistoryForCurrentTaskList() - m_currentTaskList=220
D 15:45:21.1667539 PowerProcessor.EndCurrentTaskList() - m_currentTaskList=220
D 15:45:21.1667539 PowerTaskList.DebugDump() - ID=221 ParentID=0 PreviousID=0 TaskCount=31
D 15:45:21.1667539 PowerTaskList.DebugPrintPower() - BLOCK_START BlockType=ATTACK Entity=[entityName=Annoy-o-Tron id=363 zone=PLAY zonePos=1 cardId=BG_GVG_085 player=6] EffectCardId=System.Collections.Generic.List`1[System.String] EffectIndex=0 Target=0 SubOption=-1 
D 15:45:21.1667539 PowerTaskList.DebugPrintPower() -     TAG_CHANGE Entity=dymitrq#2316 tag=NUM_FRIENDLY_MINIONS_THAT_ATTACKED_THIS_TURN value=1 
D 15:45:21.1667539 PowerTaskList.DebugPrintPower() -     TAG_CHANGE Entity=GameEntity tag=PROPOSED_ATTACKER value=363 
D 15:45:21.1667539 PowerTaskList.DebugPrintPower() -     TAG_CHANGE Entity=GameEntity tag=PROPOSED_DEFENDER value=462 
D 15:45:21.1667539 PowerTaskList.DebugPrintPower() -     TAG_CHANGE Entity=[entityName=Annoy-o-Tron id=363 zone=PLAY zonePos=1 cardId=BG_GVG_085 player=6] tag=ATTACKING value=1 
D 15:45:21.1667539 PowerTaskList.DebugPrintPower() -     META_DATA - Meta=SLUSH_TIME Data=1200 InfoCount=1
D 15:45:21.1667539 PowerTaskList.DebugPrintPower() -                 Info[0] = [entityName=Annoy-o-Tron id=363 zone=PLAY zonePos=1 cardId=BG_GVG_085 player=6]
D 15:45:21.1667539 PowerTaskList.DebugPrintPower() -     TAG_CHANGE Entity=[entityName=Molten Rock id=462 zone=PLAY zonePos=1 cardId=BGS_127 player=14] tag=DEFENDING value=1 
D 15:45:21.1667539 PowerTaskList.DebugPrintPower() -     TAG_CHANGE Entity=[entityName=Annoy-o-Tron id=363 zone=PLAY zonePos=1 cardId=BG_GVG_085 player=6] tag=NUM_ATTACKS_THIS_TURN value=1 
D 15:45:21.1667539 PowerTaskList.DebugPrintPower() -     TAG_CHANGE Entity=[entityName=Annoy-o-Tron id=363 zone=PLAY zonePos=1 cardId=BG_GVG_085 player=6] tag=EXHAUSTED value=1 
D 15:45:21.1667539 PowerTaskList.DebugPrintPower() -     TAG_CHANGE Entity=[entityName=Molten Rock id=462 zone=PLAY zonePos=1 cardId=BGS_127 player=14] tag=2187 value=363 
D 15:45:21.1667539 PowerTaskList.DebugPrintPower() -     TAG_CHANGE Entity=[entityName=Molten Rock id=462 zone=PLAY zonePos=1 cardId=BGS_127 player=14] tag=PREDAMAGE value=1 
D 15:45:21.1667539 PowerTaskList.DebugPrintPower() -     TAG_CHANGE Entity=[entityName=Molten Rock id=462 zone=PLAY zonePos=1 cardId=BGS_127 player=14] tag=1173 value=462 
D 15:45:21.1667539 PowerTaskList.DebugPrintPower() -     TAG_CHANGE Entity=[entityName=Molten Rock id=462 zone=PLAY zonePos=1 cardId=BGS_127 player=14] tag=2187 value=0 
D 15:45:21.1667539 PowerTaskList.DebugPrintPower() -     TAG_CHANGE Entity=[entityName=Molten Rock id=462 zone=PLAY zonePos=1 cardId=BGS_127 player=14] tag=PREDAMAGE value=0 
D 15:45:21.1667539 PowerTaskList.DebugPrintPower() -     TAG_CHANGE Entity=[entityName=Molten Rock id=462 zone=PLAY zonePos=1 cardId=BGS_127 player=14] tag=1173 value=0 
D 15:45:21.1667539 PowerTaskList.DebugPrintPower() -     TAG_CHANGE Entity=[entityName=Molten Rock id=462 zone=PLAY zonePos=1 cardId=BGS_127 player=14] tag=PREDAMAGE value=1 
D 15:45:21.1667539 PowerTaskList.DebugPrintPower() -     TAG_CHANGE Entity=[entityName=Molten Rock id=462 zone=PLAY zonePos=1 cardId=BGS_127 player=14] tag=PREDAMAGE value=0 
D 15:45:21.1667539 PowerTaskList.DebugPrintPower() -     META_DATA - Meta=DAMAGE Data=1 InfoCount=1
D 15:45:21.1667539 PowerTaskList.DebugPrintPower() -                 Info[0] = [entityName=Molten Rock id=462 zone=PLAY zonePos=1 cardId=BGS_127 player=14]
D 15:45:21.1667539 PowerTaskList.DebugPrintPower() -     TAG_CHANGE Entity=[entityName=Molten Rock id=462 zone=PLAY zonePos=1 cardId=BGS_127 player=14] tag=LAST_AFFECTED_BY value=363 
D 15:45:21.1667539 PowerTaskList.DebugPrintPower() -     TAG_CHANGE Entity=[entityName=Molten Rock id=462 zone=PLAY zonePos=1 cardId=BGS_127 player=14] tag=DAMAGE value=1 
D 15:45:21.1667539 PowerTaskList.DebugPrintPower() -     TAG_CHANGE Entity=[entityName=Annoy-o-Tron id=363 zone=PLAY zonePos=1 cardId=BG_GVG_085 player=6] tag=2187 value=462 
D 15:45:21.1667539 PowerTaskList.DebugPrintPower() -     TAG_CHANGE Entity=[entityName=Annoy-o-Tron id=363 zone=PLAY zonePos=1 cardId=BG_GVG_085 player=6] tag=PREDAMAGE value=3 
D 15:45:21.1667539 PowerTaskList.DebugPrintPower() -     TAG_CHANGE Entity=[entityName=Annoy-o-Tron id=363 zone=PLAY zonePos=1 cardId=BG_GVG_085 player=6] tag=1173 value=363 
D 15:45:21.1667539 PowerTaskList.DebugPrintPower() -     TAG_CHANGE Entity=[entityName=Annoy-o-Tron id=363 zone=PLAY zonePos=1 cardId=BG_GVG_085 player=6] tag=2187 value=0 
D 15:45:21.1667539 PowerTaskList.DebugPrintPower() -     TAG_CHANGE Entity=[entityName=Annoy-o-Tron id=363 zone=PLAY zonePos=1 cardId=BG_GVG_085 player=6] tag=PREDAMAGE value=0 
D 15:45:21.1667539 PowerTaskList.DebugPrintPower() -     TAG_CHANGE Entity=[entityName=Annoy-o-Tron id=363 zone=PLAY zonePos=1 cardId=BG_GVG_085 player=6] tag=1173 value=0 
D 15:45:21.1667539 PowerTaskList.DebugPrintPower() -     TAG_CHANGE Entity=[entityName=Annoy-o-Tron id=363 zone=PLAY zonePos=1 cardId=BG_GVG_085 player=6] tag=PREDAMAGE value=3 
D 15:45:21.1667539 PowerTaskList.DebugPrintPower() -     TAG_CHANGE Entity=[entityName=Annoy-o-Tron id=363 zone=PLAY zonePos=1 cardId=BG_GVG_085 player=6] tag=PREDAMAGE value=0 
D 15:45:21.1667539 PowerTaskList.DebugPrintPower() -     TAG_CHANGE Entity=[entityName=Annoy-o-Tron id=363 zone=PLAY zonePos=1 cardId=BG_GVG_085 player=6] tag=DIVINE_SHIELD value=0 
D 15:45:21.1667539 PowerTaskList.DebugPrintPower() -     TAG_CHANGE Entity=[entityName=Annoy-o-Tron id=363 zone=PLAY zonePos=1 cardId=BG_GVG_085 player=6] tag=2873 value=1 
D 15:45:21.1667539 PowerTaskList.DebugPrintPower() -     META_DATA - Meta=DAMAGE Data=0 InfoCount=1
D 15:45:21.1667539 PowerTaskList.DebugPrintPower() -                 Info[0] = [entityName=Annoy-o-Tron id=363 zone=PLAY zonePos=1 cardId=BG_GVG_085 player=6]
D 15:45:21.1667539 PowerTaskList.DebugPrintPower() -     TAG_CHANGE Entity=GameEntity tag=1710 value=1 
D 15:45:21.1667539 PowerTaskList.DebugDump() - Block End=(null)
D 15:45:21.1667539 PowerProcessor.PrepareHistoryForCurrentTaskList() - m_currentTaskList=221
D 15:45:22.4513262 PowerProcessor.EndCurrentTaskList() - m_currentTaskList=221
D 15:45:22.4657374 PowerTaskList.DebugDump() - ID=222 ParentID=221 PreviousID=0 TaskCount=1
D 15:45:22.4657374 PowerTaskList.DebugPrintPower() - BLOCK_START BlockType=TRIGGER Entity=[entityName=BaconShop8PlayerEnchant id=63 zone=PLAY zonePos=0 cardId=TB_BaconShop_8P_PlayerE player=6] EffectCardId=System.Collections.Generic.List`1[System.String] EffectIndex=18 Target=0 SubOption=-1 TriggerKeyword=TAG_NOT_SET
D 15:45:22.4657374 PowerTaskList.DebugPrintPower() -     TAG_CHANGE Entity=dymitrq#2316 tag=1483 value=1 
D 15:45:22.4657374 PowerTaskList.DebugPrintPower() - BLOCK_END
D 15:45:22.4657374 PowerProcessor.PrepareHistoryForCurrentTaskList() - m_currentTaskList=222
D 15:45:22.4657374 PowerProcessor.EndCurrentTaskList() - m_currentTaskList=222
D 15:45:22.4657374 PowerTaskList.DebugDump() - ID=223 ParentID=0 PreviousID=221 TaskCount=0
D 15:45:22.4657374 PowerTaskList.DebugDump() - Block Start=(null)
D 15:45:22.4657374 PowerTaskList.DebugDump() - Block End=(null)
D 15:45:22.4657374 PowerProcessor.PrepareHistoryForCurrentTaskList() - m_currentTaskList=223
D 15:45:22.4657374 PowerProcessor.EndCurrentTaskList() - m_currentTaskList=223
D 15:45:22.4657374 PowerTaskList.DebugDump() - ID=224 ParentID=221 PreviousID=0 TaskCount=0
D 15:45:22.4657374 PowerTaskList.DebugPrintPower() - BLOCK_START BlockType=TRIGGER Entity=[entityName=BaconShop8PlayerEnchant id=63 zone=PLAY zonePos=0 cardId=TB_BaconShop_8P_PlayerE player=6] EffectCardId=System.Collections.Generic.List`1[System.String] EffectIndex=20 Target=0 SubOption=-1 TriggerKeyword=TAG_NOT_SET
D 15:45:22.4657374 PowerTaskList.DebugPrintPower() - BLOCK_END
D 15:45:22.4657374 PowerProcessor.PrepareHistoryForCurrentTaskList() - m_currentTaskList=224
D 15:45:22.4657374 PowerProcessor.EndCurrentTaskList() - m_currentTaskList=224
D 15:45:22.4657374 PowerTaskList.DebugDump() - ID=225 ParentID=0 PreviousID=223 TaskCount=5
D 15:45:22.4657374 PowerTaskList.DebugDump() - Block Start=(null)
D 15:45:22.4657374 PowerTaskList.DebugPrintPower() -     TAG_CHANGE Entity=GameEntity tag=1710 value=0 
D 15:45:22.4657374 PowerTaskList.DebugPrintPower() -     TAG_CHANGE Entity=GameEntity tag=PROPOSED_ATTACKER value=0 
D 15:45:22.4657374 PowerTaskList.DebugPrintPower() -     TAG_CHANGE Entity=GameEntity tag=PROPOSED_DEFENDER value=0 
D 15:45:22.4657374 PowerTaskList.DebugPrintPower() -     TAG_CHANGE Entity=[entityName=Annoy-o-Tron id=363 zone=PLAY zonePos=1 cardId=BG_GVG_085 player=6] tag=ATTACKING value=0 
D 15:45:22.4657374 PowerTaskList.DebugPrintPower() -     TAG_CHANGE Entity=[entityName=Molten Rock id=462 zone=PLAY zonePos=1 cardId=BGS_127 player=14] tag=DEFENDING value=0 
D 15:45:22.4657374 PowerTaskList.DebugPrintPower() - BLOCK_END
D 15:45:22.4657374 PowerProcessor.PrepareHistoryForCurrentTaskList() - m_currentTaskList=225
D 15:45:22.4657374 PowerProcessor.EndCurrentTaskList() - m_currentTaskList=225
D 15:45:22.4657374 PowerTaskList.DebugDump() - ID=226 ParentID=0 PreviousID=0 TaskCount=32
D 15:45:22.4657374 PowerTaskList.DebugPrintPower() - BLOCK_START BlockType=ATTACK Entity=[entityName=Molten Rock id=462 zone=PLAY zonePos=1 cardId=BGS_127 player=14] EffectCardId=System.Collections.Generic.List`1[System.String] EffectIndex=0 Target=0 SubOption=-1 
D 15:45:22.4657374 PowerTaskList.DebugPrintPower() -     TAG_CHANGE Entity=FanaticPro tag=NUM_FRIENDLY_MINIONS_THAT_ATTACKED_THIS_TURN value=1 
D 15:45:22.4657374 PowerTaskList.DebugPrintPower() -     TAG_CHANGE Entity=GameEntity tag=PROPOSED_ATTACKER value=462 
D 15:45:22.4657374 PowerTaskList.DebugPrintPower() -     TAG_CHANGE Entity=GameEntity tag=PROPOSED_DEFENDER value=363 
D 15:45:22.4657374 PowerTaskList.DebugPrintPower() -     TAG_CHANGE Entity=[entityName=Molten Rock id=462 zone=PLAY zonePos=1 cardId=BGS_127 player=14] tag=ATTACKING value=1 
D 15:45:22.4657374 PowerTaskList.DebugPrintPower() -     META_DATA - Meta=SLUSH_TIME Data=1200 InfoCount=1
D 15:45:22.4657374 PowerTaskList.DebugPrintPower() -                 Info[0] = [entityName=Molten Rock id=462 zone=PLAY zonePos=1 cardId=BGS_127 player=14]
D 15:45:22.4657374 PowerTaskList.DebugPrintPower() -     TAG_CHANGE Entity=[entityName=Annoy-o-Tron id=363 zone=PLAY zonePos=1 cardId=BG_GVG_085 player=6] tag=DEFENDING value=1 
D 15:45:22.4657374 PowerTaskList.DebugPrintPower() -     TAG_CHANGE Entity=[entityName=Molten Rock id=462 zone=PLAY zonePos=1 cardId=BGS_127 player=14] tag=NUM_ATTACKS_THIS_TURN value=1 
D 15:45:22.4657374 PowerTaskList.DebugPrintPower() -     TAG_CHANGE Entity=[entityName=Molten Rock id=462 zone=PLAY zonePos=1 cardId=BGS_127 player=14] tag=EXHAUSTED value=1 
D 15:45:22.4657374 PowerTaskList.DebugPrintPower() -     TAG_CHANGE Entity=[entityName=Annoy-o-Tron id=363 zone=PLAY zonePos=1 cardId=BG_GVG_085 player=6] tag=2187 value=462 
D 15:45:22.4657374 PowerTaskList.DebugPrintPower() -     TAG_CHANGE Entity=[entityName=Annoy-o-Tron id=363 zone=PLAY zonePos=1 cardId=BG_GVG_085 player=6] tag=PREDAMAGE value=3 
D 15:45:22.4657374 PowerTaskList.DebugPrintPower() -     TAG_CHANGE Entity=[entityName=Annoy-o-Tron id=363 zone=PLAY zonePos=1 cardId=BG_GVG_085 player=6] tag=1173 value=363 
D 15:45:22.4657374 PowerTaskList.DebugPrintPower() -     TAG_CHANGE Entity=[entityName=Annoy-o-Tron id=363 zone=PLAY zonePos=1 cardId=BG_GVG_085 player=6] tag=2187 value=0 
D 15:45:22.4657374 PowerTaskList.DebugPrintPower() -     TAG_CHANGE Entity=[entityName=Annoy-o-Tron id=363 zone=PLAY zonePos=1 cardId=BG_GVG_085 player=6] tag=PREDAMAGE value=0 
D 15:45:22.4657374 PowerTaskList.DebugPrintPower() -     TAG_CHANGE Entity=[entityName=Annoy-o-Tron id=363 zone=PLAY zonePos=1 cardId=BG_GVG_085 player=6] tag=1173 value=0 
D 15:45:22.4657374 PowerTaskList.DebugPrintPower() -     TAG_CHANGE Entity=[entityName=Annoy-o-Tron id=363 zone=PLAY zonePos=1 cardId=BG_GVG_085 player=6] tag=PREDAMAGE value=3 
D 15:45:22.4657374 PowerTaskList.DebugPrintPower() -     TAG_CHANGE Entity=[entityName=Annoy-o-Tron id=363 zone=PLAY zonePos=1 cardId=BG_GVG_085 player=6] tag=PREDAMAGE value=0 
D 15:45:22.4657374 PowerTaskList.DebugPrintPower() -     META_DATA - Meta=DAMAGE Data=3 InfoCount=1
D 15:45:22.4657374 PowerTaskList.DebugPrintPower() -                 Info[0] = [entityName=Annoy-o-Tron id=363 zone=PLAY zonePos=1 cardId=BG_GVG_085 player=6]
D 15:45:22.4657374 PowerTaskList.DebugPrintPower() -     TAG_CHANGE Entity=[entityName=Annoy-o-Tron id=363 zone=PLAY zonePos=1 cardId=BG_GVG_085 player=6] tag=LAST_AFFECTED_BY value=462 
D 15:45:22.4657374 PowerTaskList.DebugPrintPower() -     TAG_CHANGE Entity=[entityName=Annoy-o-Tron id=363 zone=PLAY zonePos=1 cardId=BG_GVG_085 player=6] tag=DAMAGE value=3 
D 15:45:22.4657374 PowerTaskList.DebugPrintPower() -     TAG_CHANGE Entity=[entityName=Molten Rock id=462 zone=PLAY zonePos=1 cardId=BGS_127 player=14] tag=2187 value=363 
D 15:45:22.4657374 PowerTaskList.DebugPrintPower() -     TAG_CHANGE Entity=[entityName=Molten Rock id=462 zone=PLAY zonePos=1 cardId=BGS_127 player=14] tag=PREDAMAGE value=1 
D 15:45:22.4657374 PowerTaskList.DebugPrintPower() -     TAG_CHANGE Entity=[entityName=Molten Rock id=462 zone=PLAY zonePos=1 cardId=BGS_127 player=14] tag=1173 value=462 
D 15:45:22.4657374 PowerTaskList.DebugPrintPower() -     TAG_CHANGE Entity=[entityName=Molten Rock id=462 zone=PLAY zonePos=1 cardId=BGS_127 player=14] tag=2187 value=0 
D 15:45:22.4657374 PowerTaskList.DebugPrintPower() -     TAG_CHANGE Entity=[entityName=Molten Rock id=462 zone=PLAY zonePos=1 cardId=BGS_127 player=14] tag=PREDAMAGE value=0 
D 15:45:22.4657374 PowerTaskList.DebugPrintPower() -     TAG_CHANGE Entity=[entityName=Molten Rock id=462 zone=PLAY zonePos=1 cardId=BGS_127 player=14] tag=1173 value=0 
D 15:45:22.4657374 PowerTaskList.DebugPrintPower() -     TAG_CHANGE Entity=[entityName=Molten Rock id=462 zone=PLAY zonePos=1 cardId=BGS_127 player=14] tag=PREDAMAGE value=1 
D 15:45:22.4657374 PowerTaskList.DebugPrintPower() -     TAG_CHANGE Entity=[entityName=Molten Rock id=462 zone=PLAY zonePos=1 cardId=BGS_127 player=14] tag=PREDAMAGE value=0 
D 15:45:22.4657374 PowerTaskList.DebugPrintPower() -     META_DATA - Meta=DAMAGE Data=1 InfoCount=1
D 15:45:22.4657374 PowerTaskList.DebugPrintPower() -                 Info[0] = [entityName=Molten Rock id=462 zone=PLAY zonePos=1 cardId=BGS_127 player=14]
D 15:45:22.4657374 PowerTaskList.DebugPrintPower() -     TAG_CHANGE Entity=[entityName=Molten Rock id=462 zone=PLAY zonePos=1 cardId=BGS_127 player=14] tag=DAMAGE value=2 
D 15:45:22.4657374 PowerTaskList.DebugPrintPower() -     TAG_CHANGE Entity=GameEntity tag=1710 value=1 
D 15:45:22.4657374 PowerTaskList.DebugPrintPower() -     TAG_CHANGE Entity=GameEntity tag=1710 value=0 
D 15:45:22.4657374 PowerTaskList.DebugPrintPower() -     TAG_CHANGE Entity=GameEntity tag=1710 value=1 
D 15:45:22.4657374 PowerTaskList.DebugDump() - Block End=(null)
D 15:45:22.4657374 PowerProcessor.PrepareHistoryForCurrentTaskList() - m_currentTaskList=226
D 15:45:23.7495153 PowerProcessor.EndCurrentTaskList() - m_currentTaskList=226
D 15:45:23.7668449 PowerTaskList.DebugDump() - ID=227 ParentID=226 PreviousID=0 TaskCount=1
D 15:45:23.7668449 PowerTaskList.DebugPrintPower() - BLOCK_START BlockType=TRIGGER Entity=[entityName=BaconShop8PlayerEnchant id=63 zone=PLAY zonePos=0 cardId=TB_BaconShop_8P_PlayerE player=6] EffectCardId=System.Collections.Generic.List`1[System.String] EffectIndex=18 Target=0 SubOption=-1 TriggerKeyword=TAG_NOT_SET
D 15:45:23.7668449 PowerTaskList.DebugPrintPower() -     TAG_CHANGE Entity=dymitrq#2316 tag=1483 value=2 
D 15:45:23.7668449 PowerTaskList.DebugPrintPower() - BLOCK_END
D 15:45:23.7668449 PowerProcessor.PrepareHistoryForCurrentTaskList() - m_currentTaskList=227
D 15:45:23.7668449 PowerProcessor.EndCurrentTaskList() - m_currentTaskList=227
D 15:45:23.7668449 PowerTaskList.DebugDump() - ID=228 ParentID=0 PreviousID=226 TaskCount=0
D 15:45:23.7668449 PowerTaskList.DebugDump() - Block Start=(null)
D 15:45:23.7668449 PowerTaskList.DebugDump() - Block End=(null)
D 15:45:23.7668449 PowerProcessor.PrepareHistoryForCurrentTaskList() - m_currentTaskList=228
D 15:45:23.7668449 PowerProcessor.EndCurrentTaskList() - m_currentTaskList=228
D 15:45:23.7668449 PowerTaskList.DebugDump() - ID=229 ParentID=226 PreviousID=0 TaskCount=0
D 15:45:23.7668449 PowerTaskList.DebugPrintPower() - BLOCK_START BlockType=TRIGGER Entity=[entityName=BaconShop8PlayerEnchant id=63 zone=PLAY zonePos=0 cardId=TB_BaconShop_8P_PlayerE player=6] EffectCardId=System.Collections.Generic.List`1[System.String] EffectIndex=20 Target=0 SubOption=-1 TriggerKeyword=TAG_NOT_SET
D 15:45:23.7668449 PowerTaskList.DebugPrintPower() - BLOCK_END
D 15:45:23.7668449 PowerProcessor.PrepareHistoryForCurrentTaskList() - m_currentTaskList=229
D 15:45:23.7668449 PowerProcessor.EndCurrentTaskList() - m_currentTaskList=229
D 15:45:23.7668449 PowerTaskList.DebugDump() - ID=230 ParentID=0 PreviousID=228 TaskCount=5
D 15:45:23.7668449 PowerTaskList.DebugDump() - Block Start=(null)
D 15:45:23.7668449 PowerTaskList.DebugPrintPower() -     TAG_CHANGE Entity=GameEntity tag=1710 value=0 
D 15:45:23.7668449 PowerTaskList.DebugPrintPower() -     TAG_CHANGE Entity=GameEntity tag=PROPOSED_ATTACKER value=0 
D 15:45:23.7668449 PowerTaskList.DebugPrintPower() -     TAG_CHANGE Entity=GameEntity tag=PROPOSED_DEFENDER value=0 
D 15:45:23.7668449 PowerTaskList.DebugPrintPower() -     TAG_CHANGE Entity=[entityName=Molten Rock id=462 zone=PLAY zonePos=1 cardId=BGS_127 player=14] tag=ATTACKING value=0 
D 15:45:23.7668449 PowerTaskList.DebugPrintPower() -     TAG_CHANGE Entity=[entityName=Annoy-o-Tron id=363 zone=PLAY zonePos=1 cardId=BG_GVG_085 player=6] tag=DEFENDING value=0 
D 15:45:23.7668449 PowerTaskList.DebugPrintPower() - BLOCK_END
D 15:45:23.7668449 PowerProcessor.PrepareHistoryForCurrentTaskList() - m_currentTaskList=230
D 15:45:23.7668449 PowerProcessor.EndCurrentTaskList() - m_currentTaskList=230
D 15:45:23.7668449 PowerTaskList.DebugDump() - ID=231 ParentID=0 PreviousID=0 TaskCount=0
D 15:45:23.7668449 PowerTaskList.DebugPrintPower() - BLOCK_START BlockType=DEATHS Entity=GameEntity EffectCardId=System.Collections.Generic.List`1[System.String] EffectIndex=0 Target=0 SubOption=-1 
D 15:45:23.7668449 PowerTaskList.DebugDump() - Block End=(null)
D 15:45:23.7668449 PowerProcessor.PrepareHistoryForCurrentTaskList() - m_currentTaskList=231
D 15:45:23.7668449 PowerProcessor.EndCurrentTaskList() - m_currentTaskList=231
D 15:45:23.7668449 PowerTaskList.DebugDump() - ID=232 ParentID=231 PreviousID=0 TaskCount=11
D 15:45:23.7668449 PowerTaskList.DebugPrintPower() - BLOCK_START BlockType=TRIGGER Entity=[entityName=BaconShop8PlayerEnchant id=63 zone=PLAY zonePos=0 cardId=TB_BaconShop_8P_PlayerE player=6] EffectCardId=System.Collections.Generic.List`1[System.String] EffectIndex=37 Target=0 SubOption=-1 TriggerKeyword=TAG_NOT_SET
D 15:45:23.7668449 PowerTaskList.DebugPrintPower() -     FULL_ENTITY - Updating [entityName=Annoy-o-Tron id=474 zone=SETASIDE zonePos=0 cardId=BG_GVG_085 player=6] CardID=BG_GVG_085
D 15:45:23.7668449 PowerTaskList.DebugPrintPower() -         tag=CONTROLLER value=6
D 15:45:23.7668449 PowerTaskList.DebugPrintPower() -         tag=CARDTYPE value=MINION
D 15:45:23.7668449 PowerTaskList.DebugPrintPower() -         tag=479 value=1
D 15:45:23.7668449 PowerTaskList.DebugPrintPower() -         tag=ATK value=1
D 15:45:23.7668449 PowerTaskList.DebugPrintPower() -         tag=HEALTH value=2
D 15:45:23.7668449 PowerTaskList.DebugPrintPower() -         tag=ZONE value=SETASIDE
D 15:45:23.7668449 PowerTaskList.DebugPrintPower() -         tag=ENTITY_ID value=474
D 15:45:23.7668449 PowerTaskList.DebugPrintPower() -         tag=TAUNT value=1
D 15:45:23.7668449 PowerTaskList.DebugPrintPower() -         tag=DIVINE_SHIELD value=1
D 15:45:23.7668449 PowerTaskList.DebugPrintPower() -         tag=CARDRACE value=MECHANICAL
D 15:45:23.7668449 PowerTaskList.DebugPrintPower() -         tag=RARITY value=COMMON
D 15:45:23.7668449 PowerTaskList.DebugPrintPower() -         tag=CREATOR value=63
D 15:45:23.7668449 PowerTaskList.DebugPrintPower() -         tag=1037 value=6
D 15:45:23.7668449 PowerTaskList.DebugPrintPower() -         tag=CREATOR_DBID value=57980
D 15:45:23.7668449 PowerTaskList.DebugPrintPower() -         tag=BACON_TRIPLE_UPGRADE_MINION_ID value=103653
D 15:45:23.7668449 PowerTaskList.DebugPrintPower() -         tag=TECH_LEVEL value=1
D 15:45:23.7668449 PowerTaskList.DebugPrintPower() -         tag=IS_BACON_POOL_MINION value=1
D 15:45:23.7668449 PowerTaskList.DebugPrintPower() -         tag=SUPPRESS_ALL_SUMMON_VO value=1
D 15:45:23.7668449 PowerTaskList.DebugPrintPower() -         tag=SPAWN_TIME_COUNT value=1
D 15:45:23.7668449 PowerTaskList.DebugPrintPower() -         tag=1595 value=1
D 15:45:23.7668449 PowerTaskList.DebugPrintPower() -         tag=HAS_ACTIVATE_POWER value=1
D 15:45:23.7668449 PowerTaskList.DebugPrintPower() -         tag=3085 value=2
D 15:45:23.7668449 PowerTaskList.DebugPrintPower() -     TAG_CHANGE Entity=[entityName=Annoy-o-Tron id=474 zone=SETASIDE zonePos=0 cardId=BG_GVG_085 player=6] tag=2873 value=1 
D 15:45:23.7668449 PowerTaskList.DebugPrintPower() -     TAG_CHANGE Entity=[entityName=Annoy-o-Tron id=474 zone=SETASIDE zonePos=0 cardId=BG_GVG_085 player=6] tag=DIVINE_SHIELD value=0 
D 15:45:23.7668449 PowerTaskList.DebugPrintPower() -     TAG_CHANGE Entity=[entityName=Annoy-o-Tron id=474 zone=SETASIDE zonePos=0 cardId=BG_GVG_085 player=6] tag=DAMAGE value=3 
D 15:45:23.7668449 PowerTaskList.DebugPrintPower() -     TAG_CHANGE Entity=[entityName=Annoy-o-Tron id=474 zone=SETASIDE zonePos=0 cardId=BG_GVG_085 player=6] tag=EXHAUSTED value=1 
D 15:45:23.7668449 PowerTaskList.DebugPrintPower() -     TAG_CHANGE Entity=[entityName=Annoy-o-Tron id=474 zone=SETASIDE zonePos=0 cardId=BG_GVG_085 player=6] tag=LAST_AFFECTED_BY value=462 
D 15:45:23.7668449 PowerTaskList.DebugPrintPower() -     TAG_CHANGE Entity=[entityName=Annoy-o-Tron id=474 zone=SETASIDE zonePos=0 cardId=BG_GVG_085 player=6] tag=COPIED_FROM_ENTITY_ID value=363 
D 15:45:23.7668449 PowerTaskList.DebugPrintPower() -     TAG_CHANGE Entity=[entityName=Annoy-o-Tron id=474 zone=SETASIDE zonePos=0 cardId=BG_GVG_085 player=6] tag=3669 value=1 
D 15:45:23.7668449 PowerTaskList.DebugPrintPower() -     TAG_CHANGE Entity=[entityName=Annoy-o-Tron id=474 zone=SETASIDE zonePos=0 cardId=BG_GVG_085 player=6] tag=DIVINE_SHIELD value=1 
D 15:45:23.7668449 PowerTaskList.DebugPrintPower() -     TAG_CHANGE Entity=[entityName=Annoy-o-Tron id=474 zone=SETASIDE zonePos=0 cardId=BG_GVG_085 player=6] tag=DAMAGE value=0 
D 15:45:23.7668449 PowerTaskList.DebugPrintPower() -     TAG_CHANGE Entity=[entityName=Annoy-o-Tron id=474 zone=SETASIDE zonePos=0 cardId=BG_GVG_085 player=6] tag=TRANSIENT_ENTITY value=1 
D 15:45:23.7668449 PowerTaskList.DebugPrintPower() - BLOCK_END
D 15:45:23.7668449 PowerProcessor.PrepareHistoryForCurrentTaskList() - m_currentTaskList=232
D 15:45:23.7830274 PowerProcessor.EndCurrentTaskList() - m_currentTaskList=232
D 15:45:23.7995756 PowerTaskList.DebugDump() - ID=233 ParentID=0 PreviousID=231 TaskCount=14
D 15:45:23.7995756 PowerTaskList.DebugDump() - Block Start=(null)
D 15:45:23.7995756 PowerTaskList.DebugPrintPower() -     TAG_CHANGE Entity=dymitrq#2316 tag=NUM_MINIONS_PLAYER_KILLED_THIS_TURN value=1 
D 15:45:23.7995756 PowerTaskList.DebugPrintPower() -     TAG_CHANGE Entity=GameEntity tag=NUM_MINIONS_KILLED_THIS_TURN value=1 
D 15:45:23.7995756 PowerTaskList.DebugPrintPower() -     TAG_CHANGE Entity=[entityName=Annoy-o-Tron id=363 zone=PLAY zonePos=1 cardId=BG_GVG_085 player=6] tag=1068 value=4 
D 15:45:23.7995756 PowerTaskList.DebugPrintPower() -     TAG_CHANGE Entity=[entityName=Annoy-o-Tron id=363 zone=PLAY zonePos=1 cardId=BG_GVG_085 player=6] tag=1068 value=0 
D 15:45:23.7995756 PowerTaskList.DebugPrintPower() -     TAG_CHANGE Entity=[entityName=Annoy-o-Tron id=363 zone=PLAY zonePos=1 cardId=BG_GVG_085 player=6] tag=EXHAUSTED value=0 
D 15:45:23.7995756 PowerTaskList.DebugPrintPower() -     TAG_CHANGE Entity=[entityName=Annoy-o-Tron id=363 zone=PLAY zonePos=1 cardId=BG_GVG_085 player=6] tag=ZONE_POSITION value=0 
D 15:45:23.7995756 PowerTaskList.DebugPrintPower() -     TAG_CHANGE Entity=[entityName=Annoy-o-Tron id=363 zone=PLAY zonePos=1 cardId=BG_GVG_085 player=6] tag=ZONE value=GRAVEYARD 
D 15:45:23.7995756 PowerTaskList.DebugPrintPower() -     TAG_CHANGE Entity=dymitrq#2316 tag=NUM_FRIENDLY_MINIONS_THAT_DIED_THIS_TURN value=1 
D 15:45:23.7995756 PowerTaskList.DebugPrintPower() -     TAG_CHANGE Entity=dymitrq#2316 tag=NUM_FRIENDLY_MINIONS_THAT_DIED_THIS_GAME value=1 
D 15:45:23.7995756 PowerTaskList.DebugPrintPower() -     TAG_CHANGE Entity=dymitrq#2316 tag=2753 value=103652 
D 15:45:23.7995756 PowerTaskList.DebugPrintPower() -     TAG_CHANGE Entity=dymitrq#2316 tag=2717 value=1 
D 15:45:23.7995756 PowerTaskList.DebugPrintPower() -     TAG_CHANGE Entity=[entityName=Annoy-o-Tron id=435 zone=SETASIDE zonePos=0 cardId=BG_GVG_085 player=6] tag=BACON_DIED_LAST_COMBAT value=1 
D 15:45:23.7995756 PowerTaskList.DebugPrintPower() -     TAG_CHANGE Entity=dymitrq#2316 tag=CORPSES value=1 
D 15:45:23.7995756 PowerTaskList.DebugPrintPower() -     TAG_CHANGE Entity=[entityName=Annoy-o-Tron id=363 zone=PLAY zonePos=1 cardId=BG_GVG_085 player=6] tag=DAMAGE value=0 
D 15:45:23.7995756 PowerTaskList.DebugPrintPower() - BLOCK_END
D 15:45:23.7995756 PowerProcessor.PrepareHistoryForCurrentTaskList() - m_currentTaskList=233
D 15:45:23.8498103 PowerProcessor.EndCurrentTaskList() - m_currentTaskList=233
D 15:45:23.8689191 PowerTaskList.DebugDump() - ID=234 ParentID=0 PreviousID=0 TaskCount=2
D 15:45:23.8689191 PowerTaskList.DebugDump() - Block Start=(null)
D 15:45:23.8689191 PowerTaskList.DebugPrintPower() -     TAG_CHANGE Entity=[entityName=Annoy-o-Tron id=474 zone=SETASIDE zonePos=0 cardId=BG_GVG_085 player=6] tag=3669 value=0 
D 15:45:23.8689191 PowerTaskList.DebugPrintPower() -     TAG_CHANGE Entity=GameEntity tag=3534 value=0 
D 15:45:23.8689191 PowerTaskList.DebugDump() - Block End=(null)
D 15:45:23.8689191 PowerProcessor.PrepareHistoryForCurrentTaskList() - m_currentTaskList=234
D 15:45:23.8689191 PowerProcessor.EndCurrentTaskList() - m_currentTaskList=234
D 15:45:23.8689191 PowerTaskList.DebugDump() - ID=235 ParentID=0 PreviousID=0 TaskCount=9
D 15:45:23.8689191 PowerTaskList.DebugPrintPower() - BLOCK_START BlockType=TRIGGER Entity=[entityName=BaconShop8PlayerEnchant id=63 zone=PLAY zonePos=0 cardId=TB_BaconShop_8P_PlayerE player=6] EffectCardId=System.Collections.Generic.List`1[System.String] EffectIndex=14 Target=0 SubOption=-1 TriggerKeyword=TAG_NOT_SET
D 15:45:23.8689191 PowerTaskList.DebugPrintPower() -     TAG_CHANGE Entity=dymitrq#2316 tag=2267 value=5 
D 15:45:23.8689191 PowerTaskList.DebugPrintPower() -     TAG_CHANGE Entity=dymitrq#2316 tag=1487 value=1 
D 15:45:23.8689191 PowerTaskList.DebugPrintPower() -     TAG_CHANGE Entity=[entityName=Sparkhoarder Togwaggle id=85 zone=PLAY zonePos=0 cardId=BG23_HERO_305_SKIN_B player=6] tag=1487 value=1 
D 15:45:23.8689191 PowerTaskList.DebugPrintPower() -     TAG_CHANGE Entity=GameEntity tag=MISSION_EVENT value=128 
D 15:45:23.8689191 PowerTaskList.DebugPrintPower() -     TAG_CHANGE Entity=GameEntity tag=HIGHLIGHT_ATTACKING_MINION_DURING_COMBAT value=0 
D 15:45:23.8689191 PowerTaskList.DebugPrintPower() -     TAG_CHANGE Entity=[entityName=Silas Darkmoon id=459 zone=PLAY zonePos=0 cardId=TB_BaconShop_HERO_90 player=14] tag=ATK value=1 
D 15:45:23.8689191 PowerTaskList.DebugPrintPower() -     TAG_CHANGE Entity=GameEntity tag=MISSION_EVENT value=0 
D 15:45:23.8689191 PowerTaskList.DebugPrintPower() -     TAG_CHANGE Entity=GameEntity tag=MISSION_EVENT value=120 
D 15:45:23.8689191 PowerTaskList.DebugPrintPower() -     META_DATA - Meta=SLUSH_TIME Data=4400 InfoCount=1
D 15:45:23.8689191 PowerTaskList.DebugPrintPower() -                 Info[0] = [entityName=BaconShop8PlayerEnchant id=63 zone=PLAY zonePos=0 cardId=TB_BaconShop_8P_PlayerE player=6]
D 15:45:23.8689191 PowerTaskList.DebugDump() - Block End=(null)
D 15:45:23.8689191 PowerProcessor.PrepareHistoryForCurrentTaskList() - m_currentTaskList=235
D 15:45:23.8689191 PowerProcessor.EndCurrentTaskList() - m_currentTaskList=235
D 15:45:23.8689191 PowerTaskList.DebugDump() - ID=236 ParentID=0 PreviousID=235 TaskCount=3
D 15:45:23.8689191 PowerTaskList.DebugDump() - Block Start=(null)
D 15:45:23.8689191 PowerTaskList.DebugPrintPower() -     SUB_SPELL_START - SpellPrefabGUID=Bacon_EndRound_BuffHeroAttack_Super:f82ca36d0e2b0cd43a93ff481e08061a Source=459 TargetCount=1
D 15:45:23.8689191 PowerTaskList.DebugPrintPower() -                       Source = [entityName=Silas Darkmoon id=459 zone=PLAY zonePos=0 cardId=TB_BaconShop_HERO_90 player=14]
D 15:45:23.8689191 PowerTaskList.DebugPrintPower() -                       Targets[0] = [entityName=Molten Rock id=462 zone=PLAY zonePos=1 cardId=BGS_127 player=14]
D 15:45:23.8689191 PowerTaskList.DebugPrintPower() -         TAG_CHANGE Entity=[entityName=Silas Darkmoon id=459 zone=PLAY zonePos=0 cardId=TB_BaconShop_HERO_90 player=14] tag=ATK value=2 
D 15:45:23.8689191 PowerTaskList.DebugPrintPower() -     SUB_SPELL_END
D 15:45:23.8689191 PowerTaskList.DebugDump() - Block End=(null)
D 15:45:23.8689191 PowerProcessor.PrepareHistoryForCurrentTaskList() - m_currentTaskList=236
D 15:45:26.5572424 PowerProcessor.EndCurrentTaskList() - m_currentTaskList=236
D 15:45:26.5663476 PowerTaskList.DebugDump() - ID=237 ParentID=0 PreviousID=236 TaskCount=3
D 15:45:26.5663476 PowerTaskList.DebugDump() - Block Start=(null)
D 15:45:26.5663476 PowerTaskList.DebugPrintPower() -     TAG_CHANGE Entity=dymitrq#2316 tag=2843 value=2 
D 15:45:26.5663476 PowerTaskList.DebugPrintPower() -     TAG_CHANGE Entity=[entityName=Silas Darkmoon id=459 zone=PLAY zonePos=0 cardId=TB_BaconShop_HERO_90 player=14] tag=1715 value=63 
D 15:45:26.5663476 PowerTaskList.DebugPrintPower() -     TAG_CHANGE Entity=[entityName=Sparkhoarder Togwaggle id=85 zone=PLAY zonePos=0 cardId=BG23_HERO_305_SKIN_B player=6] tag=1715 value=63 
D 15:45:26.5663476 PowerTaskList.DebugDump() - Block End=(null)
D 15:45:26.5663476 PowerProcessor.PrepareHistoryForCurrentTaskList() - m_currentTaskList=237
D 15:45:26.5663476 PowerProcessor.EndCurrentTaskList() - m_currentTaskList=237
D 15:45:26.5663476 PowerTaskList.DebugDump() - ID=238 ParentID=235 PreviousID=0 TaskCount=30
D 15:45:26.5663476 PowerTaskList.DebugPrintPower() - BLOCK_START BlockType=ATTACK Entity=[entityName=Silas Darkmoon id=459 zone=PLAY zonePos=0 cardId=TB_BaconShop_HERO_90 player=14] EffectCardId=System.Collections.Generic.List`1[System.String] EffectIndex=0 Target=0 SubOption=-1 
D 15:45:26.5663476 PowerTaskList.DebugPrintPower() -     TAG_CHANGE Entity=GameEntity tag=PROPOSED_ATTACKER value=459 
D 15:45:26.5663476 PowerTaskList.DebugPrintPower() -     TAG_CHANGE Entity=GameEntity tag=PROPOSED_DEFENDER value=85 
D 15:45:26.5663476 PowerTaskList.DebugPrintPower() -     TAG_CHANGE Entity=[entityName=Silas Darkmoon id=459 zone=PLAY zonePos=0 cardId=TB_BaconShop_HERO_90 player=14] tag=ATTACKING value=1 
D 15:45:26.5663476 PowerTaskList.DebugPrintPower() -     META_DATA - Meta=SLUSH_TIME Data=1200 InfoCount=1
D 15:45:26.5663476 PowerTaskList.DebugPrintPower() -                 Info[0] = [entityName=Silas Darkmoon id=459 zone=PLAY zonePos=0 cardId=TB_BaconShop_HERO_90 player=14]
D 15:45:26.5663476 PowerTaskList.DebugPrintPower() -     TAG_CHANGE Entity=[entityName=Silas Darkmoon id=459 zone=PLAY zonePos=0 cardId=TB_BaconShop_HERO_90 player=14] tag=479 value=2 
D 15:45:26.5663476 PowerTaskList.DebugPrintPower() -     TAG_CHANGE Entity=[entityName=Sparkhoarder Togwaggle id=85 zone=PLAY zonePos=0 cardId=BG23_HERO_305_SKIN_B player=6] tag=DEFENDING value=1 
D 15:45:26.5663476 PowerTaskList.DebugPrintPower() -     TAG_CHANGE Entity=[entityName=Silas Darkmoon id=459 zone=PLAY zonePos=0 cardId=TB_BaconShop_HERO_90 player=14] tag=NUM_ATTACKS_THIS_TURN value=1 
D 15:45:26.5663476 PowerTaskList.DebugPrintPower() -     TAG_CHANGE Entity=[entityName=Silas Darkmoon id=459 zone=PLAY zonePos=0 cardId=TB_BaconShop_HERO_90 player=14] tag=EXHAUSTED value=1 
D 15:45:26.5663476 PowerTaskList.DebugPrintPower() -     TAG_CHANGE Entity=[entityName=Sparkhoarder Togwaggle id=85 zone=PLAY zonePos=0 cardId=BG23_HERO_305_SKIN_B player=6] tag=2187 value=459 
D 15:45:26.5663476 PowerTaskList.DebugPrintPower() -     TAG_CHANGE Entity=[entityName=Sparkhoarder Togwaggle id=85 zone=PLAY zonePos=0 cardId=BG23_HERO_305_SKIN_B player=6] tag=PREDAMAGE value=2 
D 15:45:26.5663476 PowerTaskList.DebugPrintPower() -     TAG_CHANGE Entity=[entityName=Sparkhoarder Togwaggle id=85 zone=PLAY zonePos=0 cardId=BG23_HERO_305_SKIN_B player=6] tag=1173 value=85 
D 15:45:26.5663476 PowerTaskList.DebugPrintPower() -     TAG_CHANGE Entity=[entityName=Sparkhoarder Togwaggle id=85 zone=PLAY zonePos=0 cardId=BG23_HERO_305_SKIN_B player=6] tag=2187 value=0 
D 15:45:26.5663476 PowerTaskList.DebugPrintPower() -     TAG_CHANGE Entity=[entityName=Sparkhoarder Togwaggle id=85 zone=PLAY zonePos=0 cardId=BG23_HERO_305_SKIN_B player=6] tag=PREDAMAGE value=0 
D 15:45:26.5663476 PowerTaskList.DebugPrintPower() -     TAG_CHANGE Entity=[entityName=Sparkhoarder Togwaggle id=85 zone=PLAY zonePos=0 cardId=BG23_HERO_305_SKIN_B player=6] tag=1173 value=0 
D 15:45:26.5663476 PowerTaskList.DebugPrintPower() -     TAG_CHANGE Entity=FanaticPro tag=2335 value=1 
D 15:45:26.5663476 PowerTaskList.DebugPrintPower() -     TAG_CHANGE Entity=[entityName=Sparkhoarder Togwaggle id=85 zone=PLAY zonePos=0 cardId=BG23_HERO_305_SKIN_B player=6] tag=PREDAMAGE value=2 
D 15:45:26.5663476 PowerTaskList.DebugPrintPower() -     TAG_CHANGE Entity=[entityName=Sparkhoarder Togwaggle id=85 zone=PLAY zonePos=0 cardId=BG23_HERO_305_SKIN_B player=6] tag=PREDAMAGE value=0 
D 15:45:26.5663476 PowerTaskList.DebugPrintPower() -     META_DATA - Meta=DAMAGE Data=2 InfoCount=1
D 15:45:26.5663476 PowerTaskList.DebugPrintPower() -                 Info[0] = [entityName=Sparkhoarder Togwaggle id=85 zone=PLAY zonePos=0 cardId=BG23_HERO_305_SKIN_B player=6]
D 15:45:26.5663476 PowerTaskList.DebugPrintPower() -     TAG_CHANGE Entity=[entityName=Sparkhoarder Togwaggle id=85 zone=PLAY zonePos=0 cardId=BG23_HERO_305_SKIN_B player=6] tag=ARMOR value=11 
D 15:45:26.5663476 PowerTaskList.DebugPrintPower() -     TAG_CHANGE Entity=dymitrq#2316 tag=3143 value=2 
D 15:45:26.5663476 PowerTaskList.DebugPrintPower() -     TAG_CHANGE Entity=[entityName=Sparkhoarder Togwaggle id=85 zone=PLAY zonePos=0 cardId=BG23_HERO_305_SKIN_B player=6] tag=LAST_AFFECTED_BY value=459 
D 15:45:26.5663476 PowerTaskList.DebugPrintPower() -     TAG_CHANGE Entity=dymitrq#2316 tag=464 value=2 
D 15:45:26.5663476 PowerTaskList.DebugPrintPower() -     TAG_CHANGE Entity=dymitrq#2316 tag=1853 value=2 
D 15:45:26.5663476 PowerTaskList.DebugPrintPower() -     TAG_CHANGE Entity=dymitrq#2316 tag=DAMAGE_DEALT_TO_HERO_LAST_TURN value=2 
D 15:45:26.5663476 PowerTaskList.DebugPrintPower() -     TAG_CHANGE Entity=GameEntity tag=1710 value=1 
D 15:45:26.5663476 PowerTaskList.DebugPrintPower() -     TAG_CHANGE Entity=GameEntity tag=1710 value=0 
D 15:45:26.5663476 PowerTaskList.DebugPrintPower() -     TAG_CHANGE Entity=GameEntity tag=PROPOSED_ATTACKER value=0 
D 15:45:26.5663476 PowerTaskList.DebugPrintPower() -     TAG_CHANGE Entity=GameEntity tag=PROPOSED_DEFENDER value=0 
D 15:45:26.5663476 PowerTaskList.DebugPrintPower() -     TAG_CHANGE Entity=[entityName=Silas Darkmoon id=459 zone=PLAY zonePos=0 cardId=TB_BaconShop_HERO_90 player=14] tag=ATTACKING value=0 
D 15:45:26.5663476 PowerTaskList.DebugPrintPower() -     TAG_CHANGE Entity=[entityName=Sparkhoarder Togwaggle id=85 zone=PLAY zonePos=0 cardId=BG23_HERO_305_SKIN_B player=6] tag=DEFENDING value=0 
D 15:45:26.5663476 PowerTaskList.DebugPrintPower() - BLOCK_END
D 15:45:26.5663476 PowerProcessor.PrepareHistoryForCurrentTaskList() - m_currentTaskList=238
D 15:45:29.6840947 PowerProcessor.EndCurrentTaskList() - m_currentTaskList=238
D 15:45:29.8995369 PowerTaskList.DebugDump() - ID=239 ParentID=0 PreviousID=237 TaskCount=5
D 15:45:29.8995369 PowerTaskList.DebugDump() - Block Start=(null)
D 15:45:29.8995369 PowerTaskList.DebugPrintPower() -     META_DATA - Meta=ARTIFICIAL_PAUSE Data=1000 InfoCount=1
D 15:45:29.8995369 PowerTaskList.DebugPrintPower() -                 Info[0] = [entityName=BaconShop8PlayerEnchant id=63 zone=PLAY zonePos=0 cardId=TB_BaconShop_8P_PlayerE player=6]
D 15:45:29.8995369 PowerTaskList.DebugPrintPower() -     META_DATA - Meta=SLUSH_TIME Data=1000 InfoCount=1
D 15:45:29.8995369 PowerTaskList.DebugPrintPower() -                 Info[0] = [entityName=BaconShop8PlayerEnchant id=63 zone=PLAY zonePos=0 cardId=TB_BaconShop_8P_PlayerE player=6]
D 15:45:29.8995369 PowerTaskList.DebugPrintPower() -     META_DATA - Meta=SLUSH_TIME Data=500 InfoCount=1
D 15:45:29.8995369 PowerTaskList.DebugPrintPower() -                 Info[0] = [entityName=BaconShop8PlayerEnchant id=63 zone=PLAY zonePos=0 cardId=TB_BaconShop_8P_PlayerE player=6]
D 15:45:29.8995369 PowerTaskList.DebugPrintPower() -     TAG_CHANGE Entity=[entityName=Silas Darkmoon id=459 zone=PLAY zonePos=0 cardId=TB_BaconShop_HERO_90 player=14] tag=ATK value=0 
D 15:45:29.8995369 PowerTaskList.DebugPrintPower() -     TAG_CHANGE Entity=GameEntity tag=HIGHLIGHT_ATTACKING_MINION_DURING_COMBAT value=1 
D 15:45:29.8995369 PowerTaskList.DebugPrintPower() - BLOCK_END
D 15:45:29.8995369 PowerProcessor.PrepareHistoryForCurrentTaskList() - m_currentTaskList=239
D 15:45:30.4828637 GameState.DebugPrintPowerList() - Count=1
D 15:45:30.4828637 GameState.DebugPrintPower() - TAG_CHANGE Entity=[entityName=Sire Denathrius id=131 zone=SETASIDE zonePos=0 cardId=BG24_HERO_100 player=14] tag=PLAYER_TECH_LEVEL value=2 
D 15:45:30.9148452 PowerProcessor.EndCurrentTaskList() - m_currentTaskList=239
D 15:45:30.9148452 PowerTaskList.DebugDump() - ID=240 ParentID=0 PreviousID=0 TaskCount=1
D 15:45:30.9148452 PowerTaskList.DebugPrintPower() - BLOCK_START BlockType=TRIGGER Entity=[entityName=BaconShop8PlayerEnchant id=63 zone=PLAY zonePos=0 cardId=TB_BaconShop_8P_PlayerE player=6] EffectCardId=System.Collections.Generic.List`1[System.String] EffectIndex=21 Target=0 SubOption=-1 TriggerKeyword=TAG_NOT_SET
D 15:45:30.9148452 PowerTaskList.DebugPrintPower() -     TAG_CHANGE Entity=dymitrq#2316 tag=1483 value=0 
D 15:45:30.9148452 PowerTaskList.DebugPrintPower() - BLOCK_END
D 15:45:30.9148452 PowerProcessor.PrepareHistoryForCurrentTaskList() - m_currentTaskList=240
D 15:45:30.9148452 PowerProcessor.EndCurrentTaskList() - m_currentTaskList=240
D 15:45:30.9148452 PowerTaskList.DebugDump() - ID=241 ParentID=0 PreviousID=0 TaskCount=1
D 15:45:30.9148452 PowerTaskList.DebugPrintPower() - BLOCK_START BlockType=TRIGGER Entity=[entityName=BaconShop8PlayerEnchant id=63 zone=PLAY zonePos=0 cardId=TB_BaconShop_8P_PlayerE player=6] EffectCardId=System.Collections.Generic.List`1[System.String] EffectIndex=28 Target=0 SubOption=-1 TriggerKeyword=TAG_NOT_SET
D 15:45:30.9148452 PowerTaskList.DebugPrintPower() -     TAG_CHANGE Entity=[entityName=Silas Darkmoon id=459 zone=PLAY zonePos=0 cardId=TB_BaconShop_HERO_90 player=14] tag=479 value=0 
D 15:45:30.9148452 PowerTaskList.DebugPrintPower() - BLOCK_END
D 15:45:30.9148452 PowerProcessor.PrepareHistoryForCurrentTaskList() - m_currentTaskList=241
D 15:45:30.9148452 PowerProcessor.EndCurrentTaskList() - m_currentTaskList=241
D 15:45:30.9148452 PowerTaskList.DebugDump() - ID=242 ParentID=0 PreviousID=0 TaskCount=1
D 15:45:30.9148452 PowerTaskList.DebugDump() - Block Start=(null)
D 15:45:30.9148452 PowerTaskList.DebugPrintPower() -     TAG_CHANGE Entity=[entityName=Sire Denathrius id=131 zone=SETASIDE zonePos=0 cardId=BG24_HERO_100 player=14] tag=ARMOR value=9 
D 15:45:30.9148452 PowerTaskList.DebugDump() - Block End=(null)
D 15:45:30.9148452 PowerProcessor.PrepareHistoryForCurrentTaskList() - m_currentTaskList=242
D 15:45:30.9148452 PowerProcessor.EndCurrentTaskList() - m_currentTaskList=242
D 15:45:30.9148452 PowerTaskList.DebugDump() - ID=243 ParentID=0 PreviousID=0 TaskCount=1
D 15:45:30.9148452 PowerTaskList.DebugPrintPower() - BLOCK_START BlockType=TRIGGER Entity=[entityName=Buddy Meter id=356 zone=PLAY zonePos=0 cardId=BG22_BuddyMeter player=6] EffectCardId=System.Collections.Generic.List`1[System.String] EffectIndex=4 Target=0 SubOption=-1 TriggerKeyword=1724
D 15:45:30.9148452 PowerTaskList.DebugPrintPower() -     META_DATA - Meta=ARTIFICIAL_HISTORY_INTERRUPT Data=0 InfoCount=0
D 15:45:30.9148452 PowerTaskList.DebugDump() - Block End=(null)
D 15:45:30.9148452 PowerProcessor.PrepareHistoryForCurrentTaskList() - m_currentTaskList=243
D 15:45:30.9148452 PowerProcessor.EndCurrentTaskList() - m_currentTaskList=243
D 15:45:30.9148452 PowerTaskList.DebugDump() - ID=244 ParentID=0 PreviousID=243 TaskCount=3
D 15:45:30.9148452 PowerTaskList.DebugDump() - Block Start=(null)
D 15:45:30.9148452 PowerTaskList.DebugPrintPower() -     SUB_SPELL_START - SpellPrefabGUID=ReuseFX_Generic_Impact_GoldCoins_Super_Quick:87fe315354583b44790863c45c46615c Source=356 TargetCount=1
D 15:45:30.9148452 PowerTaskList.DebugPrintPower() -                       Source = [entityName=Buddy Meter id=356 zone=PLAY zonePos=0 cardId=BG22_BuddyMeter player=6]
D 15:45:30.9148452 PowerTaskList.DebugPrintPower() -                       Targets[0] = [entityName=Buddy Meter id=356 zone=PLAY zonePos=0 cardId=BG22_BuddyMeter player=6]
D 15:45:30.9148452 PowerTaskList.DebugPrintPower() -         TAG_CHANGE Entity=[entityName=Buddy Meter id=356 zone=PLAY zonePos=0 cardId=BG22_BuddyMeter player=6] tag=COST value=15 
D 15:45:30.9148452 PowerTaskList.DebugPrintPower() -     SUB_SPELL_END
D 15:45:30.9148452 PowerTaskList.DebugDump() - Block End=(null)
D 15:45:30.9148452 PowerProcessor.PrepareHistoryForCurrentTaskList() - m_currentTaskList=244
D 15:45:31.0503536 PowerProcessor.EndCurrentTaskList() - m_currentTaskList=244
D 15:45:31.0503536 PowerTaskList.DebugDump() - ID=245 ParentID=0 PreviousID=244 TaskCount=0
D 15:45:31.0503536 PowerTaskList.DebugDump() - Block Start=(null)
D 15:45:31.0503536 PowerTaskList.DebugPrintPower() - BLOCK_END
D 15:45:31.0503536 PowerProcessor.PrepareHistoryForCurrentTaskList() - m_currentTaskList=245
D 15:45:31.0503536 PowerProcessor.EndCurrentTaskList() - m_currentTaskList=245
D 15:45:31.0503536 PowerTaskList.DebugDump() - ID=246 ParentID=0 PreviousID=0 TaskCount=0
D 15:45:31.0503536 PowerTaskList.DebugPrintPower() - BLOCK_START BlockType=TRIGGER Entity=[entityName=Buddy Meter id=431 zone=PLAY zonePos=0 cardId=BG22_BuddyMeter player=14] EffectCardId=System.Collections.Generic.List`1[System.String] EffectIndex=4 Target=0 SubOption=-1 TriggerKeyword=1724
D 15:45:31.0503536 PowerTaskList.DebugPrintPower() - BLOCK_END
D 15:45:31.0503536 PowerProcessor.PrepareHistoryForCurrentTaskList() - m_currentTaskList=246
D 15:45:31.0503536 PowerProcessor.EndCurrentTaskList() - m_currentTaskList=246
D 15:45:31.0503536 PowerTaskList.DebugDump() - ID=247 ParentID=0 PreviousID=0 TaskCount=237
D 15:45:31.0503536 PowerTaskList.DebugPrintPower() - BLOCK_START BlockType=TRIGGER Entity=[entityName=BaconShop8PlayerEnchant id=63 zone=PLAY zonePos=0 cardId=TB_BaconShop_8P_PlayerE player=6] EffectCardId=System.Collections.Generic.List`1[System.String] EffectIndex=-1 Target=0 SubOption=-1 TriggerKeyword=TAG_NOT_SET
D 15:45:31.0503536 PowerTaskList.DebugPrintPower() -     TAG_CHANGE Entity=GameEntity tag=1453 value=1 
D 15:45:31.0503536 PowerTaskList.DebugPrintPower() -     TAG_CHANGE Entity=FanaticPro tag=3245 value=0 
D 15:45:31.0503536 PowerTaskList.DebugPrintPower() -     TAG_CHANGE Entity=[entityName=Molten Rock id=462 zone=PLAY zonePos=1 cardId=BGS_127 player=14] tag=1068 value=5 
D 15:45:31.0503536 PowerTaskList.DebugPrintPower() -     TAG_CHANGE Entity=[entityName=Molten Rock id=462 zone=PLAY zonePos=1 cardId=BGS_127 player=14] tag=1068 value=0 
D 15:45:31.0503536 PowerTaskList.DebugPrintPower() -     TAG_CHANGE Entity=[entityName=Molten Rock id=462 zone=PLAY zonePos=1 cardId=BGS_127 player=14] tag=EXHAUSTED value=0 
D 15:45:31.0503536 PowerTaskList.DebugPrintPower() -     TAG_CHANGE Entity=[entityName=Molten Rock id=462 zone=PLAY zonePos=1 cardId=BGS_127 player=14] tag=SUPPRESS_ALL_SUMMON_VO value=0 
D 15:45:31.0503536 PowerTaskList.DebugPrintPower() -     TAG_CHANGE Entity=[entityName=Molten Rock id=462 zone=PLAY zonePos=1 cardId=BGS_127 player=14] tag=1254 value=0 
D 15:45:31.0503536 PowerTaskList.DebugPrintPower() -     TAG_CHANGE Entity=[entityName=Molten Rock id=462 zone=PLAY zonePos=1 cardId=BGS_127 player=14] tag=ZONE_POSITION value=0 
D 15:45:31.0503536 PowerTaskList.DebugPrintPower() -     TAG_CHANGE Entity=[entityName=Molten Rock id=462 zone=PLAY zonePos=1 cardId=BGS_127 player=14] tag=ZONE value=REMOVEDFROMGAME 
D 15:45:31.0503536 PowerTaskList.DebugPrintPower() -     TAG_CHANGE Entity=[entityName=Molten Rock id=462 zone=PLAY zonePos=1 cardId=BGS_127 player=14] tag=HAS_ACTIVATE_POWER value=0 
D 15:45:31.0503536 PowerTaskList.DebugPrintPower() -     TAG_CHANGE Entity=[entityName=Molten Rock id=462 zone=PLAY zonePos=1 cardId=BGS_127 player=14] tag=COST value=0 
D 15:45:31.0503536 PowerTaskList.DebugPrintPower() -     TAG_CHANGE Entity=[entityName=Molten Rock id=462 zone=PLAY zonePos=1 cardId=BGS_127 player=14] tag=ATK value=0 
D 15:45:31.0503536 PowerTaskList.DebugPrintPower() -     TAG_CHANGE Entity=[entityName=Molten Rock id=462 zone=PLAY zonePos=1 cardId=BGS_127 player=14] tag=HEALTH value=0 
D 15:45:31.0503536 PowerTaskList.DebugPrintPower() -     TAG_CHANGE Entity=[entityName=Molten Rock id=462 zone=PLAY zonePos=1 cardId=BGS_127 player=14] tag=DAMAGE value=0 
D 15:45:31.0503536 PowerTaskList.DebugPrintPower() -     TAG_CHANGE Entity=[entityName=Molten Rock id=462 zone=PLAY zonePos=1 cardId=BGS_127 player=14] tag=TRIGGER_VISUAL value=0 
D 15:45:31.0503536 PowerTaskList.DebugPrintPower() -     TAG_CHANGE Entity=[entityName=Molten Rock id=462 zone=PLAY zonePos=1 cardId=BGS_127 player=14] tag=NUM_ATTACKS_THIS_TURN value=0 
D 15:45:31.0503536 PowerTaskList.DebugPrintPower() -     TAG_CHANGE Entity=[entityName=Molten Rock id=462 zone=PLAY zonePos=1 cardId=BGS_127 player=14] tag=BACON_TRIPLE_UPGRADE_MINION_ID value=0 
D 15:45:31.0503536 PowerTaskList.DebugPrintPower() -     TAG_CHANGE Entity=[entityName=Molten Rock id=462 zone=PLAY zonePos=1 cardId=BGS_127 player=14] tag=TECH_LEVEL value=0 
D 15:45:31.0503536 PowerTaskList.DebugPrintPower() -     TAG_CHANGE Entity=[entityName=Molten Rock id=462 zone=PLAY zonePos=1 cardId=BGS_127 player=14] tag=IS_BACON_POOL_MINION value=0 
D 15:45:31.0503536 PowerTaskList.DebugPrintPower() -     TAG_CHANGE Entity=[entityName=Molten Rock id=462 zone=PLAY zonePos=1 cardId=BGS_127 player=14] tag=SPAWN_TIME_COUNT value=0 
D 15:45:31.0503536 PowerTaskList.DebugPrintPower() -     TAG_CHANGE Entity=[entityName=Molten Rock id=462 zone=PLAY zonePos=1 cardId=BGS_127 player=14] tag=COPIED_FROM_ENTITY_ID value=0 
D 15:45:31.0503536 PowerTaskList.DebugPrintPower() -     TAG_CHANGE Entity=[entityName=Molten Rock id=462 zone=PLAY zonePos=1 cardId=BGS_127 player=14] tag=1688 value=0 
D 15:45:31.0503536 PowerTaskList.DebugPrintPower() -     TAG_CHANGE Entity=[entityName=Molten Rock id=462 zone=PLAY zonePos=1 cardId=BGS_127 player=14] tag=COST value=1 
D 15:45:31.0503536 PowerTaskList.DebugPrintPower() -     TAG_CHANGE Entity=[entityName=Molten Rock id=462 zone=PLAY zonePos=1 cardId=BGS_127 player=14] tag=ATK value=3 
D 15:45:31.0503536 PowerTaskList.DebugPrintPower() -     TAG_CHANGE Entity=[entityName=Molten Rock id=462 zone=PLAY zonePos=1 cardId=BGS_127 player=14] tag=HEALTH value=3 
D 15:45:31.0503536 PowerTaskList.DebugPrintPower() -     TAG_CHANGE Entity=[entityName=Molten Rock id=462 zone=PLAY zonePos=1 cardId=BGS_127 player=14] tag=TRIGGER_VISUAL value=1 
D 15:45:31.0503536 PowerTaskList.DebugPrintPower() -     TAG_CHANGE Entity=[entityName=Molten Rock id=462 zone=PLAY zonePos=1 cardId=BGS_127 player=14] tag=BACON_TRIPLE_UPGRADE_MINION_ID value=64300 
D 15:45:31.0503536 PowerTaskList.DebugPrintPower() -     TAG_CHANGE Entity=[entityName=Molten Rock id=462 zone=PLAY zonePos=1 cardId=BGS_127 player=14] tag=TECH_LEVEL value=1 
D 15:45:31.0503536 PowerTaskList.DebugPrintPower() -     TAG_CHANGE Entity=[entityName=Molten Rock id=462 zone=PLAY zonePos=1 cardId=BGS_127 player=14] tag=IS_BACON_POOL_MINION value=1 
D 15:45:31.0503536 PowerTaskList.DebugPrintPower() -     TAG_CHANGE Entity=[entityName=Molten Rock id=462 zone=PLAY zonePos=1 cardId=BGS_127 player=14] tag=1688 value=1 
D 15:45:31.0503536 PowerTaskList.DebugPrintPower() -     TAG_CHANGE Entity=[entityName=Molten Rock id=462 zone=PLAY zonePos=1 cardId=BGS_127 player=14] tag=HAS_ACTIVATE_POWER value=1 
D 15:45:31.0503536 PowerTaskList.DebugPrintPower() -     TAG_CHANGE Entity=[entityName=Persistent Poet Player Enchant [DNT] id=460 zone=PLAY zonePos=0 cardId=BG29_813e player=14] tag=1068 value=5 
D 15:45:31.0503536 PowerTaskList.DebugPrintPower() -     TAG_CHANGE Entity=[entityName=Persistent Poet Player Enchant [DNT] id=460 zone=PLAY zonePos=0 cardId=BG29_813e player=14] tag=1068 value=0 
D 15:45:31.0503536 PowerTaskList.DebugPrintPower() -     TAG_CHANGE Entity=[entityName=Persistent Poet Player Enchant [DNT] id=460 zone=PLAY zonePos=0 cardId=BG29_813e player=14] tag=SUPPRESS_ALL_SUMMON_VO value=0 
D 15:45:31.0503536 PowerTaskList.DebugPrintPower() -     TAG_CHANGE Entity=[entityName=Persistent Poet Player Enchant [DNT] id=460 zone=PLAY zonePos=0 cardId=BG29_813e player=14] tag=ZONE value=REMOVEDFROMGAME 
D 15:45:31.0503536 PowerTaskList.DebugPrintPower() -     TAG_CHANGE Entity=[entityName=Persistent Poet Player Enchant [DNT] id=460 zone=PLAY zonePos=0 cardId=BG29_813e player=14] tag=1234 value=18 
D 15:45:31.0503536 PowerTaskList.DebugPrintPower() -     HIDE_ENTITY - Entity=[entityName=Persistent Poet Player Enchant [DNT] id=460 zone=PLAY zonePos=0 cardId=BG29_813e player=14] tag=ZONE value=REMOVEDFROMGAME
D 15:45:31.0503536 PowerTaskList.DebugPrintPower() -     TAG_CHANGE Entity=[entityName=TagTransferPlayerEnchant [DNT] id=461 zone=PLAY zonePos=0 cardId=Bacon_TagTransferPlayerE player=14] tag=1068 value=5 
D 15:45:31.0503536 PowerTaskList.DebugPrintPower() -     TAG_CHANGE Entity=[entityName=TagTransferPlayerEnchant [DNT] id=461 zone=PLAY zonePos=0 cardId=Bacon_TagTransferPlayerE player=14] tag=1068 value=0 
D 15:45:31.0503536 PowerTaskList.DebugPrintPower() -     TAG_CHANGE Entity=[entityName=TagTransferPlayerEnchant [DNT] id=461 zone=PLAY zonePos=0 cardId=Bacon_TagTransferPlayerE player=14] tag=SUPPRESS_ALL_SUMMON_VO value=0 
D 15:45:31.0503536 PowerTaskList.DebugPrintPower() -     TAG_CHANGE Entity=[entityName=TagTransferPlayerEnchant [DNT] id=461 zone=PLAY zonePos=0 cardId=Bacon_TagTransferPlayerE player=14] tag=ZONE value=REMOVEDFROMGAME 
D 15:45:31.0503536 PowerTaskList.DebugPrintPower() -     TAG_CHANGE Entity=[entityName=TagTransferPlayerEnchant [DNT] id=461 zone=PLAY zonePos=0 cardId=Bacon_TagTransferPlayerE player=14] tag=1234 value=18 
D 15:45:31.0503536 PowerTaskList.DebugPrintPower() -     HIDE_ENTITY - Entity=[entityName=TagTransferPlayerEnchant [DNT] id=461 zone=PLAY zonePos=0 cardId=Bacon_TagTransferPlayerE player=14] tag=ZONE value=REMOVEDFROMGAME
D 15:45:31.0503536 PowerTaskList.DebugPrintPower() -     TAG_CHANGE Entity=[entityName=Buddy Meter id=431 zone=PLAY zonePos=0 cardId=BG22_BuddyMeter player=14] tag=1068 value=5 
D 15:45:31.0503536 PowerTaskList.DebugPrintPower() -     TAG_CHANGE Entity=[entityName=Buddy Meter id=431 zone=PLAY zonePos=0 cardId=BG22_BuddyMeter player=14] tag=1068 value=0 
D 15:45:31.0503536 PowerTaskList.DebugPrintPower() -     TAG_CHANGE Entity=[entityName=Buddy Meter id=431 zone=PLAY zonePos=0 cardId=BG22_BuddyMeter player=14] tag=SUPPRESS_ALL_SUMMON_VO value=0 
D 15:45:31.0503536 PowerTaskList.DebugPrintPower() -     TAG_CHANGE Entity=[entityName=Buddy Meter id=431 zone=PLAY zonePos=0 cardId=BG22_BuddyMeter player=14] tag=ZONE value=REMOVEDFROMGAME 
D 15:45:31.0503536 PowerTaskList.DebugPrintPower() -     TAG_CHANGE Entity=[entityName=Buddy Meter id=431 zone=PLAY zonePos=0 cardId=BG22_BuddyMeter player=14] tag=HAS_ACTIVATE_POWER value=0 
D 15:45:31.0503536 PowerTaskList.DebugPrintPower() -     TAG_CHANGE Entity=[entityName=Buddy Meter id=431 zone=PLAY zonePos=0 cardId=BG22_BuddyMeter player=14] tag=COST value=0 
D 15:45:31.0503536 PowerTaskList.DebugPrintPower() -     TAG_CHANGE Entity=[entityName=Buddy Meter id=431 zone=PLAY zonePos=0 cardId=BG22_BuddyMeter player=14] tag=LINKED_ENTITY value=0 
D 15:45:31.0503536 PowerTaskList.DebugPrintPower() -     TAG_CHANGE Entity=[entityName=Buddy Meter id=431 zone=PLAY zonePos=0 cardId=BG22_BuddyMeter player=14] tag=SPAWN_TIME_COUNT value=0 
D 15:45:31.0503536 PowerTaskList.DebugPrintPower() -     TAG_CHANGE Entity=[entityName=Buddy Meter id=431 zone=PLAY zonePos=0 cardId=BG22_BuddyMeter player=14] tag=1724 value=0 
D 15:45:31.0503536 PowerTaskList.DebugPrintPower() -     TAG_CHANGE Entity=[entityName=Buddy Meter id=431 zone=PLAY zonePos=0 cardId=BG22_BuddyMeter player=14] tag=BACON_COMPANION_ID value=0 
D 15:45:31.0503536 PowerTaskList.DebugPrintPower() -     TAG_CHANGE Entity=[entityName=Buddy Meter id=431 zone=PLAY zonePos=0 cardId=BG22_BuddyMeter player=14] tag=BACON_BUY_BUDDY value=0 
D 15:45:31.0503536 PowerTaskList.DebugPrintPower() -     TAG_CHANGE Entity=[entityName=Buddy Meter id=431 zone=PLAY zonePos=0 cardId=BG22_BuddyMeter player=14] tag=COST value=17 
D 15:45:31.0503536 PowerTaskList.DebugPrintPower() -     TAG_CHANGE Entity=[entityName=Buddy Meter id=431 zone=PLAY zonePos=0 cardId=BG22_BuddyMeter player=14] tag=HIDE_COST value=1 
D 15:45:31.0503536 PowerTaskList.DebugPrintPower() -     TAG_CHANGE Entity=[entityName=Buddy Meter id=431 zone=PLAY zonePos=0 cardId=BG22_BuddyMeter player=14] tag=1724 value=1 
D 15:45:31.0503536 PowerTaskList.DebugPrintPower() -     TAG_CHANGE Entity=[entityName=Buddy Meter id=431 zone=PLAY zonePos=0 cardId=BG22_BuddyMeter player=14] tag=BACON_BUY_BUDDY value=1 
D 15:45:31.0503536 PowerTaskList.DebugPrintPower() -     TAG_CHANGE Entity=[entityName=Buddy Meter id=431 zone=PLAY zonePos=0 cardId=BG22_BuddyMeter player=14] tag=HAS_ACTIVATE_POWER value=1 
D 15:45:31.0503536 PowerTaskList.DebugPrintPower() -     TAG_CHANGE Entity=[entityName=Annoy-o-Tron id=435 zone=SETASIDE zonePos=0 cardId=BG_GVG_085 player=6] tag=1254 value=63 
D 15:45:31.0503536 PowerTaskList.DebugPrintPower() -     TAG_CHANGE Entity=[entityName=Annoy-o-Tron id=435 zone=SETASIDE zonePos=0 cardId=BG_GVG_085 player=6] tag=1068 value=1 
D 15:45:31.0503536 PowerTaskList.DebugPrintPower() -     TAG_CHANGE Entity=[entityName=Annoy-o-Tron id=435 zone=SETASIDE zonePos=0 cardId=BG_GVG_085 player=6] tag=1068 value=0 
D 15:45:31.0503536 PowerTaskList.DebugPrintPower() -     TAG_CHANGE Entity=[entityName=Annoy-o-Tron id=435 zone=SETASIDE zonePos=0 cardId=BG_GVG_085 player=6] tag=ZONE value=PLAY 
D 15:45:31.0503536 PowerTaskList.DebugPrintPower() -     TAG_CHANGE Entity=[entityName=Annoy-o-Tron id=435 zone=SETASIDE zonePos=0 cardId=BG_GVG_085 player=6] tag=ZONE_POSITION value=1 
D 15:45:31.0503536 PowerTaskList.DebugPrintPower() -     TAG_CHANGE Entity=[entityName=Annoy-o-Tron id=435 zone=SETASIDE zonePos=0 cardId=BG_GVG_085 player=6] tag=1196 value=1 
D 15:45:31.0503536 PowerTaskList.DebugPrintPower() -     TAG_CHANGE Entity=[entityName=Annoy-o-Tron id=435 zone=SETASIDE zonePos=0 cardId=BG_GVG_085 player=6] tag=EXHAUSTED value=1 
D 15:45:31.0503536 PowerTaskList.DebugPrintPower() -     TAG_CHANGE Entity=[entityName=Silas Darkmoon id=459 zone=PLAY zonePos=0 cardId=TB_BaconShop_HERO_90 player=14] tag=TRANSIENT_ENTITY value=1 
D 15:45:31.0503536 PowerTaskList.DebugPrintPower() -     TAG_CHANGE Entity=[entityName=Come One, Come All! id=430 zone=PLAY zonePos=0 cardId=TB_BaconShop_HP_101 player=14] tag=TRANSIENT_ENTITY value=1 
D 15:45:31.0503536 PowerTaskList.DebugPrintPower() -     TAG_CHANGE Entity=[entityName=Annoy-o-Tron id=474 zone=SETASIDE zonePos=0 cardId=BG_GVG_085 player=6] tag=1068 value=5 
D 15:45:31.0503536 PowerTaskList.DebugPrintPower() -     TAG_CHANGE Entity=[entityName=Annoy-o-Tron id=474 zone=SETASIDE zonePos=0 cardId=BG_GVG_085 player=6] tag=1068 value=0 
D 15:45:31.0503536 PowerTaskList.DebugPrintPower() -     TAG_CHANGE Entity=[entityName=Annoy-o-Tron id=474 zone=SETASIDE zonePos=0 cardId=BG_GVG_085 player=6] tag=ZONE value=REMOVEDFROMGAME 
D 15:45:31.0503536 PowerTaskList.DebugPrintPower() -     TAG_CHANGE Entity=[entityName=Annoy-o-Tron id=474 zone=SETASIDE zonePos=0 cardId=BG_GVG_085 player=6] tag=HAS_ACTIVATE_POWER value=0 
D 15:45:31.0503536 PowerTaskList.DebugPrintPower() -     TAG_CHANGE Entity=[entityName=Annoy-o-Tron id=474 zone=SETASIDE zonePos=0 cardId=BG_GVG_085 player=6] tag=ATK value=0 
D 15:45:31.0503536 PowerTaskList.DebugPrintPower() -     TAG_CHANGE Entity=[entityName=Annoy-o-Tron id=474 zone=SETASIDE zonePos=0 cardId=BG_GVG_085 player=6] tag=HEALTH value=0 
D 15:45:31.0503536 PowerTaskList.DebugPrintPower() -     TAG_CHANGE Entity=[entityName=Annoy-o-Tron id=474 zone=SETASIDE zonePos=0 cardId=BG_GVG_085 player=6] tag=EXHAUSTED value=0 
D 15:45:31.0503536 PowerTaskList.DebugPrintPower() -     TAG_CHANGE Entity=[entityName=Annoy-o-Tron id=474 zone=SETASIDE zonePos=0 cardId=BG_GVG_085 player=6] tag=TAUNT value=0 
D 15:45:31.0503536 PowerTaskList.DebugPrintPower() -     TAG_CHANGE Entity=[entityName=Annoy-o-Tron id=474 zone=SETASIDE zonePos=0 cardId=BG_GVG_085 player=6] tag=DIVINE_SHIELD value=0 
D 15:45:31.0503536 PowerTaskList.DebugPrintPower() -     TAG_CHANGE Entity=[entityName=Annoy-o-Tron id=474 zone=SETASIDE zonePos=0 cardId=BG_GVG_085 player=6] tag=BACON_TRIPLE_UPGRADE_MINION_ID value=0 
D 15:45:31.0503536 PowerTaskList.DebugPrintPower() -     TAG_CHANGE Entity=[entityName=Annoy-o-Tron id=474 zone=SETASIDE zonePos=0 cardId=BG_GVG_085 player=6] tag=TECH_LEVEL value=0 
D 15:45:31.0503536 PowerTaskList.DebugPrintPower() -     TAG_CHANGE Entity=[entityName=Annoy-o-Tron id=474 zone=SETASIDE zonePos=0 cardId=BG_GVG_085 player=6] tag=IS_BACON_POOL_MINION value=0 
D 15:45:31.0503536 PowerTaskList.DebugPrintPower() -     TAG_CHANGE Entity=[entityName=Annoy-o-Tron id=474 zone=SETASIDE zonePos=0 cardId=BG_GVG_085 player=6] tag=SUPPRESS_ALL_SUMMON_VO value=0 
D 15:45:31.0503536 PowerTaskList.DebugPrintPower() -     TAG_CHANGE Entity=[entityName=Annoy-o-Tron id=474 zone=SETASIDE zonePos=0 cardId=BG_GVG_085 player=6] tag=TRANSIENT_ENTITY value=0 
D 15:45:31.0503536 PowerTaskList.DebugPrintPower() -     TAG_CHANGE Entity=[entityName=Annoy-o-Tron id=474 zone=SETASIDE zonePos=0 cardId=BG_GVG_085 player=6] tag=SPAWN_TIME_COUNT value=0 
D 15:45:31.0503536 PowerTaskList.DebugPrintPower() -     TAG_CHANGE Entity=[entityName=Annoy-o-Tron id=474 zone=SETASIDE zonePos=0 cardId=BG_GVG_085 player=6] tag=COPIED_FROM_ENTITY_ID value=0 
D 15:45:31.0503536 PowerTaskList.DebugPrintPower() -     TAG_CHANGE Entity=[entityName=Annoy-o-Tron id=474 zone=SETASIDE zonePos=0 cardId=BG_GVG_085 player=6] tag=1595 value=0 
D 15:45:31.0503536 PowerTaskList.DebugPrintPower() -     TAG_CHANGE Entity=[entityName=Annoy-o-Tron id=474 zone=SETASIDE zonePos=0 cardId=BG_GVG_085 player=6] tag=2873 value=0 
D 15:45:31.0503536 PowerTaskList.DebugPrintPower() -     TAG_CHANGE Entity=[entityName=Annoy-o-Tron id=474 zone=SETASIDE zonePos=0 cardId=BG_GVG_085 player=6] tag=ATK value=1 
D 15:45:31.0503536 PowerTaskList.DebugPrintPower() -     TAG_CHANGE Entity=[entityName=Annoy-o-Tron id=474 zone=SETASIDE zonePos=0 cardId=BG_GVG_085 player=6] tag=HEALTH value=2 
D 15:45:31.0503536 PowerTaskList.DebugPrintPower() -     TAG_CHANGE Entity=[entityName=Annoy-o-Tron id=474 zone=SETASIDE zonePos=0 cardId=BG_GVG_085 player=6] tag=TAUNT value=1 
D 15:45:31.0503536 PowerTaskList.DebugPrintPower() -     TAG_CHANGE Entity=[entityName=Annoy-o-Tron id=474 zone=SETASIDE zonePos=0 cardId=BG_GVG_085 player=6] tag=DIVINE_SHIELD value=1 
D 15:45:31.0503536 PowerTaskList.DebugPrintPower() -     TAG_CHANGE Entity=[entityName=Annoy-o-Tron id=474 zone=SETASIDE zonePos=0 cardId=BG_GVG_085 player=6] tag=BACON_TRIPLE_UPGRADE_MINION_ID value=103653 
D 15:45:31.0503536 PowerTaskList.DebugPrintPower() -     TAG_CHANGE Entity=[entityName=Annoy-o-Tron id=474 zone=SETASIDE zonePos=0 cardId=BG_GVG_085 player=6] tag=TECH_LEVEL value=1 
D 15:45:31.0503536 PowerTaskList.DebugPrintPower() -     TAG_CHANGE Entity=[entityName=Annoy-o-Tron id=474 zone=SETASIDE zonePos=0 cardId=BG_GVG_085 player=6] tag=IS_BACON_POOL_MINION value=1 
D 15:45:31.0503536 PowerTaskList.DebugPrintPower() -     TAG_CHANGE Entity=[entityName=Annoy-o-Tron id=474 zone=SETASIDE zonePos=0 cardId=BG_GVG_085 player=6] tag=1595 value=1 
D 15:45:31.0503536 PowerTaskList.DebugPrintPower() -     TAG_CHANGE Entity=[entityName=Annoy-o-Tron id=474 zone=SETASIDE zonePos=0 cardId=BG_GVG_085 player=6] tag=HAS_ACTIVATE_POWER value=1 
D 15:45:31.0503536 PowerTaskList.DebugPrintPower() -     TAG_CHANGE Entity=[entityName=Update Damage Cap [DNT] id=231 zone=GRAVEYARD zonePos=0 cardId=TB_BaconShop_UpdateDmgCap player=6] tag=1068 value=5 
D 15:45:31.0503536 PowerTaskList.DebugPrintPower() -     TAG_CHANGE Entity=[entityName=Update Damage Cap [DNT] id=231 zone=GRAVEYARD zonePos=0 cardId=TB_BaconShop_UpdateDmgCap player=6] tag=1068 value=0 
D 15:45:31.0503536 PowerTaskList.DebugPrintPower() -     TAG_CHANGE Entity=[entityName=Update Damage Cap [DNT] id=231 zone=GRAVEYARD zonePos=0 cardId=TB_BaconShop_UpdateDmgCap player=6] tag=ZONE value=REMOVEDFROMGAME 
D 15:45:31.0503536 PowerTaskList.DebugPrintPower() -     TAG_CHANGE Entity=[entityName=Update Damage Cap [DNT] id=231 zone=GRAVEYARD zonePos=0 cardId=TB_BaconShop_UpdateDmgCap player=6] tag=SPAWN_TIME_COUNT value=0 
D 15:45:31.0503536 PowerTaskList.DebugPrintPower() -     TAG_CHANGE Entity=[entityName=Update Damage Cap [DNT] id=231 zone=GRAVEYARD zonePos=0 cardId=TB_BaconShop_UpdateDmgCap player=6] tag=1715 value=0 
D 15:45:31.0503536 PowerTaskList.DebugPrintPower() -     TAG_CHANGE Entity=[entityName=Check Triples id=368 zone=GRAVEYARD zonePos=0 cardId=TB_BaconShop_CheckTriples player=6] tag=1068 value=5 
D 15:45:31.0503536 PowerTaskList.DebugPrintPower() -     TAG_CHANGE Entity=[entityName=Check Triples id=368 zone=GRAVEYARD zonePos=0 cardId=TB_BaconShop_CheckTriples player=6] tag=1068 value=0 
D 15:45:31.0503536 PowerTaskList.DebugPrintPower() -     TAG_CHANGE Entity=[entityName=Check Triples id=368 zone=GRAVEYARD zonePos=0 cardId=TB_BaconShop_CheckTriples player=6] tag=ZONE value=REMOVEDFROMGAME 
D 15:45:31.0503536 PowerTaskList.DebugPrintPower() -     TAG_CHANGE Entity=[entityName=Check Triples id=368 zone=GRAVEYARD zonePos=0 cardId=TB_BaconShop_CheckTriples player=6] tag=1200 value=0 
D 15:45:31.0503536 PowerTaskList.DebugPrintPower() -     TAG_CHANGE Entity=[entityName=Check Triples id=368 zone=GRAVEYARD zonePos=0 cardId=TB_BaconShop_CheckTriples player=6] tag=SPAWN_TIME_COUNT value=0 
D 15:45:31.0503536 PowerTaskList.DebugPrintPower() -     TAG_CHANGE Entity=[entityName=Check Triples id=368 zone=GRAVEYARD zonePos=0 cardId=TB_BaconShop_CheckTriples player=6] tag=1715 value=0 
D 15:45:31.0503536 PowerTaskList.DebugPrintPower() -     TAG_CHANGE Entity=[entityName=Check Triples id=368 zone=GRAVEYARD zonePos=0 cardId=TB_BaconShop_CheckTriples player=6] tag=1200 value=1 
D 15:45:31.0503536 PowerTaskList.DebugPrintPower() -     TAG_CHANGE Entity=[entityName=3ofKindCheckPlayerEnchant id=64 zone=GRAVEYARD zonePos=0 cardId= player=6] tag=ZONE value=REMOVEDFROMGAME 
D 15:45:31.0503536 PowerTaskList.DebugPrintPower() -     TAG_CHANGE Entity=[entityName=Annoy-o-Tron id=363 zone=GRAVEYARD zonePos=0 cardId=BG_GVG_085 player=6] tag=1068 value=5 
D 15:45:31.0503536 PowerTaskList.DebugPrintPower() -     TAG_CHANGE Entity=[entityName=Annoy-o-Tron id=363 zone=GRAVEYARD zonePos=0 cardId=BG_GVG_085 player=6] tag=1068 value=0 
D 15:45:31.0503536 PowerTaskList.DebugPrintPower() -     TAG_CHANGE Entity=[entityName=Annoy-o-Tron id=363 zone=GRAVEYARD zonePos=0 cardId=BG_GVG_085 player=6] tag=1037 value=6 
D 15:45:31.0503536 PowerTaskList.DebugPrintPower() -     TAG_CHANGE Entity=[entityName=Annoy-o-Tron id=363 zone=GRAVEYARD zonePos=0 cardId=BG_GVG_085 player=6] tag=ZONE value=REMOVEDFROMGAME 
D 15:45:31.0503536 PowerTaskList.DebugPrintPower() -     TAG_CHANGE Entity=[entityName=Silas Darkmoon id=429 zone=SETASIDE zonePos=0 cardId=TB_BaconShop_HERO_90 player=6] tag=1068 value=5 
D 15:45:31.0503536 PowerTaskList.DebugPrintPower() -     TAG_CHANGE Entity=[entityName=Silas Darkmoon id=429 zone=SETASIDE zonePos=0 cardId=TB_BaconShop_HERO_90 player=6] tag=1068 value=0 
D 15:45:31.0503536 PowerTaskList.DebugPrintPower() -     TAG_CHANGE Entity=[entityName=Silas Darkmoon id=429 zone=SETASIDE zonePos=0 cardId=TB_BaconShop_HERO_90 player=6] tag=ZONE value=REMOVEDFROMGAME 
D 15:45:31.0503536 PowerTaskList.DebugPrintPower() -     TAG_CHANGE Entity=[entityName=Silas Darkmoon id=429 zone=SETASIDE zonePos=0 cardId=TB_BaconShop_HERO_90 player=6] tag=HAS_ACTIVATE_POWER value=0 
D 15:45:31.0503536 PowerTaskList.DebugPrintPower() -     TAG_CHANGE Entity=[entityName=Silas Darkmoon id=429 zone=SETASIDE zonePos=0 cardId=TB_BaconShop_HERO_90 player=6] tag=PLAYER_ID value=0 
D 15:45:31.0503536 PowerTaskList.DebugPrintPower() -     TAG_CHANGE Entity=[entityName=Silas Darkmoon id=429 zone=SETASIDE zonePos=0 cardId=TB_BaconShop_HERO_90 player=6] tag=HEALTH value=0 
D 15:45:31.0503536 PowerTaskList.DebugPrintPower() -     TAG_CHANGE Entity=[entityName=Silas Darkmoon id=429 zone=SETASIDE zonePos=0 cardId=TB_BaconShop_HERO_90 player=6] tag=FACTION value=INVALID 
D 15:45:31.0503536 PowerTaskList.DebugPrintPower() -     TAG_CHANGE Entity=[entityName=Silas Darkmoon id=429 zone=SETASIDE zonePos=0 cardId=TB_BaconShop_HERO_90 player=6] tag=ARMOR value=0 
D 15:45:31.0503536 PowerTaskList.DebugPrintPower() -     TAG_CHANGE Entity=[entityName=Silas Darkmoon id=429 zone=SETASIDE zonePos=0 cardId=TB_BaconShop_HERO_90 player=6] tag=HERO_POWER value=0 
D 15:45:31.0503536 PowerTaskList.DebugPrintPower() -     TAG_CHANGE Entity=[entityName=Silas Darkmoon id=429 zone=SETASIDE zonePos=0 cardId=TB_BaconShop_HERO_90 player=6] tag=PLAYER_TECH_LEVEL value=0 
D 15:45:31.0503536 PowerTaskList.DebugPrintPower() -     TAG_CHANGE Entity=[entityName=Silas Darkmoon id=429 zone=SETASIDE zonePos=0 cardId=TB_BaconShop_HERO_90 player=6] tag=SUPPRESS_ALL_SUMMON_VO value=0 
D 15:45:31.0503536 PowerTaskList.DebugPrintPower() -     TAG_CHANGE Entity=[entityName=Silas Darkmoon id=429 zone=SETASIDE zonePos=0 cardId=TB_BaconShop_HERO_90 player=6] tag=BACON_HERO_CAN_BE_DRAFTED value=0 
D 15:45:31.0503536 PowerTaskList.DebugPrintPower() -     TAG_CHANGE Entity=[entityName=Silas Darkmoon id=429 zone=SETASIDE zonePos=0 cardId=TB_BaconShop_HERO_90 player=6] tag=BACON_MAX_PLAYER_TECH_LEVEL value=0 
D 15:45:31.0503536 PowerTaskList.DebugPrintPower() -     TAG_CHANGE Entity=[entityName=Silas Darkmoon id=429 zone=SETASIDE zonePos=0 cardId=TB_BaconShop_HERO_90 player=6] tag=SPAWN_TIME_COUNT value=0 
D 15:45:31.0503536 PowerTaskList.DebugPrintPower() -     TAG_CHANGE Entity=[entityName=Silas Darkmoon id=429 zone=SETASIDE zonePos=0 cardId=TB_BaconShop_HERO_90 player=6] tag=BACON_COMPANION_ID value=0 
D 15:45:31.0503536 PowerTaskList.DebugPrintPower() -     TAG_CHANGE Entity=[entityName=Silas Darkmoon id=429 zone=SETASIDE zonePos=0 cardId=TB_BaconShop_HERO_90 player=6] tag=2210 value=0 
D 15:45:31.0503536 PowerTaskList.DebugPrintPower() -     TAG_CHANGE Entity=[entityName=Silas Darkmoon id=429 zone=SETASIDE zonePos=0 cardId=TB_BaconShop_HERO_90 player=6] tag=BATTLEGROUNDS_FAVORITE_FINISHER value=0 
D 15:45:31.0503536 PowerTaskList.DebugPrintPower() -     TAG_CHANGE Entity=[entityName=Silas Darkmoon id=429 zone=SETASIDE zonePos=0 cardId=TB_BaconShop_HERO_90 player=6] tag=BACON_COMBAT_PHASE_HERO value=0 
D 15:45:31.0503536 PowerTaskList.DebugPrintPower() -     TAG_CHANGE Entity=[entityName=Silas Darkmoon id=429 zone=SETASIDE zonePos=0 cardId=TB_BaconShop_HERO_90 player=6] tag=3190 value=0 
D 15:45:31.0503536 PowerTaskList.DebugPrintPower() -     TAG_CHANGE Entity=[entityName=Silas Darkmoon id=429 zone=SETASIDE zonePos=0 cardId=TB_BaconShop_HERO_90 player=6] tag=3206 value=0 
D 15:45:31.0503536 PowerTaskList.DebugPrintPower() -     TAG_CHANGE Entity=[entityName=Silas Darkmoon id=429 zone=SETASIDE zonePos=0 cardId=TB_BaconShop_HERO_90 player=6] tag=HEALTH value=30 
D 15:45:31.0503536 PowerTaskList.DebugPrintPower() -     TAG_CHANGE Entity=[entityName=Silas Darkmoon id=429 zone=SETASIDE zonePos=0 cardId=TB_BaconShop_HERO_90 player=6] tag=FACTION value=NEUTRAL 
D 15:45:31.0503536 PowerTaskList.DebugPrintPower() -     TAG_CHANGE Entity=[entityName=Silas Darkmoon id=429 zone=SETASIDE zonePos=0 cardId=TB_BaconShop_HERO_90 player=6] tag=ARMOR value=10 
D 15:45:31.0503536 PowerTaskList.DebugPrintPower() -     TAG_CHANGE Entity=[entityName=Silas Darkmoon id=429 zone=SETASIDE zonePos=0 cardId=TB_BaconShop_HERO_90 player=6] tag=HERO_POWER value=64481 
D 15:45:31.0503536 PowerTaskList.DebugPrintPower() -     TAG_CHANGE Entity=[entityName=Silas Darkmoon id=429 zone=SETASIDE zonePos=0 cardId=TB_BaconShop_HERO_90 player=6] tag=BACON_HERO_CAN_BE_DRAFTED value=1 
D 15:45:31.0503536 PowerTaskList.DebugPrintPower() -     TAG_CHANGE Entity=[entityName=Silas Darkmoon id=429 zone=SETASIDE zonePos=0 cardId=TB_BaconShop_HERO_90 player=6] tag=BACON_COMPANION_ID value=77829 
D 15:45:31.0503536 PowerTaskList.DebugPrintPower() -     TAG_CHANGE Entity=[entityName=Silas Darkmoon id=429 zone=SETASIDE zonePos=0 cardId=TB_BaconShop_HERO_90 player=6] tag=3190 value=100 
D 15:45:31.0503536 PowerTaskList.DebugPrintPower() -     TAG_CHANGE Entity=[entityName=Silas Darkmoon id=429 zone=SETASIDE zonePos=0 cardId=TB_BaconShop_HERO_90 player=6] tag=3206 value=8 
D 15:45:31.0503536 PowerTaskList.DebugPrintPower() -     TAG_CHANGE Entity=[entityName=Silas Darkmoon id=429 zone=SETASIDE zonePos=0 cardId=TB_BaconShop_HERO_90 player=6] tag=HAS_ACTIVATE_POWER value=1 
D 15:45:31.0503536 PowerTaskList.DebugPrintPower() -     TAG_CHANGE Entity=[entityName=UNKNOWN ENTITY [cardType=INVALID] id=432 zone=SETASIDE zonePos=0 cardId= player=6] tag=ZONE value=REMOVEDFROMGAME 
D 15:45:31.0503536 PowerTaskList.DebugPrintPower() -     TAG_CHANGE Entity=[entityName=UNKNOWN ENTITY [cardType=INVALID] id=433 zone=SETASIDE zonePos=0 cardId= player=6] tag=ZONE value=REMOVEDFROMGAME 
D 15:45:31.0503536 PowerTaskList.DebugPrintPower() -     TAG_CHANGE Entity=[entityName=Molten Rock id=434 zone=SETASIDE zonePos=0 cardId=BGS_127 player=6] tag=1068 value=5 
D 15:45:31.0503536 PowerTaskList.DebugPrintPower() -     TAG_CHANGE Entity=[entityName=Molten Rock id=434 zone=SETASIDE zonePos=0 cardId=BGS_127 player=6] tag=1068 value=0 
D 15:45:31.0503536 PowerTaskList.DebugPrintPower() -     TAG_CHANGE Entity=[entityName=Molten Rock id=434 zone=SETASIDE zonePos=0 cardId=BGS_127 player=6] tag=ZONE value=REMOVEDFROMGAME 
D 15:45:31.0503536 PowerTaskList.DebugPrintPower() -     TAG_CHANGE Entity=[entityName=Molten Rock id=434 zone=SETASIDE zonePos=0 cardId=BGS_127 player=6] tag=HAS_ACTIVATE_POWER value=0 
D 15:45:31.0503536 PowerTaskList.DebugPrintPower() -     TAG_CHANGE Entity=[entityName=Molten Rock id=434 zone=SETASIDE zonePos=0 cardId=BGS_127 player=6] tag=COST value=0 
D 15:45:31.0503536 PowerTaskList.DebugPrintPower() -     TAG_CHANGE Entity=[entityName=Molten Rock id=434 zone=SETASIDE zonePos=0 cardId=BGS_127 player=6] tag=ATK value=0 
D 15:45:31.0503536 PowerTaskList.DebugPrintPower() -     TAG_CHANGE Entity=[entityName=Molten Rock id=434 zone=SETASIDE zonePos=0 cardId=BGS_127 player=6] tag=HEALTH value=0 
D 15:45:31.0503536 PowerTaskList.DebugPrintPower() -     TAG_CHANGE Entity=[entityName=Molten Rock id=434 zone=SETASIDE zonePos=0 cardId=BGS_127 player=6] tag=TRIGGER_VISUAL value=0 
D 15:45:31.0503536 PowerTaskList.DebugPrintPower() -     TAG_CHANGE Entity=[entityName=Molten Rock id=434 zone=SETASIDE zonePos=0 cardId=BGS_127 player=6] tag=BACON_TRIPLE_UPGRADE_MINION_ID value=0 
D 15:45:31.0503536 PowerTaskList.DebugPrintPower() -     TAG_CHANGE Entity=[entityName=Molten Rock id=434 zone=SETASIDE zonePos=0 cardId=BGS_127 player=6] tag=TECH_LEVEL value=0 
D 15:45:31.0503536 PowerTaskList.DebugPrintPower() -     TAG_CHANGE Entity=[entityName=Molten Rock id=434 zone=SETASIDE zonePos=0 cardId=BGS_127 player=6] tag=IS_BACON_POOL_MINION value=0 
D 15:45:31.0503536 PowerTaskList.DebugPrintPower() -     TAG_CHANGE Entity=[entityName=Molten Rock id=434 zone=SETASIDE zonePos=0 cardId=BGS_127 player=6] tag=SUPPRESS_ALL_SUMMON_VO value=0 
D 15:45:31.0503536 PowerTaskList.DebugPrintPower() -     TAG_CHANGE Entity=[entityName=Molten Rock id=434 zone=SETASIDE zonePos=0 cardId=BGS_127 player=6] tag=SPAWN_TIME_COUNT value=0 
D 15:45:31.0503536 PowerTaskList.DebugPrintPower() -     TAG_CHANGE Entity=[entityName=Molten Rock id=434 zone=SETASIDE zonePos=0 cardId=BGS_127 player=6] tag=COPIED_FROM_ENTITY_ID value=0 
D 15:45:31.0503536 PowerTaskList.DebugPrintPower() -     TAG_CHANGE Entity=[entityName=Molten Rock id=434 zone=SETASIDE zonePos=0 cardId=BGS_127 player=6] tag=1688 value=0 
D 15:45:31.0503536 PowerTaskList.DebugPrintPower() -     TAG_CHANGE Entity=[entityName=Molten Rock id=434 zone=SETASIDE zonePos=0 cardId=BGS_127 player=6] tag=COST value=1 
D 15:45:31.0503536 PowerTaskList.DebugPrintPower() -     TAG_CHANGE Entity=[entityName=Molten Rock id=434 zone=SETASIDE zonePos=0 cardId=BGS_127 player=6] tag=ATK value=3 
D 15:45:31.0503536 PowerTaskList.DebugPrintPower() -     TAG_CHANGE Entity=[entityName=Molten Rock id=434 zone=SETASIDE zonePos=0 cardId=BGS_127 player=6] tag=HEALTH value=3 
D 15:45:31.0503536 PowerTaskList.DebugPrintPower() -     TAG_CHANGE Entity=[entityName=Molten Rock id=434 zone=SETASIDE zonePos=0 cardId=BGS_127 player=6] tag=TRIGGER_VISUAL value=1 
D 15:45:31.0503536 PowerTaskList.DebugPrintPower() -     TAG_CHANGE Entity=[entityName=Molten Rock id=434 zone=SETASIDE zonePos=0 cardId=BGS_127 player=6] tag=BACON_TRIPLE_UPGRADE_MINION_ID value=64300 
D 15:45:31.0503536 PowerTaskList.DebugPrintPower() -     TAG_CHANGE Entity=[entityName=Molten Rock id=434 zone=SETASIDE zonePos=0 cardId=BGS_127 player=6] tag=TECH_LEVEL value=1 
D 15:45:31.0503536 PowerTaskList.DebugPrintPower() -     TAG_CHANGE Entity=[entityName=Molten Rock id=434 zone=SETASIDE zonePos=0 cardId=BGS_127 player=6] tag=IS_BACON_POOL_MINION value=1 
D 15:45:31.0503536 PowerTaskList.DebugPrintPower() -     TAG_CHANGE Entity=[entityName=Molten Rock id=434 zone=SETASIDE zonePos=0 cardId=BGS_127 player=6] tag=1688 value=1 
D 15:45:31.0503536 PowerTaskList.DebugPrintPower() -     TAG_CHANGE Entity=[entityName=Molten Rock id=434 zone=SETASIDE zonePos=0 cardId=BGS_127 player=6] tag=HAS_ACTIVATE_POWER value=1 
D 15:45:31.0503536 PowerTaskList.DebugPrintPower() -     TAG_CHANGE Entity=GameEntity tag=BOARD_VISUAL_STATE value=1 
D 15:45:31.0503536 PowerTaskList.DebugPrintPower() -     TAG_CHANGE Entity=GameEntity tag=MISSION_EVENT value=1 
D 15:45:31.0503536 PowerTaskList.DebugPrintPower() -     TAG_CHANGE Entity=GameEntity tag=1488 value=1 
D 15:45:31.0503536 PowerTaskList.DebugPrintPower() -     TAG_CHANGE Entity=[entityName=Bartender Bob id=62 zone=SETASIDE zonePos=0 cardId=TB_BaconShopBob player=14] tag=1068 value=1 
D 15:45:31.0503536 PowerTaskList.DebugPrintPower() -     TAG_CHANGE Entity=[entityName=Bartender Bob id=62 zone=SETASIDE zonePos=0 cardId=TB_BaconShopBob player=14] tag=1068 value=0 
D 15:45:31.0503536 PowerTaskList.DebugPrintPower() -     TAG_CHANGE Entity=[entityName=Bartender Bob id=62 zone=SETASIDE zonePos=0 cardId=TB_BaconShopBob player=14] tag=ZONE value=PLAY 
D 15:45:31.0503536 PowerTaskList.DebugPrintPower() -     TAG_CHANGE Entity=[entityName=Bartender Bob id=62 zone=SETASIDE zonePos=0 cardId=TB_BaconShopBob player=14] tag=NUM_TURNS_IN_PLAY value=0 
D 15:45:31.0503536 PowerTaskList.DebugPrintPower() -     TAG_CHANGE Entity=[entityName=Bartender Bob id=62 zone=SETASIDE zonePos=0 cardId=TB_BaconShopBob player=14] tag=NUM_ATTACKS_THIS_TURN value=1 
D 15:45:31.0503536 PowerTaskList.DebugPrintPower() -     TAG_CHANGE Entity=[entityName=Bartender Bob id=62 zone=SETASIDE zonePos=0 cardId=TB_BaconShopBob player=14] tag=LINKED_ENTITY value=459 
D 15:45:31.0503536 PowerTaskList.DebugPrintPower() -     TAG_CHANGE Entity=[entityName=Silas Darkmoon id=459 zone=PLAY zonePos=0 cardId=TB_BaconShop_HERO_90 player=14] tag=1068 value=6 
D 15:45:31.0503536 PowerTaskList.DebugPrintPower() -     TAG_CHANGE Entity=[entityName=Silas Darkmoon id=459 zone=PLAY zonePos=0 cardId=TB_BaconShop_HERO_90 player=14] tag=1068 value=0 
D 15:45:31.0503536 PowerTaskList.DebugPrintPower() -     TAG_CHANGE Entity=[entityName=Silas Darkmoon id=459 zone=PLAY zonePos=0 cardId=TB_BaconShop_HERO_90 player=14] tag=EXHAUSTED value=0 
D 15:45:31.0503536 PowerTaskList.DebugPrintPower() -     TAG_CHANGE Entity=[entityName=Silas Darkmoon id=459 zone=PLAY zonePos=0 cardId=TB_BaconShop_HERO_90 player=14] tag=SUPPRESS_ALL_SUMMON_VO value=0 
D 15:45:31.0503536 PowerTaskList.DebugPrintPower() -     TAG_CHANGE Entity=[entityName=Silas Darkmoon id=459 zone=PLAY zonePos=0 cardId=TB_BaconShop_HERO_90 player=14] tag=ZONE value=REMOVEDFROMGAME 
D 15:45:31.0503536 PowerTaskList.DebugPrintPower() -     TAG_CHANGE Entity=[entityName=Silas Darkmoon id=459 zone=PLAY zonePos=0 cardId=TB_BaconShop_HERO_90 player=14] tag=HAS_ACTIVATE_POWER value=0 
D 15:45:31.0503536 PowerTaskList.DebugPrintPower() -     TAG_CHANGE Entity=[entityName=Silas Darkmoon id=459 zone=PLAY zonePos=0 cardId=TB_BaconShop_HERO_90 player=14] tag=PLAYER_ID value=0 
D 15:45:31.0503536 PowerTaskList.DebugPrintPower() -     TAG_CHANGE Entity=[entityName=Silas Darkmoon id=459 zone=PLAY zonePos=0 cardId=TB_BaconShop_HERO_90 player=14] tag=HEALTH value=0 
D 15:45:31.0503536 PowerTaskList.DebugPrintPower() -     TAG_CHANGE Entity=[entityName=Silas Darkmoon id=459 zone=PLAY zonePos=0 cardId=TB_BaconShop_HERO_90 player=14] tag=FACTION value=INVALID 
D 15:45:31.0503536 PowerTaskList.DebugPrintPower() -     TAG_CHANGE Entity=[entityName=Silas Darkmoon id=459 zone=PLAY zonePos=0 cardId=TB_BaconShop_HERO_90 player=14] tag=LINKED_ENTITY value=0 
D 15:45:31.0503536 PowerTaskList.DebugPrintPower() -     TAG_CHANGE Entity=[entityName=Silas Darkmoon id=459 zone=PLAY zonePos=0 cardId=TB_BaconShop_HERO_90 player=14] tag=ARMOR value=0 
D 15:45:31.0503536 PowerTaskList.DebugPrintPower() -     TAG_CHANGE Entity=[entityName=Silas Darkmoon id=459 zone=PLAY zonePos=0 cardId=TB_BaconShop_HERO_90 player=14] tag=NUM_ATTACKS_THIS_TURN value=0 
D 15:45:31.0503536 PowerTaskList.DebugPrintPower() -     TAG_CHANGE Entity=[entityName=Silas Darkmoon id=459 zone=PLAY zonePos=0 cardId=TB_BaconShop_HERO_90 player=14] tag=HERO_POWER value=0 
D 15:45:31.0503536 PowerTaskList.DebugPrintPower() -     TAG_CHANGE Entity=[entityName=Silas Darkmoon id=459 zone=PLAY zonePos=0 cardId=TB_BaconShop_HERO_90 player=14] tag=PLAYER_TECH_LEVEL value=0 
D 15:45:31.0503536 PowerTaskList.DebugPrintPower() -     TAG_CHANGE Entity=[entityName=Silas Darkmoon id=459 zone=PLAY zonePos=0 cardId=TB_BaconShop_HERO_90 player=14] tag=BACON_HERO_CAN_BE_DRAFTED value=0 
D 15:45:31.0503536 PowerTaskList.DebugPrintPower() -     TAG_CHANGE Entity=[entityName=Silas Darkmoon id=459 zone=PLAY zonePos=0 cardId=TB_BaconShop_HERO_90 player=14] tag=TRANSIENT_ENTITY value=0 
D 15:45:31.0503536 PowerTaskList.DebugPrintPower() -     TAG_CHANGE Entity=[entityName=Silas Darkmoon id=459 zone=PLAY zonePos=0 cardId=TB_BaconShop_HERO_90 player=14] tag=BACON_MAX_PLAYER_TECH_LEVEL value=0 
D 15:45:31.0503536 PowerTaskList.DebugPrintPower() -     TAG_CHANGE Entity=[entityName=Silas Darkmoon id=459 zone=PLAY zonePos=0 cardId=TB_BaconShop_HERO_90 player=14] tag=SPAWN_TIME_COUNT value=0 
D 15:45:31.0503536 PowerTaskList.DebugPrintPower() -     TAG_CHANGE Entity=[entityName=Silas Darkmoon id=459 zone=PLAY zonePos=0 cardId=TB_BaconShop_HERO_90 player=14] tag=COPIED_FROM_ENTITY_ID value=0 
D 15:45:31.0503536 PowerTaskList.DebugPrintPower() -     TAG_CHANGE Entity=[entityName=Silas Darkmoon id=459 zone=PLAY zonePos=0 cardId=TB_BaconShop_HERO_90 player=14] tag=1715 value=0 
D 15:45:31.0503536 PowerTaskList.DebugPrintPower() -     TAG_CHANGE Entity=[entityName=Silas Darkmoon id=459 zone=PLAY zonePos=0 cardId=TB_BaconShop_HERO_90 player=14] tag=BACON_COMPANION_ID value=0 
D 15:45:31.0503536 PowerTaskList.DebugPrintPower() -     TAG_CHANGE Entity=[entityName=Silas Darkmoon id=459 zone=PLAY zonePos=0 cardId=TB_BaconShop_HERO_90 player=14] tag=2210 value=0 
D 15:45:31.0503536 PowerTaskList.DebugPrintPower() -     TAG_CHANGE Entity=[entityName=Silas Darkmoon id=459 zone=PLAY zonePos=0 cardId=TB_BaconShop_HERO_90 player=14] tag=BATTLEGROUNDS_FAVORITE_FINISHER value=0 
D 15:45:31.0503536 PowerTaskList.DebugPrintPower() -     TAG_CHANGE Entity=[entityName=Silas Darkmoon id=459 zone=PLAY zonePos=0 cardId=TB_BaconShop_HERO_90 player=14] tag=BACON_COMBAT_PHASE_HERO value=0 
D 15:45:31.0503536 PowerTaskList.DebugPrintPower() -     TAG_CHANGE Entity=[entityName=Silas Darkmoon id=459 zone=PLAY zonePos=0 cardId=TB_BaconShop_HERO_90 player=14] tag=3190 value=0 
D 15:45:31.0503536 PowerTaskList.DebugPrintPower() -     TAG_CHANGE Entity=[entityName=Silas Darkmoon id=459 zone=PLAY zonePos=0 cardId=TB_BaconShop_HERO_90 player=14] tag=3206 value=0 
D 15:45:31.0503536 PowerTaskList.DebugPrintPower() -     TAG_CHANGE Entity=[entityName=Silas Darkmoon id=459 zone=PLAY zonePos=0 cardId=TB_BaconShop_HERO_90 player=14] tag=HEALTH value=30 
D 15:45:31.0503536 PowerTaskList.DebugPrintPower() -     TAG_CHANGE Entity=[entityName=Silas Darkmoon id=459 zone=PLAY zonePos=0 cardId=TB_BaconShop_HERO_90 player=14] tag=FACTION value=NEUTRAL 
D 15:45:31.0503536 PowerTaskList.DebugPrintPower() -     TAG_CHANGE Entity=[entityName=Silas Darkmoon id=459 zone=PLAY zonePos=0 cardId=TB_BaconShop_HERO_90 player=14] tag=ARMOR value=10 
D 15:45:31.0503536 PowerTaskList.DebugPrintPower() -     TAG_CHANGE Entity=[entityName=Silas Darkmoon id=459 zone=PLAY zonePos=0 cardId=TB_BaconShop_HERO_90 player=14] tag=HERO_POWER value=64481 
D 15:45:31.0503536 PowerTaskList.DebugPrintPower() -     TAG_CHANGE Entity=[entityName=Silas Darkmoon id=459 zone=PLAY zonePos=0 cardId=TB_BaconShop_HERO_90 player=14] tag=BACON_HERO_CAN_BE_DRAFTED value=1 
D 15:45:31.0503536 PowerTaskList.DebugPrintPower() -     TAG_CHANGE Entity=[entityName=Silas Darkmoon id=459 zone=PLAY zonePos=0 cardId=TB_BaconShop_HERO_90 player=14] tag=BACON_COMPANION_ID value=77829 
D 15:45:31.0503536 PowerTaskList.DebugPrintPower() -     TAG_CHANGE Entity=[entityName=Silas Darkmoon id=459 zone=PLAY zonePos=0 cardId=TB_BaconShop_HERO_90 player=14] tag=3190 value=100 
D 15:45:31.0503536 PowerTaskList.DebugPrintPower() -     TAG_CHANGE Entity=[entityName=Silas Darkmoon id=459 zone=PLAY zonePos=0 cardId=TB_BaconShop_HERO_90 player=14] tag=3206 value=8 
D 15:45:31.0503536 PowerTaskList.DebugPrintPower() -     TAG_CHANGE Entity=[entityName=Silas Darkmoon id=459 zone=PLAY zonePos=0 cardId=TB_BaconShop_HERO_90 player=14] tag=HAS_ACTIVATE_POWER value=1 
D 15:45:31.0503536 PowerTaskList.DebugPrintPower() -     TAG_CHANGE Entity=[entityName=Silas Darkmoon id=459 zone=PLAY zonePos=0 cardId=TB_BaconShop_HERO_90 player=14] tag=REVEALED value=1 
D 15:45:31.0503536 PowerTaskList.DebugPrintPower() -     TAG_CHANGE Entity=FanaticPro tag=HERO_ENTITY value=62 
D 15:45:31.0503536 PowerTaskList.DebugPrintPower() -     TAG_CHANGE Entity=[entityName=Come One, Come All! id=430 zone=PLAY zonePos=0 cardId=TB_BaconShop_HP_101 player=14] tag=1068 value=6 
D 15:45:31.0503536 PowerTaskList.DebugPrintPower() -     TAG_CHANGE Entity=[entityName=Come One, Come All! id=430 zone=PLAY zonePos=0 cardId=TB_BaconShop_HP_101 player=14] tag=1068 value=0 
D 15:45:31.0503536 PowerTaskList.DebugPrintPower() -     TAG_CHANGE Entity=[entityName=Come One, Come All! id=430 zone=PLAY zonePos=0 cardId=TB_BaconShop_HP_101 player=14] tag=SUPPRESS_ALL_SUMMON_VO value=0 
D 15:45:31.0503536 PowerTaskList.DebugPrintPower() -     TAG_CHANGE Entity=[entityName=Come One, Come All! id=430 zone=PLAY zonePos=0 cardId=TB_BaconShop_HP_101 player=14] tag=ZONE value=REMOVEDFROMGAME 
D 15:45:31.0503536 PowerTaskList.DebugPrintPower() -     TAG_CHANGE Entity=[entityName=Come One, Come All! id=430 zone=PLAY zonePos=0 cardId=TB_BaconShop_HP_101 player=14] tag=LINKED_ENTITY value=0 
D 15:45:31.0503536 PowerTaskList.DebugPrintPower() -     TAG_CHANGE Entity=[entityName=Come One, Come All! id=430 zone=PLAY zonePos=0 cardId=TB_BaconShop_HP_101 player=14] tag=HIDE_COST value=0 
D 15:45:31.0503536 PowerTaskList.DebugPrintPower() -     TAG_CHANGE Entity=[entityName=Come One, Come All! id=430 zone=PLAY zonePos=0 cardId=TB_BaconShop_HP_101 player=14] tag=TRANSIENT_ENTITY value=0 
D 15:45:31.0503536 PowerTaskList.DebugPrintPower() -     TAG_CHANGE Entity=[entityName=Come One, Come All! id=430 zone=PLAY zonePos=0 cardId=TB_BaconShop_HP_101 player=14] tag=SPAWN_TIME_COUNT value=0 
D 15:45:31.0503536 PowerTaskList.DebugPrintPower() -     TAG_CHANGE Entity=[entityName=Come One, Come All! id=430 zone=PLAY zonePos=0 cardId=TB_BaconShop_HP_101 player=14] tag=BACON_HEROPOWER_BASE_HERO_ID value=0 
D 15:45:31.0503536 PowerTaskList.DebugPrintPower() -     TAG_CHANGE Entity=[entityName=Come One, Come All! id=430 zone=PLAY zonePos=0 cardId=TB_BaconShop_HP_101 player=14] tag=HIDE_COST value=1 
D 15:45:31.0503536 PowerTaskList.DebugPrintPower() -     TAG_CHANGE Entity=[entityName=Come One, Come All! id=430 zone=PLAY zonePos=0 cardId=TB_BaconShop_HP_101 player=14] tag=BACON_HEROPOWER_BASE_HERO_ID value=64480 
D 15:45:31.0503536 PowerTaskList.DebugPrintPower() -     TAG_CHANGE Entity=FanaticPro tag=3143 value=10 
D 15:45:31.0503536 PowerTaskList.DebugPrintPower() -     FULL_ENTITY - Updating [entityName=Refresh id=500 zone=PLAY zonePos=0 cardId=TB_BaconShop_8p_Reroll_Button player=6] CardID=TB_BaconShop_8p_Reroll_Button
D 15:45:31.0503536 PowerTaskList.DebugPrintPower() -         tag=CONTROLLER value=6
D 15:45:31.0503536 PowerTaskList.DebugPrintPower() -         tag=CARDTYPE value=GAME_MODE_BUTTON
D 15:45:31.0503536 PowerTaskList.DebugPrintPower() -         tag=TAG_LAST_KNOWN_COST_IN_HAND value=1
D 15:45:31.0503536 PowerTaskList.DebugPrintPower() -         tag=COST value=1
D 15:45:31.0503536 PowerTaskList.DebugPrintPower() -         tag=ZONE value=PLAY
D 15:45:31.0503536 PowerTaskList.DebugPrintPower() -         tag=ENTITY_ID value=500
D 15:45:31.0503536 PowerTaskList.DebugPrintPower() -         tag=CREATOR value=63
D 15:45:31.0503536 PowerTaskList.DebugPrintPower() -         tag=1037 value=6
D 15:45:31.0503536 PowerTaskList.DebugPrintPower() -         tag=CREATOR_DBID value=57980
D 15:45:31.0503536 PowerTaskList.DebugPrintPower() -         tag=BACON_ACTION_CARD value=1
D 15:45:31.0503536 PowerTaskList.DebugPrintPower() -         tag=GAME_MODE_BUTTON_SLOT value=2
D 15:45:31.0503536 PowerTaskList.DebugPrintPower() -         tag=SUPPRESS_ALL_SUMMON_VO value=1
D 15:45:31.0503536 PowerTaskList.DebugPrintPower() -         tag=SPAWN_TIME_COUNT value=1
D 15:45:31.0503536 PowerTaskList.DebugPrintPower() -         tag=HAS_ACTIVATE_POWER value=1
D 15:45:31.0503536 PowerTaskList.DebugPrintPower() -     FULL_ENTITY - Updating [entityName=Freeze id=501 zone=PLAY zonePos=0 cardId=TB_BaconShopLockAll_Button player=6] CardID=TB_BaconShopLockAll_Button
D 15:45:31.0503536 PowerTaskList.DebugPrintPower() -         tag=CONTROLLER value=6
D 15:45:31.0503536 PowerTaskList.DebugPrintPower() -         tag=CARDTYPE value=GAME_MODE_BUTTON
D 15:45:31.0503536 PowerTaskList.DebugPrintPower() -         tag=TAG_SCRIPT_DATA_NUM_2 value=10
D 15:45:31.0503536 PowerTaskList.DebugPrintPower() -         tag=ZONE value=PLAY
D 15:45:31.0503536 PowerTaskList.DebugPrintPower() -         tag=ENTITY_ID value=501
D 15:45:31.0503536 PowerTaskList.DebugPrintPower() -         tag=FACTION value=ALLIANCE
D 15:45:31.0503536 PowerTaskList.DebugPrintPower() -         tag=CREATOR value=63
D 15:45:31.0503536 PowerTaskList.DebugPrintPower() -         tag=1037 value=6
D 15:45:31.0503536 PowerTaskList.DebugPrintPower() -         tag=1270 value=1
D 15:45:31.0503536 PowerTaskList.DebugPrintPower() -         tag=CREATOR_DBID value=57980
D 15:45:31.0503536 PowerTaskList.DebugPrintPower() -         tag=BACON_ACTION_CARD value=1
D 15:45:31.0503536 PowerTaskList.DebugPrintPower() -         tag=GAME_MODE_BUTTON_SLOT value=1
D 15:45:31.0503536 PowerTaskList.DebugPrintPower() -         tag=SUPPRESS_ALL_SUMMON_VO value=1
D 15:45:31.0503536 PowerTaskList.DebugPrintPower() -         tag=SPAWN_TIME_COUNT value=1
D 15:45:31.0503536 PowerTaskList.DebugPrintPower() -         tag=HAS_ACTIVATE_POWER value=1
D 15:45:31.0503536 PowerTaskList.DebugPrintPower() -     FULL_ENTITY - Updating [entityName=Drag To Sell id=502 zone=PLAY zonePos=0 cardId=TB_BaconShop_DragSell player=6] CardID=TB_BaconShop_DragSell
D 15:45:31.0503536 PowerTaskList.DebugPrintPower() -         tag=CONTROLLER value=6
D 15:45:31.0503536 PowerTaskList.DebugPrintPower() -         tag=CARDTYPE value=MOVE_MINION_HOVER_TARGET
D 15:45:31.0503536 PowerTaskList.DebugPrintPower() -         tag=ZONE value=PLAY
D 15:45:31.0503536 PowerTaskList.DebugPrintPower() -         tag=ENTITY_ID value=502
D 15:45:31.0503536 PowerTaskList.DebugPrintPower() -         tag=CREATOR value=63
D 15:45:31.0503536 PowerTaskList.DebugPrintPower() -         tag=1037 value=6
D 15:45:31.0503536 PowerTaskList.DebugPrintPower() -         tag=CREATOR_DBID value=57980
D 15:45:31.0503536 PowerTaskList.DebugPrintPower() -         tag=BACON_ACTION_CARD value=1
D 15:45:31.0503536 PowerTaskList.DebugPrintPower() -         tag=SUPPRESS_ALL_SUMMON_VO value=1
D 15:45:31.0503536 PowerTaskList.DebugPrintPower() -         tag=MOVE_MINION_HOVER_TARGET_SLOT value=2
D 15:45:31.0503536 PowerTaskList.DebugPrintPower() -         tag=SPAWN_TIME_COUNT value=1
D 15:45:31.0503536 PowerTaskList.DebugPrintPower() -         tag=HAS_ACTIVATE_POWER value=1
D 15:45:31.0503536 PowerTaskList.DebugPrintPower() -     FULL_ENTITY - Updating [entityName=Tavern Tier 2 id=503 zone=PLAY zonePos=0 cardId=TB_BaconShopTechUp02_Button player=6] CardID=TB_BaconShopTechUp02_Button
D 15:45:31.0503536 PowerTaskList.DebugPrintPower() -         tag=CONTROLLER value=6
D 15:45:31.0503536 PowerTaskList.DebugPrintPower() -         tag=CARDTYPE value=GAME_MODE_BUTTON
D 15:45:31.0503536 PowerTaskList.DebugPrintPower() -         tag=TAG_LAST_KNOWN_COST_IN_HAND value=5
D 15:45:31.0503536 PowerTaskList.DebugPrintPower() -         tag=COST value=5
D 15:45:31.0503536 PowerTaskList.DebugPrintPower() -         tag=ZONE value=PLAY
D 15:45:31.0503536 PowerTaskList.DebugPrintPower() -         tag=ENTITY_ID value=503
D 15:45:31.0503536 PowerTaskList.DebugPrintPower() -         tag=CREATOR value=63
D 15:45:31.0503536 PowerTaskList.DebugPrintPower() -         tag=1037 value=6
D 15:45:31.0503536 PowerTaskList.DebugPrintPower() -         tag=CREATOR_DBID value=57980
D 15:45:31.0503536 PowerTaskList.DebugPrintPower() -         tag=BACON_ACTION_CARD value=1
D 15:45:31.0503536 PowerTaskList.DebugPrintPower() -         tag=GAME_MODE_BUTTON_SLOT value=3
D 15:45:31.0503536 PowerTaskList.DebugPrintPower() -         tag=TECH_LEVEL value=2
D 15:45:31.0503536 PowerTaskList.DebugPrintPower() -         tag=SUPPRESS_ALL_SUMMON_VO value=1
D 15:45:31.0503536 PowerTaskList.DebugPrintPower() -         tag=SPAWN_TIME_COUNT value=1
D 15:45:31.0503536 PowerTaskList.DebugPrintPower() -         tag=HAS_ACTIVATE_POWER value=1
D 15:45:31.0503536 PowerTaskList.DebugPrintPower() -     META_DATA - Meta=ARTIFICIAL_PAUSE Data=1500 InfoCount=1
D 15:45:31.0503536 PowerTaskList.DebugPrintPower() -                 Info[0] = [entityName=BaconShop8PlayerEnchant id=63 zone=PLAY zonePos=0 cardId=TB_BaconShop_8P_PlayerE player=6]
D 15:45:31.0503536 PowerTaskList.DebugPrintPower() -     TAG_CHANGE Entity=GameEntity tag=2374 value=1 
D 15:45:31.0503536 PowerTaskList.DebugPrintPower() -     TAG_CHANGE Entity=[entityName=Annoy-o-Tron id=435 zone=SETASIDE zonePos=0 cardId=BG_GVG_085 player=6] tag=NUM_TURNS_IN_PLAY value=3 
D 15:45:31.0503536 PowerTaskList.DebugPrintPower() -     TAG_CHANGE Entity=[entityName=Annoy-o-Tron id=435 zone=SETASIDE zonePos=0 cardId=BG_GVG_085 player=6] tag=EXHAUSTED value=0 
D 15:45:31.0503536 PowerTaskList.DebugPrintPower() -     TAG_CHANGE Entity=[entityName=Annoy-o-Tron id=435 zone=SETASIDE zonePos=0 cardId=BG_GVG_085 player=6] tag=CANT_ATTACK value=1 
D 15:45:31.0503536 PowerTaskList.DebugPrintPower() -     TAG_CHANGE Entity=[entityName=Annoy-o-Tron id=435 zone=SETASIDE zonePos=0 cardId=BG_GVG_085 player=6] tag=SUPPRESS_ALL_SUMMON_VO value=0 
D 15:45:31.0503536 PowerTaskList.DebugPrintPower() -     TAG_CHANGE Entity=GameEntity tag=1453 value=0 
D 15:45:31.0503536 PowerTaskList.DebugPrintPower() -     TAG_CHANGE Entity=GameEntity tag=STEP value=MAIN_END 
D 15:45:31.0503536 PowerTaskList.DebugPrintPower() - BLOCK_END
D 15:45:31.0503536 PowerProcessor.PrepareHistoryForCurrentTaskList() - m_currentTaskList=247
D 15:45:33.6326914 PowerProcessor.EndCurrentTaskList() - m_currentTaskList=247
D 15:45:33.6500197 PowerTaskList.DebugDump() - ID=248 ParentID=0 PreviousID=0 TaskCount=1
D 15:45:33.6500197 PowerTaskList.DebugPrintPower() - BLOCK_START BlockType=TRIGGER Entity=Bartender Bob EffectCardId=System.Collections.Generic.List`1[System.String] EffectIndex=-1 Target=0 SubOption=-1 TriggerKeyword=TAG_NOT_SET
D 15:45:33.6500197 PowerTaskList.DebugPrintPower() -     TAG_CHANGE Entity=GameEntity tag=NEXT_STEP value=MAIN_CLEANUP 
D 15:45:33.6500197 PowerTaskList.DebugPrintPower() - BLOCK_END
D 15:45:33.6500197 PowerProcessor.PrepareHistoryForCurrentTaskList() - m_currentTaskList=248
D 15:45:33.6500197 PowerProcessor.EndCurrentTaskList() - m_currentTaskList=248
D 15:45:33.6500197 PowerTaskList.DebugDump() - ID=249 ParentID=0 PreviousID=0 TaskCount=0
D 15:45:33.6500197 PowerTaskList.DebugPrintPower() - BLOCK_START BlockType=TRIGGER Entity=Bartender Bob EffectCardId=System.Collections.Generic.List`1[System.String] EffectIndex=-1 Target=0 SubOption=-1 TriggerKeyword=TAG_NOT_SET
D 15:45:33.6500197 PowerTaskList.DebugPrintPower() - BLOCK_END
D 15:45:33.6500197 PowerProcessor.PrepareHistoryForCurrentTaskList() - m_currentTaskList=249
D 15:45:33.6500197 PowerProcessor.EndCurrentTaskList() - m_currentTaskList=249
D 15:45:33.6500197 PowerTaskList.DebugDump() - ID=250 ParentID=0 PreviousID=0 TaskCount=0
D 15:45:33.6500197 PowerTaskList.DebugPrintPower() - BLOCK_START BlockType=TRIGGER Entity=dymitrq#2316 EffectCardId=System.Collections.Generic.List`1[System.String] EffectIndex=-1 Target=0 SubOption=-1 TriggerKeyword=TAG_NOT_SET
D 15:45:33.6500197 PowerTaskList.DebugPrintPower() - BLOCK_END
D 15:45:33.6500197 PowerProcessor.PrepareHistoryForCurrentTaskList() - m_currentTaskList=250
D 15:45:33.6500197 PowerProcessor.EndCurrentTaskList() - m_currentTaskList=250
D 15:45:33.6500197 PowerTaskList.DebugDump() - ID=251 ParentID=0 PreviousID=0 TaskCount=0
D 15:45:33.6500197 PowerTaskList.DebugPrintPower() - BLOCK_START BlockType=TRIGGER Entity=[entityName=Freeze id=501 zone=PLAY zonePos=0 cardId=TB_BaconShopLockAll_Button player=6] EffectCardId=System.Collections.Generic.List`1[System.String] EffectIndex=0 Target=0 SubOption=-1 TriggerKeyword=TAG_NOT_SET
D 15:45:33.6500197 PowerTaskList.DebugPrintPower() - BLOCK_END
D 15:45:33.6500197 PowerProcessor.PrepareHistoryForCurrentTaskList() - m_currentTaskList=251
D 15:45:33.6500197 PowerProcessor.EndCurrentTaskList() - m_currentTaskList=251
D 15:45:33.6500197 PowerTaskList.DebugDump() - ID=252 ParentID=0 PreviousID=0 TaskCount=1
D 15:45:33.6500197 PowerTaskList.DebugDump() - Block Start=(null)
D 15:45:33.6500197 PowerTaskList.DebugPrintPower() -     TAG_CHANGE Entity=[entityName=Rakanishu id=103 zone=SETASIDE zonePos=0 cardId=TB_BaconShop_HERO_75 player=14] tag=ARMOR value=11 
D 15:45:33.6500197 PowerTaskList.DebugDump() - Block End=(null)
D 15:45:33.6500197 PowerProcessor.PrepareHistoryForCurrentTaskList() - m_currentTaskList=252
D 15:45:33.6500197 PowerProcessor.EndCurrentTaskList() - m_currentTaskList=252
D 15:45:33.6500197 PowerTaskList.DebugDump() - ID=253 ParentID=0 PreviousID=0 TaskCount=1
D 15:45:33.6500197 PowerTaskList.DebugDump() - Block Start=(null)
D 15:45:33.6500197 PowerTaskList.DebugPrintPower() -     TAG_CHANGE Entity=GameEntity tag=STEP value=MAIN_CLEANUP 
D 15:45:33.6500197 PowerTaskList.DebugDump() - Block End=(null)
D 15:45:33.6500197 PowerProcessor.PrepareHistoryForCurrentTaskList() - m_currentTaskList=253
D 15:45:33.6500197 PowerProcessor.EndCurrentTaskList() - m_currentTaskList=253
D 15:45:33.6500197 PowerTaskList.DebugDump() - ID=254 ParentID=0 PreviousID=0 TaskCount=2
D 15:45:33.6500197 PowerTaskList.DebugPrintPower() - BLOCK_START BlockType=TRIGGER Entity=Bartender Bob EffectCardId=System.Collections.Generic.List`1[System.String] EffectIndex=-1 Target=0 SubOption=-1 TriggerKeyword=TAG_NOT_SET
D 15:45:33.6500197 PowerTaskList.DebugPrintPower() -     TAG_CHANGE Entity=Bartender Bob tag=1854 value=3 
D 15:45:33.6500197 PowerTaskList.DebugPrintPower() -     TAG_CHANGE Entity=GameEntity tag=NEXT_STEP value=MAIN_NEXT 
D 15:45:33.6500197 PowerTaskList.DebugPrintPower() - BLOCK_END
D 15:45:33.6500197 PowerProcessor.PrepareHistoryForCurrentTaskList() - m_currentTaskList=254
D 15:45:33.6500197 PowerProcessor.EndCurrentTaskList() - m_currentTaskList=254
D 15:45:33.6500197 PowerTaskList.DebugDump() - ID=255 ParentID=0 PreviousID=0 TaskCount=0
D 15:45:33.6500197 PowerTaskList.DebugPrintPower() - BLOCK_START BlockType=TRIGGER Entity=dymitrq#2316 EffectCardId=System.Collections.Generic.List`1[System.String] EffectIndex=-1 Target=0 SubOption=-1 TriggerKeyword=TAG_NOT_SET
D 15:45:33.6500197 PowerTaskList.DebugPrintPower() - BLOCK_END
D 15:45:33.6500197 PowerProcessor.PrepareHistoryForCurrentTaskList() - m_currentTaskList=255
D 15:45:33.6500197 PowerProcessor.EndCurrentTaskList() - m_currentTaskList=255
D 15:45:33.6500197 PowerTaskList.DebugDump() - ID=256 ParentID=0 PreviousID=0 TaskCount=2
D 15:45:33.6500197 PowerTaskList.DebugDump() - Block Start=(null)
D 15:45:33.6500197 PowerTaskList.DebugPrintPower() -     TAG_CHANGE Entity=[entityName=Sparkhoarder Togwaggle id=85 zone=PLAY zonePos=0 cardId=BG23_HERO_305_SKIN_B player=6] tag=PLAYER_LEADERBOARD_PLACE value=2 
D 15:45:33.6500197 PowerTaskList.DebugPrintPower() -     TAG_CHANGE Entity=[entityName=Rakanishu id=103 zone=SETASIDE zonePos=0 cardId=TB_BaconShop_HERO_75 player=14] tag=PLAYER_LEADERBOARD_PLACE value=3 
D 15:45:33.6500197 PowerTaskList.DebugDump() - Block End=(null)
D 15:45:33.6500197 PowerProcessor.PrepareHistoryForCurrentTaskList() - m_currentTaskList=256
D 15:45:33.6500197 PowerProcessor.EndCurrentTaskList() - m_currentTaskList=256
D 15:45:33.6500197 PowerTaskList.DebugDump() - ID=257 ParentID=0 PreviousID=0 TaskCount=1
D 15:45:33.6500197 PowerTaskList.DebugDump() - Block Start=(null)
D 15:45:33.6500197 PowerTaskList.DebugPrintPower() -     TAG_CHANGE Entity=[entityName=Murloc Holmes id=146 zone=SETASIDE zonePos=0 cardId=BG23_HERO_303 player=14] tag=PLAYER_LEADERBOARD_PLACE value=4 
D 15:45:33.6500197 PowerTaskList.DebugDump() - Block End=(null)
D 15:45:33.6500197 PowerProcessor.PrepareHistoryForCurrentTaskList() - m_currentTaskList=257
D 15:45:33.6500197 PowerProcessor.EndCurrentTaskList() - m_currentTaskList=257
D 15:45:33.6500197 PowerTaskList.DebugDump() - ID=258 ParentID=0 PreviousID=0 TaskCount=1
D 15:45:33.6500197 PowerTaskList.DebugDump() - Block Start=(null)
D 15:45:33.6500197 PowerTaskList.DebugPrintPower() -     TAG_CHANGE Entity=[entityName=Sire Denathrius id=131 zone=SETASIDE zonePos=0 cardId=BG24_HERO_100 player=14] tag=PLAYER_LEADERBOARD_PLACE value=7 
D 15:45:33.6500197 PowerTaskList.DebugDump() - Block End=(null)
D 15:45:33.6500197 PowerProcessor.PrepareHistoryForCurrentTaskList() - m_currentTaskList=258
D 15:45:33.6500197 PowerProcessor.EndCurrentTaskList() - m_currentTaskList=258
D 15:45:33.6500197 PowerTaskList.DebugDump() - ID=259 ParentID=0 PreviousID=0 TaskCount=2
D 15:45:33.6500197 PowerTaskList.DebugDump() - Block Start=(null)
D 15:45:33.6500197 PowerTaskList.DebugPrintPower() -     TAG_CHANGE Entity=dymitrq#2316 tag=NEXT_OPPONENT_PLAYER_ID value=1 
D 15:45:33.6500197 PowerTaskList.DebugPrintPower() -     TAG_CHANGE Entity=GameEntity tag=STEP value=MAIN_NEXT 
D 15:45:33.6500197 PowerTaskList.DebugDump() - Block End=(null)
D 15:45:33.6500197 PowerProcessor.PrepareHistoryForCurrentTaskList() - m_currentTaskList=259
D 15:45:33.6500197 PowerProcessor.EndCurrentTaskList() - m_currentTaskList=259
D 15:45:33.6500197 PowerTaskList.DebugDump() - ID=260 ParentID=0 PreviousID=0 TaskCount=8
D 15:45:33.6500197 PowerTaskList.DebugPrintPower() - BLOCK_START BlockType=TRIGGER Entity=GameEntity EffectCardId=System.Collections.Generic.List`1[System.String] EffectIndex=0 Target=0 SubOption=-1 TriggerKeyword=TAG_NOT_SET
D 15:45:33.6500197 PowerTaskList.DebugPrintPower() -     TAG_CHANGE Entity=Bartender Bob tag=1292 value=0 
D 15:45:33.6500197 PowerTaskList.DebugPrintPower() -     TAG_CHANGE Entity=dymitrq#2316 tag=1292 value=1 
D 15:45:33.6500197 PowerTaskList.DebugPrintPower() -     TAG_CHANGE Entity=Bartender Bob tag=CURRENT_PLAYER value=0 
D 15:45:33.6500197 PowerTaskList.DebugPrintPower() -     TAG_CHANGE Entity=dymitrq#2316 tag=CURRENT_PLAYER value=1 
D 15:45:33.6500197 PowerTaskList.DebugPrintPower() -     TAG_CHANGE Entity=GameEntity tag=TURN value=3 
D 15:45:33.6500197 PowerTaskList.DebugPrintPower() -     TAG_CHANGE Entity=GameEntity tag=1882 value=3 
D 15:45:33.6500197 PowerTaskList.DebugPrintPower() -     TAG_CHANGE Entity=dymitrq#2316 tag=TURN value=2 
D 15:45:33.6500197 PowerTaskList.DebugPrintPower() -     TAG_CHANGE Entity=GameEntity tag=NEXT_STEP value=MAIN_READY 
D 15:45:33.6500197 PowerTaskList.DebugPrintPower() - BLOCK_END
D 15:45:33.6500197 PowerProcessor.PrepareHistoryForCurrentTaskList() - m_currentTaskList=260
D 15:45:33.6500197 PowerProcessor.EndCurrentTaskList() - m_currentTaskList=260
D 15:45:33.6500197 PowerTaskList.DebugDump() - ID=261 ParentID=0 PreviousID=0 TaskCount=1
D 15:45:33.6500197 PowerTaskList.DebugDump() - Block Start=(null)
D 15:45:33.6500197 PowerTaskList.DebugPrintPower() -     TAG_CHANGE Entity=GameEntity tag=STEP value=MAIN_READY 
D 15:45:33.6500197 PowerTaskList.DebugDump() - Block End=(null)
D 15:45:33.6500197 PowerProcessor.PrepareHistoryForCurrentTaskList() - m_currentTaskList=261
D 15:45:33.6500197 PowerProcessor.EndCurrentTaskList() - m_currentTaskList=261
D 15:45:33.6500197 PowerTaskList.DebugDump() - ID=262 ParentID=0 PreviousID=0 TaskCount=27
D 15:45:33.6500197 PowerTaskList.DebugPrintPower() - BLOCK_START BlockType=TRIGGER Entity=dymitrq#2316 EffectCardId=System.Collections.Generic.List`1[System.String] EffectIndex=-1 Target=0 SubOption=-1 TriggerKeyword=TAG_NOT_SET
D 15:45:33.6500197 PowerTaskList.DebugPrintPower() -     TAG_CHANGE Entity=GameEntity tag=NUM_TURNS_IN_PLAY value=4 
D 15:45:33.6500197 PowerTaskList.DebugPrintPower() -     TAG_CHANGE Entity=[entityName=Sparkhoarder Togwaggle id=85 zone=PLAY zonePos=0 cardId=BG23_HERO_305_SKIN_B player=6] tag=NUM_TURNS_IN_PLAY value=4 
D 15:45:33.6500197 PowerTaskList.DebugPrintPower() -     TAG_CHANGE Entity=[entityName=The Perfect Crime id=166 zone=PLAY zonePos=0 cardId=BG23_HERO_305p player=6] tag=NUM_TURNS_IN_PLAY value=4 
D 15:45:33.6500197 PowerTaskList.DebugPrintPower() -     TAG_CHANGE Entity=[entityName=Buddy Meter id=356 zone=PLAY zonePos=0 cardId=BG22_BuddyMeter player=6] tag=NUM_TURNS_IN_PLAY value=2 
D 15:45:33.6500197 PowerTaskList.DebugPrintPower() -     TAG_CHANGE Entity=Bartender Bob tag=NUM_TURNS_IN_PLAY value=4 
D 15:45:33.6500197 PowerTaskList.DebugPrintPower() -     TAG_CHANGE Entity=dymitrq#2316 tag=NUM_TURNS_IN_PLAY value=4 
D 15:45:33.6500197 PowerTaskList.DebugPrintPower() -     TAG_CHANGE Entity=[entityName=Annoy-o-Tron id=435 zone=PLAY zonePos=1 cardId=BG_GVG_085 player=6] tag=NUM_TURNS_IN_PLAY value=4 
D 15:45:33.6500197 PowerTaskList.DebugPrintPower() -     TAG_CHANGE Entity=[entityName=Bartender Bob id=62 zone=PLAY zonePos=0 cardId=TB_BaconShopBob player=14] tag=NUM_TURNS_IN_PLAY value=1 
D 15:45:33.6500197 PowerTaskList.DebugPrintPower() -     TAG_CHANGE Entity=[entityName=Refresh id=500 zone=PLAY zonePos=0 cardId=TB_BaconShop_8p_Reroll_Button player=6] tag=NUM_TURNS_IN_PLAY value=1 
D 15:45:33.6500197 PowerTaskList.DebugPrintPower() -     TAG_CHANGE Entity=[entityName=Freeze id=501 zone=PLAY zonePos=0 cardId=TB_BaconShopLockAll_Button player=6] tag=NUM_TURNS_IN_PLAY value=1 
D 15:45:33.6500197 PowerTaskList.DebugPrintPower() -     TAG_CHANGE Entity=[entityName=Drag To Sell id=502 zone=PLAY zonePos=0 cardId=TB_BaconShop_DragSell player=6] tag=NUM_TURNS_IN_PLAY value=1 
D 15:45:33.6500197 PowerTaskList.DebugPrintPower() -     TAG_CHANGE Entity=[entityName=Tavern Tier 2 id=503 zone=PLAY zonePos=0 cardId=TB_BaconShopTechUp02_Button player=6] tag=NUM_TURNS_IN_PLAY value=1 
D 15:45:33.6500197 PowerTaskList.DebugPrintPower() -     TAG_CHANGE Entity=dymitrq#2316 tag=RESOURCES value=4 
D 15:45:33.6500197 PowerTaskList.DebugPrintPower() -     TAG_CHANGE Entity=dymitrq#2316 tag=RESOURCES_USED value=0 
D 15:45:33.6500197 PowerTaskList.DebugPrintPower() -     TAG_CHANGE Entity=dymitrq#2316 tag=NUM_CARDS_PLAYED_THIS_TURN value=0 
D 15:45:33.6500197 PowerTaskList.DebugPrintPower() -     TAG_CHANGE Entity=dymitrq#2316 tag=NUM_MINIONS_PLAYED_THIS_TURN value=0 
D 15:45:33.6500197 PowerTaskList.DebugPrintPower() -     TAG_CHANGE Entity=dymitrq#2316 tag=NUM_OPTIONS_PLAYED_THIS_TURN value=0 
D 15:45:33.6500197 PowerTaskList.DebugPrintPower() -     TAG_CHANGE Entity=GameEntity tag=NEXT_STEP value=MAIN_START_TRIGGERS 
D 15:45:33.6500197 PowerTaskList.DebugPrintPower() -     TAG_CHANGE Entity=dymitrq#2316 tag=NUM_FRIENDLY_MINIONS_THAT_DIED_THIS_TURN value=0 
D 15:45:33.6500197 PowerTaskList.DebugPrintPower() -     TAG_CHANGE Entity=dymitrq#2316 tag=464 value=0 
D 15:45:33.6500197 PowerTaskList.DebugPrintPower() -     TAG_CHANGE Entity=dymitrq#2316 tag=3143 value=0 
D 15:45:33.6500197 PowerTaskList.DebugPrintPower() -     TAG_CHANGE Entity=Bartender Bob tag=3143 value=0 
D 15:45:33.6500197 PowerTaskList.DebugPrintPower() -     TAG_CHANGE Entity=dymitrq#2316 tag=NUM_MINIONS_PLAYER_KILLED_THIS_TURN value=0 
D 15:45:33.6500197 PowerTaskList.DebugPrintPower() -     TAG_CHANGE Entity=dymitrq#2316 tag=NUM_FRIENDLY_MINIONS_THAT_ATTACKED_THIS_TURN value=0 
D 15:45:33.6500197 PowerTaskList.DebugPrintPower() -     TAG_CHANGE Entity=Bartender Bob tag=NUM_FRIENDLY_MINIONS_THAT_ATTACKED_THIS_TURN value=0 
D 15:45:33.6500197 PowerTaskList.DebugPrintPower() -     TAG_CHANGE Entity=GameEntity tag=NUM_MINIONS_KILLED_THIS_TURN value=0 
D 15:45:33.6500197 PowerTaskList.DebugPrintPower() -     TAG_CHANGE Entity=dymitrq#2316 tag=2245 value=0 
D 15:45:33.6500197 PowerTaskList.DebugPrintPower() - BLOCK_END
D 15:45:33.6500197 PowerProcessor.PrepareHistoryForCurrentTaskList() - m_currentTaskList=262
D 15:45:33.6500197 PowerProcessor.EndCurrentTaskList() - m_currentTaskList=262
D 15:45:33.6500197 PowerTaskList.DebugDump() - ID=263 ParentID=0 PreviousID=0 TaskCount=1
D 15:45:33.6500197 PowerTaskList.DebugDump() - Block Start=(null)
D 15:45:33.6500197 PowerTaskList.DebugPrintPower() -     TAG_CHANGE Entity=[entityName=Rakanishu id=103 zone=SETASIDE zonePos=0 cardId=TB_BaconShop_HERO_75 player=14] tag=PLAYER_LEADERBOARD_PLACE value=2 
D 15:45:33.6500197 PowerTaskList.DebugDump() - Block End=(null)
D 15:45:33.6500197 PowerProcessor.PrepareHistoryForCurrentTaskList() - m_currentTaskList=263
D 15:45:33.6500197 PowerProcessor.EndCurrentTaskList() - m_currentTaskList=263
D 15:45:33.6500197 PowerTaskList.DebugDump() - ID=264 ParentID=0 PreviousID=0 TaskCount=2
D 15:45:33.6500197 PowerTaskList.DebugDump() - Block Start=(null)
D 15:45:33.6500197 PowerTaskList.DebugPrintPower() -     TAG_CHANGE Entity=[entityName=Sparkhoarder Togwaggle id=85 zone=PLAY zonePos=0 cardId=BG23_HERO_305_SKIN_B player=6] tag=PLAYER_LEADERBOARD_PLACE value=3 
D 15:45:33.6500197 PowerTaskList.DebugPrintPower() -     TAG_CHANGE Entity=[entityName=Shudderwock id=161 zone=SETASIDE zonePos=0 cardId=TB_BaconShop_HERO_23 player=14] tag=PLAYER_LEADERBOARD_PLACE value=4 
D 15:45:33.6500197 PowerTaskList.DebugDump() - Block End=(null)
D 15:45:33.6500197 PowerProcessor.PrepareHistoryForCurrentTaskList() - m_currentTaskList=264
D 15:45:33.6500197 PowerProcessor.EndCurrentTaskList() - m_currentTaskList=264
D 15:45:33.6500197 PowerTaskList.DebugDump() - ID=265 ParentID=0 PreviousID=0 TaskCount=1
D 15:45:33.6500197 PowerTaskList.DebugDump() - Block Start=(null)
D 15:45:33.6500197 PowerTaskList.DebugPrintPower() -     TAG_CHANGE Entity=[entityName=Murloc Holmes id=146 zone=SETASIDE zonePos=0 cardId=BG23_HERO_303 player=14] tag=PLAYER_LEADERBOARD_PLACE value=5 
D 15:45:33.6500197 PowerTaskList.DebugDump() - Block End=(null)
D 15:45:33.6500197 PowerProcessor.PrepareHistoryForCurrentTaskList() - m_currentTaskList=265
D 15:45:33.6500197 PowerProcessor.EndCurrentTaskList() - m_currentTaskList=265
D 15:45:33.6500197 PowerTaskList.DebugDump() - ID=266 ParentID=0 PreviousID=0 TaskCount=1
D 15:45:33.6500197 PowerTaskList.DebugDump() - Block Start=(null)
D 15:45:33.6500197 PowerTaskList.DebugPrintPower() -     TAG_CHANGE Entity=[entityName=Silas Darkmoon id=206 zone=SETASIDE zonePos=0 cardId=TB_BaconShop_HERO_90 player=14] tag=PLAYER_LEADERBOARD_PLACE value=4 
D 15:45:33.6500197 PowerTaskList.DebugDump() - Block End=(null)
D 15:45:33.6500197 PowerProcessor.PrepareHistoryForCurrentTaskList() - m_currentTaskList=266
D 15:45:33.6500197 PowerProcessor.EndCurrentTaskList() - m_currentTaskList=266
D 15:45:33.6500197 PowerTaskList.DebugDump() - ID=267 ParentID=0 PreviousID=0 TaskCount=1
D 15:45:33.6500197 PowerTaskList.DebugDump() - Block Start=(null)
D 15:45:33.6500197 PowerTaskList.DebugPrintPower() -     TAG_CHANGE Entity=[entityName=Shudderwock id=161 zone=SETASIDE zonePos=0 cardId=TB_BaconShop_HERO_23 player=14] tag=PLAYER_LEADERBOARD_PLACE value=5 
D 15:45:33.6500197 PowerTaskList.DebugDump() - Block End=(null)
D 15:45:33.6500197 PowerProcessor.PrepareHistoryForCurrentTaskList() - m_currentTaskList=267
D 15:45:33.6500197 PowerProcessor.EndCurrentTaskList() - m_currentTaskList=267
D 15:45:33.6500197 PowerTaskList.DebugDump() - ID=268 ParentID=0 PreviousID=0 TaskCount=1
D 15:45:33.6500197 PowerTaskList.DebugDump() - Block Start=(null)
D 15:45:33.6500197 PowerTaskList.DebugPrintPower() -     TAG_CHANGE Entity=[entityName=Murloc Holmes id=146 zone=SETASIDE zonePos=0 cardId=BG23_HERO_303 player=14] tag=PLAYER_LEADERBOARD_PLACE value=6 
D 15:45:33.6500197 PowerTaskList.DebugDump() - Block End=(null)
D 15:45:33.6500197 PowerProcessor.PrepareHistoryForCurrentTaskList() - m_currentTaskList=268
D 15:45:33.6500197 PowerProcessor.EndCurrentTaskList() - m_currentTaskList=268
D 15:45:33.6500197 PowerTaskList.DebugDump() - ID=269 ParentID=0 PreviousID=0 TaskCount=1
D 15:45:33.6500197 PowerTaskList.DebugDump() - Block Start=(null)
D 15:45:33.6500197 PowerTaskList.DebugPrintPower() -     TAG_CHANGE Entity=[entityName=Murloc Holmes id=146 zone=SETASIDE zonePos=0 cardId=BG23_HERO_303 player=14] tag=PLAYER_LEADERBOARD_PLACE value=5 
D 15:45:33.6500197 PowerTaskList.DebugDump() - Block End=(null)
D 15:45:33.6500197 PowerProcessor.PrepareHistoryForCurrentTaskList() - m_currentTaskList=269
D 15:45:33.6500197 PowerProcessor.EndCurrentTaskList() - m_currentTaskList=269
D 15:45:33.6500197 PowerTaskList.DebugDump() - ID=270 ParentID=0 PreviousID=0 TaskCount=1
D 15:45:33.6500197 PowerTaskList.DebugDump() - Block Start=(null)
D 15:45:33.6500197 PowerTaskList.DebugPrintPower() -     TAG_CHANGE Entity=[entityName=Shudderwock id=161 zone=SETASIDE zonePos=0 cardId=TB_BaconShop_HERO_23 player=14] tag=PLAYER_LEADERBOARD_PLACE value=6 
D 15:45:33.6500197 PowerTaskList.DebugDump() - Block End=(null)
D 15:45:33.6500197 PowerProcessor.PrepareHistoryForCurrentTaskList() - m_currentTaskList=270
D 15:45:33.6500197 PowerProcessor.EndCurrentTaskList() - m_currentTaskList=270
D 15:45:33.6500197 PowerTaskList.DebugDump() - ID=271 ParentID=0 PreviousID=0 TaskCount=1
D 15:45:33.6500197 PowerTaskList.DebugDump() - Block Start=(null)
D 15:45:33.6500197 PowerTaskList.DebugPrintPower() -     TAG_CHANGE Entity=[entityName=Sire Denathrius id=131 zone=SETASIDE zonePos=0 cardId=BG24_HERO_100 player=14] tag=BACON_ODD_PLAYER_OUT value=1 
D 15:45:33.6500197 PowerTaskList.DebugDump() - Block End=(null)
D 15:45:33.6500197 PowerProcessor.PrepareHistoryForCurrentTaskList() - m_currentTaskList=271
D 15:45:33.6500197 PowerProcessor.EndCurrentTaskList() - m_currentTaskList=271
D 15:45:33.6500197 PowerTaskList.DebugDump() - ID=272 ParentID=0 PreviousID=0 TaskCount=1
D 15:45:33.6500197 PowerTaskList.DebugDump() - Block Start=(null)
D 15:45:33.6500197 PowerTaskList.DebugPrintPower() -     TAG_CHANGE Entity=GameEntity tag=STEP value=MAIN_START_TRIGGERS 
D 15:45:33.6500197 PowerTaskList.DebugDump() - Block End=(null)
D 15:45:33.6500197 PowerProcessor.PrepareHistoryForCurrentTaskList() - m_currentTaskList=272
D 15:45:33.6500197 PowerProcessor.EndCurrentTaskList() - m_currentTaskList=272
D 15:45:33.6500197 PowerTaskList.DebugDump() - ID=273 ParentID=0 PreviousID=0 TaskCount=0
D 15:45:33.6500197 PowerTaskList.DebugPrintPower() - BLOCK_START BlockType=TRIGGER Entity=[entityName=BaconShop8PlayerEnchant id=63 zone=PLAY zonePos=0 cardId=TB_BaconShop_8P_PlayerE player=6] EffectCardId=System.Collections.Generic.List`1[System.String] EffectIndex=-1 Target=0 SubOption=-1 TriggerKeyword=TAG_NOT_SET
D 15:45:33.6500197 PowerTaskList.DebugPrintPower() - BLOCK_END
D 15:45:33.6500197 PowerProcessor.PrepareHistoryForCurrentTaskList() - m_currentTaskList=273
D 15:45:33.6500197 PowerProcessor.EndCurrentTaskList() - m_currentTaskList=273
D 15:45:33.6500197 PowerTaskList.DebugDump() - ID=274 ParentID=0 PreviousID=0 TaskCount=1
D 15:45:33.6500197 PowerTaskList.DebugPrintPower() - BLOCK_START BlockType=TRIGGER Entity=[entityName=BaconShop8PlayerEnchant id=63 zone=PLAY zonePos=0 cardId=TB_BaconShop_8P_PlayerE player=6] EffectCardId=System.Collections.Generic.List`1[System.String] EffectIndex=2 Target=0 SubOption=-1 TriggerKeyword=TAG_NOT_SET
D 15:45:33.6500197 PowerTaskList.DebugPrintPower() -     TAG_CHANGE Entity=[entityName=Sparkhoarder Togwaggle id=85 zone=PLAY zonePos=0 cardId=BG23_HERO_305_SKIN_B player=6] tag=NEXT_OPPONENT_PLAYER_ID value=1 
D 15:45:33.6500197 PowerTaskList.DebugDump() - Block End=(null)
D 15:45:33.6500197 PowerProcessor.PrepareHistoryForCurrentTaskList() - m_currentTaskList=274
D 15:45:33.6500197 PowerProcessor.EndCurrentTaskList() - m_currentTaskList=274
D 15:45:33.6500197 PowerTaskList.DebugDump() - ID=275 ParentID=0 PreviousID=274 TaskCount=1
D 15:45:33.6500197 PowerTaskList.DebugDump() - Block Start=(null)
D 15:45:33.6500197 PowerTaskList.DebugPrintPower() -     TAG_CHANGE Entity=[entityName=Shudderwock id=161 zone=SETASIDE zonePos=0 cardId=TB_BaconShop_HERO_23 player=14] tag=PLAYER_LEADERBOARD_PLACE value=5 
D 15:45:33.6500197 PowerTaskList.DebugDump() - Block End=(null)
D 15:45:33.6500197 PowerProcessor.PrepareHistoryForCurrentTaskList() - m_currentTaskList=275
D 15:45:33.6500197 PowerProcessor.EndCurrentTaskList() - m_currentTaskList=275
D 15:45:33.6500197 PowerTaskList.DebugDump() - ID=276 ParentID=0 PreviousID=275 TaskCount=1
D 15:45:33.6500197 PowerTaskList.DebugDump() - Block Start=(null)
D 15:45:33.6500197 PowerTaskList.DebugPrintPower() -     TAG_CHANGE Entity=[entityName=Murloc Holmes id=146 zone=SETASIDE zonePos=0 cardId=BG23_HERO_303 player=14] tag=PLAYER_LEADERBOARD_PLACE value=6 
D 15:45:33.6500197 PowerTaskList.DebugDump() - Block End=(null)
D 15:45:33.6500197 PowerProcessor.PrepareHistoryForCurrentTaskList() - m_currentTaskList=276
D 15:45:33.6500197 PowerProcessor.EndCurrentTaskList() - m_currentTaskList=276
D 15:45:33.6500197 PowerTaskList.DebugDump() - ID=277 ParentID=0 PreviousID=276 TaskCount=8
D 15:45:33.6500197 PowerTaskList.DebugDump() - Block Start=(null)
D 15:45:33.6500197 PowerTaskList.DebugPrintPower() -     TAG_CHANGE Entity=dymitrq#2316 tag=BACON_CURRENT_COMBAT_PLAYER_ID value=0 
D 15:45:33.6500197 PowerTaskList.DebugPrintPower() -     TAG_CHANGE Entity=Bartender Bob tag=BACON_CURRENT_COMBAT_PLAYER_ID value=0 
D 15:45:33.6500197 PowerTaskList.DebugPrintPower() -     FULL_ENTITY - Updating [entityName=Update Damage Cap [DNT] id=556 zone=SETASIDE zonePos=0 cardId=TB_BaconShop_UpdateDmgCap player=6] CardID=TB_BaconShop_UpdateDmgCap
D 15:45:33.6500197 PowerTaskList.DebugPrintPower() -         tag=CONTROLLER value=6
D 15:45:33.6500197 PowerTaskList.DebugPrintPower() -         tag=CARDTYPE value=SPELL
D 15:45:33.6500197 PowerTaskList.DebugPrintPower() -         tag=ZONE value=SETASIDE
D 15:45:33.6500197 PowerTaskList.DebugPrintPower() -         tag=ENTITY_ID value=556
D 15:45:33.6500197 PowerTaskList.DebugPrintPower() -         tag=CREATOR value=63
D 15:45:33.6500197 PowerTaskList.DebugPrintPower() -         tag=1037 value=6
D 15:45:33.6500197 PowerTaskList.DebugPrintPower() -         tag=CREATOR_DBID value=57980
D 15:45:33.6500197 PowerTaskList.DebugPrintPower() -         tag=SUPPRESS_ALL_SUMMON_VO value=1
D 15:45:33.6500197 PowerTaskList.DebugPrintPower() -         tag=SPAWN_TIME_COUNT value=1
D 15:45:33.6500197 PowerTaskList.DebugPrintPower() -     TAG_CHANGE Entity=[entityName=Update Damage Cap [DNT] id=556 zone=SETASIDE zonePos=0 cardId=TB_BaconShop_UpdateDmgCap player=6] tag=1715 value=63 
D 15:45:33.6500197 PowerTaskList.DebugPrintPower() -     TAG_CHANGE Entity=[entityName=Update Damage Cap [DNT] id=556 zone=SETASIDE zonePos=0 cardId=TB_BaconShop_UpdateDmgCap player=6] tag=1068 value=1 
D 15:45:33.6500197 PowerTaskList.DebugPrintPower() -     TAG_CHANGE Entity=[entityName=Update Damage Cap [DNT] id=556 zone=SETASIDE zonePos=0 cardId=TB_BaconShop_UpdateDmgCap player=6] tag=1068 value=0 
D 15:45:33.6500197 PowerTaskList.DebugPrintPower() -     TAG_CHANGE Entity=[entityName=Update Damage Cap [DNT] id=556 zone=SETASIDE zonePos=0 cardId=TB_BaconShop_UpdateDmgCap player=6] tag=ZONE value=PLAY 
D 15:45:33.6500197 PowerTaskList.DebugPrintPower() -     META_DATA - Meta=HISTORY_TARGET Data=0 InfoCount=1
D 15:45:33.6500197 PowerTaskList.DebugPrintPower() -                 Info[0] = [entityName=Update Damage Cap [DNT] id=556 zone=SETASIDE zonePos=0 cardId=TB_BaconShop_UpdateDmgCap player=6]
D 15:45:33.6500197 PowerTaskList.DebugDump() - Block End=(null)
D 15:45:33.6500197 PowerProcessor.PrepareHistoryForCurrentTaskList() - m_currentTaskList=277
D 15:45:33.6665188 PowerProcessor.EndCurrentTaskList() - m_currentTaskList=277
D 15:45:33.6828942 PowerTaskList.DebugDump() - ID=278 ParentID=274 PreviousID=0 TaskCount=0
D 15:45:33.6828942 PowerTaskList.DebugPrintPower() - BLOCK_START BlockType=POWER Entity=[entityName=Update Damage Cap [DNT] id=556 zone=PLAY zonePos=0 cardId=TB_BaconShop_UpdateDmgCap player=6] EffectCardId=System.Collections.Generic.List`1[System.String] EffectIndex=0 Target=0 SubOption=-1 
D 15:45:33.6828942 PowerTaskList.DebugPrintPower() - BLOCK_END
D 15:45:33.6828942 PowerProcessor.PrepareHistoryForCurrentTaskList() - m_currentTaskList=278
D 15:45:33.6828942 PowerProcessor.EndCurrentTaskList() - m_currentTaskList=278
D 15:45:33.6828942 PowerTaskList.DebugDump() - ID=279 ParentID=0 PreviousID=277 TaskCount=4
D 15:45:33.6828942 PowerTaskList.DebugDump() - Block Start=(null)
D 15:45:33.6828942 PowerTaskList.DebugPrintPower() -     TAG_CHANGE Entity=[entityName=Update Damage Cap [DNT] id=556 zone=PLAY zonePos=0 cardId=TB_BaconShop_UpdateDmgCap player=6] tag=1068 value=4 
D 15:45:33.6828942 PowerTaskList.DebugPrintPower() -     TAG_CHANGE Entity=[entityName=Update Damage Cap [DNT] id=556 zone=PLAY zonePos=0 cardId=TB_BaconShop_UpdateDmgCap player=6] tag=1068 value=0 
D 15:45:33.6828942 PowerTaskList.DebugPrintPower() -     TAG_CHANGE Entity=[entityName=Update Damage Cap [DNT] id=556 zone=PLAY zonePos=0 cardId=TB_BaconShop_UpdateDmgCap player=6] tag=SUPPRESS_ALL_SUMMON_VO value=0 
D 15:45:33.6828942 PowerTaskList.DebugPrintPower() -     TAG_CHANGE Entity=[entityName=Update Damage Cap [DNT] id=556 zone=PLAY zonePos=0 cardId=TB_BaconShop_UpdateDmgCap player=6] tag=ZONE value=GRAVEYARD 
D 15:45:33.6828942 PowerTaskList.DebugPrintPower() - BLOCK_END
D 15:45:33.6828942 PowerProcessor.PrepareHistoryForCurrentTaskList() - m_currentTaskList=279
D 15:45:33.7163377 PowerProcessor.EndCurrentTaskList() - m_currentTaskList=279
D 15:45:33.7325625 PowerTaskList.DebugDump() - ID=280 ParentID=0 PreviousID=0 TaskCount=0
D 15:45:33.7325625 PowerTaskList.DebugPrintPower() - BLOCK_START BlockType=TRIGGER Entity=[entityName=BaconShop8PlayerEnchant id=63 zone=PLAY zonePos=0 cardId=TB_BaconShop_8P_PlayerE player=6] EffectCardId=System.Collections.Generic.List`1[System.String] EffectIndex=29 Target=0 SubOption=-1 TriggerKeyword=TAG_NOT_SET
D 15:45:33.7325625 PowerTaskList.DebugPrintPower() - BLOCK_END
D 15:45:33.7325625 PowerProcessor.PrepareHistoryForCurrentTaskList() - m_currentTaskList=280
D 15:45:33.7325625 PowerProcessor.EndCurrentTaskList() - m_currentTaskList=280
D 15:45:33.7325625 PowerTaskList.DebugDump() - ID=281 ParentID=0 PreviousID=0 TaskCount=0
D 15:45:33.7325625 PowerTaskList.DebugPrintPower() - BLOCK_START BlockType=TRIGGER Entity=[entityName=BaconShop8PlayerEnchant id=63 zone=PLAY zonePos=0 cardId=TB_BaconShop_8P_PlayerE player=6] EffectCardId=System.Collections.Generic.List`1[System.String] EffectIndex=35 Target=0 SubOption=-1 TriggerKeyword=TAG_NOT_SET
D 15:45:33.7325625 PowerTaskList.DebugPrintPower() - BLOCK_END
D 15:45:33.7325625 PowerProcessor.PrepareHistoryForCurrentTaskList() - m_currentTaskList=281
D 15:45:33.7325625 PowerProcessor.EndCurrentTaskList() - m_currentTaskList=281
D 15:45:33.7325625 PowerTaskList.DebugDump() - ID=282 ParentID=0 PreviousID=0 TaskCount=14
D 15:45:33.7325625 PowerTaskList.DebugPrintPower() - BLOCK_START BlockType=TRIGGER Entity=[entityName=BaconShop8PlayerEnchant id=63 zone=PLAY zonePos=0 cardId=TB_BaconShop_8P_PlayerE player=6] EffectCardId=System.Collections.Generic.List`1[System.String] EffectIndex=-1 Target=0 SubOption=-1 TriggerKeyword=TAG_NOT_SET
D 15:45:33.7325625 PowerTaskList.DebugPrintPower() -     TAG_CHANGE Entity=dymitrq#2316 tag=1914 value=0 
D 15:45:33.7325625 PowerTaskList.DebugPrintPower() -     TAG_CHANGE Entity=dymitrq#2316 tag=2336 value=0 
D 15:45:33.7325625 PowerTaskList.DebugPrintPower() -     FULL_ENTITY - Updating [entityName=UNKNOWN ENTITY [cardType=INVALID] id=557 zone=SETASIDE zonePos=0 cardId= player=6] CardID=
D 15:45:33.7325625 PowerTaskList.DebugPrintPower() -         tag=ZONE value=SETASIDE
D 15:45:33.7325625 PowerTaskList.DebugPrintPower() -         tag=CONTROLLER value=6
D 15:45:33.7325625 PowerTaskList.DebugPrintPower() -         tag=ENTITY_ID value=557
D 15:45:33.7325625 PowerTaskList.DebugPrintPower() -     SHOW_ENTITY - Updating Entity=[entityName=UNKNOWN ENTITY [cardType=INVALID] id=557 zone=SETASIDE zonePos=0 cardId= player=6] CardID=TB_BaconShop_3ofKindChecke
D 15:45:33.7325625 PowerTaskList.DebugPrintPower() -         tag=CONTROLLER value=6
D 15:45:33.7325625 PowerTaskList.DebugPrintPower() -         tag=CARDTYPE value=ENCHANTMENT
D 15:45:33.7325625 PowerTaskList.DebugPrintPower() -         tag=ATTACHED value=17
D 15:45:33.7325625 PowerTaskList.DebugPrintPower() -         tag=ZONE value=SETASIDE
D 15:45:33.7325625 PowerTaskList.DebugPrintPower() -         tag=ENTITY_ID value=557
D 15:45:33.7325625 PowerTaskList.DebugPrintPower() -         tag=CREATOR value=63
D 15:45:33.7325625 PowerTaskList.DebugPrintPower() -         tag=1037 value=6
D 15:45:33.7325625 PowerTaskList.DebugPrintPower() -         tag=1068 value=0
D 15:45:33.7325625 PowerTaskList.DebugPrintPower() -         tag=CREATOR_DBID value=57980
D 15:45:33.7325625 PowerTaskList.DebugPrintPower() -         tag=SPAWN_TIME_COUNT value=1
D 15:45:33.7325625 PowerTaskList.DebugPrintPower() -     TAG_CHANGE Entity=[entityName=UNKNOWN ENTITY [cardType=INVALID] id=557 zone=SETASIDE zonePos=0 cardId= player=6] tag=1068 value=1 
D 15:45:33.7325625 PowerTaskList.DebugPrintPower() -     TAG_CHANGE Entity=[entityName=UNKNOWN ENTITY [cardType=INVALID] id=557 zone=SETASIDE zonePos=0 cardId= player=6] tag=1068 value=0 
D 15:45:33.7325625 PowerTaskList.DebugPrintPower() -     TAG_CHANGE Entity=[entityName=UNKNOWN ENTITY [cardType=INVALID] id=557 zone=SETASIDE zonePos=0 cardId= player=6] tag=ZONE value=PLAY 
D 15:45:33.7325625 PowerTaskList.DebugPrintPower() -     TAG_CHANGE Entity=dymitrq#2316 tag=1469 value=1 
D 15:45:33.7325625 PowerTaskList.DebugPrintPower() -     TAG_CHANGE Entity=GameEntity tag=1453 value=1 
D 15:45:33.7325625 PowerTaskList.DebugPrintPower() -     TAG_CHANGE Entity=GameEntity tag=1466 value=1 
D 15:45:33.7325625 PowerTaskList.DebugPrintPower() -     TAG_CHANGE Entity=GameEntity tag=BACON_COIN_ON_ENEMY_MINIONS value=1 
D 15:45:33.7325625 PowerTaskList.DebugPrintPower() -     TAG_CHANGE Entity=GameEntity tag=1522 value=0 
D 15:45:33.7325625 PowerTaskList.DebugPrintPower() -     TAG_CHANGE Entity=GameEntity tag=2374 value=0 
D 15:45:33.7325625 PowerTaskList.DebugPrintPower() -     TAG_CHANGE Entity=dymitrq#2316 tag=3075 value=1 
D 15:45:33.7325625 PowerTaskList.DebugDump() - Block End=(null)
D 15:45:33.7325625 PowerProcessor.PrepareHistoryForCurrentTaskList() - m_currentTaskList=282
D 15:45:33.7498913 PowerProcessor.EndCurrentTaskList() - m_currentTaskList=282
D 15:45:33.7658744 PowerTaskList.DebugDump() - ID=283 ParentID=0 PreviousID=282 TaskCount=119
D 15:45:33.7658744 PowerTaskList.DebugDump() - Block Start=(null)
D 15:45:33.7658744 PowerTaskList.DebugPrintPower() -     SUB_SPELL_START - SpellPrefabGUID=Bacon_MinionSwap_OverrideSpawnIn_Super:69498edad9bb7594e89a3b5e0e41f026 Source=63 TargetCount=0
D 15:45:33.7658744 PowerTaskList.DebugPrintPower() -                       Source = [entityName=BaconShop8PlayerEnchant id=63 zone=PLAY zonePos=0 cardId=TB_BaconShop_8P_PlayerE player=6]
D 15:45:33.7658744 PowerTaskList.DebugPrintPower() -         FULL_ENTITY - Updating [entityName=Annoy-o-Tron id=558 zone=SETASIDE zonePos=0 cardId=BG_GVG_085 player=6] CardID=BG_GVG_085
D 15:45:33.7658744 PowerTaskList.DebugPrintPower() -             tag=CONTROLLER value=6
D 15:45:33.7658744 PowerTaskList.DebugPrintPower() -             tag=CARDTYPE value=MINION
D 15:45:33.7658744 PowerTaskList.DebugPrintPower() -             tag=479 value=1
D 15:45:33.7658744 PowerTaskList.DebugPrintPower() -             tag=ATK value=1
D 15:45:33.7658744 PowerTaskList.DebugPrintPower() -             tag=HEALTH value=2
D 15:45:33.7658744 PowerTaskList.DebugPrintPower() -             tag=ZONE value=SETASIDE
D 15:45:33.7658744 PowerTaskList.DebugPrintPower() -             tag=ENTITY_ID value=558
D 15:45:33.7658744 PowerTaskList.DebugPrintPower() -             tag=TAUNT value=1
D 15:45:33.7658744 PowerTaskList.DebugPrintPower() -             tag=DIVINE_SHIELD value=1
D 15:45:33.7658744 PowerTaskList.DebugPrintPower() -             tag=CARDRACE value=MECHANICAL
D 15:45:33.7658744 PowerTaskList.DebugPrintPower() -             tag=RARITY value=COMMON
D 15:45:33.7658744 PowerTaskList.DebugPrintPower() -             tag=CREATOR value=63
D 15:45:33.7658744 PowerTaskList.DebugPrintPower() -             tag=1037 value=6
D 15:45:33.7658744 PowerTaskList.DebugPrintPower() -             tag=CREATOR_DBID value=57980
D 15:45:33.7658744 PowerTaskList.DebugPrintPower() -             tag=BACON_TRIPLE_UPGRADE_MINION_ID value=103653
D 15:45:33.7658744 PowerTaskList.DebugPrintPower() -             tag=TECH_LEVEL value=1
D 15:45:33.7658744 PowerTaskList.DebugPrintPower() -             tag=IS_BACON_POOL_MINION value=1
D 15:45:33.7658744 PowerTaskList.DebugPrintPower() -             tag=SUPPRESS_ALL_SUMMON_VO value=1
D 15:45:33.7658744 PowerTaskList.DebugPrintPower() -             tag=SPAWN_TIME_COUNT value=1
D 15:45:33.7658744 PowerTaskList.DebugPrintPower() -             tag=1595 value=1
D 15:45:33.7658744 PowerTaskList.DebugPrintPower() -             tag=HAS_ACTIVATE_POWER value=1
D 15:45:33.7658744 PowerTaskList.DebugPrintPower() -             tag=3085 value=2
D 15:45:33.7658744 PowerTaskList.DebugPrintPower() -         FULL_ENTITY - Updating [entityName=Scallywag id=559 zone=SETASIDE zonePos=0 cardId=BGS_061 player=6] CardID=BGS_061
D 15:45:33.7658744 PowerTaskList.DebugPrintPower() -             tag=CONTROLLER value=6
D 15:45:33.7658744 PowerTaskList.DebugPrintPower() -             tag=CARDTYPE value=MINION
D 15:45:33.7658744 PowerTaskList.DebugPrintPower() -             tag=TAG_LAST_KNOWN_COST_IN_HAND value=1
D 15:45:33.7658744 PowerTaskList.DebugPrintPower() -             tag=479 value=3
D 15:45:33.7658744 PowerTaskList.DebugPrintPower() -             tag=COST value=1
D 15:45:33.7658744 PowerTaskList.DebugPrintPower() -             tag=ATK value=3
D 15:45:33.7658744 PowerTaskList.DebugPrintPower() -             tag=HEALTH value=1
D 15:45:33.7658744 PowerTaskList.DebugPrintPower() -             tag=ZONE value=SETASIDE
D 15:45:33.7658744 PowerTaskList.DebugPrintPower() -             tag=ENTITY_ID value=559
D 15:45:33.7658744 PowerTaskList.DebugPrintPower() -             tag=CARDRACE value=PIRATE
D 15:45:33.7658744 PowerTaskList.DebugPrintPower() -             tag=DEATHRATTLE value=1
D 15:45:33.7658744 PowerTaskList.DebugPrintPower() -             tag=CREATOR value=63
D 15:45:33.7658744 PowerTaskList.DebugPrintPower() -             tag=1037 value=6
D 15:45:33.7658744 PowerTaskList.DebugPrintPower() -             tag=CREATOR_DBID value=57980
D 15:45:33.7658744 PowerTaskList.DebugPrintPower() -             tag=BACON_TRIPLE_UPGRADE_MINION_ID value=62262
D 15:45:33.7658744 PowerTaskList.DebugPrintPower() -             tag=TECH_LEVEL value=1
D 15:45:33.7658744 PowerTaskList.DebugPrintPower() -             tag=IS_BACON_POOL_MINION value=1
D 15:45:33.7658744 PowerTaskList.DebugPrintPower() -             tag=SUPPRESS_ALL_SUMMON_VO value=1
D 15:45:33.7658744 PowerTaskList.DebugPrintPower() -             tag=SPAWN_TIME_COUNT value=1
D 15:45:33.7658744 PowerTaskList.DebugPrintPower() -             tag=1596 value=1
D 15:45:33.7658744 PowerTaskList.DebugPrintPower() -             tag=HAS_ACTIVATE_POWER value=1
D 15:45:33.7658744 PowerTaskList.DebugPrintPower() -             tag=3085 value=1
D 15:45:33.7658744 PowerTaskList.DebugPrintPower() -         FULL_ENTITY - Updating [entityName=Cord Puller id=560 zone=SETASIDE zonePos=0 cardId=BG29_611 player=6] CardID=BG29_611
D 15:45:33.7658744 PowerTaskList.DebugPrintPower() -             tag=CONTROLLER value=6
D 15:45:33.7658744 PowerTaskList.DebugPrintPower() -             tag=CARDTYPE value=MINION
D 15:45:33.7658744 PowerTaskList.DebugPrintPower() -             tag=TAG_LAST_KNOWN_COST_IN_HAND value=1
D 15:45:33.7658744 PowerTaskList.DebugPrintPower() -             tag=479 value=1
D 15:45:33.7658744 PowerTaskList.DebugPrintPower() -             tag=COST value=1
D 15:45:33.7658744 PowerTaskList.DebugPrintPower() -             tag=ATK value=1
D 15:45:33.7658744 PowerTaskList.DebugPrintPower() -             tag=HEALTH value=1
D 15:45:33.7658744 PowerTaskList.DebugPrintPower() -             tag=ZONE value=SETASIDE
D 15:45:33.7658744 PowerTaskList.DebugPrintPower() -             tag=ENTITY_ID value=560
D 15:45:33.7658744 PowerTaskList.DebugPrintPower() -             tag=DIVINE_SHIELD value=1
D 15:45:33.7658744 PowerTaskList.DebugPrintPower() -             tag=CARDRACE value=MECHANICAL
D 15:45:33.7658744 PowerTaskList.DebugPrintPower() -             tag=DEATHRATTLE value=1
D 15:45:33.7658744 PowerTaskList.DebugPrintPower() -             tag=CREATOR value=63
D 15:45:33.7658744 PowerTaskList.DebugPrintPower() -             tag=1037 value=6
D 15:45:33.7658744 PowerTaskList.DebugPrintPower() -             tag=CREATOR_DBID value=57980
D 15:45:33.7658744 PowerTaskList.DebugPrintPower() -             tag=BACON_TRIPLE_UPGRADE_MINION_ID value=110102
D 15:45:33.7658744 PowerTaskList.DebugPrintPower() -             tag=TECH_LEVEL value=1
D 15:45:33.7658744 PowerTaskList.DebugPrintPower() -             tag=IS_BACON_POOL_MINION value=1
D 15:45:33.7658744 PowerTaskList.DebugPrintPower() -             tag=SUPPRESS_ALL_SUMMON_VO value=1
D 15:45:33.7658744 PowerTaskList.DebugPrintPower() -             tag=SPAWN_TIME_COUNT value=1
D 15:45:33.7658744 PowerTaskList.DebugPrintPower() -             tag=1595 value=1
D 15:45:33.7658744 PowerTaskList.DebugPrintPower() -             tag=HAS_ACTIVATE_POWER value=1
D 15:45:33.7658744 PowerTaskList.DebugPrintPower() -             tag=3085 value=1
D 15:45:33.7658744 PowerTaskList.DebugPrintPower() -         FULL_ENTITY - Updating [entityName=Annoy-o-Tron id=561 zone=PLAY zonePos=1 cardId=BG_GVG_085 player=14] CardID=BG_GVG_085
D 15:45:33.7658744 PowerTaskList.DebugPrintPower() -             tag=CONTROLLER value=14
D 15:45:33.7658744 PowerTaskList.DebugPrintPower() -             tag=CARDTYPE value=MINION
D 15:45:33.7658744 PowerTaskList.DebugPrintPower() -             tag=1196 value=1
D 15:45:33.7658744 PowerTaskList.DebugPrintPower() -             tag=479 value=1
D 15:45:33.7658744 PowerTaskList.DebugPrintPower() -             tag=ATK value=1
D 15:45:33.7658744 PowerTaskList.DebugPrintPower() -             tag=HEALTH value=2
D 15:45:33.7658744 PowerTaskList.DebugPrintPower() -             tag=EXHAUSTED value=1
D 15:45:33.7658744 PowerTaskList.DebugPrintPower() -             tag=ZONE value=PLAY
D 15:45:33.7658744 PowerTaskList.DebugPrintPower() -             tag=ENTITY_ID value=561
D 15:45:33.7658744 PowerTaskList.DebugPrintPower() -             tag=TAUNT value=1
D 15:45:33.7658744 PowerTaskList.DebugPrintPower() -             tag=DIVINE_SHIELD value=1
D 15:45:33.7658744 PowerTaskList.DebugPrintPower() -             tag=CARDRACE value=MECHANICAL
D 15:45:33.7658744 PowerTaskList.DebugPrintPower() -             tag=RARITY value=COMMON
D 15:45:33.7658744 PowerTaskList.DebugPrintPower() -             tag=ZONE_POSITION value=1
D 15:45:33.7658744 PowerTaskList.DebugPrintPower() -             tag=CREATOR value=63
D 15:45:33.7658744 PowerTaskList.DebugPrintPower() -             tag=1037 value=6
D 15:45:33.7658744 PowerTaskList.DebugPrintPower() -             tag=1254 value=63
D 15:45:33.7658744 PowerTaskList.DebugPrintPower() -             tag=CREATOR_DBID value=57980
D 15:45:33.7658744 PowerTaskList.DebugPrintPower() -             tag=BACON_TRIPLE_UPGRADE_MINION_ID value=103653
D 15:45:33.7658744 PowerTaskList.DebugPrintPower() -             tag=TECH_LEVEL value=1
D 15:45:33.7658744 PowerTaskList.DebugPrintPower() -             tag=IS_BACON_POOL_MINION value=1
D 15:45:33.7658744 PowerTaskList.DebugPrintPower() -             tag=SUPPRESS_ALL_SUMMON_VO value=1
D 15:45:33.7658744 PowerTaskList.DebugPrintPower() -             tag=SPAWN_TIME_COUNT value=1
D 15:45:33.7658744 PowerTaskList.DebugPrintPower() -             tag=1595 value=1
D 15:45:33.7658744 PowerTaskList.DebugPrintPower() -             tag=HAS_ACTIVATE_POWER value=1
D 15:45:33.7658744 PowerTaskList.DebugPrintPower() -             tag=3085 value=2
D 15:45:33.7658744 PowerTaskList.DebugPrintPower() -         FULL_ENTITY - Updating [entityName=Drag To Buy id=562 zone=PLAY zonePos=0 cardId=TB_BaconShop_DragBuy player=6] CardID=TB_BaconShop_DragBuy
D 15:45:33.7658744 PowerTaskList.DebugPrintPower() -             tag=CONTROLLER value=6
D 15:45:33.7658744 PowerTaskList.DebugPrintPower() -             tag=CARDTYPE value=MOVE_MINION_HOVER_TARGET
D 15:45:33.7658744 PowerTaskList.DebugPrintPower() -             tag=ZONE value=PLAY
D 15:45:33.7658744 PowerTaskList.DebugPrintPower() -             tag=ENTITY_ID value=562
D 15:45:33.7658744 PowerTaskList.DebugPrintPower() -             tag=CREATOR value=63
D 15:45:33.7658744 PowerTaskList.DebugPrintPower() -             tag=1037 value=6
D 15:45:33.7658744 PowerTaskList.DebugPrintPower() -             tag=CREATOR_DBID value=57980
D 15:45:33.7658744 PowerTaskList.DebugPrintPower() -             tag=BACON_ACTION_CARD value=1
D 15:45:33.7658744 PowerTaskList.DebugPrintPower() -             tag=SUPPRESS_ALL_SUMMON_VO value=1
D 15:45:33.7658744 PowerTaskList.DebugPrintPower() -             tag=MOVE_MINION_HOVER_TARGET_SLOT value=1
D 15:45:33.7658744 PowerTaskList.DebugPrintPower() -             tag=SPAWN_TIME_COUNT value=1
D 15:45:33.7658744 PowerTaskList.DebugPrintPower() -             tag=HAS_ACTIVATE_POWER value=1
D 15:45:33.7658744 PowerTaskList.DebugPrintPower() -         TAG_CHANGE Entity=[entityName=Drag To Buy id=562 zone=PLAY zonePos=0 cardId=TB_BaconShop_DragBuy player=6] tag=2442 value=561 
D 15:45:33.7658744 PowerTaskList.DebugPrintPower() -         TAG_CHANGE Entity=[entityName=Annoy-o-Tron id=561 zone=PLAY zonePos=1 cardId=BG_GVG_085 player=14] tag=HAS_DRAG_TO_BUY value=1 
D 15:45:33.7658744 PowerTaskList.DebugPrintPower() -         TAG_CHANGE Entity=[entityName=Tavern Tier 2 id=503 zone=PLAY zonePos=0 cardId=TB_BaconShopTechUp02_Button player=6] tag=COST value=4 
D 15:45:33.7658744 PowerTaskList.DebugPrintPower() -         TAG_CHANGE Entity=[entityName=Drag To Buy id=562 zone=PLAY zonePos=0 cardId=TB_BaconShop_DragBuy player=6] tag=COST value=3 
D 15:45:33.7658744 PowerTaskList.DebugPrintPower() -         TAG_CHANGE Entity=[entityName=Annoy-o-Tron id=561 zone=PLAY zonePos=1 cardId=BG_GVG_085 player=14] tag=NUM_TURNS_IN_PLAY value=3 
D 15:45:33.7658744 PowerTaskList.DebugPrintPower() -         TAG_CHANGE Entity=[entityName=Annoy-o-Tron id=561 zone=PLAY zonePos=1 cardId=BG_GVG_085 player=14] tag=EXHAUSTED value=0 
D 15:45:33.7658744 PowerTaskList.DebugPrintPower() -         TAG_CHANGE Entity=[entityName=Annoy-o-Tron id=561 zone=PLAY zonePos=1 cardId=BG_GVG_085 player=14] tag=CANT_ATTACK value=1 
D 15:45:33.7658744 PowerTaskList.DebugPrintPower() -         TAG_CHANGE Entity=[entityName=Annoy-o-Tron id=558 zone=SETASIDE zonePos=0 cardId=BG_GVG_085 player=6] tag=1068 value=5 
D 15:45:33.7658744 PowerTaskList.DebugPrintPower() -         TAG_CHANGE Entity=[entityName=Annoy-o-Tron id=558 zone=SETASIDE zonePos=0 cardId=BG_GVG_085 player=6] tag=1068 value=0 
D 15:45:33.7658744 PowerTaskList.DebugPrintPower() -         TAG_CHANGE Entity=[entityName=Annoy-o-Tron id=558 zone=SETASIDE zonePos=0 cardId=BG_GVG_085 player=6] tag=ZONE value=REMOVEDFROMGAME 
D 15:45:33.7658744 PowerTaskList.DebugPrintPower() -         TAG_CHANGE Entity=[entityName=Annoy-o-Tron id=558 zone=SETASIDE zonePos=0 cardId=BG_GVG_085 player=6] tag=HAS_ACTIVATE_POWER value=0 
D 15:45:33.7658744 PowerTaskList.DebugPrintPower() -         TAG_CHANGE Entity=[entityName=Annoy-o-Tron id=558 zone=SETASIDE zonePos=0 cardId=BG_GVG_085 player=6] tag=ATK value=0 
D 15:45:33.7658744 PowerTaskList.DebugPrintPower() -         TAG_CHANGE Entity=[entityName=Annoy-o-Tron id=558 zone=SETASIDE zonePos=0 cardId=BG_GVG_085 player=6] tag=HEALTH value=0 
D 15:45:33.7658744 PowerTaskList.DebugPrintPower() -         TAG_CHANGE Entity=[entityName=Annoy-o-Tron id=558 zone=SETASIDE zonePos=0 cardId=BG_GVG_085 player=6] tag=TAUNT value=0 
D 15:45:33.7658744 PowerTaskList.DebugPrintPower() -         TAG_CHANGE Entity=[entityName=Annoy-o-Tron id=558 zone=SETASIDE zonePos=0 cardId=BG_GVG_085 player=6] tag=DIVINE_SHIELD value=0 
D 15:45:33.7658744 PowerTaskList.DebugPrintPower() -         TAG_CHANGE Entity=[entityName=Annoy-o-Tron id=558 zone=SETASIDE zonePos=0 cardId=BG_GVG_085 player=6] tag=BACON_TRIPLE_UPGRADE_MINION_ID value=0 
D 15:45:33.7658744 PowerTaskList.DebugPrintPower() -         TAG_CHANGE Entity=[entityName=Annoy-o-Tron id=558 zone=SETASIDE zonePos=0 cardId=BG_GVG_085 player=6] tag=TECH_LEVEL value=0 
D 15:45:33.7658744 PowerTaskList.DebugPrintPower() -         TAG_CHANGE Entity=[entityName=Annoy-o-Tron id=558 zone=SETASIDE zonePos=0 cardId=BG_GVG_085 player=6] tag=IS_BACON_POOL_MINION value=0 
D 15:45:33.7658744 PowerTaskList.DebugPrintPower() -         TAG_CHANGE Entity=[entityName=Annoy-o-Tron id=558 zone=SETASIDE zonePos=0 cardId=BG_GVG_085 player=6] tag=SUPPRESS_ALL_SUMMON_VO value=0 
D 15:45:33.7658744 PowerTaskList.DebugPrintPower() -         TAG_CHANGE Entity=[entityName=Annoy-o-Tron id=558 zone=SETASIDE zonePos=0 cardId=BG_GVG_085 player=6] tag=SPAWN_TIME_COUNT value=0 
D 15:45:33.7658744 PowerTaskList.DebugPrintPower() -         TAG_CHANGE Entity=[entityName=Annoy-o-Tron id=558 zone=SETASIDE zonePos=0 cardId=BG_GVG_085 player=6] tag=1595 value=0 
D 15:45:33.7658744 PowerTaskList.DebugPrintPower() -         TAG_CHANGE Entity=[entityName=Annoy-o-Tron id=558 zone=SETASIDE zonePos=0 cardId=BG_GVG_085 player=6] tag=ATK value=1 
D 15:45:33.7658744 PowerTaskList.DebugPrintPower() -         TAG_CHANGE Entity=[entityName=Annoy-o-Tron id=558 zone=SETASIDE zonePos=0 cardId=BG_GVG_085 player=6] tag=HEALTH value=2 
D 15:45:33.7658744 PowerTaskList.DebugPrintPower() -         TAG_CHANGE Entity=[entityName=Annoy-o-Tron id=558 zone=SETASIDE zonePos=0 cardId=BG_GVG_085 player=6] tag=TAUNT value=1 
D 15:45:33.7658744 PowerTaskList.DebugPrintPower() -         TAG_CHANGE Entity=[entityName=Annoy-o-Tron id=558 zone=SETASIDE zonePos=0 cardId=BG_GVG_085 player=6] tag=DIVINE_SHIELD value=1 
D 15:45:33.7658744 PowerTaskList.DebugPrintPower() -         TAG_CHANGE Entity=[entityName=Annoy-o-Tron id=558 zone=SETASIDE zonePos=0 cardId=BG_GVG_085 player=6] tag=BACON_TRIPLE_UPGRADE_MINION_ID value=103653 
D 15:45:33.7658744 PowerTaskList.DebugPrintPower() -         TAG_CHANGE Entity=[entityName=Annoy-o-Tron id=558 zone=SETASIDE zonePos=0 cardId=BG_GVG_085 player=6] tag=TECH_LEVEL value=1 
D 15:45:33.7658744 PowerTaskList.DebugPrintPower() -         TAG_CHANGE Entity=[entityName=Annoy-o-Tron id=558 zone=SETASIDE zonePos=0 cardId=BG_GVG_085 player=6] tag=IS_BACON_POOL_MINION value=1 
D 15:45:33.7658744 PowerTaskList.DebugPrintPower() -         TAG_CHANGE Entity=[entityName=Annoy-o-Tron id=558 zone=SETASIDE zonePos=0 cardId=BG_GVG_085 player=6] tag=1595 value=1 
D 15:45:33.7658744 PowerTaskList.DebugPrintPower() -         TAG_CHANGE Entity=[entityName=Annoy-o-Tron id=558 zone=SETASIDE zonePos=0 cardId=BG_GVG_085 player=6] tag=HAS_ACTIVATE_POWER value=1 
D 15:45:33.7658744 PowerTaskList.DebugPrintPower() -         FULL_ENTITY - Updating [entityName=Scallywag id=563 zone=PLAY zonePos=2 cardId=BGS_061 player=14] CardID=BGS_061
D 15:45:33.7658744 PowerTaskList.DebugPrintPower() -             tag=CONTROLLER value=14
D 15:45:33.7658744 PowerTaskList.DebugPrintPower() -             tag=CARDTYPE value=MINION
D 15:45:33.7658744 PowerTaskList.DebugPrintPower() -             tag=1196 value=1
D 15:45:33.7658744 PowerTaskList.DebugPrintPower() -             tag=TAG_LAST_KNOWN_COST_IN_HAND value=1
D 15:45:33.7658744 PowerTaskList.DebugPrintPower() -             tag=479 value=3
D 15:45:33.7658744 PowerTaskList.DebugPrintPower() -             tag=COST value=1
D 15:45:33.7658744 PowerTaskList.DebugPrintPower() -             tag=ATK value=3
D 15:45:33.7658744 PowerTaskList.DebugPrintPower() -             tag=HEALTH value=1
D 15:45:33.7658744 PowerTaskList.DebugPrintPower() -             tag=EXHAUSTED value=1
D 15:45:33.7658744 PowerTaskList.DebugPrintPower() -             tag=ZONE value=PLAY
D 15:45:33.7658744 PowerTaskList.DebugPrintPower() -             tag=ENTITY_ID value=563
D 15:45:33.7658744 PowerTaskList.DebugPrintPower() -             tag=CARDRACE value=PIRATE
D 15:45:33.7658744 PowerTaskList.DebugPrintPower() -             tag=DEATHRATTLE value=1
D 15:45:33.7658744 PowerTaskList.DebugPrintPower() -             tag=ZONE_POSITION value=2
D 15:45:33.7658744 PowerTaskList.DebugPrintPower() -             tag=CREATOR value=63
D 15:45:33.7658744 PowerTaskList.DebugPrintPower() -             tag=1037 value=6
D 15:45:33.7658744 PowerTaskList.DebugPrintPower() -             tag=1254 value=63
D 15:45:33.7658744 PowerTaskList.DebugPrintPower() -             tag=CREATOR_DBID value=57980
D 15:45:33.7658744 PowerTaskList.DebugPrintPower() -             tag=BACON_TRIPLE_UPGRADE_MINION_ID value=62262
D 15:45:33.7658744 PowerTaskList.DebugPrintPower() -             tag=TECH_LEVEL value=1
D 15:45:33.7658744 PowerTaskList.DebugPrintPower() -             tag=IS_BACON_POOL_MINION value=1
D 15:45:33.7658744 PowerTaskList.DebugPrintPower() -             tag=SUPPRESS_ALL_SUMMON_VO value=1
D 15:45:33.7658744 PowerTaskList.DebugPrintPower() -             tag=SPAWN_TIME_COUNT value=1
D 15:45:33.7658744 PowerTaskList.DebugPrintPower() -             tag=1596 value=1
D 15:45:33.7658744 PowerTaskList.DebugPrintPower() -             tag=HAS_ACTIVATE_POWER value=1
D 15:45:33.7658744 PowerTaskList.DebugPrintPower() -             tag=3085 value=1
D 15:45:33.7658744 PowerTaskList.DebugPrintPower() -         FULL_ENTITY - Updating [entityName=Drag To Buy id=564 zone=PLAY zonePos=0 cardId=TB_BaconShop_DragBuy player=6] CardID=TB_BaconShop_DragBuy
D 15:45:33.7658744 PowerTaskList.DebugPrintPower() -             tag=CONTROLLER value=6
D 15:45:33.7658744 PowerTaskList.DebugPrintPower() -             tag=CARDTYPE value=MOVE_MINION_HOVER_TARGET
D 15:45:33.7658744 PowerTaskList.DebugPrintPower() -             tag=ZONE value=PLAY
D 15:45:33.7658744 PowerTaskList.DebugPrintPower() -             tag=ENTITY_ID value=564
D 15:45:33.7658744 PowerTaskList.DebugPrintPower() -             tag=CREATOR value=63
D 15:45:33.7658744 PowerTaskList.DebugPrintPower() -             tag=1037 value=6
D 15:45:33.7658744 PowerTaskList.DebugPrintPower() -             tag=CREATOR_DBID value=57980
D 15:45:33.7658744 PowerTaskList.DebugPrintPower() -             tag=BACON_ACTION_CARD value=1
D 15:45:33.7658744 PowerTaskList.DebugPrintPower() -             tag=SUPPRESS_ALL_SUMMON_VO value=1
D 15:45:33.7658744 PowerTaskList.DebugPrintPower() -             tag=MOVE_MINION_HOVER_TARGET_SLOT value=1
D 15:45:33.7658744 PowerTaskList.DebugPrintPower() -             tag=SPAWN_TIME_COUNT value=1
D 15:45:33.7658744 PowerTaskList.DebugPrintPower() -             tag=HAS_ACTIVATE_POWER value=1
D 15:45:33.7658744 PowerTaskList.DebugPrintPower() -         TAG_CHANGE Entity=[entityName=Drag To Buy id=564 zone=PLAY zonePos=0 cardId=TB_BaconShop_DragBuy player=6] tag=2442 value=563 
D 15:45:33.7658744 PowerTaskList.DebugPrintPower() -         TAG_CHANGE Entity=[entityName=Scallywag id=563 zone=PLAY zonePos=2 cardId=BGS_061 player=14] tag=HAS_DRAG_TO_BUY value=1 
D 15:45:33.7658744 PowerTaskList.DebugPrintPower() -         TAG_CHANGE Entity=[entityName=Drag To Buy id=564 zone=PLAY zonePos=0 cardId=TB_BaconShop_DragBuy player=6] tag=COST value=3 
D 15:45:33.7658744 PowerTaskList.DebugPrintPower() -         TAG_CHANGE Entity=[entityName=Scallywag id=563 zone=PLAY zonePos=2 cardId=BGS_061 player=14] tag=NUM_TURNS_IN_PLAY value=3 
D 15:45:33.7658744 PowerTaskList.DebugPrintPower() -         TAG_CHANGE Entity=[entityName=Scallywag id=563 zone=PLAY zonePos=2 cardId=BGS_061 player=14] tag=EXHAUSTED value=0 
D 15:45:33.7658744 PowerTaskList.DebugPrintPower() -         TAG_CHANGE Entity=[entityName=Scallywag id=563 zone=PLAY zonePos=2 cardId=BGS_061 player=14] tag=CANT_ATTACK value=1 
D 15:45:33.7658744 PowerTaskList.DebugPrintPower() -         TAG_CHANGE Entity=[entityName=Scallywag id=559 zone=SETASIDE zonePos=0 cardId=BGS_061 player=6] tag=1068 value=5 
D 15:45:33.7658744 PowerTaskList.DebugPrintPower() -         TAG_CHANGE Entity=[entityName=Scallywag id=559 zone=SETASIDE zonePos=0 cardId=BGS_061 player=6] tag=1068 value=0 
D 15:45:33.7658744 PowerTaskList.DebugPrintPower() -         TAG_CHANGE Entity=[entityName=Scallywag id=559 zone=SETASIDE zonePos=0 cardId=BGS_061 player=6] tag=ZONE value=REMOVEDFROMGAME 
D 15:45:33.7658744 PowerTaskList.DebugPrintPower() -         TAG_CHANGE Entity=[entityName=Scallywag id=559 zone=SETASIDE zonePos=0 cardId=BGS_061 player=6] tag=HAS_ACTIVATE_POWER value=0 
D 15:45:33.7658744 PowerTaskList.DebugPrintPower() -         TAG_CHANGE Entity=[entityName=Scallywag id=559 zone=SETASIDE zonePos=0 cardId=BGS_061 player=6] tag=COST value=0 
D 15:45:33.7658744 PowerTaskList.DebugPrintPower() -         TAG_CHANGE Entity=[entityName=Scallywag id=559 zone=SETASIDE zonePos=0 cardId=BGS_061 player=6] tag=ATK value=0 
D 15:45:33.7658744 PowerTaskList.DebugPrintPower() -         TAG_CHANGE Entity=[entityName=Scallywag id=559 zone=SETASIDE zonePos=0 cardId=BGS_061 player=6] tag=HEALTH value=0 
D 15:45:33.7658744 PowerTaskList.DebugPrintPower() -         TAG_CHANGE Entity=[entityName=Scallywag id=559 zone=SETASIDE zonePos=0 cardId=BGS_061 player=6] tag=DEATHRATTLE value=0 
D 15:45:33.7658744 PowerTaskList.DebugPrintPower() -         TAG_CHANGE Entity=[entityName=Scallywag id=559 zone=SETASIDE zonePos=0 cardId=BGS_061 player=6] tag=BACON_TRIPLE_UPGRADE_MINION_ID value=0 
D 15:45:33.7658744 PowerTaskList.DebugPrintPower() -         TAG_CHANGE Entity=[entityName=Scallywag id=559 zone=SETASIDE zonePos=0 cardId=BGS_061 player=6] tag=TECH_LEVEL value=0 
D 15:45:33.7658744 PowerTaskList.DebugPrintPower() -         TAG_CHANGE Entity=[entityName=Scallywag id=559 zone=SETASIDE zonePos=0 cardId=BGS_061 player=6] tag=IS_BACON_POOL_MINION value=0 
D 15:45:33.7658744 PowerTaskList.DebugPrintPower() -         TAG_CHANGE Entity=[entityName=Scallywag id=559 zone=SETASIDE zonePos=0 cardId=BGS_061 player=6] tag=SUPPRESS_ALL_SUMMON_VO value=0 
D 15:45:33.7658744 PowerTaskList.DebugPrintPower() -         TAG_CHANGE Entity=[entityName=Scallywag id=559 zone=SETASIDE zonePos=0 cardId=BGS_061 player=6] tag=SPAWN_TIME_COUNT value=0 
D 15:45:33.7658744 PowerTaskList.DebugPrintPower() -         TAG_CHANGE Entity=[entityName=Scallywag id=559 zone=SETASIDE zonePos=0 cardId=BGS_061 player=6] tag=1596 value=0 
D 15:45:33.7658744 PowerTaskList.DebugPrintPower() -         TAG_CHANGE Entity=[entityName=Scallywag id=559 zone=SETASIDE zonePos=0 cardId=BGS_061 player=6] tag=COST value=1 
D 15:45:33.7658744 PowerTaskList.DebugPrintPower() -         TAG_CHANGE Entity=[entityName=Scallywag id=559 zone=SETASIDE zonePos=0 cardId=BGS_061 player=6] tag=ATK value=3 
D 15:45:33.7658744 PowerTaskList.DebugPrintPower() -         TAG_CHANGE Entity=[entityName=Scallywag id=559 zone=SETASIDE zonePos=0 cardId=BGS_061 player=6] tag=HEALTH value=1 
D 15:45:33.7658744 PowerTaskList.DebugPrintPower() -         TAG_CHANGE Entity=[entityName=Scallywag id=559 zone=SETASIDE zonePos=0 cardId=BGS_061 player=6] tag=DEATHRATTLE value=1 
D 15:45:33.7658744 PowerTaskList.DebugPrintPower() -         TAG_CHANGE Entity=[entityName=Scallywag id=559 zone=SETASIDE zonePos=0 cardId=BGS_061 player=6] tag=BACON_TRIPLE_UPGRADE_MINION_ID value=62262 
D 15:45:33.7658744 PowerTaskList.DebugPrintPower() -         TAG_CHANGE Entity=[entityName=Scallywag id=559 zone=SETASIDE zonePos=0 cardId=BGS_061 player=6] tag=TECH_LEVEL value=1 
D 15:45:33.7658744 PowerTaskList.DebugPrintPower() -         TAG_CHANGE Entity=[entityName=Scallywag id=559 zone=SETASIDE zonePos=0 cardId=BGS_061 player=6] tag=IS_BACON_POOL_MINION value=1 
D 15:45:33.7658744 PowerTaskList.DebugPrintPower() -         TAG_CHANGE Entity=[entityName=Scallywag id=559 zone=SETASIDE zonePos=0 cardId=BGS_061 player=6] tag=1596 value=1 
D 15:45:33.7658744 PowerTaskList.DebugPrintPower() -         TAG_CHANGE Entity=[entityName=Scallywag id=559 zone=SETASIDE zonePos=0 cardId=BGS_061 player=6] tag=HAS_ACTIVATE_POWER value=1 
D 15:45:33.7658744 PowerTaskList.DebugPrintPower() -         FULL_ENTITY - Updating [entityName=Cord Puller id=565 zone=PLAY zonePos=3 cardId=BG29_611 player=14] CardID=BG29_611
D 15:45:33.7658744 PowerTaskList.DebugPrintPower() -             tag=CONTROLLER value=14
D 15:45:33.7658744 PowerTaskList.DebugPrintPower() -             tag=CARDTYPE value=MINION
D 15:45:33.7658744 PowerTaskList.DebugPrintPower() -             tag=1196 value=1
D 15:45:33.7658744 PowerTaskList.DebugPrintPower() -             tag=TAG_LAST_KNOWN_COST_IN_HAND value=1
D 15:45:33.7658744 PowerTaskList.DebugPrintPower() -             tag=479 value=1
D 15:45:33.7658744 PowerTaskList.DebugPrintPower() -             tag=COST value=1
D 15:45:33.7658744 PowerTaskList.DebugPrintPower() -             tag=ATK value=1
D 15:45:33.7658744 PowerTaskList.DebugPrintPower() -             tag=HEALTH value=1
D 15:45:33.7658744 PowerTaskList.DebugPrintPower() -             tag=EXHAUSTED value=1
D 15:45:33.7658744 PowerTaskList.DebugPrintPower() -             tag=ZONE value=PLAY
D 15:45:33.7658744 PowerTaskList.DebugPrintPower() -             tag=ENTITY_ID value=565
D 15:45:33.7658744 PowerTaskList.DebugPrintPower() -             tag=DIVINE_SHIELD value=1
D 15:45:33.7658744 PowerTaskList.DebugPrintPower() -             tag=CARDRACE value=MECHANICAL
D 15:45:33.7658744 PowerTaskList.DebugPrintPower() -             tag=DEATHRATTLE value=1
D 15:45:33.7658744 PowerTaskList.DebugPrintPower() -             tag=ZONE_POSITION value=3
D 15:45:33.7658744 PowerTaskList.DebugPrintPower() -             tag=CREATOR value=63
D 15:45:33.7658744 PowerTaskList.DebugPrintPower() -             tag=1037 value=6
D 15:45:33.7658744 PowerTaskList.DebugPrintPower() -             tag=1254 value=63
D 15:45:33.7658744 PowerTaskList.DebugPrintPower() -             tag=CREATOR_DBID value=57980
D 15:45:33.7658744 PowerTaskList.DebugPrintPower() -             tag=BACON_TRIPLE_UPGRADE_MINION_ID value=110102
D 15:45:33.7658744 PowerTaskList.DebugPrintPower() -             tag=TECH_LEVEL value=1
D 15:45:33.7658744 PowerTaskList.DebugPrintPower() -             tag=IS_BACON_POOL_MINION value=1
D 15:45:33.7658744 PowerTaskList.DebugPrintPower() -             tag=SUPPRESS_ALL_SUMMON_VO value=1
D 15:45:33.7658744 PowerTaskList.DebugPrintPower() -             tag=SPAWN_TIME_COUNT value=1
D 15:45:33.7658744 PowerTaskList.DebugPrintPower() -             tag=1595 value=1
D 15:45:33.7658744 PowerTaskList.DebugPrintPower() -             tag=HAS_ACTIVATE_POWER value=1
D 15:45:33.7658744 PowerTaskList.DebugPrintPower() -             tag=3085 value=1
D 15:45:33.7658744 PowerTaskList.DebugPrintPower() -         FULL_ENTITY - Updating [entityName=Drag To Buy id=566 zone=PLAY zonePos=0 cardId=TB_BaconShop_DragBuy player=6] CardID=TB_BaconShop_DragBuy
D 15:45:33.7658744 PowerTaskList.DebugPrintPower() -             tag=CONTROLLER value=6
D 15:45:33.7658744 PowerTaskList.DebugPrintPower() -             tag=CARDTYPE value=MOVE_MINION_HOVER_TARGET
D 15:45:33.7658744 PowerTaskList.DebugPrintPower() -             tag=ZONE value=PLAY
D 15:45:33.7658744 PowerTaskList.DebugPrintPower() -             tag=ENTITY_ID value=566
D 15:45:33.7658744 PowerTaskList.DebugPrintPower() -             tag=CREATOR value=63
D 15:45:33.7658744 PowerTaskList.DebugPrintPower() -             tag=1037 value=6
D 15:45:33.7658744 PowerTaskList.DebugPrintPower() -             tag=CREATOR_DBID value=57980
D 15:45:33.7658744 PowerTaskList.DebugPrintPower() -             tag=BACON_ACTION_CARD value=1
D 15:45:33.7658744 PowerTaskList.DebugPrintPower() -             tag=SUPPRESS_ALL_SUMMON_VO value=1
D 15:45:33.7658744 PowerTaskList.DebugPrintPower() -             tag=MOVE_MINION_HOVER_TARGET_SLOT value=1
D 15:45:33.7658744 PowerTaskList.DebugPrintPower() -             tag=SPAWN_TIME_COUNT value=1
D 15:45:33.7658744 PowerTaskList.DebugPrintPower() -             tag=HAS_ACTIVATE_POWER value=1
D 15:45:33.7658744 PowerTaskList.DebugPrintPower() -         TAG_CHANGE Entity=[entityName=Drag To Buy id=566 zone=PLAY zonePos=0 cardId=TB_BaconShop_DragBuy player=6] tag=2442 value=565 
D 15:45:33.7658744 PowerTaskList.DebugPrintPower() -         TAG_CHANGE Entity=[entityName=Cord Puller id=565 zone=PLAY zonePos=3 cardId=BG29_611 player=14] tag=HAS_DRAG_TO_BUY value=1 
D 15:45:33.7658744 PowerTaskList.DebugPrintPower() -         TAG_CHANGE Entity=[entityName=Drag To Buy id=566 zone=PLAY zonePos=0 cardId=TB_BaconShop_DragBuy player=6] tag=COST value=3 
D 15:45:33.7658744 PowerTaskList.DebugPrintPower() -         TAG_CHANGE Entity=[entityName=Cord Puller id=565 zone=PLAY zonePos=3 cardId=BG29_611 player=14] tag=NUM_TURNS_IN_PLAY value=3 
D 15:45:33.7658744 PowerTaskList.DebugPrintPower() -         TAG_CHANGE Entity=[entityName=Cord Puller id=565 zone=PLAY zonePos=3 cardId=BG29_611 player=14] tag=EXHAUSTED value=0 
D 15:45:33.7658744 PowerTaskList.DebugPrintPower() -         TAG_CHANGE Entity=[entityName=Cord Puller id=565 zone=PLAY zonePos=3 cardId=BG29_611 player=14] tag=CANT_ATTACK value=1 
D 15:45:33.7658744 PowerTaskList.DebugPrintPower() -         TAG_CHANGE Entity=[entityName=Cord Puller id=560 zone=SETASIDE zonePos=0 cardId=BG29_611 player=6] tag=1068 value=5 
D 15:45:33.7658744 PowerTaskList.DebugPrintPower() -         TAG_CHANGE Entity=[entityName=Cord Puller id=560 zone=SETASIDE zonePos=0 cardId=BG29_611 player=6] tag=1068 value=0 
D 15:45:33.7658744 PowerTaskList.DebugPrintPower() -         TAG_CHANGE Entity=[entityName=Cord Puller id=560 zone=SETASIDE zonePos=0 cardId=BG29_611 player=6] tag=ZONE value=REMOVEDFROMGAME 
D 15:45:33.7658744 PowerTaskList.DebugPrintPower() -         TAG_CHANGE Entity=[entityName=Cord Puller id=560 zone=SETASIDE zonePos=0 cardId=BG29_611 player=6] tag=HAS_ACTIVATE_POWER value=0 
D 15:45:33.7658744 PowerTaskList.DebugPrintPower() -         TAG_CHANGE Entity=[entityName=Cord Puller id=560 zone=SETASIDE zonePos=0 cardId=BG29_611 player=6] tag=COST value=0 
D 15:45:33.7658744 PowerTaskList.DebugPrintPower() -         TAG_CHANGE Entity=[entityName=Cord Puller id=560 zone=SETASIDE zonePos=0 cardId=BG29_611 player=6] tag=ATK value=0 
D 15:45:33.7658744 PowerTaskList.DebugPrintPower() -         TAG_CHANGE Entity=[entityName=Cord Puller id=560 zone=SETASIDE zonePos=0 cardId=BG29_611 player=6] tag=HEALTH value=0 
D 15:45:33.7658744 PowerTaskList.DebugPrintPower() -         TAG_CHANGE Entity=[entityName=Cord Puller id=560 zone=SETASIDE zonePos=0 cardId=BG29_611 player=6] tag=DIVINE_SHIELD value=0 
D 15:45:33.7658744 PowerTaskList.DebugPrintPower() -         TAG_CHANGE Entity=[entityName=Cord Puller id=560 zone=SETASIDE zonePos=0 cardId=BG29_611 player=6] tag=DEATHRATTLE value=0 
D 15:45:33.7658744 PowerTaskList.DebugPrintPower() -         TAG_CHANGE Entity=[entityName=Cord Puller id=560 zone=SETASIDE zonePos=0 cardId=BG29_611 player=6] tag=BACON_TRIPLE_UPGRADE_MINION_ID value=0 
D 15:45:33.7658744 PowerTaskList.DebugPrintPower() -         TAG_CHANGE Entity=[entityName=Cord Puller id=560 zone=SETASIDE zonePos=0 cardId=BG29_611 player=6] tag=TECH_LEVEL value=0 
D 15:45:33.7658744 PowerTaskList.DebugPrintPower() -         TAG_CHANGE Entity=[entityName=Cord Puller id=560 zone=SETASIDE zonePos=0 cardId=BG29_611 player=6] tag=IS_BACON_POOL_MINION value=0 
D 15:45:33.7658744 PowerTaskList.DebugPrintPower() -         TAG_CHANGE Entity=[entityName=Cord Puller id=560 zone=SETASIDE zonePos=0 cardId=BG29_611 player=6] tag=SUPPRESS_ALL_SUMMON_VO value=0 
D 15:45:33.7658744 PowerTaskList.DebugPrintPower() -         TAG_CHANGE Entity=[entityName=Cord Puller id=560 zone=SETASIDE zonePos=0 cardId=BG29_611 player=6] tag=SPAWN_TIME_COUNT value=0 
D 15:45:33.7658744 PowerTaskList.DebugPrintPower() -         TAG_CHANGE Entity=[entityName=Cord Puller id=560 zone=SETASIDE zonePos=0 cardId=BG29_611 player=6] tag=1595 value=0 
D 15:45:33.7658744 PowerTaskList.DebugPrintPower() -         TAG_CHANGE Entity=[entityName=Cord Puller id=560 zone=SETASIDE zonePos=0 cardId=BG29_611 player=6] tag=COST value=1 
D 15:45:33.7658744 PowerTaskList.DebugPrintPower() -         TAG_CHANGE Entity=[entityName=Cord Puller id=560 zone=SETASIDE zonePos=0 cardId=BG29_611 player=6] tag=ATK value=1 
D 15:45:33.7658744 PowerTaskList.DebugPrintPower() -         TAG_CHANGE Entity=[entityName=Cord Puller id=560 zone=SETASIDE zonePos=0 cardId=BG29_611 player=6] tag=HEALTH value=1 
D 15:45:33.7658744 PowerTaskList.DebugPrintPower() -         TAG_CHANGE Entity=[entityName=Cord Puller id=560 zone=SETASIDE zonePos=0 cardId=BG29_611 player=6] tag=DIVINE_SHIELD value=1 
D 15:45:33.7658744 PowerTaskList.DebugPrintPower() -         TAG_CHANGE Entity=[entityName=Cord Puller id=560 zone=SETASIDE zonePos=0 cardId=BG29_611 player=6] tag=DEATHRATTLE value=1 
D 15:45:33.7658744 PowerTaskList.DebugPrintPower() -         TAG_CHANGE Entity=[entityName=Cord Puller id=560 zone=SETASIDE zonePos=0 cardId=BG29_611 player=6] tag=BACON_TRIPLE_UPGRADE_MINION_ID value=110102 
D 15:45:33.7658744 PowerTaskList.DebugPrintPower() -         TAG_CHANGE Entity=[entityName=Cord Puller id=560 zone=SETASIDE zonePos=0 cardId=BG29_611 player=6] tag=TECH_LEVEL value=1 
D 15:45:33.7658744 PowerTaskList.DebugPrintPower() -         TAG_CHANGE Entity=[entityName=Cord Puller id=560 zone=SETASIDE zonePos=0 cardId=BG29_611 player=6] tag=IS_BACON_POOL_MINION value=1 
D 15:45:33.7658744 PowerTaskList.DebugPrintPower() -         TAG_CHANGE Entity=[entityName=Cord Puller id=560 zone=SETASIDE zonePos=0 cardId=BG29_611 player=6] tag=1595 value=1 
D 15:45:33.7658744 PowerTaskList.DebugPrintPower() -         TAG_CHANGE Entity=[entityName=Cord Puller id=560 zone=SETASIDE zonePos=0 cardId=BG29_611 player=6] tag=HAS_ACTIVATE_POWER value=1 
D 15:45:33.7658744 PowerTaskList.DebugPrintPower() -         FULL_ENTITY - Updating [entityName=Tavern Coin id=567 zone=SETASIDE zonePos=0 cardId=BG28_810 player=6] CardID=BG28_810
D 15:45:33.7658744 PowerTaskList.DebugPrintPower() -             tag=CONTROLLER value=6
D 15:45:33.7658744 PowerTaskList.DebugPrintPower() -             tag=CARDTYPE value=BATTLEGROUND_SPELL
D 15:45:33.7658744 PowerTaskList.DebugPrintPower() -             tag=TAG_LAST_KNOWN_COST_IN_HAND value=1
D 15:45:33.7658744 PowerTaskList.DebugPrintPower() -             tag=COST value=1
D 15:45:33.7658744 PowerTaskList.DebugPrintPower() -             tag=ZONE value=SETASIDE
D 15:45:33.7658744 PowerTaskList.DebugPrintPower() -             tag=ENTITY_ID value=567
D 15:45:33.7658744 PowerTaskList.DebugPrintPower() -             tag=CREATOR value=63
D 15:45:33.7658744 PowerTaskList.DebugPrintPower() -             tag=1037 value=6
D 15:45:33.7658744 PowerTaskList.DebugPrintPower() -             tag=CREATOR_DBID value=57980
D 15:45:33.7658744 PowerTaskList.DebugPrintPower() -             tag=TECH_LEVEL value=1
D 15:45:33.7658744 PowerTaskList.DebugPrintPower() -             tag=SUPPRESS_ALL_SUMMON_VO value=1
D 15:45:33.7658744 PowerTaskList.DebugPrintPower() -             tag=SPAWN_TIME_COUNT value=1
D 15:45:33.7658744 PowerTaskList.DebugPrintPower() -             tag=SPELL_SCHOOL value=9
D 15:45:33.7658744 PowerTaskList.DebugPrintPower() -             tag=HAS_ACTIVATE_POWER value=1
D 15:45:33.7658744 PowerTaskList.DebugPrintPower() -             tag=3081 value=1
D 15:45:33.7658744 PowerTaskList.DebugPrintPower() -         FULL_ENTITY - Updating [entityName=Tavern Coin id=568 zone=PLAY zonePos=4 cardId=BG28_810 player=14] CardID=BG28_810
D 15:45:33.7658744 PowerTaskList.DebugPrintPower() -             tag=CONTROLLER value=14
D 15:45:33.7658744 PowerTaskList.DebugPrintPower() -             tag=CARDTYPE value=BATTLEGROUND_SPELL
D 15:45:33.7658744 PowerTaskList.DebugPrintPower() -             tag=TAG_LAST_KNOWN_COST_IN_HAND value=1
D 15:45:33.7658744 PowerTaskList.DebugPrintPower() -             tag=COST value=1
D 15:45:33.7658744 PowerTaskList.DebugPrintPower() -             tag=ZONE value=PLAY
D 15:45:33.7658744 PowerTaskList.DebugPrintPower() -             tag=ENTITY_ID value=568
D 15:45:33.7658744 PowerTaskList.DebugPrintPower() -             tag=ZONE_POSITION value=4
D 15:45:33.7658744 PowerTaskList.DebugPrintPower() -             tag=CREATOR value=63
D 15:45:33.7658744 PowerTaskList.DebugPrintPower() -             tag=1037 value=6
D 15:45:33.7658744 PowerTaskList.DebugPrintPower() -             tag=CREATOR_DBID value=57980
D 15:45:33.7658744 PowerTaskList.DebugPrintPower() -             tag=TECH_LEVEL value=1
D 15:45:33.7658744 PowerTaskList.DebugPrintPower() -             tag=SUPPRESS_ALL_SUMMON_VO value=1
D 15:45:33.7658744 PowerTaskList.DebugPrintPower() -             tag=SPAWN_TIME_COUNT value=1
D 15:45:33.7658744 PowerTaskList.DebugPrintPower() -             tag=SPELL_SCHOOL value=9
D 15:45:33.7658744 PowerTaskList.DebugPrintPower() -             tag=HAS_ACTIVATE_POWER value=1
D 15:45:33.7658744 PowerTaskList.DebugPrintPower() -             tag=3081 value=1
D 15:45:33.7658744 PowerTaskList.DebugPrintPower() -         TAG_CHANGE Entity=[entityName=Tavern Coin id=568 zone=PLAY zonePos=4 cardId=BG28_810 player=14] tag=NUM_TURNS_IN_PLAY value=3 
D 15:45:33.7658744 PowerTaskList.DebugPrintPower() -         TAG_CHANGE Entity=[entityName=Tavern Coin id=567 zone=SETASIDE zonePos=0 cardId=BG28_810 player=6] tag=1068 value=5 
D 15:45:33.7658744 PowerTaskList.DebugPrintPower() -         TAG_CHANGE Entity=[entityName=Tavern Coin id=567 zone=SETASIDE zonePos=0 cardId=BG28_810 player=6] tag=1068 value=0 
D 15:45:33.7658744 PowerTaskList.DebugPrintPower() -         TAG_CHANGE Entity=[entityName=Tavern Coin id=567 zone=SETASIDE zonePos=0 cardId=BG28_810 player=6] tag=ZONE value=REMOVEDFROMGAME 
D 15:45:33.7658744 PowerTaskList.DebugPrintPower() -         TAG_CHANGE Entity=[entityName=Tavern Coin id=567 zone=SETASIDE zonePos=0 cardId=BG28_810 player=6] tag=HAS_ACTIVATE_POWER value=0 
D 15:45:33.7658744 PowerTaskList.DebugPrintPower() -         TAG_CHANGE Entity=[entityName=Tavern Coin id=567 zone=SETASIDE zonePos=0 cardId=BG28_810 player=6] tag=COST value=0 
D 15:45:33.7658744 PowerTaskList.DebugPrintPower() -         TAG_CHANGE Entity=[entityName=Tavern Coin id=567 zone=SETASIDE zonePos=0 cardId=BG28_810 player=6] tag=TECH_LEVEL value=0 
D 15:45:33.7658744 PowerTaskList.DebugPrintPower() -         TAG_CHANGE Entity=[entityName=Tavern Coin id=567 zone=SETASIDE zonePos=0 cardId=BG28_810 player=6] tag=SUPPRESS_ALL_SUMMON_VO value=0 
D 15:45:33.7658744 PowerTaskList.DebugPrintPower() -         TAG_CHANGE Entity=[entityName=Tavern Coin id=567 zone=SETASIDE zonePos=0 cardId=BG28_810 player=6] tag=SPAWN_TIME_COUNT value=0 
D 15:45:33.7658744 PowerTaskList.DebugPrintPower() -         TAG_CHANGE Entity=[entityName=Tavern Coin id=567 zone=SETASIDE zonePos=0 cardId=BG28_810 player=6] tag=SPELL_SCHOOL value=0 
D 15:45:33.7658744 PowerTaskList.DebugPrintPower() -         TAG_CHANGE Entity=[entityName=Tavern Coin id=567 zone=SETASIDE zonePos=0 cardId=BG28_810 player=6] tag=3081 value=0 
D 15:45:33.7658744 PowerTaskList.DebugPrintPower() -         TAG_CHANGE Entity=[entityName=Tavern Coin id=567 zone=SETASIDE zonePos=0 cardId=BG28_810 player=6] tag=COST value=1 
D 15:45:33.7658744 PowerTaskList.DebugPrintPower() -         TAG_CHANGE Entity=[entityName=Tavern Coin id=567 zone=SETASIDE zonePos=0 cardId=BG28_810 player=6] tag=TECH_LEVEL value=1 
D 15:45:33.7658744 PowerTaskList.DebugPrintPower() -         TAG_CHANGE Entity=[entityName=Tavern Coin id=567 zone=SETASIDE zonePos=0 cardId=BG28_810 player=6] tag=SPELL_SCHOOL value=9 
D 15:45:33.7658744 PowerTaskList.DebugPrintPower() -         TAG_CHANGE Entity=[entityName=Tavern Coin id=567 zone=SETASIDE zonePos=0 cardId=BG28_810 player=6] tag=3081 value=1 
D 15:45:33.7658744 PowerTaskList.DebugPrintPower() -         TAG_CHANGE Entity=[entityName=Tavern Coin id=567 zone=SETASIDE zonePos=0 cardId=BG28_810 player=6] tag=HAS_ACTIVATE_POWER value=1 
D 15:45:33.7658744 PowerTaskList.DebugPrintPower() -     SUB_SPELL_END
D 15:45:33.7658744 PowerTaskList.DebugDump() - Block End=(null)
D 15:45:33.7658744 PowerProcessor.PrepareHistoryForCurrentTaskList() - m_currentTaskList=283
D 15:45:34.4663386 PowerProcessor.EndCurrentTaskList() - m_currentTaskList=283
D 15:45:34.4826226 PowerTaskList.DebugDump() - ID=284 ParentID=0 PreviousID=283 TaskCount=4
D 15:45:34.4826226 PowerTaskList.DebugDump() - Block Start=(null)
D 15:45:34.4826226 PowerTaskList.DebugPrintPower() -     TAG_CHANGE Entity=GameEntity tag=1453 value=0 
D 15:45:34.4826226 PowerTaskList.DebugPrintPower() -     TAG_CHANGE Entity=GameEntity tag=SUPPRESS_ALL_SUMMON_VO value=0 
D 15:45:34.4826226 PowerTaskList.DebugPrintPower() -     TAG_CHANGE Entity=GameEntity tag=MISSION_EVENT value=0 
D 15:45:34.4826226 PowerTaskList.DebugPrintPower() -     TAG_CHANGE Entity=GameEntity tag=MISSION_EVENT value=114 
D 15:45:34.4826226 PowerTaskList.DebugDump() - Block End=(null)
D 15:45:34.4826226 PowerProcessor.PrepareHistoryForCurrentTaskList() - m_currentTaskList=284
D 15:45:34.4826226 PowerProcessor.EndCurrentTaskList() - m_currentTaskList=284
D 15:45:34.4826226 PowerTaskList.DebugDump() - ID=285 ParentID=282 PreviousID=0 TaskCount=1
D 15:45:34.4826226 PowerTaskList.DebugPrintPower() - BLOCK_START BlockType=TRIGGER Entity=[entityName=Refresh id=500 zone=PLAY zonePos=0 cardId=TB_BaconShop_8p_Reroll_Button player=6] EffectCardId=System.Collections.Generic.List`1[System.String] EffectIndex=0 Target=0 SubOption=-1 TriggerKeyword=TAG_NOT_SET
D 15:45:34.4826226 PowerTaskList.DebugPrintPower() -     TAG_CHANGE Entity=dymitrq#2316 tag=2336 value=1 
D 15:45:34.4826226 PowerTaskList.DebugPrintPower() - BLOCK_END
D 15:45:34.4826226 PowerProcessor.PrepareHistoryForCurrentTaskList() - m_currentTaskList=285
D 15:45:34.4826226 PowerProcessor.EndCurrentTaskList() - m_currentTaskList=285
D 15:45:34.4826226 PowerTaskList.DebugDump() - ID=286 ParentID=0 PreviousID=284 TaskCount=0
D 15:45:34.4826226 PowerTaskList.DebugDump() - Block Start=(null)
D 15:45:34.4826226 PowerTaskList.DebugPrintPower() - BLOCK_END
D 15:45:34.4826226 PowerProcessor.PrepareHistoryForCurrentTaskList() - m_currentTaskList=286
D 15:45:34.4826226 PowerProcessor.EndCurrentTaskList() - m_currentTaskList=286
D 15:45:34.4826226 PowerTaskList.DebugDump() - ID=287 ParentID=0 PreviousID=0 TaskCount=0
D 15:45:34.4826226 PowerTaskList.DebugPrintPower() - BLOCK_START BlockType=TRIGGER Entity=[entityName=Banana Watcher id=223 zone=PLAY zonePos=0 cardId=TB_BaconShop_HP_038e player=6] EffectCardId=System.Collections.Generic.List`1[System.String] EffectIndex=0 Target=0 SubOption=-1 TriggerKeyword=2882
D 15:45:34.4826226 PowerTaskList.DebugPrintPower() - BLOCK_END
D 15:45:34.4826226 PowerProcessor.PrepareHistoryForCurrentTaskList() - m_currentTaskList=287
D 15:45:34.4826226 PowerProcessor.EndCurrentTaskList() - m_currentTaskList=287
D 15:45:34.4826226 PowerTaskList.DebugDump() - ID=288 ParentID=0 PreviousID=0 TaskCount=1
D 15:45:34.4826226 PowerTaskList.DebugPrintPower() - BLOCK_START BlockType=TRIGGER Entity=dymitrq#2316 EffectCardId=System.Collections.Generic.List`1[System.String] EffectIndex=-1 Target=0 SubOption=-1 TriggerKeyword=TAG_NOT_SET
D 15:45:34.4826226 PowerTaskList.DebugPrintPower() -     TAG_CHANGE Entity=GameEntity tag=NEXT_STEP value=MAIN_START 
D 15:45:34.4826226 PowerTaskList.DebugPrintPower() - BLOCK_END
D 15:45:34.4826226 PowerProcessor.PrepareHistoryForCurrentTaskList() - m_currentTaskList=288
D 15:45:34.4826226 PowerProcessor.EndCurrentTaskList() - m_currentTaskList=288
D 15:45:34.4826226 PowerTaskList.DebugDump() - ID=289 ParentID=0 PreviousID=0 TaskCount=0
D 15:45:34.4826226 PowerTaskList.DebugPrintPower() - BLOCK_START BlockType=TRIGGER Entity=[entityName=BaconShop8PlayerEnchant id=63 zone=PLAY zonePos=0 cardId=TB_BaconShop_8P_PlayerE player=6] EffectCardId=System.Collections.Generic.List`1[System.String] EffectIndex=7 Target=0 SubOption=-1 TriggerKeyword=TAG_NOT_SET
D 15:45:34.4826226 PowerTaskList.DebugPrintPower() - BLOCK_END
D 15:45:34.4826226 PowerProcessor.PrepareHistoryForCurrentTaskList() - m_currentTaskList=289
D 15:45:34.4826226 PowerProcessor.EndCurrentTaskList() - m_currentTaskList=289
D 15:45:34.4826226 PowerTaskList.DebugDump() - ID=290 ParentID=0 PreviousID=0 TaskCount=4
D 15:45:34.4826226 PowerTaskList.DebugDump() - Block Start=(null)
D 15:45:34.4826226 PowerTaskList.DebugPrintPower() -     FULL_ENTITY - Updating [entityName=Drag To Buy Spell id=569 zone=PLAY zonePos=0 cardId=TB_BaconShop_DragBuy_Spell player=6] CardID=TB_BaconShop_DragBuy_Spell
D 15:45:34.4826226 PowerTaskList.DebugPrintPower() -         tag=CONTROLLER value=6
D 15:45:34.4826226 PowerTaskList.DebugPrintPower() -         tag=CARDTYPE value=MOVE_MINION_HOVER_TARGET
D 15:45:34.4826226 PowerTaskList.DebugPrintPower() -         tag=ZONE value=PLAY
D 15:45:34.4826226 PowerTaskList.DebugPrintPower() -         tag=ENTITY_ID value=569
D 15:45:34.4826226 PowerTaskList.DebugPrintPower() -         tag=CREATOR value=63
D 15:45:34.4826226 PowerTaskList.DebugPrintPower() -         tag=1037 value=6
D 15:45:34.4826226 PowerTaskList.DebugPrintPower() -         tag=CREATOR_DBID value=57980
D 15:45:34.4826226 PowerTaskList.DebugPrintPower() -         tag=BACON_ACTION_CARD value=1
D 15:45:34.4826226 PowerTaskList.DebugPrintPower() -         tag=MOVE_MINION_HOVER_TARGET_SLOT value=1
D 15:45:34.4826226 PowerTaskList.DebugPrintPower() -         tag=SPAWN_TIME_COUNT value=1
D 15:45:34.4826226 PowerTaskList.DebugPrintPower() -         tag=HAS_ACTIVATE_POWER value=1
D 15:45:34.4826226 PowerTaskList.DebugPrintPower() -     TAG_CHANGE Entity=[entityName=Drag To Buy Spell id=569 zone=PLAY zonePos=0 cardId=TB_BaconShop_DragBuy_Spell player=6] tag=2442 value=568 
D 15:45:34.4826226 PowerTaskList.DebugPrintPower() -     TAG_CHANGE Entity=[entityName=Tavern Coin id=568 zone=PLAY zonePos=4 cardId=BG28_810 player=14] tag=HAS_DRAG_TO_BUY value=1 
D 15:45:34.4826226 PowerTaskList.DebugPrintPower() -     TAG_CHANGE Entity=[entityName=Drag To Buy Spell id=569 zone=PLAY zonePos=0 cardId=TB_BaconShop_DragBuy_Spell player=6] tag=COST value=1 
D 15:45:34.4826226 PowerTaskList.DebugDump() - Block End=(null)
D 15:45:34.4826226 PowerProcessor.PrepareHistoryForCurrentTaskList() - m_currentTaskList=290
D 15:45:34.5165035 PowerProcessor.EndCurrentTaskList() - m_currentTaskList=290
D 15:45:34.5325170 PowerTaskList.DebugDump() - ID=291 ParentID=0 PreviousID=0 TaskCount=2
D 15:45:34.5325170 PowerTaskList.DebugDump() - Block Start=(null)
D 15:45:34.5325170 PowerTaskList.DebugPrintPower() -     TAG_CHANGE Entity=[entityName=Sparkhoarder Togwaggle id=85 zone=PLAY zonePos=0 cardId=BG23_HERO_305_SKIN_B player=6] tag=PLAYER_LEADERBOARD_PLACE value=2 
D 15:45:34.5325170 PowerTaskList.DebugPrintPower() -     TAG_CHANGE Entity=[entityName=Rakanishu id=103 zone=SETASIDE zonePos=0 cardId=TB_BaconShop_HERO_75 player=14] tag=PLAYER_LEADERBOARD_PLACE value=3 
D 15:45:34.5325170 PowerTaskList.DebugDump() - Block End=(null)
D 15:45:34.5325170 PowerProcessor.PrepareHistoryForCurrentTaskList() - m_currentTaskList=291
D 15:45:34.5325170 PowerProcessor.EndCurrentTaskList() - m_currentTaskList=291
D 15:45:34.5325170 PowerTaskList.DebugDump() - ID=292 ParentID=0 PreviousID=0 TaskCount=1
D 15:45:34.5325170 PowerTaskList.DebugDump() - Block Start=(null)
D 15:45:34.5325170 PowerTaskList.DebugPrintPower() -     TAG_CHANGE Entity=[entityName=Murloc Holmes id=146 zone=SETASIDE zonePos=0 cardId=BG23_HERO_303 player=14] tag=PLAYER_LEADERBOARD_PLACE value=5 
D 15:45:34.5325170 PowerTaskList.DebugDump() - Block End=(null)
D 15:45:34.5325170 PowerProcessor.PrepareHistoryForCurrentTaskList() - m_currentTaskList=292
D 15:45:34.5325170 PowerProcessor.EndCurrentTaskList() - m_currentTaskList=292
D 15:45:34.5325170 PowerTaskList.DebugDump() - ID=293 ParentID=0 PreviousID=0 TaskCount=1
D 15:45:34.5325170 PowerTaskList.DebugDump() - Block Start=(null)
D 15:45:34.5325170 PowerTaskList.DebugPrintPower() -     TAG_CHANGE Entity=[entityName=Shudderwock id=161 zone=SETASIDE zonePos=0 cardId=TB_BaconShop_HERO_23 player=14] tag=PLAYER_LEADERBOARD_PLACE value=6 
D 15:45:34.5325170 PowerTaskList.DebugDump() - Block End=(null)
D 15:45:34.5325170 PowerProcessor.PrepareHistoryForCurrentTaskList() - m_currentTaskList=293
D 15:45:34.5325170 PowerProcessor.EndCurrentTaskList() - m_currentTaskList=293
D 15:45:34.5325170 PowerTaskList.DebugDump() - ID=294 ParentID=0 PreviousID=0 TaskCount=1
D 15:45:34.5325170 PowerTaskList.DebugDump() - Block Start=(null)
D 15:45:34.5325170 PowerTaskList.DebugPrintPower() -     TAG_CHANGE Entity=[entityName=Rakanishu id=103 zone=SETASIDE zonePos=0 cardId=TB_BaconShop_HERO_75 player=14] tag=PLAYER_LEADERBOARD_PLACE value=2 
D 15:45:34.5325170 PowerTaskList.DebugDump() - Block End=(null)
D 15:45:34.5325170 PowerProcessor.PrepareHistoryForCurrentTaskList() - m_currentTaskList=294
D 15:45:34.5325170 PowerProcessor.EndCurrentTaskList() - m_currentTaskList=294
D 15:45:34.5325170 PowerTaskList.DebugDump() - ID=295 ParentID=0 PreviousID=0 TaskCount=1
D 15:45:34.5325170 PowerTaskList.DebugDump() - Block Start=(null)
D 15:45:34.5325170 PowerTaskList.DebugPrintPower() -     TAG_CHANGE Entity=[entityName=Sparkhoarder Togwaggle id=85 zone=PLAY zonePos=0 cardId=BG23_HERO_305_SKIN_B player=6] tag=PLAYER_LEADERBOARD_PLACE value=3 
D 15:45:34.5325170 PowerTaskList.DebugDump() - Block End=(null)
D 15:45:34.5325170 PowerProcessor.PrepareHistoryForCurrentTaskList() - m_currentTaskList=295
D 15:45:34.5325170 PowerProcessor.EndCurrentTaskList() - m_currentTaskList=295
D 15:45:34.5325170 PowerTaskList.DebugDump() - ID=296 ParentID=0 PreviousID=0 TaskCount=1
D 15:45:34.5325170 PowerTaskList.DebugDump() - Block Start=(null)
D 15:45:34.5325170 PowerTaskList.DebugPrintPower() -     TAG_CHANGE Entity=[entityName=Shudderwock id=161 zone=SETASIDE zonePos=0 cardId=TB_BaconShop_HERO_23 player=14] tag=PLAYER_LEADERBOARD_PLACE value=5 
D 15:45:34.5325170 PowerTaskList.DebugDump() - Block End=(null)
D 15:45:34.5325170 PowerProcessor.PrepareHistoryForCurrentTaskList() - m_currentTaskList=296
D 15:45:34.5325170 PowerProcessor.EndCurrentTaskList() - m_currentTaskList=296
D 15:45:34.5325170 PowerTaskList.DebugDump() - ID=297 ParentID=0 PreviousID=0 TaskCount=1
D 15:45:34.5325170 PowerTaskList.DebugDump() - Block Start=(null)
D 15:45:34.5325170 PowerTaskList.DebugPrintPower() -     TAG_CHANGE Entity=[entityName=Murloc Holmes id=146 zone=SETASIDE zonePos=0 cardId=BG23_HERO_303 player=14] tag=PLAYER_LEADERBOARD_PLACE value=6 
D 15:45:34.5325170 PowerTaskList.DebugDump() - Block End=(null)
D 15:45:34.5325170 PowerProcessor.PrepareHistoryForCurrentTaskList() - m_currentTaskList=297
D 15:45:34.5325170 PowerProcessor.EndCurrentTaskList() - m_currentTaskList=297
D 15:45:34.5325170 PowerTaskList.DebugDump() - ID=298 ParentID=0 PreviousID=0 TaskCount=1
D 15:45:34.5325170 PowerTaskList.DebugDump() - Block Start=(null)
D 15:45:34.5325170 PowerTaskList.DebugPrintPower() -     TAG_CHANGE Entity=GameEntity tag=STEP value=MAIN_START 
D 15:45:34.5325170 PowerTaskList.DebugDump() - Block End=(null)
D 15:45:34.5325170 PowerProcessor.PrepareHistoryForCurrentTaskList() - m_currentTaskList=298
D 15:45:34.5325170 PowerProcessor.EndCurrentTaskList() - m_currentTaskList=298
D 15:45:34.5325170 PowerTaskList.DebugDump() - ID=299 ParentID=0 PreviousID=0 TaskCount=1
D 15:45:34.5325170 PowerTaskList.DebugPrintPower() - BLOCK_START BlockType=TRIGGER Entity=dymitrq#2316 EffectCardId=System.Collections.Generic.List`1[System.String] EffectIndex=-1 Target=0 SubOption=-1 TriggerKeyword=TAG_NOT_SET
D 15:45:34.5325170 PowerTaskList.DebugPrintPower() -     TAG_CHANGE Entity=GameEntity tag=NEXT_STEP value=MAIN_ACTION 
D 15:45:34.5325170 PowerTaskList.DebugPrintPower() - BLOCK_END
D 15:45:34.5325170 PowerProcessor.PrepareHistoryForCurrentTaskList() - m_currentTaskList=299
D 15:45:34.5325170 PowerProcessor.EndCurrentTaskList() - m_currentTaskList=299
D 15:45:34.5325170 PowerTaskList.DebugDump() - ID=300 ParentID=0 PreviousID=0 TaskCount=6
D 15:45:34.5325170 PowerTaskList.DebugPrintPower() - BLOCK_START BlockType=TRIGGER Entity=[entityName=BaconShop8PlayerEnchant id=63 zone=PLAY zonePos=0 cardId=TB_BaconShop_8P_PlayerE player=6] EffectCardId=System.Collections.Generic.List`1[System.String] EffectIndex=4 Target=0 SubOption=-1 TriggerKeyword=TAG_NOT_SET
D 15:45:34.5325170 PowerTaskList.DebugPrintPower() -     FULL_ENTITY - Updating [entityName=Check Triples id=602 zone=SETASIDE zonePos=0 cardId=TB_BaconShop_CheckTriples player=6] CardID=TB_BaconShop_CheckTriples
D 15:45:34.5325170 PowerTaskList.DebugPrintPower() -         tag=CONTROLLER value=6
D 15:45:34.5325170 PowerTaskList.DebugPrintPower() -         tag=CARDTYPE value=SPELL
D 15:45:34.5325170 PowerTaskList.DebugPrintPower() -         tag=ZONE value=SETASIDE
D 15:45:34.5325170 PowerTaskList.DebugPrintPower() -         tag=ENTITY_ID value=602
D 15:45:34.5325170 PowerTaskList.DebugPrintPower() -         tag=CREATOR value=63
D 15:45:34.5325170 PowerTaskList.DebugPrintPower() -         tag=1037 value=6
D 15:45:34.5325170 PowerTaskList.DebugPrintPower() -         tag=1200 value=1
D 15:45:34.5325170 PowerTaskList.DebugPrintPower() -         tag=CREATOR_DBID value=57980
D 15:45:34.5325170 PowerTaskList.DebugPrintPower() -         tag=SPAWN_TIME_COUNT value=1
D 15:45:34.5325170 PowerTaskList.DebugPrintPower() -     TAG_CHANGE Entity=[entityName=Check Triples id=602 zone=SETASIDE zonePos=0 cardId=TB_BaconShop_CheckTriples player=6] tag=1715 value=63 
D 15:45:34.5325170 PowerTaskList.DebugPrintPower() -     TAG_CHANGE Entity=[entityName=Check Triples id=602 zone=SETASIDE zonePos=0 cardId=TB_BaconShop_CheckTriples player=6] tag=1068 value=1 
D 15:45:34.5325170 PowerTaskList.DebugPrintPower() -     TAG_CHANGE Entity=[entityName=Check Triples id=602 zone=SETASIDE zonePos=0 cardId=TB_BaconShop_CheckTriples player=6] tag=1068 value=0 
D 15:45:34.5325170 PowerTaskList.DebugPrintPower() -     TAG_CHANGE Entity=[entityName=Check Triples id=602 zone=SETASIDE zonePos=0 cardId=TB_BaconShop_CheckTriples player=6] tag=ZONE value=PLAY 
D 15:45:34.5325170 PowerTaskList.DebugPrintPower() -     META_DATA - Meta=HISTORY_TARGET Data=0 InfoCount=1
D 15:45:34.5325170 PowerTaskList.DebugPrintPower() -                 Info[0] = [entityName=Check Triples id=602 zone=SETASIDE zonePos=0 cardId=TB_BaconShop_CheckTriples player=6]
D 15:45:34.5325170 PowerTaskList.DebugDump() - Block End=(null)
D 15:45:34.5325170 PowerProcessor.PrepareHistoryForCurrentTaskList() - m_currentTaskList=300
D 15:45:34.5604832 PowerProcessor.EndCurrentTaskList() - m_currentTaskList=300
D 15:45:34.5655423 PowerTaskList.DebugDump() - ID=301 ParentID=300 PreviousID=0 TaskCount=0
D 15:45:34.5655423 PowerTaskList.DebugPrintPower() - BLOCK_START BlockType=POWER Entity=[entityName=Check Triples id=602 zone=PLAY zonePos=0 cardId=TB_BaconShop_CheckTriples player=6] EffectCardId=System.Collections.Generic.List`1[System.String] EffectIndex=0 Target=0 SubOption=-1 
D 15:45:34.5655423 PowerTaskList.DebugPrintPower() - BLOCK_END
D 15:45:34.5655423 PowerProcessor.PrepareHistoryForCurrentTaskList() - m_currentTaskList=301
D 15:45:34.5655423 PowerProcessor.EndCurrentTaskList() - m_currentTaskList=301
D 15:45:34.5655423 PowerTaskList.DebugDump() - ID=302 ParentID=0 PreviousID=300 TaskCount=4
D 15:45:34.5655423 PowerTaskList.DebugDump() - Block Start=(null)
D 15:45:34.5655423 PowerTaskList.DebugPrintPower() -     TAG_CHANGE Entity=[entityName=Check Triples id=602 zone=PLAY zonePos=0 cardId=TB_BaconShop_CheckTriples player=6] tag=1068 value=4 
D 15:45:34.5655423 PowerTaskList.DebugPrintPower() -     TAG_CHANGE Entity=[entityName=Check Triples id=602 zone=PLAY zonePos=0 cardId=TB_BaconShop_CheckTriples player=6] tag=1068 value=0 
D 15:45:34.5655423 PowerTaskList.DebugPrintPower() -     TAG_CHANGE Entity=[entityName=Check Triples id=602 zone=PLAY zonePos=0 cardId=TB_BaconShop_CheckTriples player=6] tag=ZONE value=GRAVEYARD 
D 15:45:34.5655423 PowerTaskList.DebugPrintPower() -     TAG_CHANGE Entity=[entityName=Annoy-o-Tron id=561 zone=PLAY zonePos=1 cardId=BG_GVG_085 player=14] tag=BACON_PAIR_CANDIDATE value=1 
D 15:45:34.5655423 PowerTaskList.DebugPrintPower() - BLOCK_END
D 15:45:34.5655423 PowerProcessor.PrepareHistoryForCurrentTaskList() - m_currentTaskList=302
D 15:45:34.5988075 PowerProcessor.EndCurrentTaskList() - m_currentTaskList=302
D 15:45:34.6158800 PowerTaskList.DebugDump() - ID=303 ParentID=0 PreviousID=0 TaskCount=1
D 15:45:34.6158800 PowerTaskList.DebugDump() - Block Start=(null)
D 15:45:34.6158800 PowerTaskList.DebugPrintPower() -     TAG_CHANGE Entity=GameEntity tag=STEP value=MAIN_ACTION 
D 15:45:34.6158800 PowerTaskList.DebugDump() - Block End=(null)
D 15:45:34.6158800 PowerProcessor.PrepareHistoryForCurrentTaskList() - m_currentTaskList=303
D 15:45:34.6158800 PowerProcessor.EndCurrentTaskList() - m_currentTaskList=303
D 15:45:34.6158800 PowerTaskList.DebugDump() - ID=304 ParentID=0 PreviousID=0 TaskCount=1
D 15:45:34.6158800 PowerTaskList.DebugPrintPower() - BLOCK_START BlockType=TRIGGER Entity=dymitrq#2316 EffectCardId=System.Collections.Generic.List`1[System.String] EffectIndex=-1 Target=0 SubOption=-1 TriggerKeyword=TAG_NOT_SET
D 15:45:34.6158800 PowerTaskList.DebugPrintPower() -     TAG_CHANGE Entity=GameEntity tag=NEXT_STEP value=MAIN_END 
D 15:45:34.6158800 PowerTaskList.DebugPrintPower() - BLOCK_END
D 15:45:34.6158800 PowerProcessor.PrepareHistoryForCurrentTaskList() - m_currentTaskList=304
D 15:45:34.6158800 PowerProcessor.EndCurrentTaskList() - m_currentTaskList=304
D 15:45:34.6158800 PowerTaskList.DebugDump() - ID=305 ParentID=0 PreviousID=0 TaskCount=1
D 15:45:34.6158800 PowerTaskList.DebugDump() - Block Start=(null)
D 15:45:34.6158800 PowerTaskList.DebugPrintPower() -     TAG_CHANGE Entity=[entityName=Rakanishu id=103 zone=SETASIDE zonePos=0 cardId=TB_BaconShop_HERO_75 player=14] tag=PLAYER_TECH_LEVEL value=2 
D 15:45:34.6158800 PowerTaskList.DebugDump() - Block End=(null)
D 15:45:34.6158800 PowerProcessor.PrepareHistoryForCurrentTaskList() - m_currentTaskList=305
D 15:45:34.6158800 PowerProcessor.EndCurrentTaskList() - m_currentTaskList=305
D 15:45:34.6158800 PowerTaskList.DebugDump() - ID=306 ParentID=0 PreviousID=0 TaskCount=1
D 15:45:34.6158800 PowerTaskList.DebugDump() - Block Start=(null)
D 15:45:34.6158800 PowerTaskList.DebugPrintPower() -     TAG_CHANGE Entity=[entityName=Sire Denathrius id=131 zone=SETASIDE zonePos=0 cardId=BG24_HERO_100 player=14] tag=PLAYER_TECH_LEVEL value=2 
D 15:45:34.6158800 PowerTaskList.DebugDump() - Block End=(null)
D 15:45:34.6158800 PowerProcessor.PrepareHistoryForCurrentTaskList() - m_currentTaskList=306
D 15:45:34.6158800 PowerProcessor.EndCurrentTaskList() - m_currentTaskList=306
D 15:45:35.1880718 GameState.SendOption() - selectedOption=5 selectedSubOption=-1 selectedTarget=0 selectedPosition=0
D 15:45:35.4824598 GameState.DebugPrintPowerList() - Count=37
D 15:45:35.4824598 GameState.DebugPrintPower() - TAG_CHANGE Entity=[entityName=Annoy-o-Tron id=435 zone=PLAY zonePos=1 cardId=BG_GVG_085 player=6] tag=1196 value=0 
D 15:45:35.4824598 GameState.DebugPrintPower() - TAG_CHANGE Entity=[entityName=Annoy-o-Tron id=561 zone=PLAY zonePos=1 cardId=BG_GVG_085 player=14] tag=1196 value=0 
D 15:45:35.4824598 GameState.DebugPrintPower() - TAG_CHANGE Entity=[entityName=Scallywag id=563 zone=PLAY zonePos=2 cardId=BGS_061 player=14] tag=1196 value=0 
D 15:45:35.4824598 GameState.DebugPrintPower() - TAG_CHANGE Entity=[entityName=Cord Puller id=565 zone=PLAY zonePos=3 cardId=BG29_611 player=14] tag=1196 value=0 
D 15:45:35.4824598 GameState.DebugPrintPower() - BLOCK_START BlockType=PLAY Entity=[entityName=Tavern Tier 2 id=503 zone=PLAY zonePos=0 cardId=TB_BaconShopTechUp02_Button player=6] EffectCardId=System.Collections.Generic.List`1[System.String] EffectIndex=0 Target=0 SubOption=-1 
D 15:45:35.4824598 GameState.DebugPrintPower() -     TAG_CHANGE Entity=dymitrq#2316 tag=2245 value=4 
D 15:45:35.4824598 GameState.DebugPrintPower() -     TAG_CHANGE Entity=dymitrq#2316 tag=RESOURCES_USED value=4 
D 15:45:35.4824598 GameState.DebugPrintPower() -     TAG_CHANGE Entity=dymitrq#2316 tag=NUM_RESOURCES_SPENT_THIS_GAME value=7 
D 15:45:35.4824598 GameState.DebugPrintPower() -     BLOCK_START BlockType=POWER Entity=[entityName=Tavern Tier 2 id=503 zone=PLAY zonePos=0 cardId=TB_BaconShopTechUp02_Button player=6] EffectCardId=System.Collections.Generic.List`1[System.String] EffectIndex=0 Target=0 SubOption=-1 
D 15:45:35.4824598 GameState.DebugPrintPower() -         TAG_CHANGE Entity=dymitrq#2316 tag=PLAYER_TECH_LEVEL value=2 
D 15:45:35.4824598 GameState.DebugPrintPower() -         TAG_CHANGE Entity=[entityName=Sparkhoarder Togwaggle id=85 zone=PLAY zonePos=0 cardId=BG23_HERO_305_SKIN_B player=6] tag=PLAYER_TECH_LEVEL value=2 
D 15:45:35.4824598 GameState.DebugPrintPower() -         TAG_CHANGE Entity=dymitrq#2316 tag=1469 value=0 
D 15:45:35.4824598 GameState.DebugPrintPower() -         TAG_CHANGE Entity=[entityName=Tavern Tier 2 id=503 zone=PLAY zonePos=0 cardId=TB_BaconShopTechUp02_Button player=6] tag=BACON_ACTION_CARD value=0 
D 15:45:35.4824598 GameState.DebugPrintPower() -         SUB_SPELL_START - SpellPrefabGUID=Holy_Targeted_Healing_ImpactOnly_FX:98a6ddb5b34da2a419a16dcab9a2ef2c Source=503 TargetCount=1
D 15:45:35.4824598 GameState.DebugPrintPower() -                           Source = [entityName=Tavern Tier 2 id=503 zone=PLAY zonePos=0 cardId=TB_BaconShopTechUp02_Button player=6]
D 15:45:35.4824598 GameState.DebugPrintPower() -                           Targets[0] = [entityName=Tavern Tier 2 id=503 zone=PLAY zonePos=0 cardId=TB_BaconShopTechUp02_Button player=6]
D 15:45:35.4824598 GameState.DebugPrintPower() -         SUB_SPELL_END
D 15:45:35.4824598 GameState.DebugPrintPower() -         TAG_CHANGE Entity=[entityName=Tavern Tier 2 id=503 zone=PLAY zonePos=0 cardId=TB_BaconShopTechUp02_Button player=6] tag=1068 value=6 
D 15:45:35.4824598 GameState.DebugPrintPower() -         TAG_CHANGE Entity=[entityName=Tavern Tier 2 id=503 zone=PLAY zonePos=0 cardId=TB_BaconShopTechUp02_Button player=6] tag=1068 value=0 
D 15:45:35.4824598 GameState.DebugPrintPower() -         TAG_CHANGE Entity=[entityName=Tavern Tier 2 id=503 zone=PLAY zonePos=0 cardId=TB_BaconShopTechUp02_Button player=6] tag=SUPPRESS_ALL_SUMMON_VO value=0 
D 15:45:35.4824598 GameState.DebugPrintPower() -         TAG_CHANGE Entity=[entityName=Tavern Tier 2 id=503 zone=PLAY zonePos=0 cardId=TB_BaconShopTechUp02_Button player=6] tag=ZONE value=SETASIDE 
D 15:45:35.4824598 GameState.DebugPrintPower() -         FULL_ENTITY - Creating ID=610 CardID=TB_BaconShopTechUp03_Button
D 15:45:35.4824598 GameState.DebugPrintPower() -             tag=CONTROLLER value=6
D 15:45:35.4824598 GameState.DebugPrintPower() -             tag=CARDTYPE value=GAME_MODE_BUTTON
D 15:45:35.4824598 GameState.DebugPrintPower() -             tag=TAG_LAST_KNOWN_COST_IN_HAND value=7
D 15:45:35.4824598 GameState.DebugPrintPower() -             tag=COST value=7
D 15:45:35.4824598 GameState.DebugPrintPower() -             tag=ZONE value=PLAY
D 15:45:35.4824598 GameState.DebugPrintPower() -             tag=ENTITY_ID value=610
D 15:45:35.4824598 GameState.DebugPrintPower() -             tag=CREATOR value=503
D 15:45:35.4824598 GameState.DebugPrintPower() -             tag=1037 value=6
D 15:45:35.4824598 GameState.DebugPrintPower() -             tag=CREATOR_DBID value=59561
D 15:45:35.4824598 GameState.DebugPrintPower() -             tag=BACON_ACTION_CARD value=1
D 15:45:35.4824598 GameState.DebugPrintPower() -             tag=GAME_MODE_BUTTON_SLOT value=3
D 15:45:35.4824598 GameState.DebugPrintPower() -             tag=TECH_LEVEL value=3
D 15:45:35.4824598 GameState.DebugPrintPower() -             tag=SPAWN_TIME_COUNT value=1
D 15:45:35.4824598 GameState.DebugPrintPower() -             tag=HAS_ACTIVATE_POWER value=1
D 15:45:35.4824598 GameState.DebugPrintPower() -         TAG_CHANGE Entity=GameEntity tag=MISSION_EVENT value=0 
D 15:45:35.4824598 GameState.DebugPrintPower() -         TAG_CHANGE Entity=GameEntity tag=MISSION_EVENT value=101 
D 15:45:35.4824598 GameState.DebugPrintPower() -         TAG_CHANGE Entity=dymitrq#2316 tag=1569 value=4 
D 15:45:35.4824598 GameState.DebugPrintPower() -         TAG_CHANGE Entity=[entityName=Tavern Tier 2 id=503 zone=PLAY zonePos=0 cardId=TB_BaconShopTechUp02_Button player=6] tag=TRANSIENT_ENTITY value=1 
D 15:45:35.4824598 GameState.DebugPrintPower() -     BLOCK_END
D 15:45:35.4824598 GameState.DebugPrintPower() -     TAG_CHANGE Entity=[entityName=Tavern Tier 2 id=503 zone=PLAY zonePos=0 cardId=TB_BaconShopTechUp02_Button player=6] tag=COST value=5 
D 15:45:35.4824598 GameState.DebugPrintPower() -     BLOCK_START BlockType=TRIGGER Entity=[entityName=3ofKindCheckPlayerEnchant id=557 zone=PLAY zonePos=0 cardId=TB_BaconShop_3ofKindChecke player=6] EffectCardId=System.Collections.Generic.List`1[System.String] EffectIndex=0 Target=0 SubOption=-1 TriggerKeyword=TAG_NOT_SET
D 15:45:35.4824598 GameState.DebugPrintPower() -     BLOCK_END
D 15:45:35.4824598 GameState.DebugPrintPower() -     BLOCK_START BlockType=TRIGGER Entity=[entityName=3ofKindCheckPlayerEnchant id=557 zone=PLAY zonePos=0 cardId=TB_BaconShop_3ofKindChecke player=6] EffectCardId=System.Collections.Generic.List`1[System.String] EffectIndex=-1 Target=0 SubOption=-1 TriggerKeyword=TAG_NOT_SET
D 15:45:35.4824598 GameState.DebugPrintPower() -     BLOCK_END
D 15:45:35.4824598 GameState.DebugPrintPower() -     TAG_CHANGE Entity=GameEntity tag=1323 value=5 
D 15:45:35.4824598 GameState.DebugPrintPower() -     TAG_CHANGE Entity=dymitrq#2316 tag=NUM_OPTIONS_PLAYED_THIS_TURN value=1 
D 15:45:35.4824598 GameState.DebugPrintPower() -     BLOCK_START BlockType=TRIGGER Entity=Bartender Bob EffectCardId=System.Collections.Generic.List`1[System.String] EffectIndex=14 Target=0 SubOption=-1 TriggerKeyword=TAG_NOT_SET
D 15:45:35.4824598 GameState.DebugPrintPower() -     BLOCK_END
D 15:45:35.4824598 GameState.DebugPrintPower() -     BLOCK_START BlockType=TRIGGER Entity=dymitrq#2316 EffectCardId=System.Collections.Generic.List`1[System.String] EffectIndex=14 Target=0 SubOption=-1 TriggerKeyword=TAG_NOT_SET
D 15:45:35.4824598 GameState.DebugPrintPower() -     BLOCK_END
D 15:45:35.4824598 GameState.DebugPrintPower() - BLOCK_END
D 15:45:35.4824598 PowerTaskList.DebugDump() - ID=307 ParentID=0 PreviousID=0 TaskCount=4
D 15:45:35.4824598 PowerTaskList.DebugDump() - Block Start=(null)
D 15:45:35.4824598 PowerTaskList.DebugPrintPower() -     TAG_CHANGE Entity=[entityName=Annoy-o-Tron id=435 zone=PLAY zonePos=1 cardId=BG_GVG_085 player=6] tag=1196 value=0 
D 15:45:35.4824598 PowerTaskList.DebugPrintPower() -     TAG_CHANGE Entity=[entityName=Annoy-o-Tron id=561 zone=PLAY zonePos=1 cardId=BG_GVG_085 player=14] tag=1196 value=0 
D 15:45:35.4824598 PowerTaskList.DebugPrintPower() -     TAG_CHANGE Entity=[entityName=Scallywag id=563 zone=PLAY zonePos=2 cardId=BGS_061 player=14] tag=1196 value=0 
D 15:45:35.4824598 PowerTaskList.DebugPrintPower() -     TAG_CHANGE Entity=[entityName=Cord Puller id=565 zone=PLAY zonePos=3 cardId=BG29_611 player=14] tag=1196 value=0 
D 15:45:35.4824598 PowerTaskList.DebugDump() - Block End=(null)
D 15:45:35.4824598 PowerProcessor.PrepareHistoryForCurrentTaskList() - m_currentTaskList=307
D 15:45:35.4824598 PowerProcessor.EndCurrentTaskList() - m_currentTaskList=307
D 15:45:35.4824598 PowerTaskList.DebugDump() - ID=308 ParentID=0 PreviousID=0 TaskCount=3
D 15:45:35.4824598 PowerTaskList.DebugPrintPower() - BLOCK_START BlockType=PLAY Entity=[entityName=Tavern Tier 2 id=503 zone=PLAY zonePos=0 cardId=TB_BaconShopTechUp02_Button player=6] EffectCardId=System.Collections.Generic.List`1[System.String] EffectIndex=0 Target=0 SubOption=-1 
D 15:45:35.4824598 PowerTaskList.DebugPrintPower() -     TAG_CHANGE Entity=dymitrq#2316 tag=2245 value=4 
D 15:45:35.4824598 PowerTaskList.DebugPrintPower() -     TAG_CHANGE Entity=dymitrq#2316 tag=RESOURCES_USED value=4 
D 15:45:35.4824598 PowerTaskList.DebugPrintPower() -     TAG_CHANGE Entity=dymitrq#2316 tag=NUM_RESOURCES_SPENT_THIS_GAME value=7 
D 15:45:35.4824598 PowerTaskList.DebugDump() - Block End=(null)
D 15:45:35.4824598 PowerProcessor.PrepareHistoryForCurrentTaskList() - m_currentTaskList=308
D 15:45:35.4824598 PowerProcessor.DoTaskListForCard() - unhandled BlockType PLAY for sourceEntity [entityName=Tavern Tier 2 id=503 zone=PLAY zonePos=0 cardId=TB_BaconShopTechUp02_Button player=6]
D 15:45:35.4824598 PowerProcessor.EndCurrentTaskList() - m_currentTaskList=308
D 15:45:35.4824598 PowerTaskList.DebugDump() - ID=309 ParentID=308 PreviousID=0 TaskCount=4
D 15:45:35.4824598 PowerTaskList.DebugPrintPower() - BLOCK_START BlockType=POWER Entity=[entityName=Tavern Tier 2 id=503 zone=PLAY zonePos=0 cardId=TB_BaconShopTechUp02_Button player=6] EffectCardId=System.Collections.Generic.List`1[System.String] EffectIndex=0 Target=0 SubOption=-1 
D 15:45:35.4824598 PowerTaskList.DebugPrintPower() -     TAG_CHANGE Entity=dymitrq#2316 tag=PLAYER_TECH_LEVEL value=2 
D 15:45:35.4824598 PowerTaskList.DebugPrintPower() -     TAG_CHANGE Entity=[entityName=Sparkhoarder Togwaggle id=85 zone=PLAY zonePos=0 cardId=BG23_HERO_305_SKIN_B player=6] tag=PLAYER_TECH_LEVEL value=2 
D 15:45:35.4824598 PowerTaskList.DebugPrintPower() -     TAG_CHANGE Entity=dymitrq#2316 tag=1469 value=0 
D 15:45:35.4824598 PowerTaskList.DebugPrintPower() -     TAG_CHANGE Entity=[entityName=Tavern Tier 2 id=503 zone=PLAY zonePos=0 cardId=TB_BaconShopTechUp02_Button player=6] tag=BACON_ACTION_CARD value=0 
D 15:45:35.4824598 PowerTaskList.DebugDump() - Block End=(null)
D 15:45:35.4824598 PowerProcessor.PrepareHistoryForCurrentTaskList() - m_currentTaskList=309
D 15:45:35.4824598 PowerProcessor.EndCurrentTaskList() - m_currentTaskList=309
D 15:45:35.4824598 PowerTaskList.DebugDump() - ID=310 ParentID=308 PreviousID=309 TaskCount=2
D 15:45:35.4824598 PowerTaskList.DebugDump() - Block Start=(null)
D 15:45:35.4824598 PowerTaskList.DebugPrintPower() -     SUB_SPELL_START - SpellPrefabGUID=Holy_Targeted_Healing_ImpactOnly_FX:98a6ddb5b34da2a419a16dcab9a2ef2c Source=503 TargetCount=1
D 15:45:35.4824598 PowerTaskList.DebugPrintPower() -                       Source = [entityName=Tavern Tier 2 id=503 zone=PLAY zonePos=0 cardId=TB_BaconShopTechUp02_Button player=6]
D 15:45:35.4824598 PowerTaskList.DebugPrintPower() -                       Targets[0] = [entityName=Tavern Tier 2 id=503 zone=PLAY zonePos=0 cardId=TB_BaconShopTechUp02_Button player=6]
D 15:45:35.4824598 PowerTaskList.DebugPrintPower() -     SUB_SPELL_END
D 15:45:35.4824598 PowerTaskList.DebugDump() - Block End=(null)
D 15:45:35.4824598 PowerProcessor.PrepareHistoryForCurrentTaskList() - m_currentTaskList=310
D 15:45:35.4999441 GameState.DebugPrintOptions() - id=7
D 15:45:35.4999441 GameState.DebugPrintOptions() -   option 0 type=END_TURN mainEntity= error=INVALID errorParam=
D 15:45:35.4999441 GameState.DebugPrintOptions() -   option 1 type=POWER mainEntity=[entityName=Annoy-o-Tron id=435 zone=PLAY zonePos=1 cardId=BG_GVG_085 player=6] error=NONE errorParam=
D 15:45:35.4999441 GameState.DebugPrintOptions() -   option 2 type=POWER mainEntity=[entityName=Freeze id=501 zone=PLAY zonePos=0 cardId=TB_BaconShopLockAll_Button player=6] error=NONE errorParam=
D 15:45:35.4999441 GameState.DebugPrintOptions() -   option 3 type=POWER mainEntity=[entityName=Drag To Sell id=502 zone=PLAY zonePos=0 cardId=TB_BaconShop_DragSell player=6] error=NONE errorParam=
D 15:45:35.4999441 GameState.DebugPrintOptions() -     target 0 entity=[entityName=Annoy-o-Tron id=435 zone=PLAY zonePos=1 cardId=BG_GVG_085 player=6] error=NONE errorParam=
D 15:45:35.4999441 GameState.DebugPrintOptions() -     target 1 entity=[entityName=Sparkhoarder Togwaggle id=85 zone=PLAY zonePos=0 cardId=BG23_HERO_305_SKIN_B player=6] error=REQ_MINION_TARGET errorParam=
D 15:45:35.4999441 GameState.DebugPrintOptions() -     target 2 entity=[entityName=Bartender Bob id=62 zone=PLAY zonePos=0 cardId=TB_BaconShopBob player=14] error=REQ_FRIENDLY_TARGET errorParam=
D 15:45:35.4999441 GameState.DebugPrintOptions() -     target 3 entity=[entityName=Annoy-o-Tron id=561 zone=PLAY zonePos=1 cardId=BG_GVG_085 player=14] error=REQ_FRIENDLY_TARGET errorParam=
D 15:45:35.4999441 GameState.DebugPrintOptions() -     target 4 entity=[entityName=Scallywag id=563 zone=PLAY zonePos=2 cardId=BGS_061 player=14] error=REQ_FRIENDLY_TARGET errorParam=
D 15:45:35.4999441 GameState.DebugPrintOptions() -     target 5 entity=[entityName=Cord Puller id=565 zone=PLAY zonePos=3 cardId=BG29_611 player=14] error=REQ_FRIENDLY_TARGET errorParam=
D 15:45:35.4999441 GameState.DebugPrintOptions() -     target 6 entity=[entityName=Tavern Coin id=568 zone=PLAY zonePos=4 cardId=BG28_810 player=14] error=REQ_MINION_TARGET errorParam=
D 15:45:35.4999441 GameState.DebugPrintOptions() -   option 4 type=POWER mainEntity=[entityName=Annoy-o-Tron id=561 zone=PLAY zonePos=1 cardId=BG_GVG_085 player=14] error=NONE errorParam=
D 15:45:35.4999441 GameState.DebugPrintOptions() -   option 5 type=POWER mainEntity=[entityName=Scallywag id=563 zone=PLAY zonePos=2 cardId=BGS_061 player=14] error=NONE errorParam=
D 15:45:35.4999441 GameState.DebugPrintOptions() -   option 6 type=POWER mainEntity=[entityName=Cord Puller id=565 zone=PLAY zonePos=3 cardId=BG29_611 player=14] error=NONE errorParam=
D 15:45:35.4999441 GameState.DebugPrintOptions() -   option 7 type=POWER mainEntity=[entityName=Tavern Coin id=568 zone=PLAY zonePos=4 cardId=BG28_810 player=14] error=NONE errorParam=
D 15:45:35.4999441 GameState.DebugPrintOptions() -   option 8 type=POWER mainEntity=[entityName=Sparkhoarder Togwaggle id=85 zone=PLAY zonePos=0 cardId=BG23_HERO_305_SKIN_B player=6] error=REQ_ATTACK_GREATER_THAN_0 errorParam=
D 15:45:35.4999441 GameState.DebugPrintOptions() -   option 9 type=POWER mainEntity=[entityName=The Perfect Crime id=166 zone=PLAY zonePos=0 cardId=BG23_HERO_305p player=6] error=REQ_ENOUGH_MANA errorParam=
D 15:45:35.4999441 GameState.DebugPrintOptions() -   option 10 type=POWER mainEntity=[entityName=Buddy Meter id=356 zone=PLAY zonePos=0 cardId=BG22_BuddyMeter player=6] error=REQ_ENOUGH_MANA errorParam=
D 15:45:35.4999441 GameState.DebugPrintOptions() -   option 11 type=POWER mainEntity=[entityName=Annoy-o-Tron id=435 zone=PLAY zonePos=1 cardId=BG_GVG_085 player=6] error=REQ_ATTACKER_CAN_ATTACK errorParam=
D 15:45:35.4999441 GameState.DebugPrintOptions() -   option 12 type=POWER mainEntity=[entityName=Bartender Bob id=62 zone=PLAY zonePos=0 cardId=TB_BaconShopBob player=14] error=REQ_YOUR_TURN errorParam=
D 15:45:35.4999441 GameState.DebugPrintOptions() -   option 13 type=POWER mainEntity=[entityName=Refresh id=500 zone=PLAY zonePos=0 cardId=TB_BaconShop_8p_Reroll_Button player=6] error=REQ_ENOUGH_MANA errorParam=
D 15:45:35.4999441 GameState.DebugPrintOptions() -   option 14 type=POWER mainEntity=[entityName=Drag To Buy id=562 zone=PLAY zonePos=0 cardId=TB_BaconShop_DragBuy player=6] error=REQ_ENOUGH_MANA errorParam=
D 15:45:35.4999441 GameState.DebugPrintOptions() -   option 15 type=POWER mainEntity=[entityName=Drag To Buy id=564 zone=PLAY zonePos=0 cardId=TB_BaconShop_DragBuy player=6] error=REQ_ENOUGH_MANA errorParam=
D 15:45:35.4999441 GameState.DebugPrintOptions() -   option 16 type=POWER mainEntity=[entityName=Drag To Buy id=566 zone=PLAY zonePos=0 cardId=TB_BaconShop_DragBuy player=6] error=REQ_ENOUGH_MANA errorParam=
D 15:45:35.4999441 GameState.DebugPrintOptions() -   option 17 type=POWER mainEntity=[entityName=Drag To Buy Spell id=569 zone=PLAY zonePos=0 cardId=TB_BaconShop_DragBuy_Spell player=6] error=REQ_ENOUGH_MANA errorParam=
D 15:45:35.4999441 GameState.DebugPrintOptions() -   option 18 type=POWER mainEntity=[entityName=Tavern Tier 3 id=610 zone=PLAY zonePos=0 cardId=TB_BaconShopTechUp03_Button player=6] error=REQ_ENOUGH_MANA errorParam=
D 15:45:35.5984816 PowerProcessor.EndCurrentTaskList() - m_currentTaskList=310
D 15:45:35.5984816 PowerTaskList.DebugDump() - ID=311 ParentID=308 PreviousID=310 TaskCount=9
D 15:45:35.5984816 PowerTaskList.DebugDump() - Block Start=(null)
D 15:45:35.5984816 PowerTaskList.DebugPrintPower() -     TAG_CHANGE Entity=[entityName=Tavern Tier 2 id=503 zone=PLAY zonePos=0 cardId=TB_BaconShopTechUp02_Button player=6] tag=1068 value=6 
D 15:45:35.5984816 PowerTaskList.DebugPrintPower() -     TAG_CHANGE Entity=[entityName=Tavern Tier 2 id=503 zone=PLAY zonePos=0 cardId=TB_BaconShopTechUp02_Button player=6] tag=1068 value=0 
D 15:45:35.5984816 PowerTaskList.DebugPrintPower() -     TAG_CHANGE Entity=[entityName=Tavern Tier 2 id=503 zone=PLAY zonePos=0 cardId=TB_BaconShopTechUp02_Button player=6] tag=SUPPRESS_ALL_SUMMON_VO value=0 
D 15:45:35.5984816 PowerTaskList.DebugPrintPower() -     TAG_CHANGE Entity=[entityName=Tavern Tier 2 id=503 zone=PLAY zonePos=0 cardId=TB_BaconShopTechUp02_Button player=6] tag=ZONE value=SETASIDE 
D 15:45:35.5984816 PowerTaskList.DebugPrintPower() -     FULL_ENTITY - Updating [entityName=Tavern Tier 3 id=610 zone=PLAY zonePos=0 cardId=TB_BaconShopTechUp03_Button player=6] CardID=TB_BaconShopTechUp03_Button
D 15:45:35.5984816 PowerTaskList.DebugPrintPower() -         tag=CONTROLLER value=6
D 15:45:35.5984816 PowerTaskList.DebugPrintPower() -         tag=CARDTYPE value=GAME_MODE_BUTTON
D 15:45:35.5984816 PowerTaskList.DebugPrintPower() -         tag=TAG_LAST_KNOWN_COST_IN_HAND value=7
D 15:45:35.5984816 PowerTaskList.DebugPrintPower() -         tag=COST value=7
D 15:45:35.5984816 PowerTaskList.DebugPrintPower() -         tag=ZONE value=PLAY
D 15:45:35.5984816 PowerTaskList.DebugPrintPower() -         tag=ENTITY_ID value=610
D 15:45:35.5984816 PowerTaskList.DebugPrintPower() -         tag=CREATOR value=503
D 15:45:35.5984816 PowerTaskList.DebugPrintPower() -         tag=1037 value=6
D 15:45:35.5984816 PowerTaskList.DebugPrintPower() -         tag=CREATOR_DBID value=59561
D 15:45:35.5984816 PowerTaskList.DebugPrintPower() -         tag=BACON_ACTION_CARD value=1
D 15:45:35.5984816 PowerTaskList.DebugPrintPower() -         tag=GAME_MODE_BUTTON_SLOT value=3
D 15:45:35.5984816 PowerTaskList.DebugPrintPower() -         tag=TECH_LEVEL value=3
D 15:45:35.5984816 PowerTaskList.DebugPrintPower() -         tag=SPAWN_TIME_COUNT value=1
D 15:45:35.5984816 PowerTaskList.DebugPrintPower() -         tag=HAS_ACTIVATE_POWER value=1
D 15:45:35.5984816 PowerTaskList.DebugPrintPower() -     TAG_CHANGE Entity=GameEntity tag=MISSION_EVENT value=0 
D 15:45:35.5984816 PowerTaskList.DebugPrintPower() -     TAG_CHANGE Entity=GameEntity tag=MISSION_EVENT value=101 
D 15:45:35.5984816 PowerTaskList.DebugPrintPower() -     TAG_CHANGE Entity=dymitrq#2316 tag=1569 value=4 
D 15:45:35.5984816 PowerTaskList.DebugPrintPower() -     TAG_CHANGE Entity=[entityName=Tavern Tier 2 id=503 zone=PLAY zonePos=0 cardId=TB_BaconShopTechUp02_Button player=6] tag=TRANSIENT_ENTITY value=1 
D 15:45:35.5984816 PowerTaskList.DebugPrintPower() - BLOCK_END
D 15:45:35.5984816 PowerProcessor.PrepareHistoryForCurrentTaskList() - m_currentTaskList=311
D 15:45:36.6662960 PowerProcessor.EndCurrentTaskList() - m_currentTaskList=311
D 15:45:36.6827165 PowerTaskList.DebugDump() - ID=312 ParentID=0 PreviousID=308 TaskCount=1
D 15:45:36.6827165 PowerTaskList.DebugDump() - Block Start=(null)
D 15:45:36.6827165 PowerTaskList.DebugPrintPower() -     TAG_CHANGE Entity=[entityName=Tavern Tier 2 id=503 zone=SETASIDE zonePos=0 cardId=TB_BaconShopTechUp02_Button player=6] tag=COST value=5 
D 15:45:36.6827165 PowerTaskList.DebugDump() - Block End=(null)
D 15:45:36.6827165 PowerProcessor.PrepareHistoryForCurrentTaskList() - m_currentTaskList=312
D 15:45:36.6827165 PowerProcessor.DoTaskListForCard() - unhandled BlockType PLAY for sourceEntity [entityName=Tavern Tier 2 id=503 zone=SETASIDE zonePos=0 cardId=TB_BaconShopTechUp02_Button player=6]
D 15:45:36.6827165 PowerProcessor.EndCurrentTaskList() - m_currentTaskList=312
D 15:45:36.6827165 PowerTaskList.DebugDump() - ID=313 ParentID=308 PreviousID=0 TaskCount=0
D 15:45:36.6827165 PowerTaskList.DebugPrintPower() - BLOCK_START BlockType=TRIGGER Entity=[entityName=3ofKindCheckPlayerEnchant id=557 zone=PLAY zonePos=0 cardId=TB_BaconShop_3ofKindChecke player=6] EffectCardId=System.Collections.Generic.List`1[System.String] EffectIndex=0 Target=0 SubOption=-1 TriggerKeyword=TAG_NOT_SET
D 15:45:36.6827165 PowerTaskList.DebugPrintPower() - BLOCK_END
D 15:45:36.6827165 PowerProcessor.PrepareHistoryForCurrentTaskList() - m_currentTaskList=313
D 15:45:36.6827165 PowerProcessor.EndCurrentTaskList() - m_currentTaskList=313
D 15:45:36.6827165 PowerTaskList.DebugDump() - ID=314 ParentID=0 PreviousID=312 TaskCount=0
D 15:45:36.6827165 PowerTaskList.DebugDump() - Block Start=(null)
D 15:45:36.6827165 PowerTaskList.DebugDump() - Block End=(null)
D 15:45:36.6827165 PowerProcessor.PrepareHistoryForCurrentTaskList() - m_currentTaskList=314
D 15:45:36.6827165 PowerProcessor.DoTaskListForCard() - unhandled BlockType PLAY for sourceEntity [entityName=Tavern Tier 2 id=503 zone=SETASIDE zonePos=0 cardId=TB_BaconShopTechUp02_Button player=6]
D 15:45:36.6827165 PowerProcessor.EndCurrentTaskList() - m_currentTaskList=314
D 15:45:36.6827165 PowerTaskList.DebugDump() - ID=315 ParentID=308 PreviousID=0 TaskCount=0
D 15:45:36.6827165 PowerTaskList.DebugPrintPower() - BLOCK_START BlockType=TRIGGER Entity=[entityName=3ofKindCheckPlayerEnchant id=557 zone=PLAY zonePos=0 cardId=TB_BaconShop_3ofKindChecke player=6] EffectCardId=System.Collections.Generic.List`1[System.String] EffectIndex=-1 Target=0 SubOption=-1 TriggerKeyword=TAG_NOT_SET
D 15:45:36.6827165 PowerTaskList.DebugPrintPower() - BLOCK_END
D 15:45:36.6827165 PowerProcessor.PrepareHistoryForCurrentTaskList() - m_currentTaskList=315
D 15:45:36.6827165 PowerProcessor.EndCurrentTaskList() - m_currentTaskList=315
D 15:45:36.6827165 PowerTaskList.DebugDump() - ID=316 ParentID=0 PreviousID=314 TaskCount=2
D 15:45:36.6827165 PowerTaskList.DebugDump() - Block Start=(null)
D 15:45:36.6827165 PowerTaskList.DebugPrintPower() -     TAG_CHANGE Entity=GameEntity tag=1323 value=5 
D 15:45:36.6827165 PowerTaskList.DebugPrintPower() -     TAG_CHANGE Entity=dymitrq#2316 tag=NUM_OPTIONS_PLAYED_THIS_TURN value=1 
D 15:45:36.6827165 PowerTaskList.DebugDump() - Block End=(null)
D 15:45:36.6827165 PowerProcessor.PrepareHistoryForCurrentTaskList() - m_currentTaskList=316
D 15:45:36.6827165 PowerProcessor.DoTaskListForCard() - unhandled BlockType PLAY for sourceEntity [entityName=Tavern Tier 2 id=503 zone=SETASIDE zonePos=0 cardId=TB_BaconShopTechUp02_Button player=6]
D 15:45:36.6827165 PowerProcessor.EndCurrentTaskList() - m_currentTaskList=316
D 15:45:36.6827165 PowerTaskList.DebugDump() - ID=317 ParentID=308 PreviousID=0 TaskCount=0
D 15:45:36.6827165 PowerTaskList.DebugPrintPower() - BLOCK_START BlockType=TRIGGER Entity=Bartender Bob EffectCardId=System.Collections.Generic.List`1[System.String] EffectIndex=14 Target=0 SubOption=-1 TriggerKeyword=TAG_NOT_SET
D 15:45:36.6827165 PowerTaskList.DebugPrintPower() - BLOCK_END
D 15:45:36.6827165 PowerProcessor.PrepareHistoryForCurrentTaskList() - m_currentTaskList=317
D 15:45:36.6827165 PowerProcessor.EndCurrentTaskList() - m_currentTaskList=317
D 15:45:36.6827165 PowerTaskList.DebugDump() - ID=318 ParentID=0 PreviousID=316 TaskCount=0
D 15:45:36.6827165 PowerTaskList.DebugDump() - Block Start=(null)
D 15:45:36.6827165 PowerTaskList.DebugDump() - Block End=(null)
D 15:45:36.6827165 PowerProcessor.PrepareHistoryForCurrentTaskList() - m_currentTaskList=318
D 15:45:36.6827165 PowerProcessor.DoTaskListForCard() - unhandled BlockType PLAY for sourceEntity [entityName=Tavern Tier 2 id=503 zone=SETASIDE zonePos=0 cardId=TB_BaconShopTechUp02_Button player=6]
D 15:45:36.6827165 PowerProcessor.EndCurrentTaskList() - m_currentTaskList=318
D 15:45:36.6827165 PowerTaskList.DebugDump() - ID=319 ParentID=308 PreviousID=0 TaskCount=0
D 15:45:36.6827165 PowerTaskList.DebugPrintPower() - BLOCK_START BlockType=TRIGGER Entity=dymitrq#2316 EffectCardId=System.Collections.Generic.List`1[System.String] EffectIndex=14 Target=0 SubOption=-1 TriggerKeyword=TAG_NOT_SET
D 15:45:36.6827165 PowerTaskList.DebugPrintPower() - BLOCK_END
D 15:45:36.6827165 PowerProcessor.PrepareHistoryForCurrentTaskList() - m_currentTaskList=319
D 15:45:36.6827165 PowerProcessor.EndCurrentTaskList() - m_currentTaskList=319
D 15:45:36.6827165 PowerTaskList.DebugDump() - ID=320 ParentID=0 PreviousID=318 TaskCount=0
D 15:45:36.6827165 PowerTaskList.DebugDump() - Block Start=(null)
D 15:45:36.6827165 PowerTaskList.DebugPrintPower() - BLOCK_END
D 15:45:36.6827165 PowerProcessor.PrepareHistoryForCurrentTaskList() - m_currentTaskList=320
D 15:45:36.6827165 PowerProcessor.DoTaskListForCard() - unhandled BlockType PLAY for sourceEntity [entityName=Tavern Tier 2 id=503 zone=SETASIDE zonePos=0 cardId=TB_BaconShopTechUp02_Button player=6]
D 15:45:36.6827165 PowerProcessor.EndCurrentTaskList() - m_currentTaskList=320
D 15:45:36.9659574 GameState.DebugPrintPowerList() - Count=1
D 15:45:36.9659574 GameState.DebugPrintPower() - TAG_CHANGE Entity=[entityName=Shudderwock id=161 zone=SETASIDE zonePos=0 cardId=TB_BaconShop_HERO_23 player=14] tag=PLAYER_TECH_LEVEL value=2 
D 15:45:36.9659574 PowerTaskList.DebugDump() - ID=321 ParentID=0 PreviousID=0 TaskCount=1
D 15:45:36.9659574 PowerTaskList.DebugDump() - Block Start=(null)
D 15:45:36.9659574 PowerTaskList.DebugPrintPower() -     TAG_CHANGE Entity=[entityName=Shudderwock id=161 zone=SETASIDE zonePos=0 cardId=TB_BaconShop_HERO_23 player=14] tag=PLAYER_TECH_LEVEL value=2 
D 15:45:36.9659574 PowerTaskList.DebugDump() - Block End=(null)
D 15:45:36.9659574 PowerProcessor.PrepareHistoryForCurrentTaskList() - m_currentTaskList=321
D 15:45:36.9659574 PowerProcessor.EndCurrentTaskList() - m_currentTaskList=321
D 15:45:40.5493445 GameState.DebugPrintPowerList() - Count=1
D 15:45:40.5493445 GameState.DebugPrintPower() - TAG_CHANGE Entity=[entityName=Murloc Holmes id=146 zone=SETASIDE zonePos=0 cardId=BG23_HERO_303 player=14] tag=PLAYER_TECH_LEVEL value=2 
D 15:45:40.5493445 PowerTaskList.DebugDump() - ID=322 ParentID=0 PreviousID=0 TaskCount=1
D 15:45:40.5493445 PowerTaskList.DebugDump() - Block Start=(null)
D 15:45:40.5493445 PowerTaskList.DebugPrintPower() -     TAG_CHANGE Entity=[entityName=Murloc Holmes id=146 zone=SETASIDE zonePos=0 cardId=BG23_HERO_303 player=14] tag=PLAYER_TECH_LEVEL value=2 
D 15:45:40.5493445 PowerTaskList.DebugDump() - Block End=(null)
D 15:45:40.5493445 PowerProcessor.PrepareHistoryForCurrentTaskList() - m_currentTaskList=322
D 15:45:40.5493445 PowerProcessor.EndCurrentTaskList() - m_currentTaskList=322
D 15:46:14.1649245 GameState.DebugPrintPowerList() - Count=351
D 15:46:14.1649245 GameState.DebugPrintPower() - META_DATA - Meta=ARTIFICIAL_HISTORY_INTERRUPT Data=0 InfoCount=0
D 15:46:14.1649245 GameState.DebugPrintPower() - TAG_CHANGE Entity=GameEntity tag=STEP value=MAIN_END 
D 15:46:14.1649245 GameState.DebugPrintPower() - BLOCK_START BlockType=TRIGGER Entity=[entityName=BaconShop8PlayerEnchant id=63 zone=PLAY zonePos=0 cardId=TB_BaconShop_8P_PlayerE player=6] EffectCardId=System.Collections.Generic.List`1[System.String] EffectIndex=33 Target=0 SubOption=-1 TriggerKeyword=TAG_NOT_SET
D 15:46:14.1649245 GameState.DebugPrintPower() -     TAG_CHANGE Entity=[entityName=Annoy-o-Tron id=435 zone=PLAY zonePos=1 cardId=BG_GVG_085 player=6] tag=SPAWN_TIME_COUNT value=0 
D 15:46:14.1649245 GameState.DebugPrintPower() -     TAG_CHANGE Entity=[entityName=Annoy-o-Tron id=435 zone=PLAY zonePos=1 cardId=BG_GVG_085 player=6] tag=SPAWN_TIME_COUNT value=1 
D 15:46:14.1649245 GameState.DebugPrintPower() - BLOCK_END
D 15:46:14.1649245 GameState.DebugPrintPower() - BLOCK_START BlockType=TRIGGER Entity=[entityName=3ofKindCheckPlayerEnchant id=557 zone=PLAY zonePos=0 cardId=TB_BaconShop_3ofKindChecke player=6] EffectCardId=System.Collections.Generic.List`1[System.String] EffectIndex=2 Target=0 SubOption=-1 TriggerKeyword=TAG_NOT_SET
D 15:46:14.1649245 GameState.DebugPrintPower() -     TAG_CHANGE Entity=[entityName=3ofKindCheckPlayerEnchant id=557 zone=PLAY zonePos=0 cardId=TB_BaconShop_3ofKindChecke player=6] tag=2747 value=557 
D 15:46:14.1649245 GameState.DebugPrintPower() -     TAG_CHANGE Entity=[entityName=3ofKindCheckPlayerEnchant id=557 zone=PLAY zonePos=0 cardId=TB_BaconShop_3ofKindChecke player=6] tag=LAST_AFFECTED_BY value=557 
D 15:46:14.1649245 GameState.DebugPrintPower() -     TAG_CHANGE Entity=[entityName=3ofKindCheckPlayerEnchant id=557 zone=PLAY zonePos=0 cardId=TB_BaconShop_3ofKindChecke player=6] tag=1068 value=4 
D 15:46:14.1649245 GameState.DebugPrintPower() -     TAG_CHANGE Entity=[entityName=3ofKindCheckPlayerEnchant id=557 zone=PLAY zonePos=0 cardId=TB_BaconShop_3ofKindChecke player=6] tag=1068 value=0 
D 15:46:14.1649245 GameState.DebugPrintPower() -     TAG_CHANGE Entity=[entityName=3ofKindCheckPlayerEnchant id=557 zone=PLAY zonePos=0 cardId=TB_BaconShop_3ofKindChecke player=6] tag=ZONE value=GRAVEYARD 
D 15:46:14.1649245 GameState.DebugPrintPower() -     TAG_CHANGE Entity=[entityName=3ofKindCheckPlayerEnchant id=557 zone=PLAY zonePos=0 cardId=TB_BaconShop_3ofKindChecke player=6] tag=1234 value=17 
D 15:46:14.1649245 GameState.DebugPrintPower() -     HIDE_ENTITY - Entity=[entityName=3ofKindCheckPlayerEnchant id=557 zone=PLAY zonePos=0 cardId=TB_BaconShop_3ofKindChecke player=6] tag=ZONE value=GRAVEYARD
D 15:46:14.1649245 GameState.DebugPrintPower() - BLOCK_END
D 15:46:14.1649245 GameState.DebugPrintPower() - BLOCK_START BlockType=TRIGGER Entity=[entityName=BaconShop8PlayerEnchant id=63 zone=PLAY zonePos=0 cardId=TB_BaconShop_8P_PlayerE player=6] EffectCardId=System.Collections.Generic.List`1[System.String] EffectIndex=-1 Target=0 SubOption=-1 TriggerKeyword=2882
D 15:46:14.1649245 GameState.DebugPrintPower() -     TAG_CHANGE Entity=GameEntity tag=SUPPRESS_ALL_SUMMON_VO value=1 
D 15:46:14.1649245 GameState.DebugPrintPower() -     TAG_CHANGE Entity=GameEntity tag=MISSION_EVENT value=0 
D 15:46:14.1649245 GameState.DebugPrintPower() -     TAG_CHANGE Entity=GameEntity tag=MISSION_EVENT value=117 
D 15:46:14.1649245 GameState.DebugPrintPower() - BLOCK_END
D 15:46:14.1649245 GameState.DebugPrintPower() - BLOCK_START BlockType=TRIGGER Entity=[entityName=BaconShop8PlayerEnchant id=63 zone=PLAY zonePos=0 cardId=TB_BaconShop_8P_PlayerE player=6] EffectCardId=System.Collections.Generic.List`1[System.String] EffectIndex=29 Target=0 SubOption=-1 TriggerKeyword=TAG_NOT_SET
D 15:46:14.1649245 GameState.DebugPrintPower() -     TAG_CHANGE Entity=dymitrq#2316 tag=2717 value=0 
D 15:46:14.1649245 GameState.DebugPrintPower() -     TAG_CHANGE Entity=[entityName=Annoy-o-Tron id=435 zone=PLAY zonePos=1 cardId=BG_GVG_085 player=6] tag=BACON_DIED_LAST_COMBAT value=0 
D 15:46:14.1649245 GameState.DebugPrintPower() - BLOCK_END
D 15:46:14.1649245 GameState.DebugPrintPower() - BLOCK_START BlockType=TRIGGER Entity=[entityName=The Perfect Crime id=166 zone=PLAY zonePos=0 cardId=BG23_HERO_305p player=6] EffectCardId=System.Collections.Generic.List`1[System.String] EffectIndex=0 Target=0 SubOption=-1 TriggerKeyword=TAG_NOT_SET
D 15:46:14.1649245 GameState.DebugPrintPower() -     SUB_SPELL_START - SpellPrefabGUID=Coins_ImpactOnly_FX:636e6c2d37fdf2945b2232ef7ba20145 Source=166 TargetCount=1
D 15:46:14.1649245 GameState.DebugPrintPower() -                       Source = [entityName=The Perfect Crime id=166 zone=PLAY zonePos=0 cardId=BG23_HERO_305p player=6]
D 15:46:14.1649245 GameState.DebugPrintPower() -                       Targets[0] = [entityName=The Perfect Crime id=166 zone=PLAY zonePos=0 cardId=BG23_HERO_305p player=6]
D 15:46:14.1649245 GameState.DebugPrintPower() -         TAG_CHANGE Entity=[entityName=The Perfect Crime id=166 zone=PLAY zonePos=0 cardId=BG23_HERO_305p player=6] tag=COST value=9 
D 15:46:14.1649245 GameState.DebugPrintPower() -     SUB_SPELL_END
D 15:46:14.1649245 GameState.DebugPrintPower() - BLOCK_END
D 15:46:14.1649245 GameState.DebugPrintPower() - BLOCK_START BlockType=TRIGGER Entity=Bartender Bob EffectCardId=System.Collections.Generic.List`1[System.String] EffectIndex=-1 Target=0 SubOption=-1 TriggerKeyword=TAG_NOT_SET
D 15:46:14.1649245 GameState.DebugPrintPower() - BLOCK_END
D 15:46:14.1649245 GameState.DebugPrintPower() - BLOCK_START BlockType=TRIGGER Entity=dymitrq#2316 EffectCardId=System.Collections.Generic.List`1[System.String] EffectIndex=-1 Target=0 SubOption=-1 TriggerKeyword=TAG_NOT_SET
D 15:46:14.1649245 GameState.DebugPrintPower() -     TAG_CHANGE Entity=GameEntity tag=NEXT_STEP value=MAIN_CLEANUP 
D 15:46:14.1649245 GameState.DebugPrintPower() - BLOCK_END
D 15:46:14.1649245 GameState.DebugPrintPower() - BLOCK_START BlockType=TRIGGER Entity=dymitrq#2316 EffectCardId=System.Collections.Generic.List`1[System.String] EffectIndex=-1 Target=0 SubOption=-1 TriggerKeyword=TAG_NOT_SET
D 15:46:14.1649245 GameState.DebugPrintPower() - BLOCK_END
D 15:46:14.1649245 GameState.DebugPrintPower() - BLOCK_START BlockType=TRIGGER Entity=[entityName=Freeze id=501 zone=PLAY zonePos=0 cardId=TB_BaconShopLockAll_Button player=6] EffectCardId=System.Collections.Generic.List`1[System.String] EffectIndex=0 Target=0 SubOption=-1 TriggerKeyword=TAG_NOT_SET
D 15:46:14.1649245 GameState.DebugPrintPower() - BLOCK_END
D 15:46:14.1649245 GameState.DebugPrintPower() - BLOCK_START BlockType=TRIGGER Entity=[entityName=BaconShop8PlayerEnchant id=63 zone=PLAY zonePos=0 cardId=TB_BaconShop_8P_PlayerE player=6] EffectCardId=System.Collections.Generic.List`1[System.String] EffectIndex=22 Target=0 SubOption=-1 TriggerKeyword=TAG_NOT_SET
D 15:46:14.1649245 GameState.DebugPrintPower() - BLOCK_END
D 15:46:14.1649245 GameState.DebugPrintPower() - BLOCK_START BlockType=TRIGGER Entity=[entityName=BaconShop8PlayerEnchant id=63 zone=PLAY zonePos=0 cardId=TB_BaconShop_8P_PlayerE player=6] EffectCardId=System.Collections.Generic.List`1[System.String] EffectIndex=35 Target=0 SubOption=-1 TriggerKeyword=TAG_NOT_SET
D 15:46:14.1649245 GameState.DebugPrintPower() -     TAG_CHANGE Entity=[entityName=TagTransferPlayerEnchant [DNT] id=390 zone=PLAY zonePos=0 cardId=Bacon_TagTransferPlayerE player=6] tag=2245 value=4 
D 15:46:14.1649245 GameState.DebugPrintPower() -     TAG_CHANGE Entity=[entityName=TagTransferPlayerEnchant [DNT] id=390 zone=PLAY zonePos=0 cardId=Bacon_TagTransferPlayerE player=6] tag=2753 value=103652 
D 15:46:14.1649245 GameState.DebugPrintPower() -     TAG_CHANGE Entity=[entityName=TagTransferPlayerEnchant [DNT] id=390 zone=PLAY zonePos=0 cardId=Bacon_TagTransferPlayerE player=6] tag=RESOURCES value=4 
D 15:46:14.1649245 GameState.DebugPrintPower() -     TAG_CHANGE Entity=[entityName=TagTransferPlayerEnchant [DNT] id=390 zone=PLAY zonePos=0 cardId=Bacon_TagTransferPlayerE player=6] tag=PLAYER_TECH_LEVEL value=2 
D 15:46:14.1649245 GameState.DebugPrintPower() -     TAG_CHANGE Entity=[entityName=TagTransferPlayerEnchant [DNT] id=390 zone=PLAY zonePos=0 cardId=Bacon_TagTransferPlayerE player=6] tag=1487 value=1 
D 15:46:14.1649245 GameState.DebugPrintPower() - BLOCK_END
D 15:46:14.1649245 GameState.DebugPrintPower() - TAG_CHANGE Entity=GameEntity tag=STEP value=MAIN_CLEANUP 
D 15:46:14.1649245 GameState.DebugPrintPower() - BLOCK_START BlockType=TRIGGER Entity=Bartender Bob EffectCardId=System.Collections.Generic.List`1[System.String] EffectIndex=-1 Target=0 SubOption=-1 TriggerKeyword=TAG_NOT_SET
D 15:46:14.1649245 GameState.DebugPrintPower() - BLOCK_END
D 15:46:14.1649245 GameState.DebugPrintPower() - BLOCK_START BlockType=TRIGGER Entity=dymitrq#2316 EffectCardId=System.Collections.Generic.List`1[System.String] EffectIndex=-1 Target=0 SubOption=-1 TriggerKeyword=TAG_NOT_SET
D 15:46:14.1649245 GameState.DebugPrintPower() -     TAG_CHANGE Entity=GameEntity tag=NEXT_STEP value=MAIN_NEXT 
D 15:46:14.1649245 GameState.DebugPrintPower() - BLOCK_END
D 15:46:14.1649245 GameState.DebugPrintPower() - TAG_CHANGE Entity=GameEntity tag=STEP value=MAIN_NEXT 
D 15:46:14.1649245 GameState.DebugPrintPower() - BLOCK_START BlockType=TRIGGER Entity=GameEntity EffectCardId=System.Collections.Generic.List`1[System.String] EffectIndex=0 Target=0 SubOption=-1 TriggerKeyword=TAG_NOT_SET
D 15:46:14.1649245 GameState.DebugPrintPower() -     TAG_CHANGE Entity=dymitrq#2316 tag=1292 value=0 
D 15:46:14.1649245 GameState.DebugPrintPower() -     TAG_CHANGE Entity=Bartender Bob tag=1292 value=1 
D 15:46:14.1649245 GameState.DebugPrintPower() -     TAG_CHANGE Entity=dymitrq#2316 tag=TIMEOUT value=50 
D 15:46:14.1649245 GameState.DebugPrintPower() -     TAG_CHANGE Entity=dymitrq#2316 tag=CURRENT_PLAYER value=0 
D 15:46:14.1649245 GameState.DebugPrintPower() -     TAG_CHANGE Entity=Bartender Bob tag=CURRENT_PLAYER value=1 
D 15:46:14.1649245 GameState.DebugPrintPower() -     TAG_CHANGE Entity=GameEntity tag=TURN value=4 
D 15:46:14.1649245 GameState.DebugPrintPower() -     TAG_CHANGE Entity=GameEntity tag=1882 value=4 
D 15:46:14.1649245 GameState.DebugPrintPower() -     TAG_CHANGE Entity=Bartender Bob tag=TURN value=2 
D 15:46:14.1649245 GameState.DebugPrintPower() -     TAG_CHANGE Entity=GameEntity tag=NEXT_STEP value=MAIN_READY 
D 15:46:14.1649245 GameState.DebugPrintPower() - BLOCK_END
D 15:46:14.1649245 GameState.DebugPrintPower() - BLOCK_START BlockType=TRIGGER Entity=[entityName=BaconShop8PlayerEnchant id=63 zone=PLAY zonePos=0 cardId=TB_BaconShop_8P_PlayerE player=6] EffectCardId=System.Collections.Generic.List`1[System.String] EffectIndex=-1 Target=0 SubOption=-1 TriggerKeyword=TAG_NOT_SET
D 15:46:14.1649245 GameState.DebugPrintPower() -     TAG_CHANGE Entity=GameEntity tag=BOARD_VISUAL_STATE value=2 
D 15:46:14.1649245 GameState.DebugPrintPower() -     TAG_CHANGE Entity=GameEntity tag=MISSION_EVENT value=2 
D 15:46:14.1649245 GameState.DebugPrintPower() -     TAG_CHANGE Entity=GameEntity tag=1488 value=0 
D 15:46:14.1649245 GameState.DebugPrintPower() -     TAG_CHANGE Entity=dymitrq#2316 tag=3075 value=0 
D 15:46:14.1649245 GameState.DebugPrintPower() -     META_DATA - Meta=SLUSH_TIME Data=3000 InfoCount=1
D 15:46:14.1649245 GameState.DebugPrintPower() -                 Info[0] = [entityName=BaconShop8PlayerEnchant id=63 zone=PLAY zonePos=0 cardId=TB_BaconShop_8P_PlayerE player=6]
D 15:46:14.1649245 GameState.DebugPrintPower() -     TAG_CHANGE Entity=[entityName=Annoy-o-Tron id=561 zone=PLAY zonePos=1 cardId=BG_GVG_085 player=14] tag=1068 value=5 
D 15:46:14.1649245 GameState.DebugPrintPower() -     TAG_CHANGE Entity=[entityName=Annoy-o-Tron id=561 zone=PLAY zonePos=1 cardId=BG_GVG_085 player=14] tag=1068 value=0 
D 15:46:14.1649245 GameState.DebugPrintPower() -     TAG_CHANGE Entity=[entityName=Annoy-o-Tron id=561 zone=PLAY zonePos=1 cardId=BG_GVG_085 player=14] tag=SUPPRESS_ALL_SUMMON_VO value=0 
D 15:46:14.1649245 GameState.DebugPrintPower() -     TAG_CHANGE Entity=[entityName=Annoy-o-Tron id=561 zone=PLAY zonePos=1 cardId=BG_GVG_085 player=14] tag=1254 value=0 
D 15:46:14.1649245 GameState.DebugPrintPower() -     TAG_CHANGE Entity=[entityName=Tavern Coin id=568 zone=PLAY zonePos=4 cardId=BG28_810 player=14] tag=ZONE_POSITION value=3 
D 15:46:14.1649245 GameState.DebugPrintPower() -     TAG_CHANGE Entity=[entityName=Cord Puller id=565 zone=PLAY zonePos=3 cardId=BG29_611 player=14] tag=ZONE_POSITION value=2 
D 15:46:14.1649245 GameState.DebugPrintPower() -     TAG_CHANGE Entity=[entityName=Scallywag id=563 zone=PLAY zonePos=2 cardId=BGS_061 player=14] tag=ZONE_POSITION value=1 
D 15:46:14.1649245 GameState.DebugPrintPower() -     TAG_CHANGE Entity=[entityName=Annoy-o-Tron id=561 zone=PLAY zonePos=1 cardId=BG_GVG_085 player=14] tag=ZONE_POSITION value=0 
D 15:46:14.1649245 GameState.DebugPrintPower() -     TAG_CHANGE Entity=[entityName=Annoy-o-Tron id=561 zone=PLAY zonePos=1 cardId=BG_GVG_085 player=14] tag=ZONE value=REMOVEDFROMGAME 
D 15:46:14.1649245 GameState.DebugPrintPower() -     TAG_CHANGE Entity=[entityName=Annoy-o-Tron id=561 zone=PLAY zonePos=1 cardId=BG_GVG_085 player=14] tag=HAS_ACTIVATE_POWER value=0 
D 15:46:14.1649245 GameState.DebugPrintPower() -     TAG_CHANGE Entity=[entityName=Annoy-o-Tron id=561 zone=PLAY zonePos=1 cardId=BG_GVG_085 player=14] tag=ATK value=0 
D 15:46:14.1649245 GameState.DebugPrintPower() -     TAG_CHANGE Entity=[entityName=Annoy-o-Tron id=561 zone=PLAY zonePos=1 cardId=BG_GVG_085 player=14] tag=HEALTH value=0 
D 15:46:14.1649245 GameState.DebugPrintPower() -     TAG_CHANGE Entity=[entityName=Annoy-o-Tron id=561 zone=PLAY zonePos=1 cardId=BG_GVG_085 player=14] tag=TAUNT value=0 
D 15:46:14.1649245 GameState.DebugPrintPower() -     TAG_CHANGE Entity=[entityName=Annoy-o-Tron id=561 zone=PLAY zonePos=1 cardId=BG_GVG_085 player=14] tag=DIVINE_SHIELD value=0 
D 15:46:14.1649245 GameState.DebugPrintPower() -     TAG_CHANGE Entity=[entityName=Annoy-o-Tron id=561 zone=PLAY zonePos=1 cardId=BG_GVG_085 player=14] tag=CANT_ATTACK value=0 
D 15:46:14.1649245 GameState.DebugPrintPower() -     TAG_CHANGE Entity=[entityName=Annoy-o-Tron id=561 zone=PLAY zonePos=1 cardId=BG_GVG_085 player=14] tag=NUM_TURNS_IN_PLAY value=0 
D 15:46:14.1649245 GameState.DebugPrintPower() -     TAG_CHANGE Entity=[entityName=Annoy-o-Tron id=561 zone=PLAY zonePos=1 cardId=BG_GVG_085 player=14] tag=BACON_TRIPLE_UPGRADE_MINION_ID value=0 
D 15:46:14.1649245 GameState.DebugPrintPower() -     TAG_CHANGE Entity=[entityName=Annoy-o-Tron id=561 zone=PLAY zonePos=1 cardId=BG_GVG_085 player=14] tag=TECH_LEVEL value=0 
D 15:46:14.1649245 GameState.DebugPrintPower() -     TAG_CHANGE Entity=[entityName=Annoy-o-Tron id=561 zone=PLAY zonePos=1 cardId=BG_GVG_085 player=14] tag=IS_BACON_POOL_MINION value=0 
D 15:46:14.1649245 GameState.DebugPrintPower() -     TAG_CHANGE Entity=[entityName=Annoy-o-Tron id=561 zone=PLAY zonePos=1 cardId=BG_GVG_085 player=14] tag=SPAWN_TIME_COUNT value=0 
D 15:46:14.1649245 GameState.DebugPrintPower() -     TAG_CHANGE Entity=[entityName=Annoy-o-Tron id=561 zone=PLAY zonePos=1 cardId=BG_GVG_085 player=14] tag=1595 value=0 
D 15:46:14.1649245 GameState.DebugPrintPower() -     TAG_CHANGE Entity=[entityName=Annoy-o-Tron id=561 zone=PLAY zonePos=1 cardId=BG_GVG_085 player=14] tag=BACON_PAIR_CANDIDATE value=0 
D 15:46:14.1649245 GameState.DebugPrintPower() -     TAG_CHANGE Entity=[entityName=Annoy-o-Tron id=561 zone=PLAY zonePos=1 cardId=BG_GVG_085 player=14] tag=ATK value=1 
D 15:46:14.1649245 GameState.DebugPrintPower() -     TAG_CHANGE Entity=[entityName=Annoy-o-Tron id=561 zone=PLAY zonePos=1 cardId=BG_GVG_085 player=14] tag=HEALTH value=2 
D 15:46:14.1649245 GameState.DebugPrintPower() -     TAG_CHANGE Entity=[entityName=Annoy-o-Tron id=561 zone=PLAY zonePos=1 cardId=BG_GVG_085 player=14] tag=TAUNT value=1 
D 15:46:14.1649245 GameState.DebugPrintPower() -     TAG_CHANGE Entity=[entityName=Annoy-o-Tron id=561 zone=PLAY zonePos=1 cardId=BG_GVG_085 player=14] tag=DIVINE_SHIELD value=1 
D 15:46:14.1649245 GameState.DebugPrintPower() -     TAG_CHANGE Entity=[entityName=Annoy-o-Tron id=561 zone=PLAY zonePos=1 cardId=BG_GVG_085 player=14] tag=BACON_TRIPLE_UPGRADE_MINION_ID value=103653 
D 15:46:14.1649245 GameState.DebugPrintPower() -     TAG_CHANGE Entity=[entityName=Annoy-o-Tron id=561 zone=PLAY zonePos=1 cardId=BG_GVG_085 player=14] tag=TECH_LEVEL value=1 
D 15:46:14.1649245 GameState.DebugPrintPower() -     TAG_CHANGE Entity=[entityName=Annoy-o-Tron id=561 zone=PLAY zonePos=1 cardId=BG_GVG_085 player=14] tag=IS_BACON_POOL_MINION value=1 
D 15:46:14.1649245 GameState.DebugPrintPower() -     TAG_CHANGE Entity=[entityName=Annoy-o-Tron id=561 zone=PLAY zonePos=1 cardId=BG_GVG_085 player=14] tag=1595 value=1 
D 15:46:14.1649245 GameState.DebugPrintPower() -     TAG_CHANGE Entity=[entityName=Annoy-o-Tron id=561 zone=PLAY zonePos=1 cardId=BG_GVG_085 player=14] tag=HAS_ACTIVATE_POWER value=1 
D 15:46:14.1649245 GameState.DebugPrintPower() -     TAG_CHANGE Entity=[entityName=Scallywag id=563 zone=PLAY zonePos=2 cardId=BGS_061 player=14] tag=1068 value=5 
D 15:46:14.1649245 GameState.DebugPrintPower() -     TAG_CHANGE Entity=[entityName=Scallywag id=563 zone=PLAY zonePos=2 cardId=BGS_061 player=14] tag=1068 value=0 
D 15:46:14.1649245 GameState.DebugPrintPower() -     TAG_CHANGE Entity=[entityName=Scallywag id=563 zone=PLAY zonePos=2 cardId=BGS_061 player=14] tag=SUPPRESS_ALL_SUMMON_VO value=0 
D 15:46:14.1649245 GameState.DebugPrintPower() -     TAG_CHANGE Entity=[entityName=Scallywag id=563 zone=PLAY zonePos=2 cardId=BGS_061 player=14] tag=1254 value=0 
D 15:46:14.1649245 GameState.DebugPrintPower() -     TAG_CHANGE Entity=[entityName=Tavern Coin id=568 zone=PLAY zonePos=4 cardId=BG28_810 player=14] tag=ZONE_POSITION value=2 
D 15:46:14.1649245 GameState.DebugPrintPower() -     TAG_CHANGE Entity=[entityName=Cord Puller id=565 zone=PLAY zonePos=3 cardId=BG29_611 player=14] tag=ZONE_POSITION value=1 
D 15:46:14.1649245 GameState.DebugPrintPower() -     TAG_CHANGE Entity=[entityName=Scallywag id=563 zone=PLAY zonePos=2 cardId=BGS_061 player=14] tag=ZONE_POSITION value=0 
D 15:46:14.1649245 GameState.DebugPrintPower() -     TAG_CHANGE Entity=[entityName=Scallywag id=563 zone=PLAY zonePos=2 cardId=BGS_061 player=14] tag=ZONE value=REMOVEDFROMGAME 
D 15:46:14.1649245 GameState.DebugPrintPower() -     TAG_CHANGE Entity=[entityName=Scallywag id=563 zone=PLAY zonePos=2 cardId=BGS_061 player=14] tag=HAS_ACTIVATE_POWER value=0 
D 15:46:14.1649245 GameState.DebugPrintPower() -     TAG_CHANGE Entity=[entityName=Scallywag id=563 zone=PLAY zonePos=2 cardId=BGS_061 player=14] tag=COST value=0 
D 15:46:14.1649245 GameState.DebugPrintPower() -     TAG_CHANGE Entity=[entityName=Scallywag id=563 zone=PLAY zonePos=2 cardId=BGS_061 player=14] tag=ATK value=0 
D 15:46:14.1649245 GameState.DebugPrintPower() -     TAG_CHANGE Entity=[entityName=Scallywag id=563 zone=PLAY zonePos=2 cardId=BGS_061 player=14] tag=HEALTH value=0 
D 15:46:14.1649245 GameState.DebugPrintPower() -     TAG_CHANGE Entity=[entityName=Scallywag id=563 zone=PLAY zonePos=2 cardId=BGS_061 player=14] tag=DEATHRATTLE value=0 
D 15:46:14.1649245 GameState.DebugPrintPower() -     TAG_CHANGE Entity=[entityName=Scallywag id=563 zone=PLAY zonePos=2 cardId=BGS_061 player=14] tag=CANT_ATTACK value=0 
D 15:46:14.1649245 GameState.DebugPrintPower() -     TAG_CHANGE Entity=[entityName=Scallywag id=563 zone=PLAY zonePos=2 cardId=BGS_061 player=14] tag=NUM_TURNS_IN_PLAY value=0 
D 15:46:14.1649245 GameState.DebugPrintPower() -     TAG_CHANGE Entity=[entityName=Scallywag id=563 zone=PLAY zonePos=2 cardId=BGS_061 player=14] tag=BACON_TRIPLE_UPGRADE_MINION_ID value=0 
D 15:46:14.1649245 GameState.DebugPrintPower() -     TAG_CHANGE Entity=[entityName=Scallywag id=563 zone=PLAY zonePos=2 cardId=BGS_061 player=14] tag=TECH_LEVEL value=0 
D 15:46:14.1649245 GameState.DebugPrintPower() -     TAG_CHANGE Entity=[entityName=Scallywag id=563 zone=PLAY zonePos=2 cardId=BGS_061 player=14] tag=IS_BACON_POOL_MINION value=0 
D 15:46:14.1649245 GameState.DebugPrintPower() -     TAG_CHANGE Entity=[entityName=Scallywag id=563 zone=PLAY zonePos=2 cardId=BGS_061 player=14] tag=SPAWN_TIME_COUNT value=0 
D 15:46:14.1649245 GameState.DebugPrintPower() -     TAG_CHANGE Entity=[entityName=Scallywag id=563 zone=PLAY zonePos=2 cardId=BGS_061 player=14] tag=1596 value=0 
D 15:46:14.1649245 GameState.DebugPrintPower() -     TAG_CHANGE Entity=[entityName=Scallywag id=563 zone=PLAY zonePos=2 cardId=BGS_061 player=14] tag=COST value=1 
D 15:46:14.1649245 GameState.DebugPrintPower() -     TAG_CHANGE Entity=[entityName=Scallywag id=563 zone=PLAY zonePos=2 cardId=BGS_061 player=14] tag=ATK value=3 
D 15:46:14.1649245 GameState.DebugPrintPower() -     TAG_CHANGE Entity=[entityName=Scallywag id=563 zone=PLAY zonePos=2 cardId=BGS_061 player=14] tag=HEALTH value=1 
D 15:46:14.1649245 GameState.DebugPrintPower() -     TAG_CHANGE Entity=[entityName=Scallywag id=563 zone=PLAY zonePos=2 cardId=BGS_061 player=14] tag=DEATHRATTLE value=1 
D 15:46:14.1649245 GameState.DebugPrintPower() -     TAG_CHANGE Entity=[entityName=Scallywag id=563 zone=PLAY zonePos=2 cardId=BGS_061 player=14] tag=BACON_TRIPLE_UPGRADE_MINION_ID value=62262 
D 15:46:14.1649245 GameState.DebugPrintPower() -     TAG_CHANGE Entity=[entityName=Scallywag id=563 zone=PLAY zonePos=2 cardId=BGS_061 player=14] tag=TECH_LEVEL value=1 
D 15:46:14.1649245 GameState.DebugPrintPower() -     TAG_CHANGE Entity=[entityName=Scallywag id=563 zone=PLAY zonePos=2 cardId=BGS_061 player=14] tag=IS_BACON_POOL_MINION value=1 
D 15:46:14.1649245 GameState.DebugPrintPower() -     TAG_CHANGE Entity=[entityName=Scallywag id=563 zone=PLAY zonePos=2 cardId=BGS_061 player=14] tag=1596 value=1 
D 15:46:14.1649245 GameState.DebugPrintPower() -     TAG_CHANGE Entity=[entityName=Scallywag id=563 zone=PLAY zonePos=2 cardId=BGS_061 player=14] tag=HAS_ACTIVATE_POWER value=1 
D 15:46:14.1649245 GameState.DebugPrintPower() -     TAG_CHANGE Entity=[entityName=Cord Puller id=565 zone=PLAY zonePos=3 cardId=BG29_611 player=14] tag=1068 value=5 
D 15:46:14.1649245 GameState.DebugPrintPower() -     TAG_CHANGE Entity=[entityName=Cord Puller id=565 zone=PLAY zonePos=3 cardId=BG29_611 player=14] tag=1068 value=0 
D 15:46:14.1649245 GameState.DebugPrintPower() -     TAG_CHANGE Entity=[entityName=Cord Puller id=565 zone=PLAY zonePos=3 cardId=BG29_611 player=14] tag=SUPPRESS_ALL_SUMMON_VO value=0 
D 15:46:14.1649245 GameState.DebugPrintPower() -     TAG_CHANGE Entity=[entityName=Cord Puller id=565 zone=PLAY zonePos=3 cardId=BG29_611 player=14] tag=1254 value=0 
D 15:46:14.1649245 GameState.DebugPrintPower() -     TAG_CHANGE Entity=[entityName=Tavern Coin id=568 zone=PLAY zonePos=4 cardId=BG28_810 player=14] tag=ZONE_POSITION value=1 
D 15:46:14.1649245 GameState.DebugPrintPower() -     TAG_CHANGE Entity=[entityName=Cord Puller id=565 zone=PLAY zonePos=3 cardId=BG29_611 player=14] tag=ZONE_POSITION value=0 
D 15:46:14.1649245 GameState.DebugPrintPower() -     TAG_CHANGE Entity=[entityName=Cord Puller id=565 zone=PLAY zonePos=3 cardId=BG29_611 player=14] tag=ZONE value=REMOVEDFROMGAME 
D 15:46:14.1649245 GameState.DebugPrintPower() -     TAG_CHANGE Entity=[entityName=Cord Puller id=565 zone=PLAY zonePos=3 cardId=BG29_611 player=14] tag=HAS_ACTIVATE_POWER value=0 
D 15:46:14.1649245 GameState.DebugPrintPower() -     TAG_CHANGE Entity=[entityName=Cord Puller id=565 zone=PLAY zonePos=3 cardId=BG29_611 player=14] tag=COST value=0 
D 15:46:14.1649245 GameState.DebugPrintPower() -     TAG_CHANGE Entity=[entityName=Cord Puller id=565 zone=PLAY zonePos=3 cardId=BG29_611 player=14] tag=ATK value=0 
D 15:46:14.1649245 GameState.DebugPrintPower() -     TAG_CHANGE Entity=[entityName=Cord Puller id=565 zone=PLAY zonePos=3 cardId=BG29_611 player=14] tag=HEALTH value=0 
D 15:46:14.1649245 GameState.DebugPrintPower() -     TAG_CHANGE Entity=[entityName=Cord Puller id=565 zone=PLAY zonePos=3 cardId=BG29_611 player=14] tag=DIVINE_SHIELD value=0 
D 15:46:14.1649245 GameState.DebugPrintPower() -     TAG_CHANGE Entity=[entityName=Cord Puller id=565 zone=PLAY zonePos=3 cardId=BG29_611 player=14] tag=DEATHRATTLE value=0 
D 15:46:14.1649245 GameState.DebugPrintPower() -     TAG_CHANGE Entity=[entityName=Cord Puller id=565 zone=PLAY zonePos=3 cardId=BG29_611 player=14] tag=CANT_ATTACK value=0 
D 15:46:14.1649245 GameState.DebugPrintPower() -     TAG_CHANGE Entity=[entityName=Cord Puller id=565 zone=PLAY zonePos=3 cardId=BG29_611 player=14] tag=NUM_TURNS_IN_PLAY value=0 
D 15:46:14.1649245 GameState.DebugPrintPower() -     TAG_CHANGE Entity=[entityName=Cord Puller id=565 zone=PLAY zonePos=3 cardId=BG29_611 player=14] tag=BACON_TRIPLE_UPGRADE_MINION_ID value=0 
D 15:46:14.1649245 GameState.DebugPrintPower() -     TAG_CHANGE Entity=[entityName=Cord Puller id=565 zone=PLAY zonePos=3 cardId=BG29_611 player=14] tag=TECH_LEVEL value=0 
D 15:46:14.1649245 GameState.DebugPrintPower() -     TAG_CHANGE Entity=[entityName=Cord Puller id=565 zone=PLAY zonePos=3 cardId=BG29_611 player=14] tag=IS_BACON_POOL_MINION value=0 
D 15:46:14.1649245 GameState.DebugPrintPower() -     TAG_CHANGE Entity=[entityName=Cord Puller id=565 zone=PLAY zonePos=3 cardId=BG29_611 player=14] tag=SPAWN_TIME_COUNT value=0 
D 15:46:14.1649245 GameState.DebugPrintPower() -     TAG_CHANGE Entity=[entityName=Cord Puller id=565 zone=PLAY zonePos=3 cardId=BG29_611 player=14] tag=1595 value=0 
D 15:46:14.1649245 GameState.DebugPrintPower() -     TAG_CHANGE Entity=[entityName=Cord Puller id=565 zone=PLAY zonePos=3 cardId=BG29_611 player=14] tag=COST value=1 
D 15:46:14.1649245 GameState.DebugPrintPower() -     TAG_CHANGE Entity=[entityName=Cord Puller id=565 zone=PLAY zonePos=3 cardId=BG29_611 player=14] tag=ATK value=1 
D 15:46:14.1649245 GameState.DebugPrintPower() -     TAG_CHANGE Entity=[entityName=Cord Puller id=565 zone=PLAY zonePos=3 cardId=BG29_611 player=14] tag=HEALTH value=1 
D 15:46:14.1649245 GameState.DebugPrintPower() -     TAG_CHANGE Entity=[entityName=Cord Puller id=565 zone=PLAY zonePos=3 cardId=BG29_611 player=14] tag=DIVINE_SHIELD value=1 
D 15:46:14.1649245 GameState.DebugPrintPower() -     TAG_CHANGE Entity=[entityName=Cord Puller id=565 zone=PLAY zonePos=3 cardId=BG29_611 player=14] tag=DEATHRATTLE value=1 
D 15:46:14.1649245 GameState.DebugPrintPower() -     TAG_CHANGE Entity=[entityName=Cord Puller id=565 zone=PLAY zonePos=3 cardId=BG29_611 player=14] tag=BACON_TRIPLE_UPGRADE_MINION_ID value=110102 
D 15:46:14.1649245 GameState.DebugPrintPower() -     TAG_CHANGE Entity=[entityName=Cord Puller id=565 zone=PLAY zonePos=3 cardId=BG29_611 player=14] tag=TECH_LEVEL value=1 
D 15:46:14.1649245 GameState.DebugPrintPower() -     TAG_CHANGE Entity=[entityName=Cord Puller id=565 zone=PLAY zonePos=3 cardId=BG29_611 player=14] tag=IS_BACON_POOL_MINION value=1 
D 15:46:14.1649245 GameState.DebugPrintPower() -     TAG_CHANGE Entity=[entityName=Cord Puller id=565 zone=PLAY zonePos=3 cardId=BG29_611 player=14] tag=1595 value=1 
D 15:46:14.1649245 GameState.DebugPrintPower() -     TAG_CHANGE Entity=[entityName=Cord Puller id=565 zone=PLAY zonePos=3 cardId=BG29_611 player=14] tag=HAS_ACTIVATE_POWER value=1 
D 15:46:14.1649245 GameState.DebugPrintPower() -     TAG_CHANGE Entity=[entityName=Tavern Coin id=568 zone=PLAY zonePos=4 cardId=BG28_810 player=14] tag=1068 value=5 
D 15:46:14.1649245 GameState.DebugPrintPower() -     TAG_CHANGE Entity=[entityName=Tavern Coin id=568 zone=PLAY zonePos=4 cardId=BG28_810 player=14] tag=1068 value=0 
D 15:46:14.1649245 GameState.DebugPrintPower() -     TAG_CHANGE Entity=[entityName=Tavern Coin id=568 zone=PLAY zonePos=4 cardId=BG28_810 player=14] tag=SUPPRESS_ALL_SUMMON_VO value=0 
D 15:46:14.1649245 GameState.DebugPrintPower() -     TAG_CHANGE Entity=[entityName=Tavern Coin id=568 zone=PLAY zonePos=4 cardId=BG28_810 player=14] tag=ZONE_POSITION value=0 
D 15:46:14.1649245 GameState.DebugPrintPower() -     TAG_CHANGE Entity=[entityName=Tavern Coin id=568 zone=PLAY zonePos=4 cardId=BG28_810 player=14] tag=ZONE value=REMOVEDFROMGAME 
D 15:46:14.1649245 GameState.DebugPrintPower() -     TAG_CHANGE Entity=[entityName=Tavern Coin id=568 zone=PLAY zonePos=4 cardId=BG28_810 player=14] tag=HAS_ACTIVATE_POWER value=0 
D 15:46:14.1649245 GameState.DebugPrintPower() -     TAG_CHANGE Entity=[entityName=Tavern Coin id=568 zone=PLAY zonePos=4 cardId=BG28_810 player=14] tag=COST value=0 
D 15:46:14.1649245 GameState.DebugPrintPower() -     TAG_CHANGE Entity=[entityName=Tavern Coin id=568 zone=PLAY zonePos=4 cardId=BG28_810 player=14] tag=NUM_TURNS_IN_PLAY value=0 
D 15:46:14.1649245 GameState.DebugPrintPower() -     TAG_CHANGE Entity=[entityName=Tavern Coin id=568 zone=PLAY zonePos=4 cardId=BG28_810 player=14] tag=TECH_LEVEL value=0 
D 15:46:14.1649245 GameState.DebugPrintPower() -     TAG_CHANGE Entity=[entityName=Tavern Coin id=568 zone=PLAY zonePos=4 cardId=BG28_810 player=14] tag=SPAWN_TIME_COUNT value=0 
D 15:46:14.1649245 GameState.DebugPrintPower() -     TAG_CHANGE Entity=[entityName=Tavern Coin id=568 zone=PLAY zonePos=4 cardId=BG28_810 player=14] tag=SPELL_SCHOOL value=0 
D 15:46:14.1649245 GameState.DebugPrintPower() -     TAG_CHANGE Entity=[entityName=Tavern Coin id=568 zone=PLAY zonePos=4 cardId=BG28_810 player=14] tag=3081 value=0 
D 15:46:14.1649245 GameState.DebugPrintPower() -     TAG_CHANGE Entity=[entityName=Tavern Coin id=568 zone=PLAY zonePos=4 cardId=BG28_810 player=14] tag=COST value=1 
D 15:46:14.1649245 GameState.DebugPrintPower() -     TAG_CHANGE Entity=[entityName=Tavern Coin id=568 zone=PLAY zonePos=4 cardId=BG28_810 player=14] tag=TECH_LEVEL value=1 
D 15:46:14.1649245 GameState.DebugPrintPower() -     TAG_CHANGE Entity=[entityName=Tavern Coin id=568 zone=PLAY zonePos=4 cardId=BG28_810 player=14] tag=SPELL_SCHOOL value=9 
D 15:46:14.1649245 GameState.DebugPrintPower() -     TAG_CHANGE Entity=[entityName=Tavern Coin id=568 zone=PLAY zonePos=4 cardId=BG28_810 player=14] tag=3081 value=1 
D 15:46:14.1649245 GameState.DebugPrintPower() -     TAG_CHANGE Entity=[entityName=Tavern Coin id=568 zone=PLAY zonePos=4 cardId=BG28_810 player=14] tag=HAS_ACTIVATE_POWER value=1 
D 15:46:14.1649245 GameState.DebugPrintPower() -     TAG_CHANGE Entity=[entityName=Refresh id=500 zone=PLAY zonePos=0 cardId=TB_BaconShop_8p_Reroll_Button player=6] tag=1068 value=5 
D 15:46:14.1649245 GameState.DebugPrintPower() -     TAG_CHANGE Entity=[entityName=Refresh id=500 zone=PLAY zonePos=0 cardId=TB_BaconShop_8p_Reroll_Button player=6] tag=1068 value=0 
D 15:46:14.1649245 GameState.DebugPrintPower() -     TAG_CHANGE Entity=[entityName=Refresh id=500 zone=PLAY zonePos=0 cardId=TB_BaconShop_8p_Reroll_Button player=6] tag=SUPPRESS_ALL_SUMMON_VO value=0 
D 15:46:14.1649245 GameState.DebugPrintPower() -     TAG_CHANGE Entity=[entityName=Refresh id=500 zone=PLAY zonePos=0 cardId=TB_BaconShop_8p_Reroll_Button player=6] tag=ZONE value=REMOVEDFROMGAME 
D 15:46:14.1649245 GameState.DebugPrintPower() -     TAG_CHANGE Entity=[entityName=Refresh id=500 zone=PLAY zonePos=0 cardId=TB_BaconShop_8p_Reroll_Button player=6] tag=HAS_ACTIVATE_POWER value=0 
D 15:46:14.1649245 GameState.DebugPrintPower() -     TAG_CHANGE Entity=[entityName=Refresh id=500 zone=PLAY zonePos=0 cardId=TB_BaconShop_8p_Reroll_Button player=6] tag=COST value=0 
D 15:46:14.1649245 GameState.DebugPrintPower() -     TAG_CHANGE Entity=[entityName=Refresh id=500 zone=PLAY zonePos=0 cardId=TB_BaconShop_8p_Reroll_Button player=6] tag=NUM_TURNS_IN_PLAY value=0 
D 15:46:14.1649245 GameState.DebugPrintPower() -     TAG_CHANGE Entity=[entityName=Refresh id=500 zone=PLAY zonePos=0 cardId=TB_BaconShop_8p_Reroll_Button player=6] tag=BACON_ACTION_CARD value=0 
D 15:46:14.1649245 GameState.DebugPrintPower() -     TAG_CHANGE Entity=[entityName=Refresh id=500 zone=PLAY zonePos=0 cardId=TB_BaconShop_8p_Reroll_Button player=6] tag=GAME_MODE_BUTTON_SLOT value=0 
D 15:46:14.1649245 GameState.DebugPrintPower() -     TAG_CHANGE Entity=[entityName=Refresh id=500 zone=PLAY zonePos=0 cardId=TB_BaconShop_8p_Reroll_Button player=6] tag=SPAWN_TIME_COUNT value=0 
D 15:46:14.1649245 GameState.DebugPrintPower() -     TAG_CHANGE Entity=[entityName=Refresh id=500 zone=PLAY zonePos=0 cardId=TB_BaconShop_8p_Reroll_Button player=6] tag=COST value=1 
D 15:46:14.1649245 GameState.DebugPrintPower() -     TAG_CHANGE Entity=[entityName=Refresh id=500 zone=PLAY zonePos=0 cardId=TB_BaconShop_8p_Reroll_Button player=6] tag=BACON_ACTION_CARD value=1 
D 15:46:14.1649245 GameState.DebugPrintPower() -     TAG_CHANGE Entity=[entityName=Refresh id=500 zone=PLAY zonePos=0 cardId=TB_BaconShop_8p_Reroll_Button player=6] tag=GAME_MODE_BUTTON_SLOT value=2 
D 15:46:14.1649245 GameState.DebugPrintPower() -     TAG_CHANGE Entity=[entityName=Refresh id=500 zone=PLAY zonePos=0 cardId=TB_BaconShop_8p_Reroll_Button player=6] tag=HAS_ACTIVATE_POWER value=1 
D 15:46:14.1649245 GameState.DebugPrintPower() -     TAG_CHANGE Entity=[entityName=Freeze id=501 zone=PLAY zonePos=0 cardId=TB_BaconShopLockAll_Button player=6] tag=1068 value=5 
D 15:46:14.1649245 GameState.DebugPrintPower() -     TAG_CHANGE Entity=[entityName=Freeze id=501 zone=PLAY zonePos=0 cardId=TB_BaconShopLockAll_Button player=6] tag=1068 value=0 
D 15:46:14.1649245 GameState.DebugPrintPower() -     TAG_CHANGE Entity=[entityName=Freeze id=501 zone=PLAY zonePos=0 cardId=TB_BaconShopLockAll_Button player=6] tag=SUPPRESS_ALL_SUMMON_VO value=0 
D 15:46:14.1649245 GameState.DebugPrintPower() -     TAG_CHANGE Entity=[entityName=Freeze id=501 zone=PLAY zonePos=0 cardId=TB_BaconShopLockAll_Button player=6] tag=ZONE value=REMOVEDFROMGAME 
D 15:46:14.1649245 GameState.DebugPrintPower() -     TAG_CHANGE Entity=[entityName=Freeze id=501 zone=PLAY zonePos=0 cardId=TB_BaconShopLockAll_Button player=6] tag=HAS_ACTIVATE_POWER value=0 
D 15:46:14.1649245 GameState.DebugPrintPower() -     TAG_CHANGE Entity=[entityName=Freeze id=501 zone=PLAY zonePos=0 cardId=TB_BaconShopLockAll_Button player=6] tag=TAG_SCRIPT_DATA_NUM_2 value=0 
D 15:46:14.1649245 GameState.DebugPrintPower() -     TAG_CHANGE Entity=[entityName=Freeze id=501 zone=PLAY zonePos=0 cardId=TB_BaconShopLockAll_Button player=6] tag=FACTION value=INVALID 
D 15:46:14.1649245 GameState.DebugPrintPower() -     TAG_CHANGE Entity=[entityName=Freeze id=501 zone=PLAY zonePos=0 cardId=TB_BaconShopLockAll_Button player=6] tag=NUM_TURNS_IN_PLAY value=0 
D 15:46:14.1649245 GameState.DebugPrintPower() -     TAG_CHANGE Entity=[entityName=Freeze id=501 zone=PLAY zonePos=0 cardId=TB_BaconShopLockAll_Button player=6] tag=1270 value=0 
D 15:46:14.1649245 GameState.DebugPrintPower() -     TAG_CHANGE Entity=[entityName=Freeze id=501 zone=PLAY zonePos=0 cardId=TB_BaconShopLockAll_Button player=6] tag=BACON_ACTION_CARD value=0 
D 15:46:14.1649245 GameState.DebugPrintPower() -     TAG_CHANGE Entity=[entityName=Freeze id=501 zone=PLAY zonePos=0 cardId=TB_BaconShopLockAll_Button player=6] tag=GAME_MODE_BUTTON_SLOT value=0 
D 15:46:14.1649245 GameState.DebugPrintPower() -     TAG_CHANGE Entity=[entityName=Freeze id=501 zone=PLAY zonePos=0 cardId=TB_BaconShopLockAll_Button player=6] tag=SPAWN_TIME_COUNT value=0 
D 15:46:14.1649245 GameState.DebugPrintPower() -     TAG_CHANGE Entity=[entityName=Freeze id=501 zone=PLAY zonePos=0 cardId=TB_BaconShopLockAll_Button player=6] tag=TAG_SCRIPT_DATA_NUM_2 value=10 
D 15:46:14.1649245 GameState.DebugPrintPower() -     TAG_CHANGE Entity=[entityName=Freeze id=501 zone=PLAY zonePos=0 cardId=TB_BaconShopLockAll_Button player=6] tag=FACTION value=ALLIANCE 
D 15:46:14.1649245 GameState.DebugPrintPower() -     TAG_CHANGE Entity=[entityName=Freeze id=501 zone=PLAY zonePos=0 cardId=TB_BaconShopLockAll_Button player=6] tag=1270 value=1 
D 15:46:14.1649245 GameState.DebugPrintPower() -     TAG_CHANGE Entity=[entityName=Freeze id=501 zone=PLAY zonePos=0 cardId=TB_BaconShopLockAll_Button player=6] tag=BACON_ACTION_CARD value=1 
D 15:46:14.1649245 GameState.DebugPrintPower() -     TAG_CHANGE Entity=[entityName=Freeze id=501 zone=PLAY zonePos=0 cardId=TB_BaconShopLockAll_Button player=6] tag=GAME_MODE_BUTTON_SLOT value=1 
D 15:46:14.1649245 GameState.DebugPrintPower() -     TAG_CHANGE Entity=[entityName=Freeze id=501 zone=PLAY zonePos=0 cardId=TB_BaconShopLockAll_Button player=6] tag=HAS_ACTIVATE_POWER value=1 
D 15:46:14.1649245 GameState.DebugPrintPower() -     TAG_CHANGE Entity=[entityName=Drag To Sell id=502 zone=PLAY zonePos=0 cardId=TB_BaconShop_DragSell player=6] tag=1068 value=5 
D 15:46:14.1649245 GameState.DebugPrintPower() -     TAG_CHANGE Entity=[entityName=Drag To Sell id=502 zone=PLAY zonePos=0 cardId=TB_BaconShop_DragSell player=6] tag=1068 value=0 
D 15:46:14.1649245 GameState.DebugPrintPower() -     TAG_CHANGE Entity=[entityName=Drag To Sell id=502 zone=PLAY zonePos=0 cardId=TB_BaconShop_DragSell player=6] tag=SUPPRESS_ALL_SUMMON_VO value=0 
D 15:46:14.1649245 GameState.DebugPrintPower() -     TAG_CHANGE Entity=[entityName=Drag To Sell id=502 zone=PLAY zonePos=0 cardId=TB_BaconShop_DragSell player=6] tag=ZONE value=REMOVEDFROMGAME 
D 15:46:14.1649245 GameState.DebugPrintPower() -     TAG_CHANGE Entity=[entityName=Drag To Sell id=502 zone=PLAY zonePos=0 cardId=TB_BaconShop_DragSell player=6] tag=HAS_ACTIVATE_POWER value=0 
D 15:46:14.1649245 GameState.DebugPrintPower() -     TAG_CHANGE Entity=[entityName=Drag To Sell id=502 zone=PLAY zonePos=0 cardId=TB_BaconShop_DragSell player=6] tag=NUM_TURNS_IN_PLAY value=0 
D 15:46:14.1649245 GameState.DebugPrintPower() -     TAG_CHANGE Entity=[entityName=Drag To Sell id=502 zone=PLAY zonePos=0 cardId=TB_BaconShop_DragSell player=6] tag=BACON_ACTION_CARD value=0 
D 15:46:14.1649245 GameState.DebugPrintPower() -     TAG_CHANGE Entity=[entityName=Drag To Sell id=502 zone=PLAY zonePos=0 cardId=TB_BaconShop_DragSell player=6] tag=MOVE_MINION_HOVER_TARGET_SLOT value=0 
D 15:46:14.1649245 GameState.DebugPrintPower() -     TAG_CHANGE Entity=[entityName=Drag To Sell id=502 zone=PLAY zonePos=0 cardId=TB_BaconShop_DragSell player=6] tag=SPAWN_TIME_COUNT value=0 
D 15:46:14.1649245 GameState.DebugPrintPower() -     TAG_CHANGE Entity=[entityName=Drag To Sell id=502 zone=PLAY zonePos=0 cardId=TB_BaconShop_DragSell player=6] tag=BACON_ACTION_CARD value=1 
D 15:46:14.1649245 GameState.DebugPrintPower() -     TAG_CHANGE Entity=[entityName=Drag To Sell id=502 zone=PLAY zonePos=0 cardId=TB_BaconShop_DragSell player=6] tag=MOVE_MINION_HOVER_TARGET_SLOT value=2 
D 15:46:14.1649245 GameState.DebugPrintPower() -     TAG_CHANGE Entity=[entityName=Drag To Sell id=502 zone=PLAY zonePos=0 cardId=TB_BaconShop_DragSell player=6] tag=HAS_ACTIVATE_POWER value=1 
D 15:46:14.1649245 GameState.DebugPrintPower() -     TAG_CHANGE Entity=[entityName=Drag To Buy id=562 zone=PLAY zonePos=0 cardId=TB_BaconShop_DragBuy player=6] tag=1068 value=5 
D 15:46:14.1649245 GameState.DebugPrintPower() -     TAG_CHANGE Entity=[entityName=Drag To Buy id=562 zone=PLAY zonePos=0 cardId=TB_BaconShop_DragBuy player=6] tag=1068 value=0 
D 15:46:14.1649245 GameState.DebugPrintPower() -     TAG_CHANGE Entity=[entityName=Drag To Buy id=562 zone=PLAY zonePos=0 cardId=TB_BaconShop_DragBuy player=6] tag=SUPPRESS_ALL_SUMMON_VO value=0 
D 15:46:14.1649245 GameState.DebugPrintPower() -     TAG_CHANGE Entity=[entityName=Drag To Buy id=562 zone=PLAY zonePos=0 cardId=TB_BaconShop_DragBuy player=6] tag=ZONE value=REMOVEDFROMGAME 
D 15:46:14.1649245 GameState.DebugPrintPower() -     TAG_CHANGE Entity=[entityName=Drag To Buy id=562 zone=PLAY zonePos=0 cardId=TB_BaconShop_DragBuy player=6] tag=HAS_ACTIVATE_POWER value=0 
D 15:46:14.1649245 GameState.DebugPrintPower() -     TAG_CHANGE Entity=[entityName=Drag To Buy id=562 zone=PLAY zonePos=0 cardId=TB_BaconShop_DragBuy player=6] tag=BACON_ACTION_CARD value=0 
D 15:46:14.1649245 GameState.DebugPrintPower() -     TAG_CHANGE Entity=[entityName=Drag To Buy id=562 zone=PLAY zonePos=0 cardId=TB_BaconShop_DragBuy player=6] tag=MOVE_MINION_HOVER_TARGET_SLOT value=0 
D 15:46:14.1649245 GameState.DebugPrintPower() -     TAG_CHANGE Entity=[entityName=Drag To Buy id=562 zone=PLAY zonePos=0 cardId=TB_BaconShop_DragBuy player=6] tag=SPAWN_TIME_COUNT value=0 
D 15:46:14.1649245 GameState.DebugPrintPower() -     TAG_CHANGE Entity=[entityName=Drag To Buy id=562 zone=PLAY zonePos=0 cardId=TB_BaconShop_DragBuy player=6] tag=2442 value=0 
D 15:46:14.1649245 GameState.DebugPrintPower() -     TAG_CHANGE Entity=[entityName=Drag To Buy id=562 zone=PLAY zonePos=0 cardId=TB_BaconShop_DragBuy player=6] tag=BACON_ACTION_CARD value=1 
D 15:46:14.1649245 GameState.DebugPrintPower() -     TAG_CHANGE Entity=[entityName=Drag To Buy id=562 zone=PLAY zonePos=0 cardId=TB_BaconShop_DragBuy player=6] tag=MOVE_MINION_HOVER_TARGET_SLOT value=1 
D 15:46:14.1649245 GameState.DebugPrintPower() -     TAG_CHANGE Entity=[entityName=Drag To Buy id=562 zone=PLAY zonePos=0 cardId=TB_BaconShop_DragBuy player=6] tag=HAS_ACTIVATE_POWER value=1 
D 15:46:14.1649245 GameState.DebugPrintPower() -     TAG_CHANGE Entity=[entityName=Drag To Buy id=564 zone=PLAY zonePos=0 cardId=TB_BaconShop_DragBuy player=6] tag=1068 value=5 
D 15:46:14.1649245 GameState.DebugPrintPower() -     TAG_CHANGE Entity=[entityName=Drag To Buy id=564 zone=PLAY zonePos=0 cardId=TB_BaconShop_DragBuy player=6] tag=1068 value=0 
D 15:46:14.1649245 GameState.DebugPrintPower() -     TAG_CHANGE Entity=[entityName=Drag To Buy id=564 zone=PLAY zonePos=0 cardId=TB_BaconShop_DragBuy player=6] tag=SUPPRESS_ALL_SUMMON_VO value=0 
D 15:46:14.1649245 GameState.DebugPrintPower() -     TAG_CHANGE Entity=[entityName=Drag To Buy id=564 zone=PLAY zonePos=0 cardId=TB_BaconShop_DragBuy player=6] tag=ZONE value=REMOVEDFROMGAME 
D 15:46:14.1649245 GameState.DebugPrintPower() -     TAG_CHANGE Entity=[entityName=Drag To Buy id=564 zone=PLAY zonePos=0 cardId=TB_BaconShop_DragBuy player=6] tag=HAS_ACTIVATE_POWER value=0 
D 15:46:14.1649245 GameState.DebugPrintPower() -     TAG_CHANGE Entity=[entityName=Drag To Buy id=564 zone=PLAY zonePos=0 cardId=TB_BaconShop_DragBuy player=6] tag=BACON_ACTION_CARD value=0 
D 15:46:14.1649245 GameState.DebugPrintPower() -     TAG_CHANGE Entity=[entityName=Drag To Buy id=564 zone=PLAY zonePos=0 cardId=TB_BaconShop_DragBuy player=6] tag=MOVE_MINION_HOVER_TARGET_SLOT value=0 
D 15:46:14.1649245 GameState.DebugPrintPower() -     TAG_CHANGE Entity=[entityName=Drag To Buy id=564 zone=PLAY zonePos=0 cardId=TB_BaconShop_DragBuy player=6] tag=SPAWN_TIME_COUNT value=0 
D 15:46:14.1649245 GameState.DebugPrintPower() -     TAG_CHANGE Entity=[entityName=Drag To Buy id=564 zone=PLAY zonePos=0 cardId=TB_BaconShop_DragBuy player=6] tag=2442 value=0 
D 15:46:14.1649245 GameState.DebugPrintPower() -     TAG_CHANGE Entity=[entityName=Drag To Buy id=564 zone=PLAY zonePos=0 cardId=TB_BaconShop_DragBuy player=6] tag=BACON_ACTION_CARD value=1 
D 15:46:14.1649245 GameState.DebugPrintPower() -     TAG_CHANGE Entity=[entityName=Drag To Buy id=564 zone=PLAY zonePos=0 cardId=TB_BaconShop_DragBuy player=6] tag=MOVE_MINION_HOVER_TARGET_SLOT value=1 
D 15:46:14.1649245 GameState.DebugPrintPower() -     TAG_CHANGE Entity=[entityName=Drag To Buy id=564 zone=PLAY zonePos=0 cardId=TB_BaconShop_DragBuy player=6] tag=HAS_ACTIVATE_POWER value=1 
D 15:46:14.1649245 GameState.DebugPrintPower() -     TAG_CHANGE Entity=[entityName=Drag To Buy id=566 zone=PLAY zonePos=0 cardId=TB_BaconShop_DragBuy player=6] tag=1068 value=5 
D 15:46:14.1649245 GameState.DebugPrintPower() -     TAG_CHANGE Entity=[entityName=Drag To Buy id=566 zone=PLAY zonePos=0 cardId=TB_BaconShop_DragBuy player=6] tag=1068 value=0 
D 15:46:14.1649245 GameState.DebugPrintPower() -     TAG_CHANGE Entity=[entityName=Drag To Buy id=566 zone=PLAY zonePos=0 cardId=TB_BaconShop_DragBuy player=6] tag=SUPPRESS_ALL_SUMMON_VO value=0 
D 15:46:14.1649245 GameState.DebugPrintPower() -     TAG_CHANGE Entity=[entityName=Drag To Buy id=566 zone=PLAY zonePos=0 cardId=TB_BaconShop_DragBuy player=6] tag=ZONE value=REMOVEDFROMGAME 
D 15:46:14.1649245 GameState.DebugPrintPower() -     TAG_CHANGE Entity=[entityName=Drag To Buy id=566 zone=PLAY zonePos=0 cardId=TB_BaconShop_DragBuy player=6] tag=HAS_ACTIVATE_POWER value=0 
D 15:46:14.1649245 GameState.DebugPrintPower() -     TAG_CHANGE Entity=[entityName=Drag To Buy id=566 zone=PLAY zonePos=0 cardId=TB_BaconShop_DragBuy player=6] tag=BACON_ACTION_CARD value=0 
D 15:46:14.1649245 GameState.DebugPrintPower() -     TAG_CHANGE Entity=[entityName=Drag To Buy id=566 zone=PLAY zonePos=0 cardId=TB_BaconShop_DragBuy player=6] tag=MOVE_MINION_HOVER_TARGET_SLOT value=0 
D 15:46:14.1649245 GameState.DebugPrintPower() -     TAG_CHANGE Entity=[entityName=Drag To Buy id=566 zone=PLAY zonePos=0 cardId=TB_BaconShop_DragBuy player=6] tag=SPAWN_TIME_COUNT value=0 
D 15:46:14.1649245 GameState.DebugPrintPower() -     TAG_CHANGE Entity=[entityName=Drag To Buy id=566 zone=PLAY zonePos=0 cardId=TB_BaconShop_DragBuy player=6] tag=2442 value=0 
D 15:46:14.1649245 GameState.DebugPrintPower() -     TAG_CHANGE Entity=[entityName=Drag To Buy id=566 zone=PLAY zonePos=0 cardId=TB_BaconShop_DragBuy player=6] tag=BACON_ACTION_CARD value=1 
D 15:46:14.1649245 GameState.DebugPrintPower() -     TAG_CHANGE Entity=[entityName=Drag To Buy id=566 zone=PLAY zonePos=0 cardId=TB_BaconShop_DragBuy player=6] tag=MOVE_MINION_HOVER_TARGET_SLOT value=1 
D 15:46:14.1649245 GameState.DebugPrintPower() -     TAG_CHANGE Entity=[entityName=Drag To Buy id=566 zone=PLAY zonePos=0 cardId=TB_BaconShop_DragBuy player=6] tag=HAS_ACTIVATE_POWER value=1 
D 15:46:14.1649245 GameState.DebugPrintPower() -     TAG_CHANGE Entity=[entityName=Drag To Buy Spell id=569 zone=PLAY zonePos=0 cardId=TB_BaconShop_DragBuy_Spell player=6] tag=1068 value=5 
D 15:46:14.1649245 GameState.DebugPrintPower() -     TAG_CHANGE Entity=[entityName=Drag To Buy Spell id=569 zone=PLAY zonePos=0 cardId=TB_BaconShop_DragBuy_Spell player=6] tag=1068 value=0 
D 15:46:14.1649245 GameState.DebugPrintPower() -     TAG_CHANGE Entity=[entityName=Drag To Buy Spell id=569 zone=PLAY zonePos=0 cardId=TB_BaconShop_DragBuy_Spell player=6] tag=ZONE value=REMOVEDFROMGAME 
D 15:46:14.1649245 GameState.DebugPrintPower() -     TAG_CHANGE Entity=[entityName=Drag To Buy Spell id=569 zone=PLAY zonePos=0 cardId=TB_BaconShop_DragBuy_Spell player=6] tag=HAS_ACTIVATE_POWER value=0 
D 15:46:14.1649245 GameState.DebugPrintPower() -     TAG_CHANGE Entity=[entityName=Drag To Buy Spell id=569 zone=PLAY zonePos=0 cardId=TB_BaconShop_DragBuy_Spell player=6] tag=BACON_ACTION_CARD value=0 
D 15:46:14.1649245 GameState.DebugPrintPower() -     TAG_CHANGE Entity=[entityName=Drag To Buy Spell id=569 zone=PLAY zonePos=0 cardId=TB_BaconShop_DragBuy_Spell player=6] tag=MOVE_MINION_HOVER_TARGET_SLOT value=0 
D 15:46:14.1649245 GameState.DebugPrintPower() -     TAG_CHANGE Entity=[entityName=Drag To Buy Spell id=569 zone=PLAY zonePos=0 cardId=TB_BaconShop_DragBuy_Spell player=6] tag=SPAWN_TIME_COUNT value=0 
D 15:46:14.1649245 GameState.DebugPrintPower() -     TAG_CHANGE Entity=[entityName=Drag To Buy Spell id=569 zone=PLAY zonePos=0 cardId=TB_BaconShop_DragBuy_Spell player=6] tag=2442 value=0 
D 15:46:14.1649245 GameState.DebugPrintPower() -     TAG_CHANGE Entity=[entityName=Drag To Buy Spell id=569 zone=PLAY zonePos=0 cardId=TB_BaconShop_DragBuy_Spell player=6] tag=BACON_ACTION_CARD value=1 
D 15:46:14.1649245 GameState.DebugPrintPower() -     TAG_CHANGE Entity=[entityName=Drag To Buy Spell id=569 zone=PLAY zonePos=0 cardId=TB_BaconShop_DragBuy_Spell player=6] tag=MOVE_MINION_HOVER_TARGET_SLOT value=1 
D 15:46:14.1649245 GameState.DebugPrintPower() -     TAG_CHANGE Entity=[entityName=Drag To Buy Spell id=569 zone=PLAY zonePos=0 cardId=TB_BaconShop_DragBuy_Spell player=6] tag=HAS_ACTIVATE_POWER value=1 
D 15:46:14.1649245 GameState.DebugPrintPower() -     TAG_CHANGE Entity=[entityName=Tavern Tier 3 id=610 zone=PLAY zonePos=0 cardId=TB_BaconShopTechUp03_Button player=6] tag=1068 value=5 
D 15:46:14.1649245 GameState.DebugPrintPower() -     TAG_CHANGE Entity=[entityName=Tavern Tier 3 id=610 zone=PLAY zonePos=0 cardId=TB_BaconShopTechUp03_Button player=6] tag=1068 value=0 
D 15:46:14.1649245 GameState.DebugPrintPower() -     TAG_CHANGE Entity=[entityName=Tavern Tier 3 id=610 zone=PLAY zonePos=0 cardId=TB_BaconShopTechUp03_Button player=6] tag=ZONE value=REMOVEDFROMGAME 
D 15:46:14.1649245 GameState.DebugPrintPower() -     TAG_CHANGE Entity=[entityName=Tavern Tier 3 id=610 zone=PLAY zonePos=0 cardId=TB_BaconShopTechUp03_Button player=6] tag=HAS_ACTIVATE_POWER value=0 
D 15:46:14.1649245 GameState.DebugPrintPower() -     TAG_CHANGE Entity=[entityName=Tavern Tier 3 id=610 zone=PLAY zonePos=0 cardId=TB_BaconShopTechUp03_Button player=6] tag=COST value=0 
D 15:46:14.1649245 GameState.DebugPrintPower() -     TAG_CHANGE Entity=[entityName=Tavern Tier 3 id=610 zone=PLAY zonePos=0 cardId=TB_BaconShopTechUp03_Button player=6] tag=BACON_ACTION_CARD value=0 
D 15:46:14.1649245 GameState.DebugPrintPower() -     TAG_CHANGE Entity=[entityName=Tavern Tier 3 id=610 zone=PLAY zonePos=0 cardId=TB_BaconShopTechUp03_Button player=6] tag=GAME_MODE_BUTTON_SLOT value=0 
D 15:46:14.1649245 GameState.DebugPrintPower() -     TAG_CHANGE Entity=[entityName=Tavern Tier 3 id=610 zone=PLAY zonePos=0 cardId=TB_BaconShopTechUp03_Button player=6] tag=TECH_LEVEL value=0 
D 15:46:14.1649245 GameState.DebugPrintPower() -     TAG_CHANGE Entity=[entityName=Tavern Tier 3 id=610 zone=PLAY zonePos=0 cardId=TB_BaconShopTechUp03_Button player=6] tag=SPAWN_TIME_COUNT value=0 
D 15:46:14.1649245 GameState.DebugPrintPower() -     TAG_CHANGE Entity=[entityName=Tavern Tier 3 id=610 zone=PLAY zonePos=0 cardId=TB_BaconShopTechUp03_Button player=6] tag=COST value=7 
D 15:46:14.1649245 GameState.DebugPrintPower() -     TAG_CHANGE Entity=[entityName=Tavern Tier 3 id=610 zone=PLAY zonePos=0 cardId=TB_BaconShopTechUp03_Button player=6] tag=BACON_ACTION_CARD value=1 
D 15:46:14.1649245 GameState.DebugPrintPower() -     TAG_CHANGE Entity=[entityName=Tavern Tier 3 id=610 zone=PLAY zonePos=0 cardId=TB_BaconShopTechUp03_Button player=6] tag=GAME_MODE_BUTTON_SLOT value=3 
D 15:46:14.1649245 GameState.DebugPrintPower() -     TAG_CHANGE Entity=[entityName=Tavern Tier 3 id=610 zone=PLAY zonePos=0 cardId=TB_BaconShopTechUp03_Button player=6] tag=TECH_LEVEL value=3 
D 15:46:14.1649245 GameState.DebugPrintPower() -     TAG_CHANGE Entity=[entityName=Tavern Tier 3 id=610 zone=PLAY zonePos=0 cardId=TB_BaconShopTechUp03_Button player=6] tag=HAS_ACTIVATE_POWER value=1 
D 15:46:14.1649245 GameState.DebugPrintPower() -     TAG_CHANGE Entity=GameEntity tag=BACON_COIN_ON_ENEMY_MINIONS value=0 
D 15:46:14.1649245 GameState.DebugPrintPower() -     TAG_CHANGE Entity=GameEntity tag=1522 value=1 
D 15:46:14.1649245 GameState.DebugPrintPower() -     TAG_CHANGE Entity=GameEntity tag=1466 value=0 
D 15:46:14.1649245 GameState.DebugPrintPower() -     TAG_CHANGE Entity=GameEntity tag=3533 value=1 
D 15:46:14.1649245 GameState.DebugPrintPower() -     FULL_ENTITY - Creating ID=658 CardID=TB_BaconShop_HERO_62
D 15:46:14.1649245 GameState.DebugPrintPower() -         tag=CONTROLLER value=6
D 15:46:14.1649245 GameState.DebugPrintPower() -         tag=CARDTYPE value=HERO
D 15:46:14.1649245 GameState.DebugPrintPower() -         tag=PLAYER_ID value=1
D 15:46:14.1649245 GameState.DebugPrintPower() -         tag=HEALTH value=30
D 15:46:14.1649245 GameState.DebugPrintPower() -         tag=ZONE value=SETASIDE
D 15:46:14.1649245 GameState.DebugPrintPower() -         tag=ENTITY_ID value=658
D 15:46:14.1649245 GameState.DebugPrintPower() -         tag=FACTION value=NEUTRAL
D 15:46:14.1649245 GameState.DebugPrintPower() -         tag=RARITY value=FREE
D 15:46:14.1649245 GameState.DebugPrintPower() -         tag=ARMOR value=15
D 15:46:14.1649245 GameState.DebugPrintPower() -         tag=CREATOR value=16
D 15:46:14.1649245 GameState.DebugPrintPower() -         tag=HERO_POWER value=61919
D 15:46:14.1649245 GameState.DebugPrintPower() -         tag=1037 value=6
D 15:46:14.1649245 GameState.DebugPrintPower() -         tag=PLAYER_TECH_LEVEL value=1
D 15:46:14.1649245 GameState.DebugPrintPower() -         tag=SUPPRESS_ALL_SUMMON_VO value=1
D 15:46:14.1649245 GameState.DebugPrintPower() -         tag=BACON_HERO_CAN_BE_DRAFTED value=1
D 15:46:14.1649245 GameState.DebugPrintPower() -         tag=BACON_MAX_PLAYER_TECH_LEVEL value=6
D 15:46:14.1649245 GameState.DebugPrintPower() -         tag=SPAWN_TIME_COUNT value=1
D 15:46:14.1649245 GameState.DebugPrintPower() -         tag=BACON_COMPANION_ID value=77800
D 15:46:14.1649245 GameState.DebugPrintPower() -         tag=2210 value=42
D 15:46:14.1649245 GameState.DebugPrintPower() -         tag=2263 value=2
D 15:46:14.1649245 GameState.DebugPrintPower() -         tag=BATTLEGROUNDS_FAVORITE_FINISHER value=34
D 15:46:14.1649245 GameState.DebugPrintPower() -         tag=HAS_ACTIVATE_POWER value=1
D 15:46:14.1649245 GameState.DebugPrintPower() -         tag=2954 value=15
D 15:46:14.1649245 GameState.DebugPrintPower() -         tag=3085 value=30
D 15:46:14.1649245 GameState.DebugPrintPower() -         tag=3206 value=7
D 15:46:14.1649245 GameState.DebugPrintPower() -     TAG_CHANGE Entity=658 tag=BACON_COMBAT_PHASE_HERO value=1 
D 15:46:14.1649245 GameState.DebugPrintPower() -     FULL_ENTITY - Creating ID=659 CardID=TB_BaconShop_HP_068
D 15:46:14.1649245 GameState.DebugPrintPower() -         tag=CONTROLLER value=6
D 15:46:14.1649245 GameState.DebugPrintPower() -         tag=CARDTYPE value=HERO_POWER
D 15:46:14.1649245 GameState.DebugPrintPower() -         tag=TAG_LAST_KNOWN_COST_IN_HAND value=1
D 15:46:14.1649245 GameState.DebugPrintPower() -         tag=COST value=1
D 15:46:14.1649245 GameState.DebugPrintPower() -         tag=ZONE value=SETASIDE
D 15:46:14.1649245 GameState.DebugPrintPower() -         tag=ENTITY_ID value=659
D 15:46:14.1649245 GameState.DebugPrintPower() -         tag=LINKED_ENTITY value=166
D 15:46:14.1649245 GameState.DebugPrintPower() -         tag=CREATOR value=16
D 15:46:14.1649245 GameState.DebugPrintPower() -         tag=1037 value=6
D 15:46:14.1649245 GameState.DebugPrintPower() -         tag=SUPPRESS_ALL_SUMMON_VO value=1
D 15:46:14.1649245 GameState.DebugPrintPower() -         tag=SPAWN_TIME_COUNT value=1
D 15:46:14.1649245 GameState.DebugPrintPower() -         tag=BACON_HEROPOWER_BASE_HERO_ID value=61914
D 15:46:14.1649245 GameState.DebugPrintPower() -         tag=HAS_ACTIVATE_POWER value=1
D 15:46:14.1649245 GameState.DebugPrintPower() -     FULL_ENTITY - Creating ID=660 CardID=BG22_BuddyMeter
D 15:46:14.1649245 GameState.DebugPrintPower() -         tag=CONTROLLER value=6
D 15:46:14.1649245 GameState.DebugPrintPower() -         tag=CARDTYPE value=BATTLEGROUND_HERO_BUDDY
D 15:46:14.1649245 GameState.DebugPrintPower() -         tag=TAG_LAST_KNOWN_COST_IN_HAND value=15
D 15:46:14.1649245 GameState.DebugPrintPower() -         tag=COST value=15
D 15:46:14.1649245 GameState.DebugPrintPower() -         tag=ZONE value=SETASIDE
D 15:46:14.1649245 GameState.DebugPrintPower() -         tag=ENTITY_ID value=660
D 15:46:14.1649245 GameState.DebugPrintPower() -         tag=LINKED_ENTITY value=4
D 15:46:14.1649245 GameState.DebugPrintPower() -         tag=CREATOR value=16
D 15:46:14.1649245 GameState.DebugPrintPower() -         tag=HIDE_COST value=1
D 15:46:14.1649245 GameState.DebugPrintPower() -         tag=1037 value=6
D 15:46:14.1649245 GameState.DebugPrintPower() -         tag=SUPPRESS_ALL_SUMMON_VO value=1
D 15:46:14.1649245 GameState.DebugPrintPower() -         tag=SPAWN_TIME_COUNT value=1
D 15:46:14.1649245 GameState.DebugPrintPower() -         tag=1724 value=1
D 15:46:14.1649245 GameState.DebugPrintPower() -         tag=BACON_COMPANION_ID value=77800
D 15:46:14.1649245 GameState.DebugPrintPower() -         tag=HAS_ACTIVATE_POWER value=1
D 15:46:14.1649245 GameState.DebugPrintPower() -         tag=BACON_BUY_BUDDY value=1
D 15:46:14.1649245 GameState.DebugPrintPower() -     TAG_CHANGE Entity=660 tag=COST value=12 
D 15:46:14.1649245 GameState.DebugPrintPower() -     TAG_CHANGE Entity=660 tag=HIDE_COST value=0 
D 15:46:14.1649245 GameState.DebugPrintPower() -     FULL_ENTITY - Creating ID=661 CardID=
D 15:46:14.1649245 GameState.DebugPrintPower() -         tag=ZONE value=SETASIDE
D 15:46:14.1649245 GameState.DebugPrintPower() -         tag=CONTROLLER value=6
D 15:46:14.1649245 GameState.DebugPrintPower() -         tag=ENTITY_ID value=661
D 15:46:14.1649245 GameState.DebugPrintPower() -     FULL_ENTITY - Creating ID=662 CardID=
D 15:46:14.1649245 GameState.DebugPrintPower() -         tag=ZONE value=SETASIDE
D 15:46:14.1649245 GameState.DebugPrintPower() -         tag=CONTROLLER value=6
D 15:46:14.1649245 GameState.DebugPrintPower() -         tag=ENTITY_ID value=662
D 15:46:14.1649245 GameState.DebugPrintPower() -     FULL_ENTITY - Creating ID=663 CardID=BG_GVG_085
D 15:46:14.1649245 GameState.DebugPrintPower() -         tag=CONTROLLER value=6
D 15:46:14.1649245 GameState.DebugPrintPower() -         tag=CARDTYPE value=MINION
D 15:46:14.1649245 GameState.DebugPrintPower() -         tag=479 value=1
D 15:46:14.1649245 GameState.DebugPrintPower() -         tag=ATK value=1
D 15:46:14.1649245 GameState.DebugPrintPower() -         tag=HEALTH value=2
D 15:46:14.1649245 GameState.DebugPrintPower() -         tag=ZONE value=SETASIDE
D 15:46:14.1649245 GameState.DebugPrintPower() -         tag=ENTITY_ID value=663
D 15:46:14.1649245 GameState.DebugPrintPower() -         tag=TAUNT value=1
D 15:46:14.1649245 GameState.DebugPrintPower() -         tag=DIVINE_SHIELD value=1
D 15:46:14.1649245 GameState.DebugPrintPower() -         tag=CARDRACE value=MECHANICAL
D 15:46:14.1649245 GameState.DebugPrintPower() -         tag=RARITY value=COMMON
D 15:46:14.1649245 GameState.DebugPrintPower() -         tag=CREATOR value=63
D 15:46:14.1649245 GameState.DebugPrintPower() -         tag=1037 value=6
D 15:46:14.1649245 GameState.DebugPrintPower() -         tag=CREATOR_DBID value=57980
D 15:46:14.1649245 GameState.DebugPrintPower() -         tag=BACON_TRIPLE_UPGRADE_MINION_ID value=103653
D 15:46:14.1649245 GameState.DebugPrintPower() -         tag=TECH_LEVEL value=1
D 15:46:14.1649245 GameState.DebugPrintPower() -         tag=IS_BACON_POOL_MINION value=1
D 15:46:14.1649245 GameState.DebugPrintPower() -         tag=SUPPRESS_ALL_SUMMON_VO value=1
D 15:46:14.1649245 GameState.DebugPrintPower() -         tag=SPAWN_TIME_COUNT value=1
D 15:46:14.1649245 GameState.DebugPrintPower() -         tag=1595 value=1
D 15:46:14.1649245 GameState.DebugPrintPower() -         tag=HAS_ACTIVATE_POWER value=1
D 15:46:14.1649245 GameState.DebugPrintPower() -         tag=3085 value=2
D 15:46:14.1649245 GameState.DebugPrintPower() -     FULL_ENTITY - Creating ID=664 CardID=
D 15:46:14.1649245 GameState.DebugPrintPower() -         tag=ZONE value=SETASIDE
D 15:46:14.1649245 GameState.DebugPrintPower() -         tag=CONTROLLER value=6
D 15:46:14.1649245 GameState.DebugPrintPower() -         tag=ENTITY_ID value=664
D 15:46:14.1649245 GameState.DebugPrintPower() -     SHOW_ENTITY - Updating Entity=664 CardID=TB_BaconShopBadsongE
D 15:46:14.1649245 GameState.DebugPrintPower() -         tag=CONTROLLER value=6
D 15:46:14.1649245 GameState.DebugPrintPower() -         tag=CARDTYPE value=ENCHANTMENT
D 15:46:14.1649245 GameState.DebugPrintPower() -         tag=ATTACHED value=663
D 15:46:14.1649245 GameState.DebugPrintPower() -         tag=ZONE value=SETASIDE
D 15:46:14.1649245 GameState.DebugPrintPower() -         tag=ENTITY_ID value=664
D 15:46:14.1649245 GameState.DebugPrintPower() -         tag=CREATOR value=663
D 15:46:14.1649245 GameState.DebugPrintPower() -         tag=ENCHANTMENT_INVISIBLE value=1
D 15:46:14.1649245 GameState.DebugPrintPower() -         tag=1037 value=6
D 15:46:14.1649245 GameState.DebugPrintPower() -         tag=1068 value=0
D 15:46:14.1649245 GameState.DebugPrintPower() -         tag=CREATOR_DBID value=103652
D 15:46:14.1649245 GameState.DebugPrintPower() -         tag=SPAWN_TIME_COUNT value=1
D 15:46:14.1649245 GameState.DebugPrintPower() -     TAG_CHANGE Entity=664 tag=1068 value=1 
D 15:46:14.1649245 GameState.DebugPrintPower() -     TAG_CHANGE Entity=664 tag=1068 value=0 
D 15:46:14.1649245 GameState.DebugPrintPower() -     TAG_CHANGE Entity=664 tag=ZONE value=PLAY 
D 15:46:14.1649245 GameState.DebugPrintPower() -     TAG_CHANGE Entity=664 tag=CREATOR value=106 
D 15:46:14.1649245 GameState.DebugPrintPower() -     TAG_CHANGE Entity=664 tag=CREATOR_DBID value=61919 
D 15:46:14.1649245 GameState.DebugPrintPower() -     TAG_CHANGE Entity=664 tag=COPIED_FROM_ENTITY_ID value=615 
D 15:46:14.1649245 GameState.DebugPrintPower() -     FULL_ENTITY - Creating ID=665 CardID=
D 15:46:14.1649245 GameState.DebugPrintPower() -         tag=ZONE value=SETASIDE
D 15:46:14.1649245 GameState.DebugPrintPower() -         tag=CONTROLLER value=6
D 15:46:14.1649245 GameState.DebugPrintPower() -         tag=ENTITY_ID value=665
D 15:46:14.1649245 GameState.DebugPrintPower() -     SHOW_ENTITY - Updating Entity=665 CardID=TB_BaconShop_HP_068e3
D 15:46:14.1649245 GameState.DebugPrintPower() -         tag=CONTROLLER value=6
D 15:46:14.1649245 GameState.DebugPrintPower() -         tag=CARDTYPE value=ENCHANTMENT
D 15:46:14.1649245 GameState.DebugPrintPower() -         tag=TAG_SCRIPT_DATA_NUM_1 value=2
D 15:46:14.1649245 GameState.DebugPrintPower() -         tag=ATTACHED value=663
D 15:46:14.1649245 GameState.DebugPrintPower() -         tag=ZONE value=SETASIDE
D 15:46:14.1649245 GameState.DebugPrintPower() -         tag=ENTITY_ID value=665
D 15:46:14.1649245 GameState.DebugPrintPower() -         tag=CREATOR value=663
D 15:46:14.1649245 GameState.DebugPrintPower() -         tag=1037 value=6
D 15:46:14.1649245 GameState.DebugPrintPower() -         tag=1068 value=0
D 15:46:14.1649245 GameState.DebugPrintPower() -         tag=CREATOR_DBID value=103652
D 15:46:14.1649245 GameState.DebugPrintPower() -         tag=SPAWN_TIME_COUNT value=1
D 15:46:14.1649245 GameState.DebugPrintPower() -     TAG_CHANGE Entity=665 tag=1068 value=1 
D 15:46:14.1649245 GameState.DebugPrintPower() -     TAG_CHANGE Entity=665 tag=1068 value=0 
D 15:46:14.1649245 GameState.DebugPrintPower() -     TAG_CHANGE Entity=665 tag=ZONE value=PLAY 
D 15:46:14.1649245 GameState.DebugPrintPower() -     TAG_CHANGE Entity=665 tag=CREATOR value=106 
D 15:46:14.1649245 GameState.DebugPrintPower() -     TAG_CHANGE Entity=665 tag=CREATOR_DBID value=61919 
D 15:46:14.1649245 GameState.DebugPrintPower() -     TAG_CHANGE Entity=665 tag=COPIED_FROM_ENTITY_ID value=616 
D 15:46:14.1649245 GameState.DebugPrintPower() -     TAG_CHANGE Entity=663 tag=LITERALLY_UNPLAYABLE value=1 
D 15:46:14.1649245 GameState.DebugPrintPower() -     TAG_CHANGE Entity=663 tag=2471 value=1 
D 15:46:14.1649245 GameState.DebugPrintPower() -     TAG_CHANGE Entity=663 tag=UNPLAYABLE_VISUALS value=1 
D 15:46:14.1649245 GameState.DebugPrintPower() -     TAG_CHANGE Entity=663 tag=3179 value=1 
D 15:46:14.1649245 GameState.DebugPrintPower() -     TAG_CHANGE Entity=[entityName=Drag To Buy Spell id=569 zone=PLAY zonePos=0 cardId=TB_BaconShop_DragBuy_Spell player=6] tag=COST value=0 
D 15:46:14.1649245 GameState.DebugPrintPower() -     TAG_CHANGE Entity=[entityName=Drag To Buy id=566 zone=PLAY zonePos=0 cardId=TB_BaconShop_DragBuy player=6] tag=COST value=0 
D 15:46:14.1649245 GameState.DebugPrintPower() -     TAG_CHANGE Entity=[entityName=Drag To Buy id=564 zone=PLAY zonePos=0 cardId=TB_BaconShop_DragBuy player=6] tag=COST value=0 
D 15:46:14.1649245 GameState.DebugPrintPower() -     TAG_CHANGE Entity=[entityName=Drag To Buy id=562 zone=PLAY zonePos=0 cardId=TB_BaconShop_DragBuy player=6] tag=COST value=0 
D 15:46:14.1649245 GameState.DebugPrintPower() -     TAG_CHANGE Entity=663 tag=LAST_AFFECTED_BY value=106 
D 15:46:14.1649245 GameState.DebugPrintPower() -     TAG_CHANGE Entity=663 tag=COPIED_FROM_ENTITY_ID value=510 
D 15:46:14.1649245 GameState.DebugPrintPower() -     TAG_CHANGE Entity=663 tag=3669 value=1 
D 15:46:14.1649245 GameState.DebugPrintPower() -     TAG_CHANGE Entity=GameEntity tag=1453 value=1 
D 15:46:14.1649245 GameState.DebugPrintPower() -     FULL_ENTITY - Creating ID=666 CardID=BG29_611
D 15:46:14.1649245 GameState.DebugPrintPower() -         tag=CONTROLLER value=6
D 15:46:14.1649245 GameState.DebugPrintPower() -         tag=CARDTYPE value=MINION
D 15:46:14.1649245 GameState.DebugPrintPower() -         tag=TAG_LAST_KNOWN_COST_IN_HAND value=1
D 15:46:14.1649245 GameState.DebugPrintPower() -         tag=479 value=1
D 15:46:14.1649245 GameState.DebugPrintPower() -         tag=COST value=1
D 15:46:14.1649245 GameState.DebugPrintPower() -         tag=ATK value=1
D 15:46:14.1649245 GameState.DebugPrintPower() -         tag=HEALTH value=1
D 15:46:14.1649245 GameState.DebugPrintPower() -         tag=ZONE value=SETASIDE
D 15:46:14.1649245 GameState.DebugPrintPower() -         tag=ENTITY_ID value=666
D 15:46:14.1649245 GameState.DebugPrintPower() -         tag=DIVINE_SHIELD value=1
D 15:46:14.1649245 GameState.DebugPrintPower() -         tag=CARDRACE value=MECHANICAL
D 15:46:14.1649245 GameState.DebugPrintPower() -         tag=DEATHRATTLE value=1
D 15:46:14.1649245 GameState.DebugPrintPower() -         tag=CREATOR value=63
D 15:46:14.1649245 GameState.DebugPrintPower() -         tag=1037 value=6
D 15:46:14.1649245 GameState.DebugPrintPower() -         tag=CREATOR_DBID value=57980
D 15:46:14.1649245 GameState.DebugPrintPower() -         tag=BACON_TRIPLE_UPGRADE_MINION_ID value=110102
D 15:46:14.1649245 GameState.DebugPrintPower() -         tag=TECH_LEVEL value=1
D 15:46:14.1649245 GameState.DebugPrintPower() -         tag=IS_BACON_POOL_MINION value=1
D 15:46:14.1649245 GameState.DebugPrintPower() -         tag=SUPPRESS_ALL_SUMMON_VO value=1
D 15:46:14.1649245 GameState.DebugPrintPower() -         tag=SPAWN_TIME_COUNT value=1
D 15:46:14.1649245 GameState.DebugPrintPower() -         tag=1595 value=1
D 15:46:14.1649245 GameState.DebugPrintPower() -         tag=HAS_ACTIVATE_POWER value=1
D 15:46:14.1649245 GameState.DebugPrintPower() -         tag=3085 value=1
D 15:46:14.1649245 GameState.DebugPrintPower() -     TAG_CHANGE Entity=666 tag=LAST_AFFECTED_BY value=286 
D 15:46:14.1649245 GameState.DebugPrintPower() -     TAG_CHANGE Entity=666 tag=COPIED_FROM_ENTITY_ID value=400 
D 15:46:14.1649245 GameState.DebugPrintPower() -     TAG_CHANGE Entity=666 tag=3669 value=1 
D 15:46:14.1649245 GameState.DebugPrintPower() -     FULL_ENTITY - Creating ID=667 CardID=BG29_611
D 15:46:14.1649245 GameState.DebugPrintPower() -         tag=CONTROLLER value=6
D 15:46:14.1649245 GameState.DebugPrintPower() -         tag=CARDTYPE value=MINION
D 15:46:14.1649245 GameState.DebugPrintPower() -         tag=TAG_LAST_KNOWN_COST_IN_HAND value=1
D 15:46:14.1649245 GameState.DebugPrintPower() -         tag=479 value=1
D 15:46:14.1649245 GameState.DebugPrintPower() -         tag=COST value=1
D 15:46:14.1649245 GameState.DebugPrintPower() -         tag=ATK value=1
D 15:46:14.1649245 GameState.DebugPrintPower() -         tag=HEALTH value=1
D 15:46:14.1649245 GameState.DebugPrintPower() -         tag=ZONE value=SETASIDE
D 15:46:14.1649245 GameState.DebugPrintPower() -         tag=ENTITY_ID value=667
D 15:46:14.1649245 GameState.DebugPrintPower() -         tag=DIVINE_SHIELD value=1
D 15:46:14.1649245 GameState.DebugPrintPower() -         tag=CARDRACE value=MECHANICAL
D 15:46:14.1649245 GameState.DebugPrintPower() -         tag=DEATHRATTLE value=1
D 15:46:14.1649245 GameState.DebugPrintPower() -         tag=CREATOR value=63
D 15:46:14.1649245 GameState.DebugPrintPower() -         tag=1037 value=6
D 15:46:14.1649245 GameState.DebugPrintPower() -         tag=CREATOR_DBID value=57980
D 15:46:14.1649245 GameState.DebugPrintPower() -         tag=BACON_TRIPLE_UPGRADE_MINION_ID value=110102
D 15:46:14.1649245 GameState.DebugPrintPower() -         tag=TECH_LEVEL value=1
D 15:46:14.1649245 GameState.DebugPrintPower() -         tag=IS_BACON_POOL_MINION value=1
D 15:46:14.1649245 GameState.DebugPrintPower() -         tag=SUPPRESS_ALL_SUMMON_VO value=1
D 15:46:14.1649245 GameState.DebugPrintPower() -         tag=SPAWN_TIME_COUNT value=1
D 15:46:14.1649245 GameState.DebugPrintPower() -         tag=1595 value=1
D 15:46:14.1649245 GameState.DebugPrintPower() -         tag=HAS_ACTIVATE_POWER value=1
D 15:46:14.1649245 GameState.DebugPrintPower() -         tag=3085 value=1
D 15:46:14.1649245 GameState.DebugPrintPower() -     TAG_CHANGE Entity=667 tag=LAST_AFFECTED_BY value=516 
D 15:46:14.1649245 GameState.DebugPrintPower() -     TAG_CHANGE Entity=667 tag=COPIED_FROM_ENTITY_ID value=515 
D 15:46:14.1649245 GameState.DebugPrintPower() -     TAG_CHANGE Entity=667 tag=3669 value=1 
D 15:46:14.1649245 GameState.DebugPrintPower() -     TAG_CHANGE Entity=[entityName=Annoy-o-Tron id=435 zone=PLAY zonePos=1 cardId=BG_GVG_085 player=6] tag=SPAWN_TIME_COUNT value=0 
D 15:46:14.1649245 GameState.DebugPrintPower() -     TAG_CHANGE Entity=[entityName=Annoy-o-Tron id=435 zone=PLAY zonePos=1 cardId=BG_GVG_085 player=6] tag=SPAWN_TIME_COUNT value=1 
D 15:46:14.1649245 GameState.DebugPrintPower() -     TAG_CHANGE Entity=GameEntity tag=1453 value=0 
D 15:46:14.1649245 GameState.DebugPrintPower() -     TAG_CHANGE Entity=GameEntity tag=1453 value=1 
D 15:46:14.1649245 GameState.DebugPrintPower() -     FULL_ENTITY - Creating ID=668 CardID=BG_GVG_085
D 15:46:14.1649245 GameState.DebugPrintPower() -         tag=CONTROLLER value=6
D 15:46:14.1649245 GameState.DebugPrintPower() -         tag=CARDTYPE value=MINION
D 15:46:14.1649245 GameState.DebugPrintPower() -         tag=479 value=1
D 15:46:14.1649245 GameState.DebugPrintPower() -         tag=ATK value=1
D 15:46:14.1649245 GameState.DebugPrintPower() -         tag=HEALTH value=2
D 15:46:14.1649245 GameState.DebugPrintPower() -         tag=ZONE value=SETASIDE
D 15:46:14.1649245 GameState.DebugPrintPower() -         tag=ENTITY_ID value=668
D 15:46:14.1649245 GameState.DebugPrintPower() -         tag=TAUNT value=1
D 15:46:14.1649245 GameState.DebugPrintPower() -         tag=DIVINE_SHIELD value=1
D 15:46:14.1649245 GameState.DebugPrintPower() -         tag=CARDRACE value=MECHANICAL
D 15:46:14.1649245 GameState.DebugPrintPower() -         tag=RARITY value=COMMON
D 15:46:14.1649245 GameState.DebugPrintPower() -         tag=CREATOR value=63
D 15:46:14.1649245 GameState.DebugPrintPower() -         tag=1037 value=6
D 15:46:14.1649245 GameState.DebugPrintPower() -         tag=CREATOR_DBID value=57980
D 15:46:14.1649245 GameState.DebugPrintPower() -         tag=BACON_TRIPLE_UPGRADE_MINION_ID value=103653
D 15:46:14.1649245 GameState.DebugPrintPower() -         tag=TECH_LEVEL value=1
D 15:46:14.1649245 GameState.DebugPrintPower() -         tag=IS_BACON_POOL_MINION value=1
D 15:46:14.1649245 GameState.DebugPrintPower() -         tag=SUPPRESS_ALL_SUMMON_VO value=1
D 15:46:14.1649245 GameState.DebugPrintPower() -         tag=SPAWN_TIME_COUNT value=1
D 15:46:14.1649245 GameState.DebugPrintPower() -         tag=1595 value=1
D 15:46:14.1649245 GameState.DebugPrintPower() -         tag=HAS_ACTIVATE_POWER value=1
D 15:46:14.1649245 GameState.DebugPrintPower() -         tag=3085 value=2
D 15:46:14.1649245 GameState.DebugPrintPower() -     TAG_CHANGE Entity=668 tag=LAST_AFFECTED_BY value=364 
D 15:46:14.1649245 GameState.DebugPrintPower() -     TAG_CHANGE Entity=668 tag=COPIED_FROM_ENTITY_ID value=435 
D 15:46:14.1649245 GameState.DebugPrintPower() -     TAG_CHANGE Entity=668 tag=3669 value=1 
D 15:46:14.1649245 GameState.DebugPrintPower() -     TAG_CHANGE Entity=[entityName=Annoy-o-Tron id=435 zone=PLAY zonePos=1 cardId=BG_GVG_085 player=6] tag=SPAWN_TIME_COUNT value=0 
D 15:46:14.1649245 GameState.DebugPrintPower() -     TAG_CHANGE Entity=[entityName=Annoy-o-Tron id=435 zone=PLAY zonePos=1 cardId=BG_GVG_085 player=6] tag=SPAWN_TIME_COUNT value=1 
D 15:46:14.1649245 GameState.DebugPrintPower() -     TAG_CHANGE Entity=GameEntity tag=1453 value=0 
D 15:46:14.1649245 GameState.DebugPrintPower() -     TAG_CHANGE Entity=GameEntity tag=3534 value=1 
D 15:46:14.1649245 GameState.DebugPrintPower() -     META_DATA - Meta=ARTIFICIAL_PAUSE Data=1500 InfoCount=1
D 15:46:14.1649245 GameState.DebugPrintPower() -                 Info[0] = [entityName=BaconShop8PlayerEnchant id=63 zone=PLAY zonePos=0 cardId=TB_BaconShop_8P_PlayerE player=6]
D 15:46:14.1649245 GameState.DebugPrintPower() -     META_DATA - Meta=SLUSH_TIME Data=1500 InfoCount=1
D 15:46:14.1649245 GameState.DebugPrintPower() -                 Info[0] = [entityName=BaconShop8PlayerEnchant id=63 zone=PLAY zonePos=0 cardId=TB_BaconShop_8P_PlayerE player=6]
D 15:46:14.1649245 GameState.DebugPrintPower() - BLOCK_END
D 15:46:14.1649245 GameState.DebugPrintPower() - TAG_CHANGE Entity=663 tag=3669 value=0 
D 15:46:14.1649245 GameState.DebugPrintPower() - TAG_CHANGE Entity=666 tag=3669 value=0 
D 15:46:14.1649245 GameState.DebugPrintPower() - TAG_CHANGE Entity=667 tag=3669 value=0 
D 15:46:14.1649245 GameState.DebugPrintPower() - TAG_CHANGE Entity=668 tag=3669 value=0 
D 15:46:14.1649245 PowerTaskList.DebugDump() - ID=323 ParentID=0 PreviousID=0 TaskCount=1
D 15:46:14.1649245 PowerTaskList.DebugDump() - Block Start=(null)
D 15:46:14.1649245 PowerTaskList.DebugPrintPower() -     META_DATA - Meta=ARTIFICIAL_HISTORY_INTERRUPT Data=0 InfoCount=0
D 15:46:14.1649245 PowerTaskList.DebugDump() - Block End=(null)
D 15:46:14.1649245 PowerProcessor.PrepareHistoryForCurrentTaskList() - m_currentTaskList=323
D 15:46:14.1649245 PowerProcessor.EndCurrentTaskList() - m_currentTaskList=323
D 15:46:14.1649245 PowerTaskList.DebugDump() - ID=324 ParentID=0 PreviousID=0 TaskCount=1
D 15:46:14.1649245 PowerTaskList.DebugDump() - Block Start=(null)
D 15:46:14.1649245 PowerTaskList.DebugPrintPower() -     TAG_CHANGE Entity=GameEntity tag=STEP value=MAIN_END 
D 15:46:14.1649245 PowerTaskList.DebugDump() - Block End=(null)
D 15:46:14.1649245 PowerProcessor.PrepareHistoryForCurrentTaskList() - m_currentTaskList=324
D 15:46:14.1649245 PowerProcessor.EndCurrentTaskList() - m_currentTaskList=324
D 15:46:14.1649245 PowerTaskList.DebugDump() - ID=325 ParentID=0 PreviousID=0 TaskCount=2
D 15:46:14.1649245 PowerTaskList.DebugPrintPower() - BLOCK_START BlockType=TRIGGER Entity=[entityName=BaconShop8PlayerEnchant id=63 zone=PLAY zonePos=0 cardId=TB_BaconShop_8P_PlayerE player=6] EffectCardId=System.Collections.Generic.List`1[System.String] EffectIndex=33 Target=0 SubOption=-1 TriggerKeyword=TAG_NOT_SET
D 15:46:14.1649245 PowerTaskList.DebugPrintPower() -     TAG_CHANGE Entity=[entityName=Annoy-o-Tron id=435 zone=PLAY zonePos=1 cardId=BG_GVG_085 player=6] tag=SPAWN_TIME_COUNT value=0 
D 15:46:14.1649245 PowerTaskList.DebugPrintPower() -     TAG_CHANGE Entity=[entityName=Annoy-o-Tron id=435 zone=PLAY zonePos=1 cardId=BG_GVG_085 player=6] tag=SPAWN_TIME_COUNT value=1 
D 15:46:14.1649245 PowerTaskList.DebugPrintPower() - BLOCK_END
D 15:46:14.1649245 PowerProcessor.PrepareHistoryForCurrentTaskList() - m_currentTaskList=325
D 15:46:14.1649245 PowerProcessor.EndCurrentTaskList() - m_currentTaskList=325
D 15:46:14.1649245 PowerTaskList.DebugDump() - ID=326 ParentID=0 PreviousID=0 TaskCount=7
D 15:46:14.1649245 PowerTaskList.DebugPrintPower() - BLOCK_START BlockType=TRIGGER Entity=[entityName=3ofKindCheckPlayerEnchant id=557 zone=PLAY zonePos=0 cardId=TB_BaconShop_3ofKindChecke player=6] EffectCardId=System.Collections.Generic.List`1[System.String] EffectIndex=2 Target=0 SubOption=-1 TriggerKeyword=TAG_NOT_SET
D 15:46:14.1649245 PowerTaskList.DebugPrintPower() -     TAG_CHANGE Entity=[entityName=3ofKindCheckPlayerEnchant id=557 zone=PLAY zonePos=0 cardId=TB_BaconShop_3ofKindChecke player=6] tag=2747 value=557 
D 15:46:14.1649245 PowerTaskList.DebugPrintPower() -     TAG_CHANGE Entity=[entityName=3ofKindCheckPlayerEnchant id=557 zone=PLAY zonePos=0 cardId=TB_BaconShop_3ofKindChecke player=6] tag=LAST_AFFECTED_BY value=557 
D 15:46:14.1649245 PowerTaskList.DebugPrintPower() -     TAG_CHANGE Entity=[entityName=3ofKindCheckPlayerEnchant id=557 zone=PLAY zonePos=0 cardId=TB_BaconShop_3ofKindChecke player=6] tag=1068 value=4 
D 15:46:14.1649245 PowerTaskList.DebugPrintPower() -     TAG_CHANGE Entity=[entityName=3ofKindCheckPlayerEnchant id=557 zone=PLAY zonePos=0 cardId=TB_BaconShop_3ofKindChecke player=6] tag=1068 value=0 
D 15:46:14.1649245 PowerTaskList.DebugPrintPower() -     TAG_CHANGE Entity=[entityName=3ofKindCheckPlayerEnchant id=557 zone=PLAY zonePos=0 cardId=TB_BaconShop_3ofKindChecke player=6] tag=ZONE value=GRAVEYARD 
D 15:46:14.1649245 PowerTaskList.DebugPrintPower() -     TAG_CHANGE Entity=[entityName=3ofKindCheckPlayerEnchant id=557 zone=PLAY zonePos=0 cardId=TB_BaconShop_3ofKindChecke player=6] tag=1234 value=17 
D 15:46:14.1649245 PowerTaskList.DebugPrintPower() -     HIDE_ENTITY - Entity=[entityName=3ofKindCheckPlayerEnchant id=557 zone=PLAY zonePos=0 cardId=TB_BaconShop_3ofKindChecke player=6] tag=ZONE value=GRAVEYARD
D 15:46:14.1649245 PowerTaskList.DebugPrintPower() - BLOCK_END
D 15:46:14.1649245 PowerProcessor.PrepareHistoryForCurrentTaskList() - m_currentTaskList=326
D 15:46:14.1816542 PowerProcessor.EndCurrentTaskList() - m_currentTaskList=326
D 15:46:14.1984976 PowerTaskList.DebugDump() - ID=327 ParentID=0 PreviousID=0 TaskCount=3
D 15:46:14.1984976 PowerTaskList.DebugPrintPower() - BLOCK_START BlockType=TRIGGER Entity=[entityName=BaconShop8PlayerEnchant id=63 zone=PLAY zonePos=0 cardId=TB_BaconShop_8P_PlayerE player=6] EffectCardId=System.Collections.Generic.List`1[System.String] EffectIndex=-1 Target=0 SubOption=-1 TriggerKeyword=2882
D 15:46:14.1984976 PowerTaskList.DebugPrintPower() -     TAG_CHANGE Entity=GameEntity tag=SUPPRESS_ALL_SUMMON_VO value=1 
D 15:46:14.1984976 PowerTaskList.DebugPrintPower() -     TAG_CHANGE Entity=GameEntity tag=MISSION_EVENT value=0 
D 15:46:14.1984976 PowerTaskList.DebugPrintPower() -     TAG_CHANGE Entity=GameEntity tag=MISSION_EVENT value=117 
D 15:46:14.1984976 PowerTaskList.DebugPrintPower() - BLOCK_END
D 15:46:14.1984976 PowerProcessor.PrepareHistoryForCurrentTaskList() - m_currentTaskList=327
D 15:46:14.1984976 PowerProcessor.EndCurrentTaskList() - m_currentTaskList=327
D 15:46:14.1984976 PowerTaskList.DebugDump() - ID=328 ParentID=0 PreviousID=0 TaskCount=2
D 15:46:14.1984976 PowerTaskList.DebugPrintPower() - BLOCK_START BlockType=TRIGGER Entity=[entityName=BaconShop8PlayerEnchant id=63 zone=PLAY zonePos=0 cardId=TB_BaconShop_8P_PlayerE player=6] EffectCardId=System.Collections.Generic.List`1[System.String] EffectIndex=29 Target=0 SubOption=-1 TriggerKeyword=TAG_NOT_SET
D 15:46:14.1984976 PowerTaskList.DebugPrintPower() -     TAG_CHANGE Entity=dymitrq#2316 tag=2717 value=0 
D 15:46:14.1984976 PowerTaskList.DebugPrintPower() -     TAG_CHANGE Entity=[entityName=Annoy-o-Tron id=435 zone=PLAY zonePos=1 cardId=BG_GVG_085 player=6] tag=BACON_DIED_LAST_COMBAT value=0 
D 15:46:14.1984976 PowerTaskList.DebugPrintPower() - BLOCK_END
D 15:46:14.1984976 PowerProcessor.PrepareHistoryForCurrentTaskList() - m_currentTaskList=328
D 15:46:14.1984976 PowerProcessor.EndCurrentTaskList() - m_currentTaskList=328
D 15:46:14.1984976 PowerTaskList.DebugDump() - ID=329 ParentID=0 PreviousID=0 TaskCount=1
D 15:46:14.1984976 PowerTaskList.DebugPrintPower() - BLOCK_START BlockType=TRIGGER Entity=[entityName=The Perfect Crime id=166 zone=PLAY zonePos=0 cardId=BG23_HERO_305p player=6] EffectCardId=System.Collections.Generic.List`1[System.String] EffectIndex=0 Target=0 SubOption=-1 TriggerKeyword=TAG_NOT_SET
D 15:46:14.1984976 PowerTaskList.DebugPrintPower() -     META_DATA - Meta=ARTIFICIAL_HISTORY_INTERRUPT Data=0 InfoCount=0
D 15:46:14.1984976 PowerTaskList.DebugDump() - Block End=(null)
D 15:46:14.1984976 PowerProcessor.PrepareHistoryForCurrentTaskList() - m_currentTaskList=329
D 15:46:14.1984976 PowerProcessor.EndCurrentTaskList() - m_currentTaskList=329
D 15:46:14.1984976 PowerTaskList.DebugDump() - ID=330 ParentID=0 PreviousID=329 TaskCount=3
D 15:46:14.1984976 PowerTaskList.DebugDump() - Block Start=(null)
D 15:46:14.1984976 PowerTaskList.DebugPrintPower() -     SUB_SPELL_START - SpellPrefabGUID=Coins_ImpactOnly_FX:636e6c2d37fdf2945b2232ef7ba20145 Source=166 TargetCount=1
D 15:46:14.1984976 PowerTaskList.DebugPrintPower() -                       Source = [entityName=The Perfect Crime id=166 zone=PLAY zonePos=0 cardId=BG23_HERO_305p player=6]
D 15:46:14.1984976 PowerTaskList.DebugPrintPower() -                       Targets[0] = [entityName=The Perfect Crime id=166 zone=PLAY zonePos=0 cardId=BG23_HERO_305p player=6]
D 15:46:14.1984976 PowerTaskList.DebugPrintPower() -         TAG_CHANGE Entity=[entityName=The Perfect Crime id=166 zone=PLAY zonePos=0 cardId=BG23_HERO_305p player=6] tag=COST value=9 
D 15:46:14.1984976 PowerTaskList.DebugPrintPower() -     SUB_SPELL_END
D 15:46:14.1984976 PowerTaskList.DebugDump() - Block End=(null)
D 15:46:14.1984976 PowerProcessor.PrepareHistoryForCurrentTaskList() - m_currentTaskList=330
D 15:46:14.2444871 GameState.DebugPrintPowerList() - Count=106
D 15:46:14.2444871 GameState.DebugPrintPower() - TAG_CHANGE Entity=GameEntity tag=STEP value=MAIN_READY 
D 15:46:14.2444871 GameState.DebugPrintPower() - BLOCK_START BlockType=TRIGGER Entity=Bartender Bob EffectCardId=System.Collections.Generic.List`1[System.String] EffectIndex=-1 Target=0 SubOption=-1 TriggerKeyword=TAG_NOT_SET
D 15:46:14.2444871 GameState.DebugPrintPower() -     TAG_CHANGE Entity=GameEntity tag=NUM_TURNS_IN_PLAY value=5 
D 15:46:14.2444871 GameState.DebugPrintPower() -     TAG_CHANGE Entity=[entityName=Sparkhoarder Togwaggle id=85 zone=PLAY zonePos=0 cardId=BG23_HERO_305_SKIN_B player=6] tag=NUM_TURNS_IN_PLAY value=5 
D 15:46:14.2444871 GameState.DebugPrintPower() -     TAG_CHANGE Entity=[entityName=The Perfect Crime id=166 zone=PLAY zonePos=0 cardId=BG23_HERO_305p player=6] tag=NUM_TURNS_IN_PLAY value=5 
D 15:46:14.2444871 GameState.DebugPrintPower() -     TAG_CHANGE Entity=[entityName=Buddy Meter id=356 zone=PLAY zonePos=0 cardId=BG22_BuddyMeter player=6] tag=NUM_TURNS_IN_PLAY value=3 
D 15:46:14.2444871 GameState.DebugPrintPower() -     TAG_CHANGE Entity=Bartender Bob tag=NUM_TURNS_IN_PLAY value=5 
D 15:46:14.2444871 GameState.DebugPrintPower() -     TAG_CHANGE Entity=dymitrq#2316 tag=NUM_TURNS_IN_PLAY value=5 
D 15:46:14.2444871 GameState.DebugPrintPower() -     TAG_CHANGE Entity=[entityName=Bartender Bob id=62 zone=PLAY zonePos=0 cardId=TB_BaconShopBob player=14] tag=NUM_TURNS_IN_PLAY value=2 
D 15:46:14.2444871 GameState.DebugPrintPower() -     TAG_CHANGE Entity=[entityName=Annoy-o-Tron id=435 zone=PLAY zonePos=1 cardId=BG_GVG_085 player=6] tag=NUM_TURNS_IN_PLAY value=5 
D 15:46:14.2444871 GameState.DebugPrintPower() -     TAG_CHANGE Entity=GameEntity tag=NEXT_STEP value=MAIN_START_TRIGGERS 
D 15:46:14.2444871 GameState.DebugPrintPower() -     TAG_CHANGE Entity=dymitrq#2316 tag=DAMAGE_DEALT_TO_HERO_LAST_TURN value=0 
D 15:46:14.2444871 GameState.DebugPrintPower() -     TAG_CHANGE Entity=[entityName=Bartender Bob id=62 zone=PLAY zonePos=0 cardId=TB_BaconShopBob player=14] tag=NUM_ATTACKS_THIS_TURN value=0 
D 15:46:14.2444871 GameState.DebugPrintPower() - BLOCK_END
D 15:46:14.2444871 GameState.DebugPrintPower() - TAG_CHANGE Entity=GameEntity tag=STEP value=MAIN_START_TRIGGERS 
D 15:46:14.2444871 GameState.DebugPrintPower() - BLOCK_START BlockType=TRIGGER Entity=Bartender Bob EffectCardId=System.Collections.Generic.List`1[System.String] EffectIndex=-1 Target=0 SubOption=-1 TriggerKeyword=TAG_NOT_SET
D 15:46:14.2444871 GameState.DebugPrintPower() -     TAG_CHANGE Entity=GameEntity tag=NEXT_STEP value=MAIN_START 
D 15:46:14.2444871 GameState.DebugPrintPower() - BLOCK_END
D 15:46:14.2444871 GameState.DebugPrintPower() - BLOCK_START BlockType=TRIGGER Entity=[entityName=BaconShop8PlayerEnchant id=63 zone=PLAY zonePos=0 cardId=TB_BaconShop_8P_PlayerE player=6] EffectCardId=System.Collections.Generic.List`1[System.String] EffectIndex=-1 Target=0 SubOption=-1 TriggerKeyword=TAG_NOT_SET
D 15:46:14.2444871 GameState.DebugPrintPower() -     TAG_CHANGE Entity=GameEntity tag=2022 value=1 
D 15:46:14.2444871 GameState.DebugPrintPower() -     TAG_CHANGE Entity=GameEntity tag=1453 value=1 
D 15:46:14.2444871 GameState.DebugPrintPower() -     TAG_CHANGE Entity=dymitrq#2316 tag=BACON_CURRENT_COMBAT_PLAYER_ID value=6 
D 15:46:14.2444871 GameState.DebugPrintPower() -     TAG_CHANGE Entity=Bartender Bob tag=BACON_CURRENT_COMBAT_PLAYER_ID value=1 
D 15:46:14.2444871 GameState.DebugPrintPower() -     TAG_CHANGE Entity=GameEntity tag=2374 value=1 
D 15:46:14.2444871 GameState.DebugPrintPower() -     FULL_ENTITY - Creating ID=694 CardID=TB_BaconShop_HERO_62
D 15:46:14.2444871 GameState.DebugPrintPower() -         tag=CONTROLLER value=14
D 15:46:14.2444871 GameState.DebugPrintPower() -         tag=CARDTYPE value=HERO
D 15:46:14.2444871 GameState.DebugPrintPower() -         tag=HEALTH value=30
D 15:46:14.2444871 GameState.DebugPrintPower() -         tag=ZONE value=PLAY
D 15:46:14.2444871 GameState.DebugPrintPower() -         tag=ENTITY_ID value=694
D 15:46:14.2444871 GameState.DebugPrintPower() -         tag=FACTION value=NEUTRAL
D 15:46:14.2444871 GameState.DebugPrintPower() -         tag=RARITY value=FREE
D 15:46:14.2444871 GameState.DebugPrintPower() -         tag=ARMOR value=10
D 15:46:14.2444871 GameState.DebugPrintPower() -         tag=CREATOR value=63
D 15:46:14.2444871 GameState.DebugPrintPower() -         tag=HERO_POWER value=61919
D 15:46:14.2444871 GameState.DebugPrintPower() -         tag=1037 value=6
D 15:46:14.2444871 GameState.DebugPrintPower() -         tag=CREATOR_DBID value=57980
D 15:46:14.2444871 GameState.DebugPrintPower() -         tag=SUPPRESS_ALL_SUMMON_VO value=1
D 15:46:14.2444871 GameState.DebugPrintPower() -         tag=BACON_HERO_CAN_BE_DRAFTED value=1
D 15:46:14.2444871 GameState.DebugPrintPower() -         tag=SPAWN_TIME_COUNT value=1
D 15:46:14.2444871 GameState.DebugPrintPower() -         tag=BACON_COMPANION_ID value=77800
D 15:46:14.2444871 GameState.DebugPrintPower() -         tag=HAS_ACTIVATE_POWER value=1
D 15:46:14.2444871 GameState.DebugPrintPower() -         tag=2954 value=15
D 15:46:14.2444871 GameState.DebugPrintPower() -         tag=3085 value=30
D 15:46:14.2444871 GameState.DebugPrintPower() -         tag=3206 value=7
D 15:46:14.2444871 GameState.DebugPrintPower() -     TAG_CHANGE Entity=694 tag=PLAYER_TECH_LEVEL value=1 
D 15:46:14.2444871 GameState.DebugPrintPower() -     TAG_CHANGE Entity=694 tag=BACON_MAX_PLAYER_TECH_LEVEL value=6 
D 15:46:14.2444871 GameState.DebugPrintPower() -     TAG_CHANGE Entity=694 tag=PLAYER_ID value=1 
D 15:46:14.2444871 GameState.DebugPrintPower() -     TAG_CHANGE Entity=694 tag=2210 value=42 
D 15:46:14.2444871 GameState.DebugPrintPower() -     TAG_CHANGE Entity=694 tag=2263 value=2 
D 15:46:14.2444871 GameState.DebugPrintPower() -     TAG_CHANGE Entity=694 tag=BATTLEGROUNDS_FAVORITE_FINISHER value=34 
D 15:46:14.2444871 GameState.DebugPrintPower() -     TAG_CHANGE Entity=694 tag=COPIED_FROM_ENTITY_ID value=658 
D 15:46:14.2444871 GameState.DebugPrintPower() -     TAG_CHANGE Entity=694 tag=3669 value=1 
D 15:46:14.2444871 GameState.DebugPrintPower() -     TAG_CHANGE Entity=694 tag=LINKED_ENTITY value=62 
D 15:46:14.2444871 GameState.DebugPrintPower() -     TAG_CHANGE Entity=[entityName=Bartender Bob id=62 zone=PLAY zonePos=0 cardId=TB_BaconShopBob player=14] tag=1068 value=6 
D 15:46:14.2444871 GameState.DebugPrintPower() -     TAG_CHANGE Entity=[entityName=Bartender Bob id=62 zone=PLAY zonePos=0 cardId=TB_BaconShopBob player=14] tag=1068 value=0 
D 15:46:14.2444871 GameState.DebugPrintPower() -     TAG_CHANGE Entity=[entityName=Bartender Bob id=62 zone=PLAY zonePos=0 cardId=TB_BaconShopBob player=14] tag=ZONE value=SETASIDE 
D 15:46:14.2444871 GameState.DebugPrintPower() -     TAG_CHANGE Entity=Bartender Bob tag=HERO_ENTITY value=694 
D 15:46:14.2444871 GameState.DebugPrintPower() -     TAG_CHANGE Entity=694 tag=BACON_COMBAT_PHASE_HERO value=1 
D 15:46:14.2444871 GameState.DebugPrintPower() -     TAG_CHANGE Entity=694 tag=ARMOR value=15 
D 15:46:14.2444871 GameState.DebugPrintPower() -     HIDE_ENTITY - Entity=[entityName=Imprison id=659 zone=SETASIDE zonePos=0 cardId=TB_BaconShop_HP_068 player=6] tag=ZONE value=SETASIDE
D 15:46:14.2444871 GameState.DebugPrintPower() -     TAG_CHANGE Entity=[entityName=Imprison id=659 zone=SETASIDE zonePos=0 cardId=TB_BaconShop_HP_068 player=6] tag=CONTROLLER value=14 
D 15:46:14.2444871 GameState.DebugPrintPower() -     SHOW_ENTITY - Updating Entity=[entityName=Imprison id=659 zone=SETASIDE zonePos=0 cardId=TB_BaconShop_HP_068 player=6] CardID=TB_BaconShop_HP_068
D 15:46:14.2444871 GameState.DebugPrintPower() -         tag=CONTROLLER value=14
D 15:46:14.2444871 GameState.DebugPrintPower() -         tag=CARDTYPE value=HERO_POWER
D 15:46:14.2444871 GameState.DebugPrintPower() -         tag=TAG_LAST_KNOWN_COST_IN_HAND value=1
D 15:46:14.2444871 GameState.DebugPrintPower() -         tag=COST value=1
D 15:46:14.2444871 GameState.DebugPrintPower() -         tag=ZONE value=PLAY
D 15:46:14.2444871 GameState.DebugPrintPower() -         tag=ENTITY_ID value=659
D 15:46:14.2444871 GameState.DebugPrintPower() -         tag=LINKED_ENTITY value=166
D 15:46:14.2444871 GameState.DebugPrintPower() -         tag=CREATOR value=16
D 15:46:14.2444871 GameState.DebugPrintPower() -         tag=1037 value=6
D 15:46:14.2444871 GameState.DebugPrintPower() -         tag=1068 value=0
D 15:46:14.2444871 GameState.DebugPrintPower() -         tag=SUPPRESS_ALL_SUMMON_VO value=1
D 15:46:14.2444871 GameState.DebugPrintPower() -         tag=SPAWN_TIME_COUNT value=1
D 15:46:14.2444871 GameState.DebugPrintPower() -         tag=BACON_HEROPOWER_BASE_HERO_ID value=61914
D 15:46:14.2444871 GameState.DebugPrintPower() -         tag=HAS_ACTIVATE_POWER value=1
D 15:46:14.2444871 GameState.DebugPrintPower() -     HIDE_ENTITY - Entity=[entityName=Buddy Meter id=660 zone=SETASIDE zonePos=0 cardId=BG22_BuddyMeter player=6] tag=ZONE value=SETASIDE
D 15:46:14.2444871 GameState.DebugPrintPower() -     TAG_CHANGE Entity=[entityName=Buddy Meter id=660 zone=SETASIDE zonePos=0 cardId=BG22_BuddyMeter player=6] tag=CONTROLLER value=14 
D 15:46:14.2444871 GameState.DebugPrintPower() -     SHOW_ENTITY - Updating Entity=[entityName=Buddy Meter id=660 zone=SETASIDE zonePos=0 cardId=BG22_BuddyMeter player=6] CardID=BG22_BuddyMeter
D 15:46:14.2444871 GameState.DebugPrintPower() -         tag=CONTROLLER value=14
D 15:46:14.2444871 GameState.DebugPrintPower() -         tag=CARDTYPE value=BATTLEGROUND_HERO_BUDDY
D 15:46:14.2444871 GameState.DebugPrintPower() -         tag=TAG_LAST_KNOWN_COST_IN_HAND value=15
D 15:46:14.2444871 GameState.DebugPrintPower() -         tag=COST value=12
D 15:46:14.2444871 GameState.DebugPrintPower() -         tag=ZONE value=PLAY
D 15:46:14.2444871 GameState.DebugPrintPower() -         tag=ENTITY_ID value=660
D 15:46:14.2444871 GameState.DebugPrintPower() -         tag=LINKED_ENTITY value=4
D 15:46:14.2444871 GameState.DebugPrintPower() -         tag=CREATOR value=16
D 15:46:14.2444871 GameState.DebugPrintPower() -         tag=HIDE_COST value=0
D 15:46:14.2444871 GameState.DebugPrintPower() -         tag=1037 value=6
D 15:46:14.2444871 GameState.DebugPrintPower() -         tag=1068 value=0
D 15:46:14.2444871 GameState.DebugPrintPower() -         tag=SUPPRESS_ALL_SUMMON_VO value=1
D 15:46:14.2444871 GameState.DebugPrintPower() -         tag=SPAWN_TIME_COUNT value=1
D 15:46:14.2444871 GameState.DebugPrintPower() -         tag=1724 value=1
D 15:46:14.2444871 GameState.DebugPrintPower() -         tag=BACON_COMPANION_ID value=77800
D 15:46:14.2444871 GameState.DebugPrintPower() -         tag=HAS_ACTIVATE_POWER value=1
D 15:46:14.2444871 GameState.DebugPrintPower() -         tag=BACON_BUY_BUDDY value=1
D 15:46:14.2444871 GameState.DebugPrintPower() -     FULL_ENTITY - Creating ID=695 CardID=
D 15:46:14.2444871 GameState.DebugPrintPower() -         tag=ZONE value=PLAY
D 15:46:14.2444871 GameState.DebugPrintPower() -         tag=CONTROLLER value=14
D 15:46:14.2444871 GameState.DebugPrintPower() -         tag=ENTITY_ID value=695
D 15:46:14.2444871 GameState.DebugPrintPower() -     FULL_ENTITY - Creating ID=696 CardID=
D 15:46:14.2444871 GameState.DebugPrintPower() -         tag=ZONE value=PLAY
D 15:46:14.2444871 GameState.DebugPrintPower() -         tag=CONTROLLER value=14
D 15:46:14.2444871 GameState.DebugPrintPower() -         tag=ENTITY_ID value=696
D 15:46:14.2444871 GameState.DebugPrintPower() -     SHOW_ENTITY - Updating Entity=695 CardID=BG29_813e
D 15:46:14.2444871 GameState.DebugPrintPower() -         tag=CONTROLLER value=14
D 15:46:14.2444871 GameState.DebugPrintPower() -         tag=CARDTYPE value=ENCHANTMENT
D 15:46:14.2444871 GameState.DebugPrintPower() -         tag=ATTACHED value=18
D 15:46:14.2444871 GameState.DebugPrintPower() -         tag=ZONE value=PLAY
D 15:46:14.2444871 GameState.DebugPrintPower() -         tag=ENTITY_ID value=695
D 15:46:14.2444871 GameState.DebugPrintPower() -         tag=CREATOR value=63
D 15:46:14.2444871 GameState.DebugPrintPower() -         tag=ENCHANTMENT_INVISIBLE value=1
D 15:46:14.2444871 GameState.DebugPrintPower() -         tag=1037 value=6
D 15:46:14.2444871 GameState.DebugPrintPower() -         tag=1068 value=0
D 15:46:14.2444871 GameState.DebugPrintPower() -         tag=CREATOR_DBID value=57980
D 15:46:14.2444871 GameState.DebugPrintPower() -         tag=SUPPRESS_ALL_SUMMON_VO value=1
D 15:46:14.2444871 GameState.DebugPrintPower() -         tag=SPAWN_TIME_COUNT value=1
D 15:46:14.2444871 GameState.DebugPrintPower() -         tag=COPIED_FROM_ENTITY_ID value=661
D 15:46:14.2444871 GameState.DebugPrintPower() -         tag=2860 value=1
D 15:46:14.2444871 GameState.DebugPrintPower() -         tag=3669 value=1
D 15:46:14.2444871 GameState.DebugPrintPower() -     SHOW_ENTITY - Updating Entity=696 CardID=Bacon_TagTransferPlayerE
D 15:46:14.2444871 GameState.DebugPrintPower() -         tag=CONTROLLER value=14
D 15:46:14.2444871 GameState.DebugPrintPower() -         tag=CARDTYPE value=ENCHANTMENT
D 15:46:14.2444871 GameState.DebugPrintPower() -         tag=RESOURCES value=4
D 15:46:14.2444871 GameState.DebugPrintPower() -         tag=ATTACHED value=18
D 15:46:14.2444871 GameState.DebugPrintPower() -         tag=ZONE value=PLAY
D 15:46:14.2444871 GameState.DebugPrintPower() -         tag=ENTITY_ID value=696
D 15:46:14.2444871 GameState.DebugPrintPower() -         tag=CREATOR value=63
D 15:46:14.2444871 GameState.DebugPrintPower() -         tag=1037 value=6
D 15:46:14.2444871 GameState.DebugPrintPower() -         tag=1068 value=0
D 15:46:14.2444871 GameState.DebugPrintPower() -         tag=CREATOR_DBID value=57980
D 15:46:14.2444871 GameState.DebugPrintPower() -         tag=PLAYER_TECH_LEVEL value=1
D 15:46:14.2444871 GameState.DebugPrintPower() -         tag=SUPPRESS_ALL_SUMMON_VO value=1
D 15:46:14.2444871 GameState.DebugPrintPower() -         tag=BACON_MAX_PLAYER_TECH_LEVEL value=6
D 15:46:14.2444871 GameState.DebugPrintPower() -         tag=SPAWN_TIME_COUNT value=1
D 15:46:14.2444871 GameState.DebugPrintPower() -         tag=COPIED_FROM_ENTITY_ID value=662
D 15:46:14.2444871 GameState.DebugPrintPower() -         tag=2245 value=4
D 15:46:14.2444871 GameState.DebugPrintPower() -         tag=2336 value=1
D 15:46:14.2444871 GameState.DebugPrintPower() -         tag=2753 value=110101
D 15:46:14.2444871 GameState.DebugPrintPower() -         tag=2860 value=1
D 15:46:14.2444871 GameState.DebugPrintPower() -         tag=3090 value=3245
D 15:46:14.2444871 GameState.DebugPrintPower() -         tag=3669 value=1
D 15:46:14.2444871 GameState.DebugPrintPower() -     TAG_CHANGE Entity=Bartender Bob tag=3245 value=696 
D 15:46:14.2444871 GameState.DebugPrintPower() -     TAG_CHANGE Entity=Bartender Bob tag=2245 value=4 
D 15:46:14.2444871 GameState.DebugPrintPower() -     TAG_CHANGE Entity=Bartender Bob tag=2878 value=0 
D 15:46:14.2444871 GameState.DebugPrintPower() -     TAG_CHANGE Entity=Bartender Bob tag=2753 value=110101 
D 15:46:14.2444871 GameState.DebugPrintPower() -     TAG_CHANGE Entity=Bartender Bob tag=RESOURCES value=4 
D 15:46:14.2444871 GameState.DebugPrintPower() -     HIDE_ENTITY - Entity=[entityName=Annoy-o-Tron id=663 zone=SETASIDE zonePos=0 cardId=BG_GVG_085 player=6] tag=ZONE value=SETASIDE
D 15:46:14.2444871 GameState.DebugPrintPower() -     HIDE_ENTITY - Entity=[entityName=UNKNOWN ENTITY [cardType=INVALID] id=664 zone=SETASIDE zonePos=0 cardId= player=6] tag=ZONE value=PLAY
D 15:46:14.2444871 GameState.DebugPrintPower() -     HIDE_ENTITY - Entity=[entityName=UNKNOWN ENTITY [cardType=INVALID] id=665 zone=SETASIDE zonePos=0 cardId= player=6] tag=ZONE value=PLAY
D 15:46:14.2444871 GameState.DebugPrintPower() -     TAG_CHANGE Entity=[entityName=Annoy-o-Tron id=663 zone=SETASIDE zonePos=0 cardId=BG_GVG_085 player=6] tag=CONTROLLER value=14 
D 15:46:14.2444871 GameState.DebugPrintPower() -     TAG_CHANGE Entity=[entityName=Annoy-o-Tron id=663 zone=SETASIDE zonePos=0 cardId=BG_GVG_085 player=6] tag=ZONE value=HAND 
D 15:46:14.2444871 GameState.DebugPrintPower() -     TAG_CHANGE Entity=[entityName=Annoy-o-Tron id=663 zone=SETASIDE zonePos=0 cardId=BG_GVG_085 player=6] tag=ZONE_POSITION value=1 
D 15:46:14.2444871 GameState.DebugPrintPower() -     FULL_ENTITY - Creating ID=697 CardID=BG29_611
D 15:46:14.2444871 GameState.DebugPrintPower() -         tag=CONTROLLER value=14
D 15:46:14.2444871 GameState.DebugPrintPower() -         tag=CARDTYPE value=MINION
D 15:46:14.2444871 GameState.DebugPrintPower() -         tag=1196 value=1
D 15:46:14.2444871 GameState.DebugPrintPower() -         tag=TAG_LAST_KNOWN_COST_IN_HAND value=1
D 15:46:14.2444871 GameState.DebugPrintPower() -         tag=479 value=1
D 15:46:14.2444871 GameState.DebugPrintPower() -         tag=COST value=1
D 15:46:14.2444871 GameState.DebugPrintPower() -         tag=ATK value=1
D 15:46:14.2444871 GameState.DebugPrintPower() -         tag=HEALTH value=1
D 15:46:14.2444871 GameState.DebugPrintPower() -         tag=EXHAUSTED value=1
D 15:46:14.2444871 GameState.DebugPrintPower() -         tag=ZONE value=PLAY
D 15:46:14.2444871 GameState.DebugPrintPower() -         tag=ENTITY_ID value=697
D 15:46:14.2444871 GameState.DebugPrintPower() -         tag=DIVINE_SHIELD value=1
D 15:46:14.2444871 GameState.DebugPrintPower() -         tag=CARDRACE value=MECHANICAL
D 15:46:14.2444871 GameState.DebugPrintPower() -         tag=DEATHRATTLE value=1
D 15:46:14.2444871 GameState.DebugPrintPower() -         tag=ZONE_POSITION value=1
D 15:46:14.2444871 GameState.DebugPrintPower() -         tag=CREATOR value=63
D 15:46:14.2444871 GameState.DebugPrintPower() -         tag=1037 value=6
D 15:46:14.2444871 GameState.DebugPrintPower() -         tag=1254 value=63
D 15:46:14.2444871 GameState.DebugPrintPower() -         tag=CREATOR_DBID value=57980
D 15:46:14.2444871 GameState.DebugPrintPower() -         tag=BACON_TRIPLE_UPGRADE_MINION_ID value=110102
D 15:46:14.2444871 GameState.DebugPrintPower() -         tag=TECH_LEVEL value=1
D 15:46:14.2444871 GameState.DebugPrintPower() -         tag=IS_BACON_POOL_MINION value=1
D 15:46:14.2444871 GameState.DebugPrintPower() -         tag=SUPPRESS_ALL_SUMMON_VO value=1
D 15:46:14.2444871 GameState.DebugPrintPower() -         tag=SPAWN_TIME_COUNT value=1
D 15:46:14.2444871 GameState.DebugPrintPower() -         tag=1595 value=1
D 15:46:14.2444871 GameState.DebugPrintPower() -         tag=HAS_ACTIVATE_POWER value=1
D 15:46:14.2444871 GameState.DebugPrintPower() -         tag=3085 value=1
D 15:46:14.2444871 GameState.DebugPrintPower() -     TAG_CHANGE Entity=697 tag=EXHAUSTED value=0 
D 15:46:14.2444871 GameState.DebugPrintPower() -     TAG_CHANGE Entity=697 tag=LAST_AFFECTED_BY value=286 
D 15:46:14.2444871 GameState.DebugPrintPower() -     TAG_CHANGE Entity=697 tag=COPIED_FROM_ENTITY_ID value=666 
D 15:46:14.2444871 GameState.DebugPrintPower() -     TAG_CHANGE Entity=697 tag=3669 value=1 
D 15:46:14.2444871 GameState.DebugPrintPower() -     FULL_ENTITY - Creating ID=698 CardID=BG29_611
D 15:46:14.2444871 GameState.DebugPrintPower() -         tag=CONTROLLER value=14
D 15:46:14.2444871 GameState.DebugPrintPower() -         tag=CARDTYPE value=MINION
D 15:46:14.2444871 GameState.DebugPrintPower() -         tag=1196 value=1
D 15:46:14.2444871 GameState.DebugPrintPower() -         tag=TAG_LAST_KNOWN_COST_IN_HAND value=1
D 15:46:14.2444871 GameState.DebugPrintPower() -         tag=479 value=1
D 15:46:14.2444871 GameState.DebugPrintPower() -         tag=COST value=1
D 15:46:14.2444871 GameState.DebugPrintPower() -         tag=ATK value=1
D 15:46:14.2444871 GameState.DebugPrintPower() -         tag=HEALTH value=1
D 15:46:14.2444871 GameState.DebugPrintPower() -         tag=EXHAUSTED value=1
D 15:46:14.2444871 GameState.DebugPrintPower() -         tag=ZONE value=PLAY
D 15:46:14.2444871 GameState.DebugPrintPower() -         tag=ENTITY_ID value=698
D 15:46:14.2444871 GameState.DebugPrintPower() -         tag=DIVINE_SHIELD value=1
D 15:46:14.2444871 GameState.DebugPrintPower() -         tag=CARDRACE value=MECHANICAL
D 15:46:14.2444871 GameState.DebugPrintPower() -         tag=DEATHRATTLE value=1
D 15:46:14.2444871 GameState.DebugPrintPower() -         tag=ZONE_POSITION value=2
D 15:46:14.2444871 GameState.DebugPrintPower() -         tag=CREATOR value=63
D 15:46:14.2444871 GameState.DebugPrintPower() -         tag=1037 value=6
D 15:46:14.2444871 GameState.DebugPrintPower() -         tag=1254 value=63
D 15:46:14.2444871 GameState.DebugPrintPower() -         tag=CREATOR_DBID value=57980
D 15:46:14.2444871 GameState.DebugPrintPower() -         tag=BACON_TRIPLE_UPGRADE_MINION_ID value=110102
D 15:46:14.2444871 GameState.DebugPrintPower() -         tag=TECH_LEVEL value=1
D 15:46:14.2444871 GameState.DebugPrintPower() -         tag=IS_BACON_POOL_MINION value=1
D 15:46:14.2444871 GameState.DebugPrintPower() -         tag=SUPPRESS_ALL_SUMMON_VO value=1
D 15:46:14.2444871 GameState.DebugPrintPower() -         tag=SPAWN_TIME_COUNT value=1
D 15:46:14.2444871 GameState.DebugPrintPower() -         tag=1595 value=1
D 15:46:14.2444871 GameState.DebugPrintPower() -         tag=HAS_ACTIVATE_POWER value=1
D 15:46:14.2444871 GameState.DebugPrintPower() -         tag=3085 value=1
D 15:46:14.2444871 GameState.DebugPrintPower() -     TAG_CHANGE Entity=698 tag=EXHAUSTED value=0 
D 15:46:14.2444871 GameState.DebugPrintPower() -     TAG_CHANGE Entity=698 tag=LAST_AFFECTED_BY value=516 
D 15:46:14.2444871 GameState.DebugPrintPower() -     TAG_CHANGE Entity=698 tag=COPIED_FROM_ENTITY_ID value=667 
D 15:46:14.2444871 GameState.DebugPrintPower() -     TAG_CHANGE Entity=698 tag=3669 value=1 
D 15:46:14.2444871 GameState.DebugPrintPower() -     TAG_CHANGE Entity=GameEntity tag=1453 value=0 
D 15:46:14.2444871 GameState.DebugPrintPower() -     TAG_CHANGE Entity=GameEntity tag=2374 value=0 
D 15:46:14.2444871 GameState.DebugPrintPower() -     TAG_CHANGE Entity=GameEntity tag=3533 value=0 
D 15:46:14.2444871 GameState.DebugPrintPower() -     TAG_CHANGE Entity=697 tag=SPAWN_TIME_COUNT value=0 
D 15:46:14.2444871 GameState.DebugPrintPower() -     TAG_CHANGE Entity=697 tag=SPAWN_TIME_COUNT value=1 
D 15:46:14.2444871 GameState.DebugPrintPower() -     TAG_CHANGE Entity=698 tag=SPAWN_TIME_COUNT value=0 
D 15:46:14.2444871 GameState.DebugPrintPower() -     TAG_CHANGE Entity=698 tag=SPAWN_TIME_COUNT value=1 
D 15:46:14.2444871 GameState.DebugPrintPower() -     TAG_CHANGE Entity=695 tag=SPAWN_TIME_COUNT value=0 
D 15:46:14.2444871 GameState.DebugPrintPower() -     TAG_CHANGE Entity=695 tag=SPAWN_TIME_COUNT value=1 
D 15:46:14.2444871 GameState.DebugPrintPower() -     TAG_CHANGE Entity=696 tag=SPAWN_TIME_COUNT value=0 
D 15:46:14.2444871 GameState.DebugPrintPower() -     TAG_CHANGE Entity=696 tag=SPAWN_TIME_COUNT value=1 
D 15:46:14.2444871 GameState.DebugPrintPower() -     TAG_CHANGE Entity=Bartender Bob tag=SPAWN_TIME_COUNT value=0 
D 15:46:14.2444871 GameState.DebugPrintPower() -     TAG_CHANGE Entity=Bartender Bob tag=SPAWN_TIME_COUNT value=1 
D 15:46:14.2444871 GameState.DebugPrintPower() -     TAG_CHANGE Entity=[entityName=Annoy-o-Tron id=435 zone=PLAY zonePos=1 cardId=BG_GVG_085 player=6] tag=SPAWN_TIME_COUNT value=0 
D 15:46:14.2444871 GameState.DebugPrintPower() -     TAG_CHANGE Entity=[entityName=Annoy-o-Tron id=435 zone=PLAY zonePos=1 cardId=BG_GVG_085 player=6] tag=SPAWN_TIME_COUNT value=1 
D 15:46:14.2444871 GameState.DebugPrintPower() -     TAG_CHANGE Entity=[entityName=Persistent Poet Player Enchant [DNT] id=224 zone=PLAY zonePos=0 cardId=BG29_813e player=6] tag=SPAWN_TIME_COUNT value=0 
D 15:46:14.2444871 GameState.DebugPrintPower() -     TAG_CHANGE Entity=[entityName=Persistent Poet Player Enchant [DNT] id=224 zone=PLAY zonePos=0 cardId=BG29_813e player=6] tag=SPAWN_TIME_COUNT value=1 
D 15:46:14.2444871 GameState.DebugPrintPower() -     TAG_CHANGE Entity=[entityName=TagTransferPlayerEnchant [DNT] id=390 zone=PLAY zonePos=0 cardId=Bacon_TagTransferPlayerE player=6] tag=SPAWN_TIME_COUNT value=0 
D 15:46:14.2444871 GameState.DebugPrintPower() -     TAG_CHANGE Entity=[entityName=TagTransferPlayerEnchant [DNT] id=390 zone=PLAY zonePos=0 cardId=Bacon_TagTransferPlayerE player=6] tag=SPAWN_TIME_COUNT value=1 
D 15:46:14.2444871 GameState.DebugPrintPower() -     TAG_CHANGE Entity=dymitrq#2316 tag=SPAWN_TIME_COUNT value=0 
D 15:46:14.2444871 GameState.DebugPrintPower() -     TAG_CHANGE Entity=dymitrq#2316 tag=SPAWN_TIME_COUNT value=1 
D 15:46:14.2444871 GameState.DebugPrintPower() -     TAG_CHANGE Entity=[entityName=Sparkhoarder Togwaggle id=85 zone=PLAY zonePos=0 cardId=BG23_HERO_305_SKIN_B player=6] tag=2263 value=4 
D 15:46:14.2444871 GameState.DebugPrintPower() -     TAG_CHANGE Entity=[entityName=Sparkhoarder Togwaggle id=85 zone=PLAY zonePos=0 cardId=BG23_HERO_305_SKIN_B player=6] tag=2262 value=1 
D 15:46:14.2444871 GameState.DebugPrintPower() -     TAG_CHANGE Entity=GameEntity tag=BACON_CHOSEN_BOARD_SKIN_ID value=0 
D 15:46:14.2444871 GameState.DebugPrintPower() -     TAG_CHANGE Entity=GameEntity tag=BACON_CHOSEN_BOARD_SKIN_ID value=42 
D 15:46:14.2444871 GameState.DebugPrintPower() -     META_DATA - Meta=ARTIFICIAL_PAUSE Data=1500 InfoCount=1
D 15:46:14.2444871 GameState.DebugPrintPower() -                 Info[0] = [entityName=BaconShop8PlayerEnchant id=63 zone=PLAY zonePos=0 cardId=TB_BaconShop_8P_PlayerE player=6]
D 15:46:14.2444871 GameState.DebugPrintPower() -     META_DATA - Meta=SLUSH_TIME Data=1500 InfoCount=1
D 15:46:14.2444871 GameState.DebugPrintPower() -                 Info[0] = [entityName=BaconShop8PlayerEnchant id=63 zone=PLAY zonePos=0 cardId=TB_BaconShop_8P_PlayerE player=6]
D 15:46:14.2444871 GameState.DebugPrintPower() - BLOCK_END
D 15:46:14.2444871 GameState.DebugPrintPower() - TAG_CHANGE Entity=694 tag=3669 value=0 
D 15:46:14.2444871 GameState.DebugPrintPower() - TAG_CHANGE Entity=697 tag=3669 value=0 
D 15:46:14.2444871 GameState.DebugPrintPower() - TAG_CHANGE Entity=698 tag=3669 value=0 
D 15:46:14.2444871 GameState.DebugPrintPower() - BLOCK_START BlockType=TRIGGER Entity=[entityName=BaconShop8PlayerEnchant id=63 zone=PLAY zonePos=0 cardId=TB_BaconShop_8P_PlayerE player=6] EffectCardId=System.Collections.Generic.List`1[System.String] EffectIndex=27 Target=0 SubOption=-1 TriggerKeyword=TAG_NOT_SET
D 15:46:14.2444871 GameState.DebugPrintPower() - BLOCK_END
D 15:46:14.2444871 GameState.DebugPrintPower() - TAG_CHANGE Entity=695 tag=3669 value=0 
D 15:46:14.2444871 GameState.DebugPrintPower() - TAG_CHANGE Entity=696 tag=3669 value=0 
D 15:46:14.3318208 PowerProcessor.EndCurrentTaskList() - m_currentTaskList=330
D 15:46:14.3318208 PowerTaskList.DebugDump() - ID=331 ParentID=0 PreviousID=330 TaskCount=0
D 15:46:14.3318208 PowerTaskList.DebugDump() - Block Start=(null)
D 15:46:14.3318208 PowerTaskList.DebugPrintPower() - BLOCK_END
D 15:46:14.3318208 PowerProcessor.PrepareHistoryForCurrentTaskList() - m_currentTaskList=331
D 15:46:14.3318208 PowerProcessor.EndCurrentTaskList() - m_currentTaskList=331
D 15:46:14.3318208 PowerTaskList.DebugDump() - ID=332 ParentID=0 PreviousID=0 TaskCount=0
D 15:46:14.3318208 PowerTaskList.DebugPrintPower() - BLOCK_START BlockType=TRIGGER Entity=Bartender Bob EffectCardId=System.Collections.Generic.List`1[System.String] EffectIndex=-1 Target=0 SubOption=-1 TriggerKeyword=TAG_NOT_SET
D 15:46:14.3318208 PowerTaskList.DebugPrintPower() - BLOCK_END
D 15:46:14.3318208 PowerProcessor.PrepareHistoryForCurrentTaskList() - m_currentTaskList=332
D 15:46:14.3318208 PowerProcessor.EndCurrentTaskList() - m_currentTaskList=332
D 15:46:14.3318208 PowerTaskList.DebugDump() - ID=333 ParentID=0 PreviousID=0 TaskCount=1
D 15:46:14.3318208 PowerTaskList.DebugPrintPower() - BLOCK_START BlockType=TRIGGER Entity=dymitrq#2316 EffectCardId=System.Collections.Generic.List`1[System.String] EffectIndex=-1 Target=0 SubOption=-1 TriggerKeyword=TAG_NOT_SET
D 15:46:14.3318208 PowerTaskList.DebugPrintPower() -     TAG_CHANGE Entity=GameEntity tag=NEXT_STEP value=MAIN_CLEANUP 
D 15:46:14.3318208 PowerTaskList.DebugPrintPower() - BLOCK_END
D 15:46:14.3318208 PowerProcessor.PrepareHistoryForCurrentTaskList() - m_currentTaskList=333
D 15:46:14.3318208 PowerProcessor.EndCurrentTaskList() - m_currentTaskList=333
D 15:46:14.3318208 PowerTaskList.DebugDump() - ID=334 ParentID=0 PreviousID=0 TaskCount=0
D 15:46:14.3318208 PowerTaskList.DebugPrintPower() - BLOCK_START BlockType=TRIGGER Entity=dymitrq#2316 EffectCardId=System.Collections.Generic.List`1[System.String] EffectIndex=-1 Target=0 SubOption=-1 TriggerKeyword=TAG_NOT_SET
D 15:46:14.3318208 PowerTaskList.DebugPrintPower() - BLOCK_END
D 15:46:14.3318208 PowerProcessor.PrepareHistoryForCurrentTaskList() - m_currentTaskList=334
D 15:46:14.3318208 PowerProcessor.EndCurrentTaskList() - m_currentTaskList=334
D 15:46:14.3318208 PowerTaskList.DebugDump() - ID=335 ParentID=0 PreviousID=0 TaskCount=0
D 15:46:14.3318208 PowerTaskList.DebugPrintPower() - BLOCK_START BlockType=TRIGGER Entity=[entityName=Freeze id=501 zone=PLAY zonePos=0 cardId=TB_BaconShopLockAll_Button player=6] EffectCardId=System.Collections.Generic.List`1[System.String] EffectIndex=0 Target=0 SubOption=-1 TriggerKeyword=TAG_NOT_SET
D 15:46:14.3318208 PowerTaskList.DebugPrintPower() - BLOCK_END
D 15:46:14.3318208 PowerProcessor.PrepareHistoryForCurrentTaskList() - m_currentTaskList=335
D 15:46:14.3318208 PowerProcessor.EndCurrentTaskList() - m_currentTaskList=335
D 15:46:14.3318208 PowerTaskList.DebugDump() - ID=336 ParentID=0 PreviousID=0 TaskCount=0
D 15:46:14.3318208 PowerTaskList.DebugPrintPower() - BLOCK_START BlockType=TRIGGER Entity=[entityName=BaconShop8PlayerEnchant id=63 zone=PLAY zonePos=0 cardId=TB_BaconShop_8P_PlayerE player=6] EffectCardId=System.Collections.Generic.List`1[System.String] EffectIndex=22 Target=0 SubOption=-1 TriggerKeyword=TAG_NOT_SET
D 15:46:14.3318208 PowerTaskList.DebugPrintPower() - BLOCK_END
D 15:46:14.3318208 PowerProcessor.PrepareHistoryForCurrentTaskList() - m_currentTaskList=336
D 15:46:14.3318208 PowerProcessor.EndCurrentTaskList() - m_currentTaskList=336
D 15:46:14.3318208 PowerTaskList.DebugDump() - ID=337 ParentID=0 PreviousID=0 TaskCount=5
D 15:46:14.3318208 PowerTaskList.DebugPrintPower() - BLOCK_START BlockType=TRIGGER Entity=[entityName=BaconShop8PlayerEnchant id=63 zone=PLAY zonePos=0 cardId=TB_BaconShop_8P_PlayerE player=6] EffectCardId=System.Collections.Generic.List`1[System.String] EffectIndex=35 Target=0 SubOption=-1 TriggerKeyword=TAG_NOT_SET
D 15:46:14.3318208 PowerTaskList.DebugPrintPower() -     TAG_CHANGE Entity=[entityName=TagTransferPlayerEnchant [DNT] id=390 zone=PLAY zonePos=0 cardId=Bacon_TagTransferPlayerE player=6] tag=2245 value=4 
D 15:46:14.3318208 PowerTaskList.DebugPrintPower() -     TAG_CHANGE Entity=[entityName=TagTransferPlayerEnchant [DNT] id=390 zone=PLAY zonePos=0 cardId=Bacon_TagTransferPlayerE player=6] tag=2753 value=103652 
D 15:46:14.3318208 PowerTaskList.DebugPrintPower() -     TAG_CHANGE Entity=[entityName=TagTransferPlayerEnchant [DNT] id=390 zone=PLAY zonePos=0 cardId=Bacon_TagTransferPlayerE player=6] tag=RESOURCES value=4 
D 15:46:14.3318208 PowerTaskList.DebugPrintPower() -     TAG_CHANGE Entity=[entityName=TagTransferPlayerEnchant [DNT] id=390 zone=PLAY zonePos=0 cardId=Bacon_TagTransferPlayerE player=6] tag=PLAYER_TECH_LEVEL value=2 
D 15:46:14.3318208 PowerTaskList.DebugPrintPower() -     TAG_CHANGE Entity=[entityName=TagTransferPlayerEnchant [DNT] id=390 zone=PLAY zonePos=0 cardId=Bacon_TagTransferPlayerE player=6] tag=1487 value=1 
D 15:46:14.3318208 PowerTaskList.DebugPrintPower() - BLOCK_END
D 15:46:14.3318208 PowerProcessor.PrepareHistoryForCurrentTaskList() - m_currentTaskList=337
D 15:46:14.3318208 PowerProcessor.EndCurrentTaskList() - m_currentTaskList=337
D 15:46:14.3318208 PowerTaskList.DebugDump() - ID=338 ParentID=0 PreviousID=0 TaskCount=1
D 15:46:14.3318208 PowerTaskList.DebugDump() - Block Start=(null)
D 15:46:14.3318208 PowerTaskList.DebugPrintPower() -     TAG_CHANGE Entity=GameEntity tag=STEP value=MAIN_CLEANUP 
D 15:46:14.3318208 PowerTaskList.DebugDump() - Block End=(null)
D 15:46:14.3318208 PowerProcessor.PrepareHistoryForCurrentTaskList() - m_currentTaskList=338
D 15:46:14.3318208 PowerProcessor.EndCurrentTaskList() - m_currentTaskList=338
D 15:46:14.3318208 PowerTaskList.DebugDump() - ID=339 ParentID=0 PreviousID=0 TaskCount=0
D 15:46:14.3318208 PowerTaskList.DebugPrintPower() - BLOCK_START BlockType=TRIGGER Entity=Bartender Bob EffectCardId=System.Collections.Generic.List`1[System.String] EffectIndex=-1 Target=0 SubOption=-1 TriggerKeyword=TAG_NOT_SET
D 15:46:14.3318208 PowerTaskList.DebugPrintPower() - BLOCK_END
D 15:46:14.3318208 PowerProcessor.PrepareHistoryForCurrentTaskList() - m_currentTaskList=339
D 15:46:14.3318208 PowerProcessor.EndCurrentTaskList() - m_currentTaskList=339
D 15:46:14.3318208 PowerTaskList.DebugDump() - ID=340 ParentID=0 PreviousID=0 TaskCount=1
D 15:46:14.3318208 PowerTaskList.DebugPrintPower() - BLOCK_START BlockType=TRIGGER Entity=dymitrq#2316 EffectCardId=System.Collections.Generic.List`1[System.String] EffectIndex=-1 Target=0 SubOption=-1 TriggerKeyword=TAG_NOT_SET
D 15:46:14.3318208 PowerTaskList.DebugPrintPower() -     TAG_CHANGE Entity=GameEntity tag=NEXT_STEP value=MAIN_NEXT 
D 15:46:14.3318208 PowerTaskList.DebugPrintPower() - BLOCK_END
D 15:46:14.3318208 PowerProcessor.PrepareHistoryForCurrentTaskList() - m_currentTaskList=340
D 15:46:14.3318208 PowerProcessor.EndCurrentTaskList() - m_currentTaskList=340
D 15:46:14.3318208 PowerTaskList.DebugDump() - ID=341 ParentID=0 PreviousID=0 TaskCount=1
D 15:46:14.3318208 PowerTaskList.DebugDump() - Block Start=(null)
D 15:46:14.3318208 PowerTaskList.DebugPrintPower() -     TAG_CHANGE Entity=GameEntity tag=STEP value=MAIN_NEXT 
D 15:46:14.3318208 PowerTaskList.DebugDump() - Block End=(null)
D 15:46:14.3318208 PowerProcessor.PrepareHistoryForCurrentTaskList() - m_currentTaskList=341
D 15:46:14.3318208 PowerProcessor.EndCurrentTaskList() - m_currentTaskList=341
D 15:46:14.3318208 PowerTaskList.DebugDump() - ID=342 ParentID=0 PreviousID=0 TaskCount=9
D 15:46:14.3318208 PowerTaskList.DebugPrintPower() - BLOCK_START BlockType=TRIGGER Entity=GameEntity EffectCardId=System.Collections.Generic.List`1[System.String] EffectIndex=0 Target=0 SubOption=-1 TriggerKeyword=TAG_NOT_SET
D 15:46:14.3318208 PowerTaskList.DebugPrintPower() -     TAG_CHANGE Entity=dymitrq#2316 tag=1292 value=0 
D 15:46:14.3318208 PowerTaskList.DebugPrintPower() -     TAG_CHANGE Entity=Bartender Bob tag=1292 value=1 
D 15:46:14.3318208 PowerTaskList.DebugPrintPower() -     TAG_CHANGE Entity=dymitrq#2316 tag=TIMEOUT value=50 
D 15:46:14.3318208 PowerTaskList.DebugPrintPower() -     TAG_CHANGE Entity=dymitrq#2316 tag=CURRENT_PLAYER value=0 
D 15:46:14.3318208 PowerTaskList.DebugPrintPower() -     TAG_CHANGE Entity=Bartender Bob tag=CURRENT_PLAYER value=1 
D 15:46:14.3318208 PowerTaskList.DebugPrintPower() -     TAG_CHANGE Entity=GameEntity tag=TURN value=4 
D 15:46:14.3318208 PowerTaskList.DebugPrintPower() -     TAG_CHANGE Entity=GameEntity tag=1882 value=4 
D 15:46:14.3318208 PowerTaskList.DebugPrintPower() -     TAG_CHANGE Entity=Bartender Bob tag=TURN value=2 
D 15:46:14.3318208 PowerTaskList.DebugPrintPower() -     TAG_CHANGE Entity=GameEntity tag=NEXT_STEP value=MAIN_READY 
D 15:46:14.3318208 PowerTaskList.DebugPrintPower() - BLOCK_END
D 15:46:14.3318208 PowerProcessor.PrepareHistoryForCurrentTaskList() - m_currentTaskList=342
D 15:46:14.3318208 PowerProcessor.EndCurrentTaskList() - m_currentTaskList=342
D 15:46:14.3318208 PowerTaskList.DebugDump() - ID=343 ParentID=0 PreviousID=0 TaskCount=280
D 15:46:14.3318208 PowerTaskList.DebugPrintPower() - BLOCK_START BlockType=TRIGGER Entity=[entityName=BaconShop8PlayerEnchant id=63 zone=PLAY zonePos=0 cardId=TB_BaconShop_8P_PlayerE player=6] EffectCardId=System.Collections.Generic.List`1[System.String] EffectIndex=-1 Target=0 SubOption=-1 TriggerKeyword=TAG_NOT_SET
D 15:46:14.3318208 PowerTaskList.DebugPrintPower() -     TAG_CHANGE Entity=GameEntity tag=BOARD_VISUAL_STATE value=2 
D 15:46:14.3318208 PowerTaskList.DebugPrintPower() -     TAG_CHANGE Entity=GameEntity tag=MISSION_EVENT value=2 
D 15:46:14.3318208 PowerTaskList.DebugPrintPower() -     TAG_CHANGE Entity=GameEntity tag=1488 value=0 
D 15:46:14.3318208 PowerTaskList.DebugPrintPower() -     TAG_CHANGE Entity=dymitrq#2316 tag=3075 value=0 
D 15:46:14.3318208 PowerTaskList.DebugPrintPower() -     META_DATA - Meta=SLUSH_TIME Data=3000 InfoCount=1
D 15:46:14.3318208 PowerTaskList.DebugPrintPower() -                 Info[0] = [entityName=BaconShop8PlayerEnchant id=63 zone=PLAY zonePos=0 cardId=TB_BaconShop_8P_PlayerE player=6]
D 15:46:14.3318208 PowerTaskList.DebugPrintPower() -     TAG_CHANGE Entity=[entityName=Annoy-o-Tron id=561 zone=PLAY zonePos=1 cardId=BG_GVG_085 player=14] tag=1068 value=5 
D 15:46:14.3318208 PowerTaskList.DebugPrintPower() -     TAG_CHANGE Entity=[entityName=Annoy-o-Tron id=561 zone=PLAY zonePos=1 cardId=BG_GVG_085 player=14] tag=1068 value=0 
D 15:46:14.3318208 PowerTaskList.DebugPrintPower() -     TAG_CHANGE Entity=[entityName=Annoy-o-Tron id=561 zone=PLAY zonePos=1 cardId=BG_GVG_085 player=14] tag=SUPPRESS_ALL_SUMMON_VO value=0 
D 15:46:14.3318208 PowerTaskList.DebugPrintPower() -     TAG_CHANGE Entity=[entityName=Annoy-o-Tron id=561 zone=PLAY zonePos=1 cardId=BG_GVG_085 player=14] tag=1254 value=0 
D 15:46:14.3318208 PowerTaskList.DebugPrintPower() -     TAG_CHANGE Entity=[entityName=Tavern Coin id=568 zone=PLAY zonePos=4 cardId=BG28_810 player=14] tag=ZONE_POSITION value=3 
D 15:46:14.3318208 PowerTaskList.DebugPrintPower() -     TAG_CHANGE Entity=[entityName=Cord Puller id=565 zone=PLAY zonePos=3 cardId=BG29_611 player=14] tag=ZONE_POSITION value=2 
D 15:46:14.3318208 PowerTaskList.DebugPrintPower() -     TAG_CHANGE Entity=[entityName=Scallywag id=563 zone=PLAY zonePos=2 cardId=BGS_061 player=14] tag=ZONE_POSITION value=1 
D 15:46:14.3318208 PowerTaskList.DebugPrintPower() -     TAG_CHANGE Entity=[entityName=Annoy-o-Tron id=561 zone=PLAY zonePos=1 cardId=BG_GVG_085 player=14] tag=ZONE_POSITION value=0 
D 15:46:14.3318208 PowerTaskList.DebugPrintPower() -     TAG_CHANGE Entity=[entityName=Annoy-o-Tron id=561 zone=PLAY zonePos=1 cardId=BG_GVG_085 player=14] tag=ZONE value=REMOVEDFROMGAME 
D 15:46:14.3318208 PowerTaskList.DebugPrintPower() -     TAG_CHANGE Entity=[entityName=Annoy-o-Tron id=561 zone=PLAY zonePos=1 cardId=BG_GVG_085 player=14] tag=HAS_ACTIVATE_POWER value=0 
D 15:46:14.3318208 PowerTaskList.DebugPrintPower() -     TAG_CHANGE Entity=[entityName=Annoy-o-Tron id=561 zone=PLAY zonePos=1 cardId=BG_GVG_085 player=14] tag=ATK value=0 
D 15:46:14.3318208 PowerTaskList.DebugPrintPower() -     TAG_CHANGE Entity=[entityName=Annoy-o-Tron id=561 zone=PLAY zonePos=1 cardId=BG_GVG_085 player=14] tag=HEALTH value=0 
D 15:46:14.3318208 PowerTaskList.DebugPrintPower() -     TAG_CHANGE Entity=[entityName=Annoy-o-Tron id=561 zone=PLAY zonePos=1 cardId=BG_GVG_085 player=14] tag=TAUNT value=0 
D 15:46:14.3318208 PowerTaskList.DebugPrintPower() -     TAG_CHANGE Entity=[entityName=Annoy-o-Tron id=561 zone=PLAY zonePos=1 cardId=BG_GVG_085 player=14] tag=DIVINE_SHIELD value=0 
D 15:46:14.3318208 PowerTaskList.DebugPrintPower() -     TAG_CHANGE Entity=[entityName=Annoy-o-Tron id=561 zone=PLAY zonePos=1 cardId=BG_GVG_085 player=14] tag=CANT_ATTACK value=0 
D 15:46:14.3318208 PowerTaskList.DebugPrintPower() -     TAG_CHANGE Entity=[entityName=Annoy-o-Tron id=561 zone=PLAY zonePos=1 cardId=BG_GVG_085 player=14] tag=NUM_TURNS_IN_PLAY value=0 
D 15:46:14.3318208 PowerTaskList.DebugPrintPower() -     TAG_CHANGE Entity=[entityName=Annoy-o-Tron id=561 zone=PLAY zonePos=1 cardId=BG_GVG_085 player=14] tag=BACON_TRIPLE_UPGRADE_MINION_ID value=0 
D 15:46:14.3318208 PowerTaskList.DebugPrintPower() -     TAG_CHANGE Entity=[entityName=Annoy-o-Tron id=561 zone=PLAY zonePos=1 cardId=BG_GVG_085 player=14] tag=TECH_LEVEL value=0 
D 15:46:14.3318208 PowerTaskList.DebugPrintPower() -     TAG_CHANGE Entity=[entityName=Annoy-o-Tron id=561 zone=PLAY zonePos=1 cardId=BG_GVG_085 player=14] tag=IS_BACON_POOL_MINION value=0 
D 15:46:14.3318208 PowerTaskList.DebugPrintPower() -     TAG_CHANGE Entity=[entityName=Annoy-o-Tron id=561 zone=PLAY zonePos=1 cardId=BG_GVG_085 player=14] tag=SPAWN_TIME_COUNT value=0 
D 15:46:14.3318208 PowerTaskList.DebugPrintPower() -     TAG_CHANGE Entity=[entityName=Annoy-o-Tron id=561 zone=PLAY zonePos=1 cardId=BG_GVG_085 player=14] tag=1595 value=0 
D 15:46:14.3318208 PowerTaskList.DebugPrintPower() -     TAG_CHANGE Entity=[entityName=Annoy-o-Tron id=561 zone=PLAY zonePos=1 cardId=BG_GVG_085 player=14] tag=BACON_PAIR_CANDIDATE value=0 
D 15:46:14.3318208 PowerTaskList.DebugPrintPower() -     TAG_CHANGE Entity=[entityName=Annoy-o-Tron id=561 zone=PLAY zonePos=1 cardId=BG_GVG_085 player=14] tag=ATK value=1 
D 15:46:14.3318208 PowerTaskList.DebugPrintPower() -     TAG_CHANGE Entity=[entityName=Annoy-o-Tron id=561 zone=PLAY zonePos=1 cardId=BG_GVG_085 player=14] tag=HEALTH value=2 
D 15:46:14.3318208 PowerTaskList.DebugPrintPower() -     TAG_CHANGE Entity=[entityName=Annoy-o-Tron id=561 zone=PLAY zonePos=1 cardId=BG_GVG_085 player=14] tag=TAUNT value=1 
D 15:46:14.3318208 PowerTaskList.DebugPrintPower() -     TAG_CHANGE Entity=[entityName=Annoy-o-Tron id=561 zone=PLAY zonePos=1 cardId=BG_GVG_085 player=14] tag=DIVINE_SHIELD value=1 
D 15:46:14.3318208 PowerTaskList.DebugPrintPower() -     TAG_CHANGE Entity=[entityName=Annoy-o-Tron id=561 zone=PLAY zonePos=1 cardId=BG_GVG_085 player=14] tag=BACON_TRIPLE_UPGRADE_MINION_ID value=103653 
D 15:46:14.3318208 PowerTaskList.DebugPrintPower() -     TAG_CHANGE Entity=[entityName=Annoy-o-Tron id=561 zone=PLAY zonePos=1 cardId=BG_GVG_085 player=14] tag=TECH_LEVEL value=1 
D 15:46:14.3318208 PowerTaskList.DebugPrintPower() -     TAG_CHANGE Entity=[entityName=Annoy-o-Tron id=561 zone=PLAY zonePos=1 cardId=BG_GVG_085 player=14] tag=IS_BACON_POOL_MINION value=1 
D 15:46:14.3318208 PowerTaskList.DebugPrintPower() -     TAG_CHANGE Entity=[entityName=Annoy-o-Tron id=561 zone=PLAY zonePos=1 cardId=BG_GVG_085 player=14] tag=1595 value=1 
D 15:46:14.3318208 PowerTaskList.DebugPrintPower() -     TAG_CHANGE Entity=[entityName=Annoy-o-Tron id=561 zone=PLAY zonePos=1 cardId=BG_GVG_085 player=14] tag=HAS_ACTIVATE_POWER value=1 
D 15:46:14.3318208 PowerTaskList.DebugPrintPower() -     TAG_CHANGE Entity=[entityName=Scallywag id=563 zone=PLAY zonePos=2 cardId=BGS_061 player=14] tag=1068 value=5 
D 15:46:14.3318208 PowerTaskList.DebugPrintPower() -     TAG_CHANGE Entity=[entityName=Scallywag id=563 zone=PLAY zonePos=2 cardId=BGS_061 player=14] tag=1068 value=0 
D 15:46:14.3318208 PowerTaskList.DebugPrintPower() -     TAG_CHANGE Entity=[entityName=Scallywag id=563 zone=PLAY zonePos=2 cardId=BGS_061 player=14] tag=SUPPRESS_ALL_SUMMON_VO value=0 
D 15:46:14.3318208 PowerTaskList.DebugPrintPower() -     TAG_CHANGE Entity=[entityName=Scallywag id=563 zone=PLAY zonePos=2 cardId=BGS_061 player=14] tag=1254 value=0 
D 15:46:14.3318208 PowerTaskList.DebugPrintPower() -     TAG_CHANGE Entity=[entityName=Tavern Coin id=568 zone=PLAY zonePos=4 cardId=BG28_810 player=14] tag=ZONE_POSITION value=2 
D 15:46:14.3318208 PowerTaskList.DebugPrintPower() -     TAG_CHANGE Entity=[entityName=Cord Puller id=565 zone=PLAY zonePos=3 cardId=BG29_611 player=14] tag=ZONE_POSITION value=1 
D 15:46:14.3318208 PowerTaskList.DebugPrintPower() -     TAG_CHANGE Entity=[entityName=Scallywag id=563 zone=PLAY zonePos=2 cardId=BGS_061 player=14] tag=ZONE_POSITION value=0 
D 15:46:14.3318208 PowerTaskList.DebugPrintPower() -     TAG_CHANGE Entity=[entityName=Scallywag id=563 zone=PLAY zonePos=2 cardId=BGS_061 player=14] tag=ZONE value=REMOVEDFROMGAME 
D 15:46:14.3318208 PowerTaskList.DebugPrintPower() -     TAG_CHANGE Entity=[entityName=Scallywag id=563 zone=PLAY zonePos=2 cardId=BGS_061 player=14] tag=HAS_ACTIVATE_POWER value=0 
D 15:46:14.3318208 PowerTaskList.DebugPrintPower() -     TAG_CHANGE Entity=[entityName=Scallywag id=563 zone=PLAY zonePos=2 cardId=BGS_061 player=14] tag=COST value=0 
D 15:46:14.3318208 PowerTaskList.DebugPrintPower() -     TAG_CHANGE Entity=[entityName=Scallywag id=563 zone=PLAY zonePos=2 cardId=BGS_061 player=14] tag=ATK value=0 
D 15:46:14.3318208 PowerTaskList.DebugPrintPower() -     TAG_CHANGE Entity=[entityName=Scallywag id=563 zone=PLAY zonePos=2 cardId=BGS_061 player=14] tag=HEALTH value=0 
D 15:46:14.3318208 PowerTaskList.DebugPrintPower() -     TAG_CHANGE Entity=[entityName=Scallywag id=563 zone=PLAY zonePos=2 cardId=BGS_061 player=14] tag=DEATHRATTLE value=0 
D 15:46:14.3318208 PowerTaskList.DebugPrintPower() -     TAG_CHANGE Entity=[entityName=Scallywag id=563 zone=PLAY zonePos=2 cardId=BGS_061 player=14] tag=CANT_ATTACK value=0 
D 15:46:14.3318208 PowerTaskList.DebugPrintPower() -     TAG_CHANGE Entity=[entityName=Scallywag id=563 zone=PLAY zonePos=2 cardId=BGS_061 player=14] tag=NUM_TURNS_IN_PLAY value=0 
D 15:46:14.3318208 PowerTaskList.DebugPrintPower() -     TAG_CHANGE Entity=[entityName=Scallywag id=563 zone=PLAY zonePos=2 cardId=BGS_061 player=14] tag=BACON_TRIPLE_UPGRADE_MINION_ID value=0 
D 15:46:14.3318208 PowerTaskList.DebugPrintPower() -     TAG_CHANGE Entity=[entityName=Scallywag id=563 zone=PLAY zonePos=2 cardId=BGS_061 player=14] tag=TECH_LEVEL value=0 
D 15:46:14.3318208 PowerTaskList.DebugPrintPower() -     TAG_CHANGE Entity=[entityName=Scallywag id=563 zone=PLAY zonePos=2 cardId=BGS_061 player=14] tag=IS_BACON_POOL_MINION value=0 
D 15:46:14.3318208 PowerTaskList.DebugPrintPower() -     TAG_CHANGE Entity=[entityName=Scallywag id=563 zone=PLAY zonePos=2 cardId=BGS_061 player=14] tag=SPAWN_TIME_COUNT value=0 
D 15:46:14.3318208 PowerTaskList.DebugPrintPower() -     TAG_CHANGE Entity=[entityName=Scallywag id=563 zone=PLAY zonePos=2 cardId=BGS_061 player=14] tag=1596 value=0 
D 15:46:14.3318208 PowerTaskList.DebugPrintPower() -     TAG_CHANGE Entity=[entityName=Scallywag id=563 zone=PLAY zonePos=2 cardId=BGS_061 player=14] tag=COST value=1 
D 15:46:14.3318208 PowerTaskList.DebugPrintPower() -     TAG_CHANGE Entity=[entityName=Scallywag id=563 zone=PLAY zonePos=2 cardId=BGS_061 player=14] tag=ATK value=3 
D 15:46:14.3318208 PowerTaskList.DebugPrintPower() -     TAG_CHANGE Entity=[entityName=Scallywag id=563 zone=PLAY zonePos=2 cardId=BGS_061 player=14] tag=HEALTH value=1 
D 15:46:14.3318208 PowerTaskList.DebugPrintPower() -     TAG_CHANGE Entity=[entityName=Scallywag id=563 zone=PLAY zonePos=2 cardId=BGS_061 player=14] tag=DEATHRATTLE value=1 
D 15:46:14.3318208 PowerTaskList.DebugPrintPower() -     TAG_CHANGE Entity=[entityName=Scallywag id=563 zone=PLAY zonePos=2 cardId=BGS_061 player=14] tag=BACON_TRIPLE_UPGRADE_MINION_ID value=62262 
D 15:46:14.3318208 PowerTaskList.DebugPrintPower() -     TAG_CHANGE Entity=[entityName=Scallywag id=563 zone=PLAY zonePos=2 cardId=BGS_061 player=14] tag=TECH_LEVEL value=1 
D 15:46:14.3318208 PowerTaskList.DebugPrintPower() -     TAG_CHANGE Entity=[entityName=Scallywag id=563 zone=PLAY zonePos=2 cardId=BGS_061 player=14] tag=IS_BACON_POOL_MINION value=1 
D 15:46:14.3318208 PowerTaskList.DebugPrintPower() -     TAG_CHANGE Entity=[entityName=Scallywag id=563 zone=PLAY zonePos=2 cardId=BGS_061 player=14] tag=1596 value=1 
D 15:46:14.3318208 PowerTaskList.DebugPrintPower() -     TAG_CHANGE Entity=[entityName=Scallywag id=563 zone=PLAY zonePos=2 cardId=BGS_061 player=14] tag=HAS_ACTIVATE_POWER value=1 
D 15:46:14.3318208 PowerTaskList.DebugPrintPower() -     TAG_CHANGE Entity=[entityName=Cord Puller id=565 zone=PLAY zonePos=3 cardId=BG29_611 player=14] tag=1068 value=5 
D 15:46:14.3318208 PowerTaskList.DebugPrintPower() -     TAG_CHANGE Entity=[entityName=Cord Puller id=565 zone=PLAY zonePos=3 cardId=BG29_611 player=14] tag=1068 value=0 
D 15:46:14.3318208 PowerTaskList.DebugPrintPower() -     TAG_CHANGE Entity=[entityName=Cord Puller id=565 zone=PLAY zonePos=3 cardId=BG29_611 player=14] tag=SUPPRESS_ALL_SUMMON_VO value=0 
D 15:46:14.3318208 PowerTaskList.DebugPrintPower() -     TAG_CHANGE Entity=[entityName=Cord Puller id=565 zone=PLAY zonePos=3 cardId=BG29_611 player=14] tag=1254 value=0 
D 15:46:14.3318208 PowerTaskList.DebugPrintPower() -     TAG_CHANGE Entity=[entityName=Tavern Coin id=568 zone=PLAY zonePos=4 cardId=BG28_810 player=14] tag=ZONE_POSITION value=1 
D 15:46:14.3318208 PowerTaskList.DebugPrintPower() -     TAG_CHANGE Entity=[entityName=Cord Puller id=565 zone=PLAY zonePos=3 cardId=BG29_611 player=14] tag=ZONE_POSITION value=0 
D 15:46:14.3318208 PowerTaskList.DebugPrintPower() -     TAG_CHANGE Entity=[entityName=Cord Puller id=565 zone=PLAY zonePos=3 cardId=BG29_611 player=14] tag=ZONE value=REMOVEDFROMGAME 
D 15:46:14.3318208 PowerTaskList.DebugPrintPower() -     TAG_CHANGE Entity=[entityName=Cord Puller id=565 zone=PLAY zonePos=3 cardId=BG29_611 player=14] tag=HAS_ACTIVATE_POWER value=0 
D 15:46:14.3318208 PowerTaskList.DebugPrintPower() -     TAG_CHANGE Entity=[entityName=Cord Puller id=565 zone=PLAY zonePos=3 cardId=BG29_611 player=14] tag=COST value=0 
D 15:46:14.3318208 PowerTaskList.DebugPrintPower() -     TAG_CHANGE Entity=[entityName=Cord Puller id=565 zone=PLAY zonePos=3 cardId=BG29_611 player=14] tag=ATK value=0 
D 15:46:14.3318208 PowerTaskList.DebugPrintPower() -     TAG_CHANGE Entity=[entityName=Cord Puller id=565 zone=PLAY zonePos=3 cardId=BG29_611 player=14] tag=HEALTH value=0 
D 15:46:14.3318208 PowerTaskList.DebugPrintPower() -     TAG_CHANGE Entity=[entityName=Cord Puller id=565 zone=PLAY zonePos=3 cardId=BG29_611 player=14] tag=DIVINE_SHIELD value=0 
D 15:46:14.3318208 PowerTaskList.DebugPrintPower() -     TAG_CHANGE Entity=[entityName=Cord Puller id=565 zone=PLAY zonePos=3 cardId=BG29_611 player=14] tag=DEATHRATTLE value=0 
D 15:46:14.3318208 PowerTaskList.DebugPrintPower() -     TAG_CHANGE Entity=[entityName=Cord Puller id=565 zone=PLAY zonePos=3 cardId=BG29_611 player=14] tag=CANT_ATTACK value=0 
D 15:46:14.3318208 PowerTaskList.DebugPrintPower() -     TAG_CHANGE Entity=[entityName=Cord Puller id=565 zone=PLAY zonePos=3 cardId=BG29_611 player=14] tag=NUM_TURNS_IN_PLAY value=0 
D 15:46:14.3318208 PowerTaskList.DebugPrintPower() -     TAG_CHANGE Entity=[entityName=Cord Puller id=565 zone=PLAY zonePos=3 cardId=BG29_611 player=14] tag=BACON_TRIPLE_UPGRADE_MINION_ID value=0 
D 15:46:14.3318208 PowerTaskList.DebugPrintPower() -     TAG_CHANGE Entity=[entityName=Cord Puller id=565 zone=PLAY zonePos=3 cardId=BG29_611 player=14] tag=TECH_LEVEL value=0 
D 15:46:14.3318208 PowerTaskList.DebugPrintPower() -     TAG_CHANGE Entity=[entityName=Cord Puller id=565 zone=PLAY zonePos=3 cardId=BG29_611 player=14] tag=IS_BACON_POOL_MINION value=0 
D 15:46:14.3318208 PowerTaskList.DebugPrintPower() -     TAG_CHANGE Entity=[entityName=Cord Puller id=565 zone=PLAY zonePos=3 cardId=BG29_611 player=14] tag=SPAWN_TIME_COUNT value=0 
D 15:46:14.3318208 PowerTaskList.DebugPrintPower() -     TAG_CHANGE Entity=[entityName=Cord Puller id=565 zone=PLAY zonePos=3 cardId=BG29_611 player=14] tag=1595 value=0 
D 15:46:14.3318208 PowerTaskList.DebugPrintPower() -     TAG_CHANGE Entity=[entityName=Cord Puller id=565 zone=PLAY zonePos=3 cardId=BG29_611 player=14] tag=COST value=1 
D 15:46:14.3318208 PowerTaskList.DebugPrintPower() -     TAG_CHANGE Entity=[entityName=Cord Puller id=565 zone=PLAY zonePos=3 cardId=BG29_611 player=14] tag=ATK value=1 
D 15:46:14.3318208 PowerTaskList.DebugPrintPower() -     TAG_CHANGE Entity=[entityName=Cord Puller id=565 zone=PLAY zonePos=3 cardId=BG29_611 player=14] tag=HEALTH value=1 
D 15:46:14.3318208 PowerTaskList.DebugPrintPower() -     TAG_CHANGE Entity=[entityName=Cord Puller id=565 zone=PLAY zonePos=3 cardId=BG29_611 player=14] tag=DIVINE_SHIELD value=1 
D 15:46:14.3318208 PowerTaskList.DebugPrintPower() -     TAG_CHANGE Entity=[entityName=Cord Puller id=565 zone=PLAY zonePos=3 cardId=BG29_611 player=14] tag=DEATHRATTLE value=1 
D 15:46:14.3318208 PowerTaskList.DebugPrintPower() -     TAG_CHANGE Entity=[entityName=Cord Puller id=565 zone=PLAY zonePos=3 cardId=BG29_611 player=14] tag=BACON_TRIPLE_UPGRADE_MINION_ID value=110102 
D 15:46:14.3318208 PowerTaskList.DebugPrintPower() -     TAG_CHANGE Entity=[entityName=Cord Puller id=565 zone=PLAY zonePos=3 cardId=BG29_611 player=14] tag=TECH_LEVEL value=1 
D 15:46:14.3318208 PowerTaskList.DebugPrintPower() -     TAG_CHANGE Entity=[entityName=Cord Puller id=565 zone=PLAY zonePos=3 cardId=BG29_611 player=14] tag=IS_BACON_POOL_MINION value=1 
D 15:46:14.3318208 PowerTaskList.DebugPrintPower() -     TAG_CHANGE Entity=[entityName=Cord Puller id=565 zone=PLAY zonePos=3 cardId=BG29_611 player=14] tag=1595 value=1 
D 15:46:14.3318208 PowerTaskList.DebugPrintPower() -     TAG_CHANGE Entity=[entityName=Cord Puller id=565 zone=PLAY zonePos=3 cardId=BG29_611 player=14] tag=HAS_ACTIVATE_POWER value=1 
D 15:46:14.3318208 PowerTaskList.DebugPrintPower() -     TAG_CHANGE Entity=[entityName=Tavern Coin id=568 zone=PLAY zonePos=4 cardId=BG28_810 player=14] tag=1068 value=5 
D 15:46:14.3318208 PowerTaskList.DebugPrintPower() -     TAG_CHANGE Entity=[entityName=Tavern Coin id=568 zone=PLAY zonePos=4 cardId=BG28_810 player=14] tag=1068 value=0 
D 15:46:14.3318208 PowerTaskList.DebugPrintPower() -     TAG_CHANGE Entity=[entityName=Tavern Coin id=568 zone=PLAY zonePos=4 cardId=BG28_810 player=14] tag=SUPPRESS_ALL_SUMMON_VO value=0 
D 15:46:14.3318208 PowerTaskList.DebugPrintPower() -     TAG_CHANGE Entity=[entityName=Tavern Coin id=568 zone=PLAY zonePos=4 cardId=BG28_810 player=14] tag=ZONE_POSITION value=0 
D 15:46:14.3318208 PowerTaskList.DebugPrintPower() -     TAG_CHANGE Entity=[entityName=Tavern Coin id=568 zone=PLAY zonePos=4 cardId=BG28_810 player=14] tag=ZONE value=REMOVEDFROMGAME 
D 15:46:14.3318208 PowerTaskList.DebugPrintPower() -     TAG_CHANGE Entity=[entityName=Tavern Coin id=568 zone=PLAY zonePos=4 cardId=BG28_810 player=14] tag=HAS_ACTIVATE_POWER value=0 
D 15:46:14.3318208 PowerTaskList.DebugPrintPower() -     TAG_CHANGE Entity=[entityName=Tavern Coin id=568 zone=PLAY zonePos=4 cardId=BG28_810 player=14] tag=COST value=0 
D 15:46:14.3318208 PowerTaskList.DebugPrintPower() -     TAG_CHANGE Entity=[entityName=Tavern Coin id=568 zone=PLAY zonePos=4 cardId=BG28_810 player=14] tag=NUM_TURNS_IN_PLAY value=0 
D 15:46:14.3318208 PowerTaskList.DebugPrintPower() -     TAG_CHANGE Entity=[entityName=Tavern Coin id=568 zone=PLAY zonePos=4 cardId=BG28_810 player=14] tag=TECH_LEVEL value=0 
D 15:46:14.3318208 PowerTaskList.DebugPrintPower() -     TAG_CHANGE Entity=[entityName=Tavern Coin id=568 zone=PLAY zonePos=4 cardId=BG28_810 player=14] tag=SPAWN_TIME_COUNT value=0 
D 15:46:14.3318208 PowerTaskList.DebugPrintPower() -     TAG_CHANGE Entity=[entityName=Tavern Coin id=568 zone=PLAY zonePos=4 cardId=BG28_810 player=14] tag=SPELL_SCHOOL value=0 
D 15:46:14.3318208 PowerTaskList.DebugPrintPower() -     TAG_CHANGE Entity=[entityName=Tavern Coin id=568 zone=PLAY zonePos=4 cardId=BG28_810 player=14] tag=3081 value=0 
D 15:46:14.3318208 PowerTaskList.DebugPrintPower() -     TAG_CHANGE Entity=[entityName=Tavern Coin id=568 zone=PLAY zonePos=4 cardId=BG28_810 player=14] tag=COST value=1 
D 15:46:14.3318208 PowerTaskList.DebugPrintPower() -     TAG_CHANGE Entity=[entityName=Tavern Coin id=568 zone=PLAY zonePos=4 cardId=BG28_810 player=14] tag=TECH_LEVEL value=1 
D 15:46:14.3318208 PowerTaskList.DebugPrintPower() -     TAG_CHANGE Entity=[entityName=Tavern Coin id=568 zone=PLAY zonePos=4 cardId=BG28_810 player=14] tag=SPELL_SCHOOL value=9 
D 15:46:14.3318208 PowerTaskList.DebugPrintPower() -     TAG_CHANGE Entity=[entityName=Tavern Coin id=568 zone=PLAY zonePos=4 cardId=BG28_810 player=14] tag=3081 value=1 
D 15:46:14.3318208 PowerTaskList.DebugPrintPower() -     TAG_CHANGE Entity=[entityName=Tavern Coin id=568 zone=PLAY zonePos=4 cardId=BG28_810 player=14] tag=HAS_ACTIVATE_POWER value=1 
D 15:46:14.3318208 PowerTaskList.DebugPrintPower() -     TAG_CHANGE Entity=[entityName=Refresh id=500 zone=PLAY zonePos=0 cardId=TB_BaconShop_8p_Reroll_Button player=6] tag=1068 value=5 
D 15:46:14.3318208 PowerTaskList.DebugPrintPower() -     TAG_CHANGE Entity=[entityName=Refresh id=500 zone=PLAY zonePos=0 cardId=TB_BaconShop_8p_Reroll_Button player=6] tag=1068 value=0 
D 15:46:14.3318208 PowerTaskList.DebugPrintPower() -     TAG_CHANGE Entity=[entityName=Refresh id=500 zone=PLAY zonePos=0 cardId=TB_BaconShop_8p_Reroll_Button player=6] tag=SUPPRESS_ALL_SUMMON_VO value=0 
D 15:46:14.3318208 PowerTaskList.DebugPrintPower() -     TAG_CHANGE Entity=[entityName=Refresh id=500 zone=PLAY zonePos=0 cardId=TB_BaconShop_8p_Reroll_Button player=6] tag=ZONE value=REMOVEDFROMGAME 
D 15:46:14.3318208 PowerTaskList.DebugPrintPower() -     TAG_CHANGE Entity=[entityName=Refresh id=500 zone=PLAY zonePos=0 cardId=TB_BaconShop_8p_Reroll_Button player=6] tag=HAS_ACTIVATE_POWER value=0 
D 15:46:14.3318208 PowerTaskList.DebugPrintPower() -     TAG_CHANGE Entity=[entityName=Refresh id=500 zone=PLAY zonePos=0 cardId=TB_BaconShop_8p_Reroll_Button player=6] tag=COST value=0 
D 15:46:14.3318208 PowerTaskList.DebugPrintPower() -     TAG_CHANGE Entity=[entityName=Refresh id=500 zone=PLAY zonePos=0 cardId=TB_BaconShop_8p_Reroll_Button player=6] tag=NUM_TURNS_IN_PLAY value=0 
D 15:46:14.3318208 PowerTaskList.DebugPrintPower() -     TAG_CHANGE Entity=[entityName=Refresh id=500 zone=PLAY zonePos=0 cardId=TB_BaconShop_8p_Reroll_Button player=6] tag=BACON_ACTION_CARD value=0 
D 15:46:14.3318208 PowerTaskList.DebugPrintPower() -     TAG_CHANGE Entity=[entityName=Refresh id=500 zone=PLAY zonePos=0 cardId=TB_BaconShop_8p_Reroll_Button player=6] tag=GAME_MODE_BUTTON_SLOT value=0 
D 15:46:14.3318208 PowerTaskList.DebugPrintPower() -     TAG_CHANGE Entity=[entityName=Refresh id=500 zone=PLAY zonePos=0 cardId=TB_BaconShop_8p_Reroll_Button player=6] tag=SPAWN_TIME_COUNT value=0 
D 15:46:14.3318208 PowerTaskList.DebugPrintPower() -     TAG_CHANGE Entity=[entityName=Refresh id=500 zone=PLAY zonePos=0 cardId=TB_BaconShop_8p_Reroll_Button player=6] tag=COST value=1 
D 15:46:14.3318208 PowerTaskList.DebugPrintPower() -     TAG_CHANGE Entity=[entityName=Refresh id=500 zone=PLAY zonePos=0 cardId=TB_BaconShop_8p_Reroll_Button player=6] tag=BACON_ACTION_CARD value=1 
D 15:46:14.3318208 PowerTaskList.DebugPrintPower() -     TAG_CHANGE Entity=[entityName=Refresh id=500 zone=PLAY zonePos=0 cardId=TB_BaconShop_8p_Reroll_Button player=6] tag=GAME_MODE_BUTTON_SLOT value=2 
D 15:46:14.3318208 PowerTaskList.DebugPrintPower() -     TAG_CHANGE Entity=[entityName=Refresh id=500 zone=PLAY zonePos=0 cardId=TB_BaconShop_8p_Reroll_Button player=6] tag=HAS_ACTIVATE_POWER value=1 
D 15:46:14.3318208 PowerTaskList.DebugPrintPower() -     TAG_CHANGE Entity=[entityName=Freeze id=501 zone=PLAY zonePos=0 cardId=TB_BaconShopLockAll_Button player=6] tag=1068 value=5 
D 15:46:14.3318208 PowerTaskList.DebugPrintPower() -     TAG_CHANGE Entity=[entityName=Freeze id=501 zone=PLAY zonePos=0 cardId=TB_BaconShopLockAll_Button player=6] tag=1068 value=0 
D 15:46:14.3318208 PowerTaskList.DebugPrintPower() -     TAG_CHANGE Entity=[entityName=Freeze id=501 zone=PLAY zonePos=0 cardId=TB_BaconShopLockAll_Button player=6] tag=SUPPRESS_ALL_SUMMON_VO value=0 
D 15:46:14.3318208 PowerTaskList.DebugPrintPower() -     TAG_CHANGE Entity=[entityName=Freeze id=501 zone=PLAY zonePos=0 cardId=TB_BaconShopLockAll_Button player=6] tag=ZONE value=REMOVEDFROMGAME 
D 15:46:14.3318208 PowerTaskList.DebugPrintPower() -     TAG_CHANGE Entity=[entityName=Freeze id=501 zone=PLAY zonePos=0 cardId=TB_BaconShopLockAll_Button player=6] tag=HAS_ACTIVATE_POWER value=0 
D 15:46:14.3318208 PowerTaskList.DebugPrintPower() -     TAG_CHANGE Entity=[entityName=Freeze id=501 zone=PLAY zonePos=0 cardId=TB_BaconShopLockAll_Button player=6] tag=TAG_SCRIPT_DATA_NUM_2 value=0 
D 15:46:14.3318208 PowerTaskList.DebugPrintPower() -     TAG_CHANGE Entity=[entityName=Freeze id=501 zone=PLAY zonePos=0 cardId=TB_BaconShopLockAll_Button player=6] tag=FACTION value=INVALID 
D 15:46:14.3318208 PowerTaskList.DebugPrintPower() -     TAG_CHANGE Entity=[entityName=Freeze id=501 zone=PLAY zonePos=0 cardId=TB_BaconShopLockAll_Button player=6] tag=NUM_TURNS_IN_PLAY value=0 
D 15:46:14.3318208 PowerTaskList.DebugPrintPower() -     TAG_CHANGE Entity=[entityName=Freeze id=501 zone=PLAY zonePos=0 cardId=TB_BaconShopLockAll_Button player=6] tag=1270 value=0 
D 15:46:14.3318208 PowerTaskList.DebugPrintPower() -     TAG_CHANGE Entity=[entityName=Freeze id=501 zone=PLAY zonePos=0 cardId=TB_BaconShopLockAll_Button player=6] tag=BACON_ACTION_CARD value=0 
D 15:46:14.3318208 PowerTaskList.DebugPrintPower() -     TAG_CHANGE Entity=[entityName=Freeze id=501 zone=PLAY zonePos=0 cardId=TB_BaconShopLockAll_Button player=6] tag=GAME_MODE_BUTTON_SLOT value=0 
D 15:46:14.3318208 PowerTaskList.DebugPrintPower() -     TAG_CHANGE Entity=[entityName=Freeze id=501 zone=PLAY zonePos=0 cardId=TB_BaconShopLockAll_Button player=6] tag=SPAWN_TIME_COUNT value=0 
D 15:46:14.3318208 PowerTaskList.DebugPrintPower() -     TAG_CHANGE Entity=[entityName=Freeze id=501 zone=PLAY zonePos=0 cardId=TB_BaconShopLockAll_Button player=6] tag=TAG_SCRIPT_DATA_NUM_2 value=10 
D 15:46:14.3318208 PowerTaskList.DebugPrintPower() -     TAG_CHANGE Entity=[entityName=Freeze id=501 zone=PLAY zonePos=0 cardId=TB_BaconShopLockAll_Button player=6] tag=FACTION value=ALLIANCE 
D 15:46:14.3318208 PowerTaskList.DebugPrintPower() -     TAG_CHANGE Entity=[entityName=Freeze id=501 zone=PLAY zonePos=0 cardId=TB_BaconShopLockAll_Button player=6] tag=1270 value=1 
D 15:46:14.3318208 PowerTaskList.DebugPrintPower() -     TAG_CHANGE Entity=[entityName=Freeze id=501 zone=PLAY zonePos=0 cardId=TB_BaconShopLockAll_Button player=6] tag=BACON_ACTION_CARD value=1 
D 15:46:14.3318208 PowerTaskList.DebugPrintPower() -     TAG_CHANGE Entity=[entityName=Freeze id=501 zone=PLAY zonePos=0 cardId=TB_BaconShopLockAll_Button player=6] tag=GAME_MODE_BUTTON_SLOT value=1 
D 15:46:14.3318208 PowerTaskList.DebugPrintPower() -     TAG_CHANGE Entity=[entityName=Freeze id=501 zone=PLAY zonePos=0 cardId=TB_BaconShopLockAll_Button player=6] tag=HAS_ACTIVATE_POWER value=1 
D 15:46:14.3318208 PowerTaskList.DebugPrintPower() -     TAG_CHANGE Entity=[entityName=Drag To Sell id=502 zone=PLAY zonePos=0 cardId=TB_BaconShop_DragSell player=6] tag=1068 value=5 
D 15:46:14.3318208 PowerTaskList.DebugPrintPower() -     TAG_CHANGE Entity=[entityName=Drag To Sell id=502 zone=PLAY zonePos=0 cardId=TB_BaconShop_DragSell player=6] tag=1068 value=0 
D 15:46:14.3318208 PowerTaskList.DebugPrintPower() -     TAG_CHANGE Entity=[entityName=Drag To Sell id=502 zone=PLAY zonePos=0 cardId=TB_BaconShop_DragSell player=6] tag=SUPPRESS_ALL_SUMMON_VO value=0 
D 15:46:14.3318208 PowerTaskList.DebugPrintPower() -     TAG_CHANGE Entity=[entityName=Drag To Sell id=502 zone=PLAY zonePos=0 cardId=TB_BaconShop_DragSell player=6] tag=ZONE value=REMOVEDFROMGAME 
D 15:46:14.3318208 PowerTaskList.DebugPrintPower() -     TAG_CHANGE Entity=[entityName=Drag To Sell id=502 zone=PLAY zonePos=0 cardId=TB_BaconShop_DragSell player=6] tag=HAS_ACTIVATE_POWER value=0 
D 15:46:14.3318208 PowerTaskList.DebugPrintPower() -     TAG_CHANGE Entity=[entityName=Drag To Sell id=502 zone=PLAY zonePos=0 cardId=TB_BaconShop_DragSell player=6] tag=NUM_TURNS_IN_PLAY value=0 
D 15:46:14.3318208 PowerTaskList.DebugPrintPower() -     TAG_CHANGE Entity=[entityName=Drag To Sell id=502 zone=PLAY zonePos=0 cardId=TB_BaconShop_DragSell player=6] tag=BACON_ACTION_CARD value=0 
D 15:46:14.3318208 PowerTaskList.DebugPrintPower() -     TAG_CHANGE Entity=[entityName=Drag To Sell id=502 zone=PLAY zonePos=0 cardId=TB_BaconShop_DragSell player=6] tag=MOVE_MINION_HOVER_TARGET_SLOT value=0 
D 15:46:14.3318208 PowerTaskList.DebugPrintPower() -     TAG_CHANGE Entity=[entityName=Drag To Sell id=502 zone=PLAY zonePos=0 cardId=TB_BaconShop_DragSell player=6] tag=SPAWN_TIME_COUNT value=0 
D 15:46:14.3318208 PowerTaskList.DebugPrintPower() -     TAG_CHANGE Entity=[entityName=Drag To Sell id=502 zone=PLAY zonePos=0 cardId=TB_BaconShop_DragSell player=6] tag=BACON_ACTION_CARD value=1 
D 15:46:14.3318208 PowerTaskList.DebugPrintPower() -     TAG_CHANGE Entity=[entityName=Drag To Sell id=502 zone=PLAY zonePos=0 cardId=TB_BaconShop_DragSell player=6] tag=MOVE_MINION_HOVER_TARGET_SLOT value=2 
D 15:46:14.3318208 PowerTaskList.DebugPrintPower() -     TAG_CHANGE Entity=[entityName=Drag To Sell id=502 zone=PLAY zonePos=0 cardId=TB_BaconShop_DragSell player=6] tag=HAS_ACTIVATE_POWER value=1 
D 15:46:14.3318208 PowerTaskList.DebugPrintPower() -     TAG_CHANGE Entity=[entityName=Drag To Buy id=562 zone=PLAY zonePos=0 cardId=TB_BaconShop_DragBuy player=6] tag=1068 value=5 
D 15:46:14.3318208 PowerTaskList.DebugPrintPower() -     TAG_CHANGE Entity=[entityName=Drag To Buy id=562 zone=PLAY zonePos=0 cardId=TB_BaconShop_DragBuy player=6] tag=1068 value=0 
D 15:46:14.3318208 PowerTaskList.DebugPrintPower() -     TAG_CHANGE Entity=[entityName=Drag To Buy id=562 zone=PLAY zonePos=0 cardId=TB_BaconShop_DragBuy player=6] tag=SUPPRESS_ALL_SUMMON_VO value=0 
D 15:46:14.3318208 PowerTaskList.DebugPrintPower() -     TAG_CHANGE Entity=[entityName=Drag To Buy id=562 zone=PLAY zonePos=0 cardId=TB_BaconShop_DragBuy player=6] tag=ZONE value=REMOVEDFROMGAME 
D 15:46:14.3318208 PowerTaskList.DebugPrintPower() -     TAG_CHANGE Entity=[entityName=Drag To Buy id=562 zone=PLAY zonePos=0 cardId=TB_BaconShop_DragBuy player=6] tag=HAS_ACTIVATE_POWER value=0 
D 15:46:14.3318208 PowerTaskList.DebugPrintPower() -     TAG_CHANGE Entity=[entityName=Drag To Buy id=562 zone=PLAY zonePos=0 cardId=TB_BaconShop_DragBuy player=6] tag=BACON_ACTION_CARD value=0 
D 15:46:14.3318208 PowerTaskList.DebugPrintPower() -     TAG_CHANGE Entity=[entityName=Drag To Buy id=562 zone=PLAY zonePos=0 cardId=TB_BaconShop_DragBuy player=6] tag=MOVE_MINION_HOVER_TARGET_SLOT value=0 
D 15:46:14.3318208 PowerTaskList.DebugPrintPower() -     TAG_CHANGE Entity=[entityName=Drag To Buy id=562 zone=PLAY zonePos=0 cardId=TB_BaconShop_DragBuy player=6] tag=SPAWN_TIME_COUNT value=0 
D 15:46:14.3318208 PowerTaskList.DebugPrintPower() -     TAG_CHANGE Entity=[entityName=Drag To Buy id=562 zone=PLAY zonePos=0 cardId=TB_BaconShop_DragBuy player=6] tag=2442 value=0 
D 15:46:14.3318208 PowerTaskList.DebugPrintPower() -     TAG_CHANGE Entity=[entityName=Drag To Buy id=562 zone=PLAY zonePos=0 cardId=TB_BaconShop_DragBuy player=6] tag=BACON_ACTION_CARD value=1 
D 15:46:14.3318208 PowerTaskList.DebugPrintPower() -     TAG_CHANGE Entity=[entityName=Drag To Buy id=562 zone=PLAY zonePos=0 cardId=TB_BaconShop_DragBuy player=6] tag=MOVE_MINION_HOVER_TARGET_SLOT value=1 
D 15:46:14.3318208 PowerTaskList.DebugPrintPower() -     TAG_CHANGE Entity=[entityName=Drag To Buy id=562 zone=PLAY zonePos=0 cardId=TB_BaconShop_DragBuy player=6] tag=HAS_ACTIVATE_POWER value=1 
D 15:46:14.3318208 PowerTaskList.DebugPrintPower() -     TAG_CHANGE Entity=[entityName=Drag To Buy id=564 zone=PLAY zonePos=0 cardId=TB_BaconShop_DragBuy player=6] tag=1068 value=5 
D 15:46:14.3318208 PowerTaskList.DebugPrintPower() -     TAG_CHANGE Entity=[entityName=Drag To Buy id=564 zone=PLAY zonePos=0 cardId=TB_BaconShop_DragBuy player=6] tag=1068 value=0 
D 15:46:14.3318208 PowerTaskList.DebugPrintPower() -     TAG_CHANGE Entity=[entityName=Drag To Buy id=564 zone=PLAY zonePos=0 cardId=TB_BaconShop_DragBuy player=6] tag=SUPPRESS_ALL_SUMMON_VO value=0 
D 15:46:14.3318208 PowerTaskList.DebugPrintPower() -     TAG_CHANGE Entity=[entityName=Drag To Buy id=564 zone=PLAY zonePos=0 cardId=TB_BaconShop_DragBuy player=6] tag=ZONE value=REMOVEDFROMGAME 
D 15:46:14.3318208 PowerTaskList.DebugPrintPower() -     TAG_CHANGE Entity=[entityName=Drag To Buy id=564 zone=PLAY zonePos=0 cardId=TB_BaconShop_DragBuy player=6] tag=HAS_ACTIVATE_POWER value=0 
D 15:46:14.3318208 PowerTaskList.DebugPrintPower() -     TAG_CHANGE Entity=[entityName=Drag To Buy id=564 zone=PLAY zonePos=0 cardId=TB_BaconShop_DragBuy player=6] tag=BACON_ACTION_CARD value=0 
D 15:46:14.3318208 PowerTaskList.DebugPrintPower() -     TAG_CHANGE Entity=[entityName=Drag To Buy id=564 zone=PLAY zonePos=0 cardId=TB_BaconShop_DragBuy player=6] tag=MOVE_MINION_HOVER_TARGET_SLOT value=0 
D 15:46:14.3318208 PowerTaskList.DebugPrintPower() -     TAG_CHANGE Entity=[entityName=Drag To Buy id=564 zone=PLAY zonePos=0 cardId=TB_BaconShop_DragBuy player=6] tag=SPAWN_TIME_COUNT value=0 
D 15:46:14.3318208 PowerTaskList.DebugPrintPower() -     TAG_CHANGE Entity=[entityName=Drag To Buy id=564 zone=PLAY zonePos=0 cardId=TB_BaconShop_DragBuy player=6] tag=2442 value=0 
D 15:46:14.3318208 PowerTaskList.DebugPrintPower() -     TAG_CHANGE Entity=[entityName=Drag To Buy id=564 zone=PLAY zonePos=0 cardId=TB_BaconShop_DragBuy player=6] tag=BACON_ACTION_CARD value=1 
D 15:46:14.3318208 PowerTaskList.DebugPrintPower() -     TAG_CHANGE Entity=[entityName=Drag To Buy id=564 zone=PLAY zonePos=0 cardId=TB_BaconShop_DragBuy player=6] tag=MOVE_MINION_HOVER_TARGET_SLOT value=1 
D 15:46:14.3318208 PowerTaskList.DebugPrintPower() -     TAG_CHANGE Entity=[entityName=Drag To Buy id=564 zone=PLAY zonePos=0 cardId=TB_BaconShop_DragBuy player=6] tag=HAS_ACTIVATE_POWER value=1 
D 15:46:14.3318208 PowerTaskList.DebugPrintPower() -     TAG_CHANGE Entity=[entityName=Drag To Buy id=566 zone=PLAY zonePos=0 cardId=TB_BaconShop_DragBuy player=6] tag=1068 value=5 
D 15:46:14.3318208 PowerTaskList.DebugPrintPower() -     TAG_CHANGE Entity=[entityName=Drag To Buy id=566 zone=PLAY zonePos=0 cardId=TB_BaconShop_DragBuy player=6] tag=1068 value=0 
D 15:46:14.3318208 PowerTaskList.DebugPrintPower() -     TAG_CHANGE Entity=[entityName=Drag To Buy id=566 zone=PLAY zonePos=0 cardId=TB_BaconShop_DragBuy player=6] tag=SUPPRESS_ALL_SUMMON_VO value=0 
D 15:46:14.3318208 PowerTaskList.DebugPrintPower() -     TAG_CHANGE Entity=[entityName=Drag To Buy id=566 zone=PLAY zonePos=0 cardId=TB_BaconShop_DragBuy player=6] tag=ZONE value=REMOVEDFROMGAME 
D 15:46:14.3318208 PowerTaskList.DebugPrintPower() -     TAG_CHANGE Entity=[entityName=Drag To Buy id=566 zone=PLAY zonePos=0 cardId=TB_BaconShop_DragBuy player=6] tag=HAS_ACTIVATE_POWER value=0 
D 15:46:14.3318208 PowerTaskList.DebugPrintPower() -     TAG_CHANGE Entity=[entityName=Drag To Buy id=566 zone=PLAY zonePos=0 cardId=TB_BaconShop_DragBuy player=6] tag=BACON_ACTION_CARD value=0 
D 15:46:14.3318208 PowerTaskList.DebugPrintPower() -     TAG_CHANGE Entity=[entityName=Drag To Buy id=566 zone=PLAY zonePos=0 cardId=TB_BaconShop_DragBuy player=6] tag=MOVE_MINION_HOVER_TARGET_SLOT value=0 
D 15:46:14.3318208 PowerTaskList.DebugPrintPower() -     TAG_CHANGE Entity=[entityName=Drag To Buy id=566 zone=PLAY zonePos=0 cardId=TB_BaconShop_DragBuy player=6] tag=SPAWN_TIME_COUNT value=0 
D 15:46:14.3318208 PowerTaskList.DebugPrintPower() -     TAG_CHANGE Entity=[entityName=Drag To Buy id=566 zone=PLAY zonePos=0 cardId=TB_BaconShop_DragBuy player=6] tag=2442 value=0 
D 15:46:14.3318208 PowerTaskList.DebugPrintPower() -     TAG_CHANGE Entity=[entityName=Drag To Buy id=566 zone=PLAY zonePos=0 cardId=TB_BaconShop_DragBuy player=6] tag=BACON_ACTION_CARD value=1 
D 15:46:14.3318208 PowerTaskList.DebugPrintPower() -     TAG_CHANGE Entity=[entityName=Drag To Buy id=566 zone=PLAY zonePos=0 cardId=TB_BaconShop_DragBuy player=6] tag=MOVE_MINION_HOVER_TARGET_SLOT value=1 
D 15:46:14.3318208 PowerTaskList.DebugPrintPower() -     TAG_CHANGE Entity=[entityName=Drag To Buy id=566 zone=PLAY zonePos=0 cardId=TB_BaconShop_DragBuy player=6] tag=HAS_ACTIVATE_POWER value=1 
D 15:46:14.3318208 PowerTaskList.DebugPrintPower() -     TAG_CHANGE Entity=[entityName=Drag To Buy Spell id=569 zone=PLAY zonePos=0 cardId=TB_BaconShop_DragBuy_Spell player=6] tag=1068 value=5 
D 15:46:14.3318208 PowerTaskList.DebugPrintPower() -     TAG_CHANGE Entity=[entityName=Drag To Buy Spell id=569 zone=PLAY zonePos=0 cardId=TB_BaconShop_DragBuy_Spell player=6] tag=1068 value=0 
D 15:46:14.3318208 PowerTaskList.DebugPrintPower() -     TAG_CHANGE Entity=[entityName=Drag To Buy Spell id=569 zone=PLAY zonePos=0 cardId=TB_BaconShop_DragBuy_Spell player=6] tag=ZONE value=REMOVEDFROMGAME 
D 15:46:14.3318208 PowerTaskList.DebugPrintPower() -     TAG_CHANGE Entity=[entityName=Drag To Buy Spell id=569 zone=PLAY zonePos=0 cardId=TB_BaconShop_DragBuy_Spell player=6] tag=HAS_ACTIVATE_POWER value=0 
D 15:46:14.3318208 PowerTaskList.DebugPrintPower() -     TAG_CHANGE Entity=[entityName=Drag To Buy Spell id=569 zone=PLAY zonePos=0 cardId=TB_BaconShop_DragBuy_Spell player=6] tag=BACON_ACTION_CARD value=0 
D 15:46:14.3318208 PowerTaskList.DebugPrintPower() -     TAG_CHANGE Entity=[entityName=Drag To Buy Spell id=569 zone=PLAY zonePos=0 cardId=TB_BaconShop_DragBuy_Spell player=6] tag=MOVE_MINION_HOVER_TARGET_SLOT value=0 
D 15:46:14.3318208 PowerTaskList.DebugPrintPower() -     TAG_CHANGE Entity=[entityName=Drag To Buy Spell id=569 zone=PLAY zonePos=0 cardId=TB_BaconShop_DragBuy_Spell player=6] tag=SPAWN_TIME_COUNT value=0 
D 15:46:14.3318208 PowerTaskList.DebugPrintPower() -     TAG_CHANGE Entity=[entityName=Drag To Buy Spell id=569 zone=PLAY zonePos=0 cardId=TB_BaconShop_DragBuy_Spell player=6] tag=2442 value=0 
D 15:46:14.3318208 PowerTaskList.DebugPrintPower() -     TAG_CHANGE Entity=[entityName=Drag To Buy Spell id=569 zone=PLAY zonePos=0 cardId=TB_BaconShop_DragBuy_Spell player=6] tag=BACON_ACTION_CARD value=1 
D 15:46:14.3318208 PowerTaskList.DebugPrintPower() -     TAG_CHANGE Entity=[entityName=Drag To Buy Spell id=569 zone=PLAY zonePos=0 cardId=TB_BaconShop_DragBuy_Spell player=6] tag=MOVE_MINION_HOVER_TARGET_SLOT value=1 
D 15:46:14.3318208 PowerTaskList.DebugPrintPower() -     TAG_CHANGE Entity=[entityName=Drag To Buy Spell id=569 zone=PLAY zonePos=0 cardId=TB_BaconShop_DragBuy_Spell player=6] tag=HAS_ACTIVATE_POWER value=1 
D 15:46:14.3318208 PowerTaskList.DebugPrintPower() -     TAG_CHANGE Entity=[entityName=Tavern Tier 3 id=610 zone=PLAY zonePos=0 cardId=TB_BaconShopTechUp03_Button player=6] tag=1068 value=5 
D 15:46:14.3318208 PowerTaskList.DebugPrintPower() -     TAG_CHANGE Entity=[entityName=Tavern Tier 3 id=610 zone=PLAY zonePos=0 cardId=TB_BaconShopTechUp03_Button player=6] tag=1068 value=0 
D 15:46:14.3318208 PowerTaskList.DebugPrintPower() -     TAG_CHANGE Entity=[entityName=Tavern Tier 3 id=610 zone=PLAY zonePos=0 cardId=TB_BaconShopTechUp03_Button player=6] tag=ZONE value=REMOVEDFROMGAME 
D 15:46:14.3318208 PowerTaskList.DebugPrintPower() -     TAG_CHANGE Entity=[entityName=Tavern Tier 3 id=610 zone=PLAY zonePos=0 cardId=TB_BaconShopTechUp03_Button player=6] tag=HAS_ACTIVATE_POWER value=0 
D 15:46:14.3318208 PowerTaskList.DebugPrintPower() -     TAG_CHANGE Entity=[entityName=Tavern Tier 3 id=610 zone=PLAY zonePos=0 cardId=TB_BaconShopTechUp03_Button player=6] tag=COST value=0 
D 15:46:14.3318208 PowerTaskList.DebugPrintPower() -     TAG_CHANGE Entity=[entityName=Tavern Tier 3 id=610 zone=PLAY zonePos=0 cardId=TB_BaconShopTechUp03_Button player=6] tag=BACON_ACTION_CARD value=0 
D 15:46:14.3318208 PowerTaskList.DebugPrintPower() -     TAG_CHANGE Entity=[entityName=Tavern Tier 3 id=610 zone=PLAY zonePos=0 cardId=TB_BaconShopTechUp03_Button player=6] tag=GAME_MODE_BUTTON_SLOT value=0 
D 15:46:14.3318208 PowerTaskList.DebugPrintPower() -     TAG_CHANGE Entity=[entityName=Tavern Tier 3 id=610 zone=PLAY zonePos=0 cardId=TB_BaconShopTechUp03_Button player=6] tag=TECH_LEVEL value=0 
D 15:46:14.3318208 PowerTaskList.DebugPrintPower() -     TAG_CHANGE Entity=[entityName=Tavern Tier 3 id=610 zone=PLAY zonePos=0 cardId=TB_BaconShopTechUp03_Button player=6] tag=SPAWN_TIME_COUNT value=0 
D 15:46:14.3318208 PowerTaskList.DebugPrintPower() -     TAG_CHANGE Entity=[entityName=Tavern Tier 3 id=610 zone=PLAY zonePos=0 cardId=TB_BaconShopTechUp03_Button player=6] tag=COST value=7 
D 15:46:14.3318208 PowerTaskList.DebugPrintPower() -     TAG_CHANGE Entity=[entityName=Tavern Tier 3 id=610 zone=PLAY zonePos=0 cardId=TB_BaconShopTechUp03_Button player=6] tag=BACON_ACTION_CARD value=1 
D 15:46:14.3318208 PowerTaskList.DebugPrintPower() -     TAG_CHANGE Entity=[entityName=Tavern Tier 3 id=610 zone=PLAY zonePos=0 cardId=TB_BaconShopTechUp03_Button player=6] tag=GAME_MODE_BUTTON_SLOT value=3 
D 15:46:14.3318208 PowerTaskList.DebugPrintPower() -     TAG_CHANGE Entity=[entityName=Tavern Tier 3 id=610 zone=PLAY zonePos=0 cardId=TB_BaconShopTechUp03_Button player=6] tag=TECH_LEVEL value=3 
D 15:46:14.3318208 PowerTaskList.DebugPrintPower() -     TAG_CHANGE Entity=[entityName=Tavern Tier 3 id=610 zone=PLAY zonePos=0 cardId=TB_BaconShopTechUp03_Button player=6] tag=HAS_ACTIVATE_POWER value=1 
D 15:46:14.3318208 PowerTaskList.DebugPrintPower() -     TAG_CHANGE Entity=GameEntity tag=BACON_COIN_ON_ENEMY_MINIONS value=0 
D 15:46:14.3318208 PowerTaskList.DebugPrintPower() -     TAG_CHANGE Entity=GameEntity tag=1522 value=1 
D 15:46:14.3318208 PowerTaskList.DebugPrintPower() -     TAG_CHANGE Entity=GameEntity tag=1466 value=0 
D 15:46:14.3318208 PowerTaskList.DebugPrintPower() -     TAG_CHANGE Entity=GameEntity tag=3533 value=1 
D 15:46:14.3318208 PowerTaskList.DebugPrintPower() -     FULL_ENTITY - Updating [entityName=Maiev Shadowsong id=658 zone=SETASIDE zonePos=0 cardId=TB_BaconShop_HERO_62 player=6] CardID=TB_BaconShop_HERO_62
D 15:46:14.3318208 PowerTaskList.DebugPrintPower() -         tag=CONTROLLER value=6
D 15:46:14.3318208 PowerTaskList.DebugPrintPower() -         tag=CARDTYPE value=HERO
D 15:46:14.3318208 PowerTaskList.DebugPrintPower() -         tag=PLAYER_ID value=1
D 15:46:14.3318208 PowerTaskList.DebugPrintPower() -         tag=HEALTH value=30
D 15:46:14.3318208 PowerTaskList.DebugPrintPower() -         tag=ZONE value=SETASIDE
D 15:46:14.3318208 PowerTaskList.DebugPrintPower() -         tag=ENTITY_ID value=658
D 15:46:14.3318208 PowerTaskList.DebugPrintPower() -         tag=FACTION value=NEUTRAL
D 15:46:14.3318208 PowerTaskList.DebugPrintPower() -         tag=RARITY value=FREE
D 15:46:14.3318208 PowerTaskList.DebugPrintPower() -         tag=ARMOR value=15
D 15:46:14.3318208 PowerTaskList.DebugPrintPower() -         tag=CREATOR value=16
D 15:46:14.3318208 PowerTaskList.DebugPrintPower() -         tag=HERO_POWER value=61919
D 15:46:14.3318208 PowerTaskList.DebugPrintPower() -         tag=1037 value=6
D 15:46:14.3318208 PowerTaskList.DebugPrintPower() -         tag=PLAYER_TECH_LEVEL value=1
D 15:46:14.3318208 PowerTaskList.DebugPrintPower() -         tag=SUPPRESS_ALL_SUMMON_VO value=1
D 15:46:14.3318208 PowerTaskList.DebugPrintPower() -         tag=BACON_HERO_CAN_BE_DRAFTED value=1
D 15:46:14.3318208 PowerTaskList.DebugPrintPower() -         tag=BACON_MAX_PLAYER_TECH_LEVEL value=6
D 15:46:14.3318208 PowerTaskList.DebugPrintPower() -         tag=SPAWN_TIME_COUNT value=1
D 15:46:14.3318208 PowerTaskList.DebugPrintPower() -         tag=BACON_COMPANION_ID value=77800
D 15:46:14.3318208 PowerTaskList.DebugPrintPower() -         tag=2210 value=42
D 15:46:14.3318208 PowerTaskList.DebugPrintPower() -         tag=2263 value=2
D 15:46:14.3318208 PowerTaskList.DebugPrintPower() -         tag=BATTLEGROUNDS_FAVORITE_FINISHER value=34
D 15:46:14.3318208 PowerTaskList.DebugPrintPower() -         tag=HAS_ACTIVATE_POWER value=1
D 15:46:14.3318208 PowerTaskList.DebugPrintPower() -         tag=2954 value=15
D 15:46:14.3318208 PowerTaskList.DebugPrintPower() -         tag=3085 value=30
D 15:46:14.3318208 PowerTaskList.DebugPrintPower() -         tag=3206 value=7
D 15:46:14.3318208 PowerTaskList.DebugPrintPower() -     TAG_CHANGE Entity=[entityName=Maiev Shadowsong id=658 zone=SETASIDE zonePos=0 cardId=TB_BaconShop_HERO_62 player=6] tag=BACON_COMBAT_PHASE_HERO value=1 
D 15:46:14.3318208 PowerTaskList.DebugPrintPower() -     FULL_ENTITY - Updating [entityName=Imprison id=659 zone=SETASIDE zonePos=0 cardId=TB_BaconShop_HP_068 player=6] CardID=TB_BaconShop_HP_068
D 15:46:14.3318208 PowerTaskList.DebugPrintPower() -         tag=CONTROLLER value=6
D 15:46:14.3318208 PowerTaskList.DebugPrintPower() -         tag=CARDTYPE value=HERO_POWER
D 15:46:14.3318208 PowerTaskList.DebugPrintPower() -         tag=TAG_LAST_KNOWN_COST_IN_HAND value=1
D 15:46:14.3318208 PowerTaskList.DebugPrintPower() -         tag=COST value=1
D 15:46:14.3318208 PowerTaskList.DebugPrintPower() -         tag=ZONE value=SETASIDE
D 15:46:14.3318208 PowerTaskList.DebugPrintPower() -         tag=ENTITY_ID value=659
D 15:46:14.3318208 PowerTaskList.DebugPrintPower() -         tag=LINKED_ENTITY value=166
D 15:46:14.3318208 PowerTaskList.DebugPrintPower() -         tag=CREATOR value=16
D 15:46:14.3318208 PowerTaskList.DebugPrintPower() -         tag=1037 value=6
D 15:46:14.3318208 PowerTaskList.DebugPrintPower() -         tag=SUPPRESS_ALL_SUMMON_VO value=1
D 15:46:14.3318208 PowerTaskList.DebugPrintPower() -         tag=SPAWN_TIME_COUNT value=1
D 15:46:14.3318208 PowerTaskList.DebugPrintPower() -         tag=BACON_HEROPOWER_BASE_HERO_ID value=61914
D 15:46:14.3318208 PowerTaskList.DebugPrintPower() -         tag=HAS_ACTIVATE_POWER value=1
D 15:46:14.3318208 PowerTaskList.DebugPrintPower() -     FULL_ENTITY - Updating [entityName=Buddy Meter id=660 zone=SETASIDE zonePos=0 cardId=BG22_BuddyMeter player=6] CardID=BG22_BuddyMeter
D 15:46:14.3318208 PowerTaskList.DebugPrintPower() -         tag=CONTROLLER value=6
D 15:46:14.3318208 PowerTaskList.DebugPrintPower() -         tag=CARDTYPE value=BATTLEGROUND_HERO_BUDDY
D 15:46:14.3318208 PowerTaskList.DebugPrintPower() -         tag=TAG_LAST_KNOWN_COST_IN_HAND value=15
D 15:46:14.3318208 PowerTaskList.DebugPrintPower() -         tag=COST value=15
D 15:46:14.3318208 PowerTaskList.DebugPrintPower() -         tag=ZONE value=SETASIDE
D 15:46:14.3318208 PowerTaskList.DebugPrintPower() -         tag=ENTITY_ID value=660
D 15:46:14.3318208 PowerTaskList.DebugPrintPower() -         tag=LINKED_ENTITY value=4
D 15:46:14.3318208 PowerTaskList.DebugPrintPower() -         tag=CREATOR value=16
D 15:46:14.3318208 PowerTaskList.DebugPrintPower() -         tag=HIDE_COST value=1
D 15:46:14.3318208 PowerTaskList.DebugPrintPower() -         tag=1037 value=6
D 15:46:14.3318208 PowerTaskList.DebugPrintPower() -         tag=SUPPRESS_ALL_SUMMON_VO value=1
D 15:46:14.3318208 PowerTaskList.DebugPrintPower() -         tag=SPAWN_TIME_COUNT value=1
D 15:46:14.3318208 PowerTaskList.DebugPrintPower() -         tag=1724 value=1
D 15:46:14.3318208 PowerTaskList.DebugPrintPower() -         tag=BACON_COMPANION_ID value=77800
D 15:46:14.3318208 PowerTaskList.DebugPrintPower() -         tag=HAS_ACTIVATE_POWER value=1
D 15:46:14.3318208 PowerTaskList.DebugPrintPower() -         tag=BACON_BUY_BUDDY value=1
D 15:46:14.3318208 PowerTaskList.DebugPrintPower() -     TAG_CHANGE Entity=[entityName=Buddy Meter id=660 zone=SETASIDE zonePos=0 cardId=BG22_BuddyMeter player=6] tag=COST value=12 
D 15:46:14.3318208 PowerTaskList.DebugPrintPower() -     TAG_CHANGE Entity=[entityName=Buddy Meter id=660 zone=SETASIDE zonePos=0 cardId=BG22_BuddyMeter player=6] tag=HIDE_COST value=0 
D 15:46:14.3318208 PowerTaskList.DebugPrintPower() -     FULL_ENTITY - Updating [entityName=UNKNOWN ENTITY [cardType=INVALID] id=661 zone=SETASIDE zonePos=0 cardId= player=6] CardID=
D 15:46:14.3318208 PowerTaskList.DebugPrintPower() -         tag=ZONE value=SETASIDE
D 15:46:14.3318208 PowerTaskList.DebugPrintPower() -         tag=CONTROLLER value=6
D 15:46:14.3318208 PowerTaskList.DebugPrintPower() -         tag=ENTITY_ID value=661
D 15:46:14.3318208 PowerTaskList.DebugPrintPower() -     FULL_ENTITY - Updating [entityName=UNKNOWN ENTITY [cardType=INVALID] id=662 zone=SETASIDE zonePos=0 cardId= player=6] CardID=
D 15:46:14.3318208 PowerTaskList.DebugPrintPower() -         tag=ZONE value=SETASIDE
D 15:46:14.3318208 PowerTaskList.DebugPrintPower() -         tag=CONTROLLER value=6
D 15:46:14.3318208 PowerTaskList.DebugPrintPower() -         tag=ENTITY_ID value=662
D 15:46:14.3318208 PowerTaskList.DebugPrintPower() -     FULL_ENTITY - Updating [entityName=Annoy-o-Tron id=663 zone=SETASIDE zonePos=0 cardId=BG_GVG_085 player=6] CardID=BG_GVG_085
D 15:46:14.3318208 PowerTaskList.DebugPrintPower() -         tag=CONTROLLER value=6
D 15:46:14.3318208 PowerTaskList.DebugPrintPower() -         tag=CARDTYPE value=MINION
D 15:46:14.3318208 PowerTaskList.DebugPrintPower() -         tag=479 value=1
D 15:46:14.3318208 PowerTaskList.DebugPrintPower() -         tag=ATK value=1
D 15:46:14.3318208 PowerTaskList.DebugPrintPower() -         tag=HEALTH value=2
D 15:46:14.3318208 PowerTaskList.DebugPrintPower() -         tag=ZONE value=SETASIDE
D 15:46:14.3318208 PowerTaskList.DebugPrintPower() -         tag=ENTITY_ID value=663
D 15:46:14.3318208 PowerTaskList.DebugPrintPower() -         tag=TAUNT value=1
D 15:46:14.3318208 PowerTaskList.DebugPrintPower() -         tag=DIVINE_SHIELD value=1
D 15:46:14.3318208 PowerTaskList.DebugPrintPower() -         tag=CARDRACE value=MECHANICAL
D 15:46:14.3318208 PowerTaskList.DebugPrintPower() -         tag=RARITY value=COMMON
D 15:46:14.3318208 PowerTaskList.DebugPrintPower() -         tag=CREATOR value=63
D 15:46:14.3318208 PowerTaskList.DebugPrintPower() -         tag=1037 value=6
D 15:46:14.3318208 PowerTaskList.DebugPrintPower() -         tag=CREATOR_DBID value=57980
D 15:46:14.3318208 PowerTaskList.DebugPrintPower() -         tag=BACON_TRIPLE_UPGRADE_MINION_ID value=103653
D 15:46:14.3318208 PowerTaskList.DebugPrintPower() -         tag=TECH_LEVEL value=1
D 15:46:14.3318208 PowerTaskList.DebugPrintPower() -         tag=IS_BACON_POOL_MINION value=1
D 15:46:14.3318208 PowerTaskList.DebugPrintPower() -         tag=SUPPRESS_ALL_SUMMON_VO value=1
D 15:46:14.3318208 PowerTaskList.DebugPrintPower() -         tag=SPAWN_TIME_COUNT value=1
D 15:46:14.3318208 PowerTaskList.DebugPrintPower() -         tag=1595 value=1
D 15:46:14.3318208 PowerTaskList.DebugPrintPower() -         tag=HAS_ACTIVATE_POWER value=1
D 15:46:14.3318208 PowerTaskList.DebugPrintPower() -         tag=3085 value=2
D 15:46:14.3318208 PowerTaskList.DebugPrintPower() -     FULL_ENTITY - Updating [entityName=UNKNOWN ENTITY [cardType=INVALID] id=664 zone=SETASIDE zonePos=0 cardId= player=6] CardID=
D 15:46:14.3318208 PowerTaskList.DebugPrintPower() -         tag=ZONE value=SETASIDE
D 15:46:14.3318208 PowerTaskList.DebugPrintPower() -         tag=CONTROLLER value=6
D 15:46:14.3318208 PowerTaskList.DebugPrintPower() -         tag=ENTITY_ID value=664
D 15:46:14.3318208 PowerTaskList.DebugPrintPower() -     SHOW_ENTITY - Updating Entity=[entityName=UNKNOWN ENTITY [cardType=INVALID] id=664 zone=SETASIDE zonePos=0 cardId= player=6] CardID=TB_BaconShopBadsongE
D 15:46:14.3318208 PowerTaskList.DebugPrintPower() -         tag=CONTROLLER value=6
D 15:46:14.3318208 PowerTaskList.DebugPrintPower() -         tag=CARDTYPE value=ENCHANTMENT
D 15:46:14.3318208 PowerTaskList.DebugPrintPower() -         tag=ATTACHED value=663
D 15:46:14.3318208 PowerTaskList.DebugPrintPower() -         tag=ZONE value=SETASIDE
D 15:46:14.3318208 PowerTaskList.DebugPrintPower() -         tag=ENTITY_ID value=664
D 15:46:14.3318208 PowerTaskList.DebugPrintPower() -         tag=CREATOR value=663
D 15:46:14.3318208 PowerTaskList.DebugPrintPower() -         tag=ENCHANTMENT_INVISIBLE value=1
D 15:46:14.3318208 PowerTaskList.DebugPrintPower() -         tag=1037 value=6
D 15:46:14.3318208 PowerTaskList.DebugPrintPower() -         tag=1068 value=0
D 15:46:14.3318208 PowerTaskList.DebugPrintPower() -         tag=CREATOR_DBID value=103652
D 15:46:14.3318208 PowerTaskList.DebugPrintPower() -         tag=SPAWN_TIME_COUNT value=1
D 15:46:14.3318208 PowerTaskList.DebugPrintPower() -     TAG_CHANGE Entity=[entityName=UNKNOWN ENTITY [cardType=INVALID] id=664 zone=SETASIDE zonePos=0 cardId= player=6] tag=1068 value=1 
D 15:46:14.3318208 PowerTaskList.DebugPrintPower() -     TAG_CHANGE Entity=[entityName=UNKNOWN ENTITY [cardType=INVALID] id=664 zone=SETASIDE zonePos=0 cardId= player=6] tag=1068 value=0 
D 15:46:14.3318208 PowerTaskList.DebugPrintPower() -     TAG_CHANGE Entity=[entityName=UNKNOWN ENTITY [cardType=INVALID] id=664 zone=SETASIDE zonePos=0 cardId= player=6] tag=ZONE value=PLAY 
D 15:46:14.3318208 PowerTaskList.DebugPrintPower() -     TAG_CHANGE Entity=[entityName=UNKNOWN ENTITY [cardType=INVALID] id=664 zone=SETASIDE zonePos=0 cardId= player=6] tag=CREATOR value=106 
D 15:46:14.3318208 PowerTaskList.DebugPrintPower() -     TAG_CHANGE Entity=[entityName=UNKNOWN ENTITY [cardType=INVALID] id=664 zone=SETASIDE zonePos=0 cardId= player=6] tag=CREATOR_DBID value=61919 
D 15:46:14.3318208 PowerTaskList.DebugPrintPower() -     TAG_CHANGE Entity=[entityName=UNKNOWN ENTITY [cardType=INVALID] id=664 zone=SETASIDE zonePos=0 cardId= player=6] tag=COPIED_FROM_ENTITY_ID value=615 
D 15:46:14.3318208 PowerTaskList.DebugPrintPower() -     FULL_ENTITY - Updating [entityName=UNKNOWN ENTITY [cardType=INVALID] id=665 zone=SETASIDE zonePos=0 cardId= player=6] CardID=
D 15:46:14.3318208 PowerTaskList.DebugPrintPower() -         tag=ZONE value=SETASIDE
D 15:46:14.3318208 PowerTaskList.DebugPrintPower() -         tag=CONTROLLER value=6
D 15:46:14.3318208 PowerTaskList.DebugPrintPower() -         tag=ENTITY_ID value=665
D 15:46:14.3318208 PowerTaskList.DebugPrintPower() -     SHOW_ENTITY - Updating Entity=[entityName=UNKNOWN ENTITY [cardType=INVALID] id=665 zone=SETASIDE zonePos=0 cardId= player=6] CardID=TB_BaconShop_HP_068e3
D 15:46:14.3318208 PowerTaskList.DebugPrintPower() -         tag=CONTROLLER value=6
D 15:46:14.3318208 PowerTaskList.DebugPrintPower() -         tag=CARDTYPE value=ENCHANTMENT
D 15:46:14.3318208 PowerTaskList.DebugPrintPower() -         tag=TAG_SCRIPT_DATA_NUM_1 value=2
D 15:46:14.3318208 PowerTaskList.DebugPrintPower() -         tag=ATTACHED value=663
D 15:46:14.3318208 PowerTaskList.DebugPrintPower() -         tag=ZONE value=SETASIDE
D 15:46:14.3318208 PowerTaskList.DebugPrintPower() -         tag=ENTITY_ID value=665
D 15:46:14.3318208 PowerTaskList.DebugPrintPower() -         tag=CREATOR value=663
D 15:46:14.3318208 PowerTaskList.DebugPrintPower() -         tag=1037 value=6
D 15:46:14.3318208 PowerTaskList.DebugPrintPower() -         tag=1068 value=0
D 15:46:14.3318208 PowerTaskList.DebugPrintPower() -         tag=CREATOR_DBID value=103652
D 15:46:14.3318208 PowerTaskList.DebugPrintPower() -         tag=SPAWN_TIME_COUNT value=1
D 15:46:14.3318208 PowerTaskList.DebugPrintPower() -     TAG_CHANGE Entity=[entityName=UNKNOWN ENTITY [cardType=INVALID] id=665 zone=SETASIDE zonePos=0 cardId= player=6] tag=1068 value=1 
D 15:46:14.3318208 PowerTaskList.DebugPrintPower() -     TAG_CHANGE Entity=[entityName=UNKNOWN ENTITY [cardType=INVALID] id=665 zone=SETASIDE zonePos=0 cardId= player=6] tag=1068 value=0 
D 15:46:14.3318208 PowerTaskList.DebugPrintPower() -     TAG_CHANGE Entity=[entityName=UNKNOWN ENTITY [cardType=INVALID] id=665 zone=SETASIDE zonePos=0 cardId= player=6] tag=ZONE value=PLAY 
D 15:46:14.3318208 PowerTaskList.DebugPrintPower() -     TAG_CHANGE Entity=[entityName=UNKNOWN ENTITY [cardType=INVALID] id=665 zone=SETASIDE zonePos=0 cardId= player=6] tag=CREATOR value=106 
D 15:46:14.3318208 PowerTaskList.DebugPrintPower() -     TAG_CHANGE Entity=[entityName=UNKNOWN ENTITY [cardType=INVALID] id=665 zone=SETASIDE zonePos=0 cardId= player=6] tag=CREATOR_DBID value=61919 
D 15:46:14.3318208 PowerTaskList.DebugPrintPower() -     TAG_CHANGE Entity=[entityName=UNKNOWN ENTITY [cardType=INVALID] id=665 zone=SETASIDE zonePos=0 cardId= player=6] tag=COPIED_FROM_ENTITY_ID value=616 
D 15:46:14.3318208 PowerTaskList.DebugPrintPower() -     TAG_CHANGE Entity=[entityName=Annoy-o-Tron id=663 zone=SETASIDE zonePos=0 cardId=BG_GVG_085 player=6] tag=LITERALLY_UNPLAYABLE value=1 
D 15:46:14.3318208 PowerTaskList.DebugPrintPower() -     TAG_CHANGE Entity=[entityName=Annoy-o-Tron id=663 zone=SETASIDE zonePos=0 cardId=BG_GVG_085 player=6] tag=2471 value=1 
D 15:46:14.3318208 PowerTaskList.DebugPrintPower() -     TAG_CHANGE Entity=[entityName=Annoy-o-Tron id=663 zone=SETASIDE zonePos=0 cardId=BG_GVG_085 player=6] tag=UNPLAYABLE_VISUALS value=1 
D 15:46:14.3318208 PowerTaskList.DebugPrintPower() -     TAG_CHANGE Entity=[entityName=Annoy-o-Tron id=663 zone=SETASIDE zonePos=0 cardId=BG_GVG_085 player=6] tag=3179 value=1 
D 15:46:14.3318208 PowerTaskList.DebugPrintPower() -     TAG_CHANGE Entity=[entityName=Drag To Buy Spell id=569 zone=PLAY zonePos=0 cardId=TB_BaconShop_DragBuy_Spell player=6] tag=COST value=0 
D 15:46:14.3318208 PowerTaskList.DebugPrintPower() -     TAG_CHANGE Entity=[entityName=Drag To Buy id=566 zone=PLAY zonePos=0 cardId=TB_BaconShop_DragBuy player=6] tag=COST value=0 
D 15:46:14.3318208 PowerTaskList.DebugPrintPower() -     TAG_CHANGE Entity=[entityName=Drag To Buy id=564 zone=PLAY zonePos=0 cardId=TB_BaconShop_DragBuy player=6] tag=COST value=0 
D 15:46:14.3318208 PowerTaskList.DebugPrintPower() -     TAG_CHANGE Entity=[entityName=Drag To Buy id=562 zone=PLAY zonePos=0 cardId=TB_BaconShop_DragBuy player=6] tag=COST value=0 
D 15:46:14.3318208 PowerTaskList.DebugPrintPower() -     TAG_CHANGE Entity=[entityName=Annoy-o-Tron id=663 zone=SETASIDE zonePos=0 cardId=BG_GVG_085 player=6] tag=LAST_AFFECTED_BY value=106 
D 15:46:14.3318208 PowerTaskList.DebugPrintPower() -     TAG_CHANGE Entity=[entityName=Annoy-o-Tron id=663 zone=SETASIDE zonePos=0 cardId=BG_GVG_085 player=6] tag=COPIED_FROM_ENTITY_ID value=510 
D 15:46:14.3318208 PowerTaskList.DebugPrintPower() -     TAG_CHANGE Entity=[entityName=Annoy-o-Tron id=663 zone=SETASIDE zonePos=0 cardId=BG_GVG_085 player=6] tag=3669 value=1 
D 15:46:14.3318208 PowerTaskList.DebugPrintPower() -     TAG_CHANGE Entity=GameEntity tag=1453 value=1 
D 15:46:14.3318208 PowerTaskList.DebugPrintPower() -     FULL_ENTITY - Updating [entityName=Cord Puller id=666 zone=SETASIDE zonePos=0 cardId=BG29_611 player=6] CardID=BG29_611
D 15:46:14.3318208 PowerTaskList.DebugPrintPower() -         tag=CONTROLLER value=6
D 15:46:14.3318208 PowerTaskList.DebugPrintPower() -         tag=CARDTYPE value=MINION
D 15:46:14.3318208 PowerTaskList.DebugPrintPower() -         tag=TAG_LAST_KNOWN_COST_IN_HAND value=1
D 15:46:14.3318208 PowerTaskList.DebugPrintPower() -         tag=479 value=1
D 15:46:14.3318208 PowerTaskList.DebugPrintPower() -         tag=COST value=1
D 15:46:14.3318208 PowerTaskList.DebugPrintPower() -         tag=ATK value=1
D 15:46:14.3318208 PowerTaskList.DebugPrintPower() -         tag=HEALTH value=1
D 15:46:14.3318208 PowerTaskList.DebugPrintPower() -         tag=ZONE value=SETASIDE
D 15:46:14.3318208 PowerTaskList.DebugPrintPower() -         tag=ENTITY_ID value=666
D 15:46:14.3318208 PowerTaskList.DebugPrintPower() -         tag=DIVINE_SHIELD value=1
D 15:46:14.3318208 PowerTaskList.DebugPrintPower() -         tag=CARDRACE value=MECHANICAL
D 15:46:14.3318208 PowerTaskList.DebugPrintPower() -         tag=DEATHRATTLE value=1
D 15:46:14.3318208 PowerTaskList.DebugPrintPower() -         tag=CREATOR value=63
D 15:46:14.3318208 PowerTaskList.DebugPrintPower() -         tag=1037 value=6
D 15:46:14.3318208 PowerTaskList.DebugPrintPower() -         tag=CREATOR_DBID value=57980
D 15:46:14.3318208 PowerTaskList.DebugPrintPower() -         tag=BACON_TRIPLE_UPGRADE_MINION_ID value=110102
D 15:46:14.3318208 PowerTaskList.DebugPrintPower() -         tag=TECH_LEVEL value=1
D 15:46:14.3318208 PowerTaskList.DebugPrintPower() -         tag=IS_BACON_POOL_MINION value=1
D 15:46:14.3318208 PowerTaskList.DebugPrintPower() -         tag=SUPPRESS_ALL_SUMMON_VO value=1
D 15:46:14.3318208 PowerTaskList.DebugPrintPower() -         tag=SPAWN_TIME_COUNT value=1
D 15:46:14.3318208 PowerTaskList.DebugPrintPower() -         tag=1595 value=1
D 15:46:14.3318208 PowerTaskList.DebugPrintPower() -         tag=HAS_ACTIVATE_POWER value=1
D 15:46:14.3318208 PowerTaskList.DebugPrintPower() -         tag=3085 value=1
D 15:46:14.3318208 PowerTaskList.DebugPrintPower() -     TAG_CHANGE Entity=[entityName=Cord Puller id=666 zone=SETASIDE zonePos=0 cardId=BG29_611 player=6] tag=LAST_AFFECTED_BY value=286 
D 15:46:14.3318208 PowerTaskList.DebugPrintPower() -     TAG_CHANGE Entity=[entityName=Cord Puller id=666 zone=SETASIDE zonePos=0 cardId=BG29_611 player=6] tag=COPIED_FROM_ENTITY_ID value=400 
D 15:46:14.3318208 PowerTaskList.DebugPrintPower() -     TAG_CHANGE Entity=[entityName=Cord Puller id=666 zone=SETASIDE zonePos=0 cardId=BG29_611 player=6] tag=3669 value=1 
D 15:46:14.3318208 PowerTaskList.DebugPrintPower() -     FULL_ENTITY - Updating [entityName=Cord Puller id=667 zone=SETASIDE zonePos=0 cardId=BG29_611 player=6] CardID=BG29_611
D 15:46:14.3318208 PowerTaskList.DebugPrintPower() -         tag=CONTROLLER value=6
D 15:46:14.3318208 PowerTaskList.DebugPrintPower() -         tag=CARDTYPE value=MINION
D 15:46:14.3318208 PowerTaskList.DebugPrintPower() -         tag=TAG_LAST_KNOWN_COST_IN_HAND value=1
D 15:46:14.3318208 PowerTaskList.DebugPrintPower() -         tag=479 value=1
D 15:46:14.3318208 PowerTaskList.DebugPrintPower() -         tag=COST value=1
D 15:46:14.3318208 PowerTaskList.DebugPrintPower() -         tag=ATK value=1
D 15:46:14.3318208 PowerTaskList.DebugPrintPower() -         tag=HEALTH value=1
D 15:46:14.3318208 PowerTaskList.DebugPrintPower() -         tag=ZONE value=SETASIDE
D 15:46:14.3318208 PowerTaskList.DebugPrintPower() -         tag=ENTITY_ID value=667
D 15:46:14.3318208 PowerTaskList.DebugPrintPower() -         tag=DIVINE_SHIELD value=1
D 15:46:14.3318208 PowerTaskList.DebugPrintPower() -         tag=CARDRACE value=MECHANICAL
D 15:46:14.3318208 PowerTaskList.DebugPrintPower() -         tag=DEATHRATTLE value=1
D 15:46:14.3318208 PowerTaskList.DebugPrintPower() -         tag=CREATOR value=63
D 15:46:14.3318208 PowerTaskList.DebugPrintPower() -         tag=1037 value=6
D 15:46:14.3318208 PowerTaskList.DebugPrintPower() -         tag=CREATOR_DBID value=57980
D 15:46:14.3318208 PowerTaskList.DebugPrintPower() -         tag=BACON_TRIPLE_UPGRADE_MINION_ID value=110102
D 15:46:14.3318208 PowerTaskList.DebugPrintPower() -         tag=TECH_LEVEL value=1
D 15:46:14.3318208 PowerTaskList.DebugPrintPower() -         tag=IS_BACON_POOL_MINION value=1
D 15:46:14.3318208 PowerTaskList.DebugPrintPower() -         tag=SUPPRESS_ALL_SUMMON_VO value=1
D 15:46:14.3318208 PowerTaskList.DebugPrintPower() -         tag=SPAWN_TIME_COUNT value=1
D 15:46:14.3318208 PowerTaskList.DebugPrintPower() -         tag=1595 value=1
D 15:46:14.3318208 PowerTaskList.DebugPrintPower() -         tag=HAS_ACTIVATE_POWER value=1
D 15:46:14.3318208 PowerTaskList.DebugPrintPower() -         tag=3085 value=1
D 15:46:14.3318208 PowerTaskList.DebugPrintPower() -     TAG_CHANGE Entity=[entityName=Cord Puller id=667 zone=SETASIDE zonePos=0 cardId=BG29_611 player=6] tag=LAST_AFFECTED_BY value=516 
D 15:46:14.3318208 PowerTaskList.DebugPrintPower() -     TAG_CHANGE Entity=[entityName=Cord Puller id=667 zone=SETASIDE zonePos=0 cardId=BG29_611 player=6] tag=COPIED_FROM_ENTITY_ID value=515 
D 15:46:14.3318208 PowerTaskList.DebugPrintPower() -     TAG_CHANGE Entity=[entityName=Cord Puller id=667 zone=SETASIDE zonePos=0 cardId=BG29_611 player=6] tag=3669 value=1 
D 15:46:14.3318208 PowerTaskList.DebugPrintPower() -     TAG_CHANGE Entity=[entityName=Annoy-o-Tron id=435 zone=PLAY zonePos=1 cardId=BG_GVG_085 player=6] tag=SPAWN_TIME_COUNT value=0 
D 15:46:14.3318208 PowerTaskList.DebugPrintPower() -     TAG_CHANGE Entity=[entityName=Annoy-o-Tron id=435 zone=PLAY zonePos=1 cardId=BG_GVG_085 player=6] tag=SPAWN_TIME_COUNT value=1 
D 15:46:14.3318208 PowerTaskList.DebugPrintPower() -     TAG_CHANGE Entity=GameEntity tag=1453 value=0 
D 15:46:14.3318208 PowerTaskList.DebugPrintPower() -     TAG_CHANGE Entity=GameEntity tag=1453 value=1 
D 15:46:14.3318208 PowerTaskList.DebugPrintPower() -     FULL_ENTITY - Updating [entityName=Annoy-o-Tron id=668 zone=SETASIDE zonePos=0 cardId=BG_GVG_085 player=6] CardID=BG_GVG_085
D 15:46:14.3318208 PowerTaskList.DebugPrintPower() -         tag=CONTROLLER value=6
D 15:46:14.3318208 PowerTaskList.DebugPrintPower() -         tag=CARDTYPE value=MINION
D 15:46:14.3318208 PowerTaskList.DebugPrintPower() -         tag=479 value=1
D 15:46:14.3318208 PowerTaskList.DebugPrintPower() -         tag=ATK value=1
D 15:46:14.3318208 PowerTaskList.DebugPrintPower() -         tag=HEALTH value=2
D 15:46:14.3318208 PowerTaskList.DebugPrintPower() -         tag=ZONE value=SETASIDE
D 15:46:14.3318208 PowerTaskList.DebugPrintPower() -         tag=ENTITY_ID value=668
D 15:46:14.3318208 PowerTaskList.DebugPrintPower() -         tag=TAUNT value=1
D 15:46:14.3318208 PowerTaskList.DebugPrintPower() -         tag=DIVINE_SHIELD value=1
D 15:46:14.3318208 PowerTaskList.DebugPrintPower() -         tag=CARDRACE value=MECHANICAL
D 15:46:14.3318208 PowerTaskList.DebugPrintPower() -         tag=RARITY value=COMMON
D 15:46:14.3318208 PowerTaskList.DebugPrintPower() -         tag=CREATOR value=63
D 15:46:14.3318208 PowerTaskList.DebugPrintPower() -         tag=1037 value=6
D 15:46:14.3318208 PowerTaskList.DebugPrintPower() -         tag=CREATOR_DBID value=57980
D 15:46:14.3318208 PowerTaskList.DebugPrintPower() -         tag=BACON_TRIPLE_UPGRADE_MINION_ID value=103653
D 15:46:14.3318208 PowerTaskList.DebugPrintPower() -         tag=TECH_LEVEL value=1
D 15:46:14.3318208 PowerTaskList.DebugPrintPower() -         tag=IS_BACON_POOL_MINION value=1
D 15:46:14.3318208 PowerTaskList.DebugPrintPower() -         tag=SUPPRESS_ALL_SUMMON_VO value=1
D 15:46:14.3318208 PowerTaskList.DebugPrintPower() -         tag=SPAWN_TIME_COUNT value=1
D 15:46:14.3318208 PowerTaskList.DebugPrintPower() -         tag=1595 value=1
D 15:46:14.3318208 PowerTaskList.DebugPrintPower() -         tag=HAS_ACTIVATE_POWER value=1
D 15:46:14.3318208 PowerTaskList.DebugPrintPower() -         tag=3085 value=2
D 15:46:14.3318208 PowerTaskList.DebugPrintPower() -     TAG_CHANGE Entity=[entityName=Annoy-o-Tron id=668 zone=SETASIDE zonePos=0 cardId=BG_GVG_085 player=6] tag=LAST_AFFECTED_BY value=364 
D 15:46:14.3318208 PowerTaskList.DebugPrintPower() -     TAG_CHANGE Entity=[entityName=Annoy-o-Tron id=668 zone=SETASIDE zonePos=0 cardId=BG_GVG_085 player=6] tag=COPIED_FROM_ENTITY_ID value=435 
D 15:46:14.3318208 PowerTaskList.DebugPrintPower() -     TAG_CHANGE Entity=[entityName=Annoy-o-Tron id=668 zone=SETASIDE zonePos=0 cardId=BG_GVG_085 player=6] tag=3669 value=1 
D 15:46:14.3318208 PowerTaskList.DebugPrintPower() -     TAG_CHANGE Entity=[entityName=Annoy-o-Tron id=435 zone=PLAY zonePos=1 cardId=BG_GVG_085 player=6] tag=SPAWN_TIME_COUNT value=0 
D 15:46:14.3318208 PowerTaskList.DebugPrintPower() -     TAG_CHANGE Entity=[entityName=Annoy-o-Tron id=435 zone=PLAY zonePos=1 cardId=BG_GVG_085 player=6] tag=SPAWN_TIME_COUNT value=1 
D 15:46:14.3318208 PowerTaskList.DebugPrintPower() -     TAG_CHANGE Entity=GameEntity tag=1453 value=0 
D 15:46:14.3318208 PowerTaskList.DebugPrintPower() -     TAG_CHANGE Entity=GameEntity tag=3534 value=1 
D 15:46:14.3318208 PowerTaskList.DebugPrintPower() -     META_DATA - Meta=ARTIFICIAL_PAUSE Data=1500 InfoCount=1
D 15:46:14.3318208 PowerTaskList.DebugPrintPower() -                 Info[0] = [entityName=BaconShop8PlayerEnchant id=63 zone=PLAY zonePos=0 cardId=TB_BaconShop_8P_PlayerE player=6]
D 15:46:14.3318208 PowerTaskList.DebugPrintPower() -     META_DATA - Meta=SLUSH_TIME Data=1500 InfoCount=1
D 15:46:14.3318208 PowerTaskList.DebugPrintPower() -                 Info[0] = [entityName=BaconShop8PlayerEnchant id=63 zone=PLAY zonePos=0 cardId=TB_BaconShop_8P_PlayerE player=6]
D 15:46:14.3318208 PowerTaskList.DebugPrintPower() - BLOCK_END
D 15:46:14.3318208 PowerProcessor.PrepareHistoryForCurrentTaskList() - m_currentTaskList=343
D 15:46:14.3986877 GameState.DebugPrintPowerList() - Count=272
D 15:46:14.3986877 GameState.DebugPrintPower() - TAG_CHANGE Entity=GameEntity tag=STEP value=MAIN_START 
D 15:46:14.3986877 GameState.DebugPrintPower() - BLOCK_START BlockType=TRIGGER Entity=Usutra EffectCardId=System.Collections.Generic.List`1[System.String] EffectIndex=-1 Target=0 SubOption=-1 TriggerKeyword=TAG_NOT_SET
D 15:46:14.3986877 GameState.DebugPrintPower() -     TAG_CHANGE Entity=GameEntity tag=NEXT_STEP value=MAIN_ACTION 
D 15:46:14.3986877 GameState.DebugPrintPower() - BLOCK_END
D 15:46:14.3986877 GameState.DebugPrintPower() - TAG_CHANGE Entity=GameEntity tag=2022 value=0 
D 15:46:14.3986877 GameState.DebugPrintPower() - TAG_CHANGE Entity=dymitrq#2316 tag=2029 value=2 
D 15:46:14.3986877 GameState.DebugPrintPower() - BLOCK_START BlockType=ATTACK Entity=[entityName=Cord Puller id=697 zone=PLAY zonePos=1 cardId=BG29_611 player=14] EffectCardId=System.Collections.Generic.List`1[System.String] EffectIndex=0 Target=0 SubOption=-1 
D 15:46:14.3986877 GameState.DebugPrintPower() -     TAG_CHANGE Entity=Usutra tag=NUM_FRIENDLY_MINIONS_THAT_ATTACKED_THIS_TURN value=1 
D 15:46:14.3986877 GameState.DebugPrintPower() -     TAG_CHANGE Entity=GameEntity tag=PROPOSED_ATTACKER value=697 
D 15:46:14.3986877 GameState.DebugPrintPower() -     TAG_CHANGE Entity=GameEntity tag=PROPOSED_DEFENDER value=435 
D 15:46:14.3986877 GameState.DebugPrintPower() -     TAG_CHANGE Entity=[entityName=Cord Puller id=697 zone=PLAY zonePos=1 cardId=BG29_611 player=14] tag=ATTACKING value=1 
D 15:46:14.3986877 GameState.DebugPrintPower() -     META_DATA - Meta=SLUSH_TIME Data=1200 InfoCount=1
D 15:46:14.3986877 GameState.DebugPrintPower() -                 Info[0] = [entityName=Cord Puller id=697 zone=PLAY zonePos=1 cardId=BG29_611 player=14]
D 15:46:14.3986877 GameState.DebugPrintPower() -     TAG_CHANGE Entity=[entityName=Annoy-o-Tron id=435 zone=PLAY zonePos=1 cardId=BG_GVG_085 player=6] tag=DEFENDING value=1 
D 15:46:14.3986877 GameState.DebugPrintPower() -     TAG_CHANGE Entity=[entityName=Cord Puller id=697 zone=PLAY zonePos=1 cardId=BG29_611 player=14] tag=NUM_ATTACKS_THIS_TURN value=1 
D 15:46:14.3986877 GameState.DebugPrintPower() -     TAG_CHANGE Entity=[entityName=Cord Puller id=697 zone=PLAY zonePos=1 cardId=BG29_611 player=14] tag=EXHAUSTED value=1 
D 15:46:14.3986877 GameState.DebugPrintPower() -     TAG_CHANGE Entity=[entityName=Annoy-o-Tron id=435 zone=PLAY zonePos=1 cardId=BG_GVG_085 player=6] tag=2187 value=697 
D 15:46:14.3986877 GameState.DebugPrintPower() -     TAG_CHANGE Entity=[entityName=Annoy-o-Tron id=435 zone=PLAY zonePos=1 cardId=BG_GVG_085 player=6] tag=PREDAMAGE value=1 
D 15:46:14.3986877 GameState.DebugPrintPower() -     TAG_CHANGE Entity=[entityName=Annoy-o-Tron id=435 zone=PLAY zonePos=1 cardId=BG_GVG_085 player=6] tag=1173 value=435 
D 15:46:14.3986877 GameState.DebugPrintPower() -     TAG_CHANGE Entity=[entityName=Annoy-o-Tron id=435 zone=PLAY zonePos=1 cardId=BG_GVG_085 player=6] tag=2187 value=0 
D 15:46:14.3986877 GameState.DebugPrintPower() -     TAG_CHANGE Entity=[entityName=Annoy-o-Tron id=435 zone=PLAY zonePos=1 cardId=BG_GVG_085 player=6] tag=PREDAMAGE value=0 
D 15:46:14.3986877 GameState.DebugPrintPower() -     TAG_CHANGE Entity=[entityName=Annoy-o-Tron id=435 zone=PLAY zonePos=1 cardId=BG_GVG_085 player=6] tag=1173 value=0 
D 15:46:14.3986877 GameState.DebugPrintPower() -     TAG_CHANGE Entity=[entityName=Annoy-o-Tron id=435 zone=PLAY zonePos=1 cardId=BG_GVG_085 player=6] tag=PREDAMAGE value=1 
D 15:46:14.3986877 GameState.DebugPrintPower() -     TAG_CHANGE Entity=[entityName=Annoy-o-Tron id=435 zone=PLAY zonePos=1 cardId=BG_GVG_085 player=6] tag=PREDAMAGE value=0 
D 15:46:14.3986877 GameState.DebugPrintPower() -     TAG_CHANGE Entity=[entityName=Annoy-o-Tron id=435 zone=PLAY zonePos=1 cardId=BG_GVG_085 player=6] tag=DIVINE_SHIELD value=0 
D 15:46:14.3986877 GameState.DebugPrintPower() -     TAG_CHANGE Entity=[entityName=Annoy-o-Tron id=435 zone=PLAY zonePos=1 cardId=BG_GVG_085 player=6] tag=2873 value=1 
D 15:46:14.3986877 GameState.DebugPrintPower() -     META_DATA - Meta=DAMAGE Data=0 InfoCount=1
D 15:46:14.3986877 GameState.DebugPrintPower() -                 Info[0] = [entityName=Annoy-o-Tron id=435 zone=PLAY zonePos=1 cardId=BG_GVG_085 player=6]
D 15:46:14.3986877 GameState.DebugPrintPower() -     TAG_CHANGE Entity=[entityName=Cord Puller id=697 zone=PLAY zonePos=1 cardId=BG29_611 player=14] tag=2187 value=435 
D 15:46:14.3986877 GameState.DebugPrintPower() -     TAG_CHANGE Entity=[entityName=Cord Puller id=697 zone=PLAY zonePos=1 cardId=BG29_611 player=14] tag=PREDAMAGE value=1 
D 15:46:14.3986877 GameState.DebugPrintPower() -     TAG_CHANGE Entity=[entityName=Cord Puller id=697 zone=PLAY zonePos=1 cardId=BG29_611 player=14] tag=1173 value=697 
D 15:46:14.3986877 GameState.DebugPrintPower() -     TAG_CHANGE Entity=[entityName=Cord Puller id=697 zone=PLAY zonePos=1 cardId=BG29_611 player=14] tag=2187 value=0 
D 15:46:14.3986877 GameState.DebugPrintPower() -     TAG_CHANGE Entity=[entityName=Cord Puller id=697 zone=PLAY zonePos=1 cardId=BG29_611 player=14] tag=PREDAMAGE value=0 
D 15:46:14.3986877 GameState.DebugPrintPower() -     TAG_CHANGE Entity=[entityName=Cord Puller id=697 zone=PLAY zonePos=1 cardId=BG29_611 player=14] tag=1173 value=0 
D 15:46:14.3986877 GameState.DebugPrintPower() -     TAG_CHANGE Entity=[entityName=Cord Puller id=697 zone=PLAY zonePos=1 cardId=BG29_611 player=14] tag=PREDAMAGE value=1 
D 15:46:14.3986877 GameState.DebugPrintPower() -     TAG_CHANGE Entity=[entityName=Cord Puller id=697 zone=PLAY zonePos=1 cardId=BG29_611 player=14] tag=PREDAMAGE value=0 
D 15:46:14.3986877 GameState.DebugPrintPower() -     TAG_CHANGE Entity=[entityName=Cord Puller id=697 zone=PLAY zonePos=1 cardId=BG29_611 player=14] tag=DIVINE_SHIELD value=0 
D 15:46:14.3986877 GameState.DebugPrintPower() -     TAG_CHANGE Entity=[entityName=Cord Puller id=697 zone=PLAY zonePos=1 cardId=BG29_611 player=14] tag=2873 value=1 
D 15:46:14.3986877 GameState.DebugPrintPower() -     META_DATA - Meta=DAMAGE Data=0 InfoCount=1
D 15:46:14.3986877 GameState.DebugPrintPower() -                 Info[0] = [entityName=Cord Puller id=697 zone=PLAY zonePos=1 cardId=BG29_611 player=14]
D 15:46:14.3986877 GameState.DebugPrintPower() -     TAG_CHANGE Entity=GameEntity tag=PROPOSED_ATTACKER value=0 
D 15:46:14.3986877 GameState.DebugPrintPower() -     TAG_CHANGE Entity=GameEntity tag=PROPOSED_DEFENDER value=0 
D 15:46:14.3986877 GameState.DebugPrintPower() -     TAG_CHANGE Entity=[entityName=Cord Puller id=697 zone=PLAY zonePos=1 cardId=BG29_611 player=14] tag=ATTACKING value=0 
D 15:46:14.3986877 GameState.DebugPrintPower() -     TAG_CHANGE Entity=[entityName=Annoy-o-Tron id=435 zone=PLAY zonePos=1 cardId=BG_GVG_085 player=6] tag=DEFENDING value=0 
D 15:46:14.3986877 GameState.DebugPrintPower() - BLOCK_END
D 15:46:14.3986877 GameState.DebugPrintPower() - BLOCK_START BlockType=ATTACK Entity=[entityName=Annoy-o-Tron id=435 zone=PLAY zonePos=1 cardId=BG_GVG_085 player=6] EffectCardId=System.Collections.Generic.List`1[System.String] EffectIndex=0 Target=0 SubOption=-1 
D 15:46:14.3986877 GameState.DebugPrintPower() -     TAG_CHANGE Entity=dymitrq#2316 tag=NUM_FRIENDLY_MINIONS_THAT_ATTACKED_THIS_TURN value=1 
D 15:46:14.3986877 GameState.DebugPrintPower() -     TAG_CHANGE Entity=GameEntity tag=PROPOSED_ATTACKER value=435 
D 15:46:14.3986877 GameState.DebugPrintPower() -     TAG_CHANGE Entity=GameEntity tag=PROPOSED_DEFENDER value=697 
D 15:46:14.3986877 GameState.DebugPrintPower() -     TAG_CHANGE Entity=[entityName=Annoy-o-Tron id=435 zone=PLAY zonePos=1 cardId=BG_GVG_085 player=6] tag=ATTACKING value=1 
D 15:46:14.3986877 GameState.DebugPrintPower() -     META_DATA - Meta=SLUSH_TIME Data=1200 InfoCount=1
D 15:46:14.3986877 GameState.DebugPrintPower() -                 Info[0] = [entityName=Annoy-o-Tron id=435 zone=PLAY zonePos=1 cardId=BG_GVG_085 player=6]
D 15:46:14.3986877 GameState.DebugPrintPower() -     TAG_CHANGE Entity=[entityName=Cord Puller id=697 zone=PLAY zonePos=1 cardId=BG29_611 player=14] tag=DEFENDING value=1 
D 15:46:14.3986877 GameState.DebugPrintPower() -     TAG_CHANGE Entity=[entityName=Annoy-o-Tron id=435 zone=PLAY zonePos=1 cardId=BG_GVG_085 player=6] tag=NUM_ATTACKS_THIS_TURN value=1 
D 15:46:14.3986877 GameState.DebugPrintPower() -     TAG_CHANGE Entity=[entityName=Annoy-o-Tron id=435 zone=PLAY zonePos=1 cardId=BG_GVG_085 player=6] tag=EXHAUSTED value=1 
D 15:46:14.3986877 GameState.DebugPrintPower() -     TAG_CHANGE Entity=[entityName=Cord Puller id=697 zone=PLAY zonePos=1 cardId=BG29_611 player=14] tag=2187 value=435 
D 15:46:14.3986877 GameState.DebugPrintPower() -     TAG_CHANGE Entity=[entityName=Cord Puller id=697 zone=PLAY zonePos=1 cardId=BG29_611 player=14] tag=PREDAMAGE value=1 
D 15:46:14.3986877 GameState.DebugPrintPower() -     TAG_CHANGE Entity=[entityName=Cord Puller id=697 zone=PLAY zonePos=1 cardId=BG29_611 player=14] tag=1173 value=697 
D 15:46:14.3986877 GameState.DebugPrintPower() -     TAG_CHANGE Entity=[entityName=Cord Puller id=697 zone=PLAY zonePos=1 cardId=BG29_611 player=14] tag=2187 value=0 
D 15:46:14.3986877 GameState.DebugPrintPower() -     TAG_CHANGE Entity=[entityName=Cord Puller id=697 zone=PLAY zonePos=1 cardId=BG29_611 player=14] tag=PREDAMAGE value=0 
D 15:46:14.3986877 GameState.DebugPrintPower() -     TAG_CHANGE Entity=[entityName=Cord Puller id=697 zone=PLAY zonePos=1 cardId=BG29_611 player=14] tag=1173 value=0 
D 15:46:14.3986877 GameState.DebugPrintPower() -     TAG_CHANGE Entity=[entityName=Cord Puller id=697 zone=PLAY zonePos=1 cardId=BG29_611 player=14] tag=PREDAMAGE value=1 
D 15:46:14.3986877 GameState.DebugPrintPower() -     TAG_CHANGE Entity=[entityName=Cord Puller id=697 zone=PLAY zonePos=1 cardId=BG29_611 player=14] tag=PREDAMAGE value=0 
D 15:46:14.3986877 GameState.DebugPrintPower() -     META_DATA - Meta=DAMAGE Data=1 InfoCount=1
D 15:46:14.3986877 GameState.DebugPrintPower() -                 Info[0] = [entityName=Cord Puller id=697 zone=PLAY zonePos=1 cardId=BG29_611 player=14]
D 15:46:14.3986877 GameState.DebugPrintPower() -     TAG_CHANGE Entity=[entityName=Cord Puller id=697 zone=PLAY zonePos=1 cardId=BG29_611 player=14] tag=LAST_AFFECTED_BY value=435 
D 15:46:14.3986877 GameState.DebugPrintPower() -     TAG_CHANGE Entity=[entityName=Cord Puller id=697 zone=PLAY zonePos=1 cardId=BG29_611 player=14] tag=DAMAGE value=1 
D 15:46:14.3986877 GameState.DebugPrintPower() -     TAG_CHANGE Entity=[entityName=Annoy-o-Tron id=435 zone=PLAY zonePos=1 cardId=BG_GVG_085 player=6] tag=2187 value=697 
D 15:46:14.3986877 GameState.DebugPrintPower() -     TAG_CHANGE Entity=[entityName=Annoy-o-Tron id=435 zone=PLAY zonePos=1 cardId=BG_GVG_085 player=6] tag=PREDAMAGE value=1 
D 15:46:14.3986877 GameState.DebugPrintPower() -     TAG_CHANGE Entity=[entityName=Annoy-o-Tron id=435 zone=PLAY zonePos=1 cardId=BG_GVG_085 player=6] tag=1173 value=435 
D 15:46:14.3986877 GameState.DebugPrintPower() -     TAG_CHANGE Entity=[entityName=Annoy-o-Tron id=435 zone=PLAY zonePos=1 cardId=BG_GVG_085 player=6] tag=2187 value=0 
D 15:46:14.3986877 GameState.DebugPrintPower() -     TAG_CHANGE Entity=[entityName=Annoy-o-Tron id=435 zone=PLAY zonePos=1 cardId=BG_GVG_085 player=6] tag=PREDAMAGE value=0 
D 15:46:14.3986877 GameState.DebugPrintPower() -     TAG_CHANGE Entity=[entityName=Annoy-o-Tron id=435 zone=PLAY zonePos=1 cardId=BG_GVG_085 player=6] tag=1173 value=0 
D 15:46:14.3986877 GameState.DebugPrintPower() -     TAG_CHANGE Entity=[entityName=Annoy-o-Tron id=435 zone=PLAY zonePos=1 cardId=BG_GVG_085 player=6] tag=PREDAMAGE value=1 
D 15:46:14.3986877 GameState.DebugPrintPower() -     TAG_CHANGE Entity=[entityName=Annoy-o-Tron id=435 zone=PLAY zonePos=1 cardId=BG_GVG_085 player=6] tag=PREDAMAGE value=0 
D 15:46:14.3986877 GameState.DebugPrintPower() -     META_DATA - Meta=DAMAGE Data=1 InfoCount=1
D 15:46:14.3986877 GameState.DebugPrintPower() -                 Info[0] = [entityName=Annoy-o-Tron id=435 zone=PLAY zonePos=1 cardId=BG_GVG_085 player=6]
D 15:46:14.3986877 GameState.DebugPrintPower() -     TAG_CHANGE Entity=[entityName=Annoy-o-Tron id=435 zone=PLAY zonePos=1 cardId=BG_GVG_085 player=6] tag=LAST_AFFECTED_BY value=697 
D 15:46:14.3986877 GameState.DebugPrintPower() -     TAG_CHANGE Entity=[entityName=Annoy-o-Tron id=435 zone=PLAY zonePos=1 cardId=BG_GVG_085 player=6] tag=DAMAGE value=1 
D 15:46:14.3986877 GameState.DebugPrintPower() -     TAG_CHANGE Entity=GameEntity tag=1710 value=1 
D 15:46:14.3986877 GameState.DebugPrintPower() -     BLOCK_START BlockType=TRIGGER Entity=[entityName=BaconShop8PlayerEnchant id=63 zone=PLAY zonePos=0 cardId=TB_BaconShop_8P_PlayerE player=6] EffectCardId=System.Collections.Generic.List`1[System.String] EffectIndex=18 Target=0 SubOption=-1 TriggerKeyword=TAG_NOT_SET
D 15:46:14.3986877 GameState.DebugPrintPower() -         TAG_CHANGE Entity=dymitrq#2316 tag=1483 value=1 
D 15:46:14.3986877 GameState.DebugPrintPower() -     BLOCK_END
D 15:46:14.3986877 GameState.DebugPrintPower() -     BLOCK_START BlockType=TRIGGER Entity=[entityName=BaconShop8PlayerEnchant id=63 zone=PLAY zonePos=0 cardId=TB_BaconShop_8P_PlayerE player=6] EffectCardId=System.Collections.Generic.List`1[System.String] EffectIndex=20 Target=0 SubOption=-1 TriggerKeyword=TAG_NOT_SET
D 15:46:14.3986877 GameState.DebugPrintPower() -     BLOCK_END
D 15:46:14.3986877 GameState.DebugPrintPower() -     TAG_CHANGE Entity=GameEntity tag=1710 value=0 
D 15:46:14.3986877 GameState.DebugPrintPower() -     TAG_CHANGE Entity=GameEntity tag=1710 value=1 
D 15:46:14.3986877 GameState.DebugPrintPower() -     TAG_CHANGE Entity=GameEntity tag=1710 value=0 
D 15:46:14.3986877 GameState.DebugPrintPower() -     TAG_CHANGE Entity=GameEntity tag=PROPOSED_ATTACKER value=0 
D 15:46:14.3986877 GameState.DebugPrintPower() -     TAG_CHANGE Entity=GameEntity tag=PROPOSED_DEFENDER value=0 
D 15:46:14.3986877 GameState.DebugPrintPower() -     TAG_CHANGE Entity=[entityName=Annoy-o-Tron id=435 zone=PLAY zonePos=1 cardId=BG_GVG_085 player=6] tag=ATTACKING value=0 
D 15:46:14.3986877 GameState.DebugPrintPower() -     TAG_CHANGE Entity=[entityName=Cord Puller id=697 zone=PLAY zonePos=1 cardId=BG29_611 player=14] tag=DEFENDING value=0 
D 15:46:14.3986877 GameState.DebugPrintPower() - BLOCK_END
D 15:46:14.3986877 GameState.DebugPrintPower() - BLOCK_START BlockType=DEATHS Entity=GameEntity EffectCardId=System.Collections.Generic.List`1[System.String] EffectIndex=0 Target=0 SubOption=-1 
D 15:46:14.3986877 GameState.DebugPrintPower() -     BLOCK_START BlockType=TRIGGER Entity=[entityName=BaconShop8PlayerEnchant id=63 zone=PLAY zonePos=0 cardId=TB_BaconShop_8P_PlayerE player=6] EffectCardId=System.Collections.Generic.List`1[System.String] EffectIndex=37 Target=0 SubOption=-1 TriggerKeyword=TAG_NOT_SET
D 15:46:14.3986877 GameState.DebugPrintPower() -         FULL_ENTITY - Creating ID=722 CardID=
D 15:46:14.3986877 GameState.DebugPrintPower() -             tag=ZONE value=SETASIDE
D 15:46:14.3986877 GameState.DebugPrintPower() -             tag=CONTROLLER value=14
D 15:46:14.3986877 GameState.DebugPrintPower() -             tag=ENTITY_ID value=722
D 15:46:14.3986877 GameState.DebugPrintPower() -     BLOCK_END
D 15:46:14.3986877 GameState.DebugPrintPower() -     TAG_CHANGE Entity=Usutra tag=NUM_MINIONS_PLAYER_KILLED_THIS_TURN value=1 
D 15:46:14.3986877 GameState.DebugPrintPower() -     TAG_CHANGE Entity=GameEntity tag=NUM_MINIONS_KILLED_THIS_TURN value=1 
D 15:46:14.3986877 GameState.DebugPrintPower() -     TAG_CHANGE Entity=[entityName=Cord Puller id=697 zone=PLAY zonePos=1 cardId=BG29_611 player=14] tag=1068 value=4 
D 15:46:14.3986877 GameState.DebugPrintPower() -     TAG_CHANGE Entity=[entityName=Cord Puller id=697 zone=PLAY zonePos=1 cardId=BG29_611 player=14] tag=1068 value=0 
D 15:46:14.3986877 GameState.DebugPrintPower() -     TAG_CHANGE Entity=[entityName=Cord Puller id=697 zone=PLAY zonePos=1 cardId=BG29_611 player=14] tag=EXHAUSTED value=0 
D 15:46:14.3986877 GameState.DebugPrintPower() -     TAG_CHANGE Entity=[entityName=Cord Puller id=697 zone=PLAY zonePos=1 cardId=BG29_611 player=14] tag=SUPPRESS_ALL_SUMMON_VO value=0 
D 15:46:14.3986877 GameState.DebugPrintPower() -     TAG_CHANGE Entity=[entityName=Cord Puller id=697 zone=PLAY zonePos=1 cardId=BG29_611 player=14] tag=1254 value=0 
D 15:46:14.3986877 GameState.DebugPrintPower() -     TAG_CHANGE Entity=[entityName=Cord Puller id=698 zone=PLAY zonePos=2 cardId=BG29_611 player=14] tag=ZONE_POSITION value=1 
D 15:46:14.3986877 GameState.DebugPrintPower() -     TAG_CHANGE Entity=[entityName=Cord Puller id=697 zone=PLAY zonePos=1 cardId=BG29_611 player=14] tag=1037 value=0 
D 15:46:14.3986877 GameState.DebugPrintPower() -     TAG_CHANGE Entity=[entityName=Cord Puller id=697 zone=PLAY zonePos=1 cardId=BG29_611 player=14] tag=ZONE_POSITION value=0 
D 15:46:14.3986877 GameState.DebugPrintPower() -     TAG_CHANGE Entity=[entityName=Cord Puller id=697 zone=PLAY zonePos=1 cardId=BG29_611 player=14] tag=ZONE value=GRAVEYARD 
D 15:46:14.3986877 GameState.DebugPrintPower() -     TAG_CHANGE Entity=Usutra tag=NUM_FRIENDLY_MINIONS_THAT_DIED_THIS_TURN value=1 
D 15:46:14.3986877 GameState.DebugPrintPower() -     TAG_CHANGE Entity=Usutra tag=NUM_FRIENDLY_MINIONS_THAT_DIED_THIS_GAME value=1 
D 15:46:14.3986877 GameState.DebugPrintPower() -     TAG_CHANGE Entity=Usutra tag=2717 value=1 
D 15:46:14.3986877 GameState.DebugPrintPower() -     TAG_CHANGE Entity=Usutra tag=CORPSES value=1 
D 15:46:14.3986877 GameState.DebugPrintPower() -     TAG_CHANGE Entity=[entityName=Cord Puller id=697 zone=PLAY zonePos=1 cardId=BG29_611 player=14] tag=DAMAGE value=0 
D 15:46:14.3986877 GameState.DebugPrintPower() - BLOCK_END
D 15:46:14.3986877 GameState.DebugPrintPower() - BLOCK_START BlockType=TRIGGER Entity=[entityName=Cord Puller id=697 zone=PLAY zonePos=1 cardId=BG29_611 player=14] EffectCardId=System.Collections.Generic.List`1[System.String] EffectIndex=0 Target=0 SubOption=-1 TriggerKeyword=DEATHRATTLE
D 15:46:14.3986877 GameState.DebugPrintPower() -     SUB_SPELL_START - SpellPrefabGUID=TBFX_WeeBot_OverrideSpawn_SuppressPlaySounds:002e118e262e3db4e8950219a176078e Source=697 TargetCount=0
D 15:46:14.3986877 GameState.DebugPrintPower() -                       Source = [entityName=Cord Puller id=697 zone=PLAY zonePos=1 cardId=BG29_611 player=14]
D 15:46:14.3986877 GameState.DebugPrintPower() -         TAG_CHANGE Entity=[entityName=Cord Puller id=698 zone=PLAY zonePos=2 cardId=BG29_611 player=14] tag=ZONE_POSITION value=2 
D 15:46:14.3986877 GameState.DebugPrintPower() -         FULL_ENTITY - Creating ID=723 CardID=BG_BOT_312t
D 15:46:14.3986877 GameState.DebugPrintPower() -             tag=CONTROLLER value=14
D 15:46:14.3986877 GameState.DebugPrintPower() -             tag=CARDTYPE value=MINION
D 15:46:14.3986877 GameState.DebugPrintPower() -             tag=1196 value=1
D 15:46:14.3986877 GameState.DebugPrintPower() -             tag=TAG_LAST_KNOWN_COST_IN_HAND value=1
D 15:46:14.3986877 GameState.DebugPrintPower() -             tag=479 value=1
D 15:46:14.3986877 GameState.DebugPrintPower() -             tag=COST value=1
D 15:46:14.3986877 GameState.DebugPrintPower() -             tag=ATK value=1
D 15:46:14.3986877 GameState.DebugPrintPower() -             tag=HEALTH value=1
D 15:46:14.3986877 GameState.DebugPrintPower() -             tag=EXHAUSTED value=1
D 15:46:14.3986877 GameState.DebugPrintPower() -             tag=ZONE value=PLAY
D 15:46:14.3986877 GameState.DebugPrintPower() -             tag=ENTITY_ID value=723
D 15:46:14.3986877 GameState.DebugPrintPower() -             tag=CARDRACE value=MECHANICAL
D 15:46:14.3986877 GameState.DebugPrintPower() -             tag=ZONE_POSITION value=1
D 15:46:14.3986877 GameState.DebugPrintPower() -             tag=CREATOR value=697
D 15:46:14.3986877 GameState.DebugPrintPower() -             tag=1037 value=14
D 15:46:14.3986877 GameState.DebugPrintPower() -             tag=1254 value=697
D 15:46:14.3986877 GameState.DebugPrintPower() -             tag=CREATOR_DBID value=110101
D 15:46:14.3986877 GameState.DebugPrintPower() -             tag=BACON_TRIPLE_UPGRADE_MINION_ID value=58377
D 15:46:14.3986877 GameState.DebugPrintPower() -             tag=TECH_LEVEL value=1
D 15:46:14.3986877 GameState.DebugPrintPower() -             tag=SUPPRESS_ALL_SUMMON_VO value=1
D 15:46:14.3986877 GameState.DebugPrintPower() -             tag=SPAWN_TIME_COUNT value=1
D 15:46:14.3986877 GameState.DebugPrintPower() -             tag=HAS_ACTIVATE_POWER value=1
D 15:46:14.3986877 GameState.DebugPrintPower() -             tag=3085 value=1
D 15:46:14.3986877 GameState.DebugPrintPower() -     SUB_SPELL_END
D 15:46:14.3986877 GameState.DebugPrintPower() - BLOCK_END
D 15:46:14.3986877 GameState.DebugPrintPower() - META_DATA - Meta=SLUSH_TIME Data=200 InfoCount=1
D 15:46:14.3986877 GameState.DebugPrintPower() -             Info[0] = [entityName=Cord Puller id=697 zone=PLAY zonePos=1 cardId=BG29_611 player=14]
D 15:46:14.3986877 GameState.DebugPrintPower() - TAG_CHANGE Entity=Usutra tag=1420 value=1 
D 15:46:14.3986877 GameState.DebugPrintPower() - BLOCK_START BlockType=ATTACK Entity=723 EffectCardId=System.Collections.Generic.List`1[System.String] EffectIndex=0 Target=0 SubOption=-1 
D 15:46:14.3986877 GameState.DebugPrintPower() -     TAG_CHANGE Entity=Usutra tag=NUM_FRIENDLY_MINIONS_THAT_ATTACKED_THIS_TURN value=2 
D 15:46:14.3986877 GameState.DebugPrintPower() -     TAG_CHANGE Entity=GameEntity tag=PROPOSED_ATTACKER value=723 
D 15:46:14.3986877 GameState.DebugPrintPower() -     TAG_CHANGE Entity=GameEntity tag=PROPOSED_DEFENDER value=435 
D 15:46:14.3986877 GameState.DebugPrintPower() -     TAG_CHANGE Entity=723 tag=ATTACKING value=1 
D 15:46:14.3986877 GameState.DebugPrintPower() -     META_DATA - Meta=SLUSH_TIME Data=1200 InfoCount=1
D 15:46:14.3986877 GameState.DebugPrintPower() -                 Info[0] = 723
D 15:46:14.3986877 GameState.DebugPrintPower() -     TAG_CHANGE Entity=[entityName=Annoy-o-Tron id=435 zone=PLAY zonePos=1 cardId=BG_GVG_085 player=6] tag=DEFENDING value=1 
D 15:46:14.3986877 GameState.DebugPrintPower() -     TAG_CHANGE Entity=723 tag=NUM_ATTACKS_THIS_TURN value=1 
D 15:46:14.3986877 GameState.DebugPrintPower() -     TAG_CHANGE Entity=[entityName=Annoy-o-Tron id=435 zone=PLAY zonePos=1 cardId=BG_GVG_085 player=6] tag=2187 value=723 
D 15:46:14.3986877 GameState.DebugPrintPower() -     TAG_CHANGE Entity=[entityName=Annoy-o-Tron id=435 zone=PLAY zonePos=1 cardId=BG_GVG_085 player=6] tag=PREDAMAGE value=1 
D 15:46:14.3986877 GameState.DebugPrintPower() -     TAG_CHANGE Entity=[entityName=Annoy-o-Tron id=435 zone=PLAY zonePos=1 cardId=BG_GVG_085 player=6] tag=1173 value=435 
D 15:46:14.3986877 GameState.DebugPrintPower() -     TAG_CHANGE Entity=[entityName=Annoy-o-Tron id=435 zone=PLAY zonePos=1 cardId=BG_GVG_085 player=6] tag=2187 value=0 
D 15:46:14.3986877 GameState.DebugPrintPower() -     TAG_CHANGE Entity=[entityName=Annoy-o-Tron id=435 zone=PLAY zonePos=1 cardId=BG_GVG_085 player=6] tag=PREDAMAGE value=0 
D 15:46:14.3986877 GameState.DebugPrintPower() -     TAG_CHANGE Entity=[entityName=Annoy-o-Tron id=435 zone=PLAY zonePos=1 cardId=BG_GVG_085 player=6] tag=1173 value=0 
D 15:46:14.3986877 GameState.DebugPrintPower() -     TAG_CHANGE Entity=[entityName=Annoy-o-Tron id=435 zone=PLAY zonePos=1 cardId=BG_GVG_085 player=6] tag=PREDAMAGE value=1 
D 15:46:14.3986877 GameState.DebugPrintPower() -     TAG_CHANGE Entity=[entityName=Annoy-o-Tron id=435 zone=PLAY zonePos=1 cardId=BG_GVG_085 player=6] tag=PREDAMAGE value=0 
D 15:46:14.3986877 GameState.DebugPrintPower() -     META_DATA - Meta=DAMAGE Data=1 InfoCount=1
D 15:46:14.3986877 GameState.DebugPrintPower() -                 Info[0] = [entityName=Annoy-o-Tron id=435 zone=PLAY zonePos=1 cardId=BG_GVG_085 player=6]
D 15:46:14.3986877 GameState.DebugPrintPower() -     TAG_CHANGE Entity=[entityName=Annoy-o-Tron id=435 zone=PLAY zonePos=1 cardId=BG_GVG_085 player=6] tag=LAST_AFFECTED_BY value=723 
D 15:46:14.3986877 GameState.DebugPrintPower() -     TAG_CHANGE Entity=[entityName=Annoy-o-Tron id=435 zone=PLAY zonePos=1 cardId=BG_GVG_085 player=6] tag=DAMAGE value=2 
D 15:46:14.3986877 GameState.DebugPrintPower() -     TAG_CHANGE Entity=723 tag=2187 value=435 
D 15:46:14.3986877 GameState.DebugPrintPower() -     TAG_CHANGE Entity=723 tag=PREDAMAGE value=1 
D 15:46:14.3986877 GameState.DebugPrintPower() -     TAG_CHANGE Entity=723 tag=1173 value=723 
D 15:46:14.3986877 GameState.DebugPrintPower() -     TAG_CHANGE Entity=723 tag=2187 value=0 
D 15:46:14.3986877 GameState.DebugPrintPower() -     TAG_CHANGE Entity=723 tag=PREDAMAGE value=0 
D 15:46:14.3986877 GameState.DebugPrintPower() -     TAG_CHANGE Entity=723 tag=1173 value=0 
D 15:46:14.3986877 GameState.DebugPrintPower() -     TAG_CHANGE Entity=723 tag=PREDAMAGE value=1 
D 15:46:14.3986877 GameState.DebugPrintPower() -     TAG_CHANGE Entity=723 tag=PREDAMAGE value=0 
D 15:46:14.3986877 GameState.DebugPrintPower() -     META_DATA - Meta=DAMAGE Data=1 InfoCount=1
D 15:46:14.3986877 GameState.DebugPrintPower() -                 Info[0] = 723
D 15:46:14.3986877 GameState.DebugPrintPower() -     TAG_CHANGE Entity=723 tag=LAST_AFFECTED_BY value=435 
D 15:46:14.3986877 GameState.DebugPrintPower() -     TAG_CHANGE Entity=723 tag=DAMAGE value=1 
D 15:46:14.3986877 GameState.DebugPrintPower() -     TAG_CHANGE Entity=GameEntity tag=1710 value=1 
D 15:46:14.3986877 GameState.DebugPrintPower() -     TAG_CHANGE Entity=GameEntity tag=1710 value=0 
D 15:46:14.3986877 GameState.DebugPrintPower() -     TAG_CHANGE Entity=GameEntity tag=1710 value=1 
D 15:46:14.3986877 GameState.DebugPrintPower() -     BLOCK_START BlockType=TRIGGER Entity=[entityName=BaconShop8PlayerEnchant id=63 zone=PLAY zonePos=0 cardId=TB_BaconShop_8P_PlayerE player=6] EffectCardId=System.Collections.Generic.List`1[System.String] EffectIndex=18 Target=0 SubOption=-1 TriggerKeyword=TAG_NOT_SET
D 15:46:14.3986877 GameState.DebugPrintPower() -         TAG_CHANGE Entity=dymitrq#2316 tag=1483 value=2 
D 15:46:14.3986877 GameState.DebugPrintPower() -     BLOCK_END
D 15:46:14.3986877 GameState.DebugPrintPower() -     BLOCK_START BlockType=TRIGGER Entity=[entityName=BaconShop8PlayerEnchant id=63 zone=PLAY zonePos=0 cardId=TB_BaconShop_8P_PlayerE player=6] EffectCardId=System.Collections.Generic.List`1[System.String] EffectIndex=20 Target=0 SubOption=-1 TriggerKeyword=TAG_NOT_SET
D 15:46:14.3986877 GameState.DebugPrintPower() -     BLOCK_END
D 15:46:14.3986877 GameState.DebugPrintPower() -     TAG_CHANGE Entity=GameEntity tag=1710 value=0 
D 15:46:14.3986877 GameState.DebugPrintPower() -     TAG_CHANGE Entity=GameEntity tag=PROPOSED_ATTACKER value=0 
D 15:46:14.3986877 GameState.DebugPrintPower() -     TAG_CHANGE Entity=GameEntity tag=PROPOSED_DEFENDER value=0 
D 15:46:14.3986877 GameState.DebugPrintPower() -     TAG_CHANGE Entity=723 tag=ATTACKING value=0 
D 15:46:14.3986877 GameState.DebugPrintPower() -     TAG_CHANGE Entity=[entityName=Annoy-o-Tron id=435 zone=PLAY zonePos=1 cardId=BG_GVG_085 player=6] tag=DEFENDING value=0 
D 15:46:14.3986877 GameState.DebugPrintPower() - BLOCK_END
D 15:46:14.3986877 GameState.DebugPrintPower() - BLOCK_START BlockType=DEATHS Entity=GameEntity EffectCardId=System.Collections.Generic.List`1[System.String] EffectIndex=0 Target=0 SubOption=-1 
D 15:46:14.3986877 GameState.DebugPrintPower() -     BLOCK_START BlockType=TRIGGER Entity=[entityName=BaconShop8PlayerEnchant id=63 zone=PLAY zonePos=0 cardId=TB_BaconShop_8P_PlayerE player=6] EffectCardId=System.Collections.Generic.List`1[System.String] EffectIndex=37 Target=0 SubOption=-1 TriggerKeyword=TAG_NOT_SET
D 15:46:14.3986877 GameState.DebugPrintPower() -         FULL_ENTITY - Creating ID=724 CardID=BG_GVG_085
D 15:46:14.3986877 GameState.DebugPrintPower() -             tag=CONTROLLER value=6
D 15:46:14.3986877 GameState.DebugPrintPower() -             tag=CARDTYPE value=MINION
D 15:46:14.3986877 GameState.DebugPrintPower() -             tag=479 value=1
D 15:46:14.3986877 GameState.DebugPrintPower() -             tag=ATK value=1
D 15:46:14.3986877 GameState.DebugPrintPower() -             tag=HEALTH value=2
D 15:46:14.3986877 GameState.DebugPrintPower() -             tag=ZONE value=SETASIDE
D 15:46:14.3986877 GameState.DebugPrintPower() -             tag=ENTITY_ID value=724
D 15:46:14.3986877 GameState.DebugPrintPower() -             tag=TAUNT value=1
D 15:46:14.3986877 GameState.DebugPrintPower() -             tag=DIVINE_SHIELD value=1
D 15:46:14.3986877 GameState.DebugPrintPower() -             tag=CARDRACE value=MECHANICAL
D 15:46:14.3986877 GameState.DebugPrintPower() -             tag=RARITY value=COMMON
D 15:46:14.3986877 GameState.DebugPrintPower() -             tag=CREATOR value=63
D 15:46:14.3986877 GameState.DebugPrintPower() -             tag=1037 value=6
D 15:46:14.3986877 GameState.DebugPrintPower() -             tag=CREATOR_DBID value=57980
D 15:46:14.3986877 GameState.DebugPrintPower() -             tag=BACON_TRIPLE_UPGRADE_MINION_ID value=103653
D 15:46:14.3986877 GameState.DebugPrintPower() -             tag=TECH_LEVEL value=1
D 15:46:14.3986877 GameState.DebugPrintPower() -             tag=IS_BACON_POOL_MINION value=1
D 15:46:14.3986877 GameState.DebugPrintPower() -             tag=SUPPRESS_ALL_SUMMON_VO value=1
D 15:46:14.3986877 GameState.DebugPrintPower() -             tag=SPAWN_TIME_COUNT value=1
D 15:46:14.3986877 GameState.DebugPrintPower() -             tag=1595 value=1
D 15:46:14.3986877 GameState.DebugPrintPower() -             tag=HAS_ACTIVATE_POWER value=1
D 15:46:14.3986877 GameState.DebugPrintPower() -             tag=3085 value=2
D 15:46:14.3986877 GameState.DebugPrintPower() -         TAG_CHANGE Entity=724 tag=2873 value=1 
D 15:46:14.3986877 GameState.DebugPrintPower() -         TAG_CHANGE Entity=724 tag=DIVINE_SHIELD value=0 
D 15:46:14.3986877 GameState.DebugPrintPower() -         TAG_CHANGE Entity=724 tag=DAMAGE value=2 
D 15:46:14.3986877 GameState.DebugPrintPower() -         TAG_CHANGE Entity=724 tag=EXHAUSTED value=1 
D 15:46:14.3986877 GameState.DebugPrintPower() -         TAG_CHANGE Entity=724 tag=LAST_AFFECTED_BY value=723 
D 15:46:14.3986877 GameState.DebugPrintPower() -         TAG_CHANGE Entity=724 tag=COPIED_FROM_ENTITY_ID value=435 
D 15:46:14.3986877 GameState.DebugPrintPower() -         TAG_CHANGE Entity=724 tag=3669 value=1 
D 15:46:14.3986877 GameState.DebugPrintPower() -         TAG_CHANGE Entity=724 tag=DIVINE_SHIELD value=1 
D 15:46:14.3986877 GameState.DebugPrintPower() -         TAG_CHANGE Entity=724 tag=DAMAGE value=0 
D 15:46:14.3986877 GameState.DebugPrintPower() -         TAG_CHANGE Entity=724 tag=TRANSIENT_ENTITY value=1 
D 15:46:14.3986877 GameState.DebugPrintPower() -     BLOCK_END
D 15:46:14.3986877 GameState.DebugPrintPower() -     TAG_CHANGE Entity=dymitrq#2316 tag=NUM_MINIONS_PLAYER_KILLED_THIS_TURN value=1 
D 15:46:14.3986877 GameState.DebugPrintPower() -     TAG_CHANGE Entity=GameEntity tag=NUM_MINIONS_KILLED_THIS_TURN value=2 
D 15:46:14.3986877 GameState.DebugPrintPower() -     TAG_CHANGE Entity=[entityName=Annoy-o-Tron id=435 zone=PLAY zonePos=1 cardId=BG_GVG_085 player=6] tag=1068 value=4 
D 15:46:14.3986877 GameState.DebugPrintPower() -     TAG_CHANGE Entity=[entityName=Annoy-o-Tron id=435 zone=PLAY zonePos=1 cardId=BG_GVG_085 player=6] tag=1068 value=0 
D 15:46:14.3986877 GameState.DebugPrintPower() -     TAG_CHANGE Entity=[entityName=Annoy-o-Tron id=435 zone=PLAY zonePos=1 cardId=BG_GVG_085 player=6] tag=EXHAUSTED value=0 
D 15:46:14.3986877 GameState.DebugPrintPower() -     TAG_CHANGE Entity=[entityName=Annoy-o-Tron id=435 zone=PLAY zonePos=1 cardId=BG_GVG_085 player=6] tag=1254 value=0 
D 15:46:14.3986877 GameState.DebugPrintPower() -     TAG_CHANGE Entity=[entityName=Annoy-o-Tron id=435 zone=PLAY zonePos=1 cardId=BG_GVG_085 player=6] tag=1037 value=0 
D 15:46:14.3986877 GameState.DebugPrintPower() -     TAG_CHANGE Entity=[entityName=Annoy-o-Tron id=435 zone=PLAY zonePos=1 cardId=BG_GVG_085 player=6] tag=ZONE_POSITION value=0 
D 15:46:14.3986877 GameState.DebugPrintPower() -     TAG_CHANGE Entity=[entityName=Annoy-o-Tron id=435 zone=PLAY zonePos=1 cardId=BG_GVG_085 player=6] tag=ZONE value=GRAVEYARD 
D 15:46:14.3986877 GameState.DebugPrintPower() -     TAG_CHANGE Entity=dymitrq#2316 tag=NUM_FRIENDLY_MINIONS_THAT_DIED_THIS_TURN value=1 
D 15:46:14.3986877 GameState.DebugPrintPower() -     TAG_CHANGE Entity=dymitrq#2316 tag=NUM_FRIENDLY_MINIONS_THAT_DIED_THIS_GAME value=2 
D 15:46:14.3986877 GameState.DebugPrintPower() -     TAG_CHANGE Entity=dymitrq#2316 tag=2717 value=1 
D 15:46:14.3986877 GameState.DebugPrintPower() -     TAG_CHANGE Entity=[entityName=Annoy-o-Tron id=668 zone=SETASIDE zonePos=0 cardId=BG_GVG_085 player=6] tag=BACON_DIED_LAST_COMBAT value=1 
D 15:46:14.3986877 GameState.DebugPrintPower() -     TAG_CHANGE Entity=dymitrq#2316 tag=CORPSES value=2 
D 15:46:14.3986877 GameState.DebugPrintPower() -     TAG_CHANGE Entity=[entityName=Annoy-o-Tron id=435 zone=PLAY zonePos=1 cardId=BG_GVG_085 player=6] tag=DAMAGE value=0 
D 15:46:14.3986877 GameState.DebugPrintPower() -     BLOCK_START BlockType=TRIGGER Entity=[entityName=BaconShop8PlayerEnchant id=63 zone=PLAY zonePos=0 cardId=TB_BaconShop_8P_PlayerE player=6] EffectCardId=System.Collections.Generic.List`1[System.String] EffectIndex=37 Target=0 SubOption=-1 TriggerKeyword=TAG_NOT_SET
D 15:46:14.3986877 GameState.DebugPrintPower() -         FULL_ENTITY - Creating ID=725 CardID=
D 15:46:14.3986877 GameState.DebugPrintPower() -             tag=ZONE value=SETASIDE
D 15:46:14.3986877 GameState.DebugPrintPower() -             tag=CONTROLLER value=14
D 15:46:14.3986877 GameState.DebugPrintPower() -             tag=ENTITY_ID value=725
D 15:46:14.3986877 GameState.DebugPrintPower() -     BLOCK_END
D 15:46:14.3986877 GameState.DebugPrintPower() -     TAG_CHANGE Entity=Usutra tag=NUM_MINIONS_PLAYER_KILLED_THIS_TURN value=2 
D 15:46:14.3986877 GameState.DebugPrintPower() -     TAG_CHANGE Entity=GameEntity tag=NUM_MINIONS_KILLED_THIS_TURN value=3 
D 15:46:14.3986877 GameState.DebugPrintPower() -     TAG_CHANGE Entity=723 tag=1068 value=4 
D 15:46:14.3986877 GameState.DebugPrintPower() -     TAG_CHANGE Entity=723 tag=1068 value=0 
D 15:46:14.3986877 GameState.DebugPrintPower() -     TAG_CHANGE Entity=723 tag=EXHAUSTED value=0 
D 15:46:14.3986877 GameState.DebugPrintPower() -     TAG_CHANGE Entity=723 tag=SUPPRESS_ALL_SUMMON_VO value=0 
D 15:46:14.3986877 GameState.DebugPrintPower() -     TAG_CHANGE Entity=723 tag=1254 value=0 
D 15:46:14.3986877 GameState.DebugPrintPower() -     TAG_CHANGE Entity=[entityName=Cord Puller id=698 zone=PLAY zonePos=2 cardId=BG29_611 player=14] tag=ZONE_POSITION value=1 
D 15:46:14.3986877 GameState.DebugPrintPower() -     TAG_CHANGE Entity=723 tag=1037 value=0 
D 15:46:14.3986877 GameState.DebugPrintPower() -     TAG_CHANGE Entity=723 tag=ZONE_POSITION value=0 
D 15:46:14.3986877 GameState.DebugPrintPower() -     TAG_CHANGE Entity=723 tag=ZONE value=GRAVEYARD 
D 15:46:14.3986877 GameState.DebugPrintPower() -     TAG_CHANGE Entity=Usutra tag=NUM_FRIENDLY_MINIONS_THAT_DIED_THIS_TURN value=2 
D 15:46:14.3986877 GameState.DebugPrintPower() -     TAG_CHANGE Entity=Usutra tag=NUM_FRIENDLY_MINIONS_THAT_DIED_THIS_GAME value=2 
D 15:46:14.3986877 GameState.DebugPrintPower() -     TAG_CHANGE Entity=Usutra tag=2753 value=96810 
D 15:46:14.3986877 GameState.DebugPrintPower() -     TAG_CHANGE Entity=Usutra tag=2717 value=2 
D 15:46:14.3986877 GameState.DebugPrintPower() -     TAG_CHANGE Entity=Usutra tag=CORPSES value=2 
D 15:46:14.3986877 GameState.DebugPrintPower() -     TAG_CHANGE Entity=723 tag=DAMAGE value=0 
D 15:46:14.3986877 GameState.DebugPrintPower() - BLOCK_END
D 15:46:14.3986877 GameState.DebugPrintPower() - TAG_CHANGE Entity=724 tag=3669 value=0 
D 15:46:14.3986877 GameState.DebugPrintPower() - TAG_CHANGE Entity=GameEntity tag=3534 value=0 
D 15:46:14.3986877 GameState.DebugPrintPower() - BLOCK_START BlockType=TRIGGER Entity=[entityName=BaconShop8PlayerEnchant id=63 zone=PLAY zonePos=0 cardId=TB_BaconShop_8P_PlayerE player=6] EffectCardId=System.Collections.Generic.List`1[System.String] EffectIndex=14 Target=0 SubOption=-1 TriggerKeyword=TAG_NOT_SET
D 15:46:14.3986877 GameState.DebugPrintPower() -     TAG_CHANGE Entity=dymitrq#2316 tag=2267 value=1 
D 15:46:14.3986877 GameState.DebugPrintPower() -     TAG_CHANGE Entity=[entityName=Sparkhoarder Togwaggle id=85 zone=PLAY zonePos=0 cardId=BG23_HERO_305_SKIN_B player=6] tag=1487 value=0 
D 15:46:14.3986877 GameState.DebugPrintPower() -     TAG_CHANGE Entity=dymitrq#2316 tag=1487 value=0 
D 15:46:14.3986877 GameState.DebugPrintPower() -     TAG_CHANGE Entity=dymitrq#2316 tag=1487 value=1 
D 15:46:14.3986877 GameState.DebugPrintPower() -     TAG_CHANGE Entity=[entityName=Sparkhoarder Togwaggle id=85 zone=PLAY zonePos=0 cardId=BG23_HERO_305_SKIN_B player=6] tag=1487 value=1 
D 15:46:14.3986877 GameState.DebugPrintPower() -     TAG_CHANGE Entity=GameEntity tag=MISSION_EVENT value=128 
D 15:46:14.3986877 GameState.DebugPrintPower() -     TAG_CHANGE Entity=GameEntity tag=HIGHLIGHT_ATTACKING_MINION_DURING_COMBAT value=0 
D 15:46:14.3986877 GameState.DebugPrintPower() -     TAG_CHANGE Entity=[entityName=Maiev Shadowsong id=694 zone=PLAY zonePos=0 cardId=TB_BaconShop_HERO_62 player=14] tag=ATK value=1 
D 15:46:14.3986877 GameState.DebugPrintPower() -     TAG_CHANGE Entity=GameEntity tag=MISSION_EVENT value=0 
D 15:46:14.3986877 GameState.DebugPrintPower() -     TAG_CHANGE Entity=GameEntity tag=MISSION_EVENT value=120 
D 15:46:14.3986877 GameState.DebugPrintPower() -     META_DATA - Meta=SLUSH_TIME Data=4400 InfoCount=1
D 15:46:14.3986877 GameState.DebugPrintPower() -                 Info[0] = [entityName=BaconShop8PlayerEnchant id=63 zone=PLAY zonePos=0 cardId=TB_BaconShop_8P_PlayerE player=6]
D 15:46:14.3986877 GameState.DebugPrintPower() -     SUB_SPELL_START - SpellPrefabGUID=Bacon_EndRound_BuffHeroAttack_Super:f82ca36d0e2b0cd43a93ff481e08061a Source=694 TargetCount=1
D 15:46:14.3986877 GameState.DebugPrintPower() -                       Source = [entityName=Maiev Shadowsong id=694 zone=PLAY zonePos=0 cardId=TB_BaconShop_HERO_62 player=14]
D 15:46:14.3986877 GameState.DebugPrintPower() -                       Targets[0] = [entityName=Cord Puller id=698 zone=PLAY zonePos=2 cardId=BG29_611 player=14]
D 15:46:14.3986877 GameState.DebugPrintPower() -         TAG_CHANGE Entity=[entityName=Maiev Shadowsong id=694 zone=PLAY zonePos=0 cardId=TB_BaconShop_HERO_62 player=14] tag=ATK value=2 
D 15:46:14.3986877 GameState.DebugPrintPower() -     SUB_SPELL_END
D 15:46:14.3986877 GameState.DebugPrintPower() -     TAG_CHANGE Entity=[entityName=Maiev Shadowsong id=694 zone=PLAY zonePos=0 cardId=TB_BaconShop_HERO_62 player=14] tag=1715 value=63 
D 15:46:14.3986877 GameState.DebugPrintPower() -     BLOCK_START BlockType=ATTACK Entity=[entityName=Maiev Shadowsong id=694 zone=PLAY zonePos=0 cardId=TB_BaconShop_HERO_62 player=14] EffectCardId=System.Collections.Generic.List`1[System.String] EffectIndex=0 Target=0 SubOption=-1 
D 15:46:14.3986877 GameState.DebugPrintPower() -         TAG_CHANGE Entity=GameEntity tag=PROPOSED_ATTACKER value=694 
D 15:46:14.3986877 GameState.DebugPrintPower() -         TAG_CHANGE Entity=GameEntity tag=PROPOSED_DEFENDER value=85 
D 15:46:14.3986877 GameState.DebugPrintPower() -         TAG_CHANGE Entity=[entityName=Maiev Shadowsong id=694 zone=PLAY zonePos=0 cardId=TB_BaconShop_HERO_62 player=14] tag=ATTACKING value=1 
D 15:46:14.3986877 GameState.DebugPrintPower() -         META_DATA - Meta=SLUSH_TIME Data=1200 InfoCount=1
D 15:46:14.3986877 GameState.DebugPrintPower() -                     Info[0] = [entityName=Maiev Shadowsong id=694 zone=PLAY zonePos=0 cardId=TB_BaconShop_HERO_62 player=14]
D 15:46:14.3986877 GameState.DebugPrintPower() -         TAG_CHANGE Entity=[entityName=Maiev Shadowsong id=694 zone=PLAY zonePos=0 cardId=TB_BaconShop_HERO_62 player=14] tag=479 value=2 
D 15:46:14.3986877 GameState.DebugPrintPower() -         TAG_CHANGE Entity=[entityName=Sparkhoarder Togwaggle id=85 zone=PLAY zonePos=0 cardId=BG23_HERO_305_SKIN_B player=6] tag=DEFENDING value=1 
D 15:46:14.3986877 GameState.DebugPrintPower() -         TAG_CHANGE Entity=[entityName=Maiev Shadowsong id=694 zone=PLAY zonePos=0 cardId=TB_BaconShop_HERO_62 player=14] tag=NUM_ATTACKS_THIS_TURN value=1 
D 15:46:14.3986877 GameState.DebugPrintPower() -         TAG_CHANGE Entity=[entityName=Maiev Shadowsong id=694 zone=PLAY zonePos=0 cardId=TB_BaconShop_HERO_62 player=14] tag=EXHAUSTED value=1 
D 15:46:14.3986877 GameState.DebugPrintPower() -         TAG_CHANGE Entity=[entityName=Sparkhoarder Togwaggle id=85 zone=PLAY zonePos=0 cardId=BG23_HERO_305_SKIN_B player=6] tag=2187 value=694 
D 15:46:14.3986877 GameState.DebugPrintPower() -         TAG_CHANGE Entity=[entityName=Sparkhoarder Togwaggle id=85 zone=PLAY zonePos=0 cardId=BG23_HERO_305_SKIN_B player=6] tag=PREDAMAGE value=2 
D 15:46:14.3986877 GameState.DebugPrintPower() -         TAG_CHANGE Entity=[entityName=Sparkhoarder Togwaggle id=85 zone=PLAY zonePos=0 cardId=BG23_HERO_305_SKIN_B player=6] tag=1173 value=85 
D 15:46:14.3986877 GameState.DebugPrintPower() -         TAG_CHANGE Entity=[entityName=Sparkhoarder Togwaggle id=85 zone=PLAY zonePos=0 cardId=BG23_HERO_305_SKIN_B player=6] tag=2187 value=0 
D 15:46:14.3986877 GameState.DebugPrintPower() -         TAG_CHANGE Entity=[entityName=Sparkhoarder Togwaggle id=85 zone=PLAY zonePos=0 cardId=BG23_HERO_305_SKIN_B player=6] tag=PREDAMAGE value=0 
D 15:46:14.3986877 GameState.DebugPrintPower() -         TAG_CHANGE Entity=[entityName=Sparkhoarder Togwaggle id=85 zone=PLAY zonePos=0 cardId=BG23_HERO_305_SKIN_B player=6] tag=1173 value=0 
D 15:46:14.3986877 GameState.DebugPrintPower() -         TAG_CHANGE Entity=Usutra tag=2335 value=2 
D 15:46:14.3986877 GameState.DebugPrintPower() -         TAG_CHANGE Entity=[entityName=Sparkhoarder Togwaggle id=85 zone=PLAY zonePos=0 cardId=BG23_HERO_305_SKIN_B player=6] tag=PREDAMAGE value=2 
D 15:46:14.3986877 GameState.DebugPrintPower() -         TAG_CHANGE Entity=[entityName=Sparkhoarder Togwaggle id=85 zone=PLAY zonePos=0 cardId=BG23_HERO_305_SKIN_B player=6] tag=PREDAMAGE value=0 
D 15:46:14.3986877 GameState.DebugPrintPower() -         META_DATA - Meta=DAMAGE Data=2 InfoCount=1
D 15:46:14.3986877 GameState.DebugPrintPower() -                     Info[0] = [entityName=Sparkhoarder Togwaggle id=85 zone=PLAY zonePos=0 cardId=BG23_HERO_305_SKIN_B player=6]
D 15:46:14.3986877 GameState.DebugPrintPower() -         TAG_CHANGE Entity=[entityName=Sparkhoarder Togwaggle id=85 zone=PLAY zonePos=0 cardId=BG23_HERO_305_SKIN_B player=6] tag=ARMOR value=9 
D 15:46:14.3986877 GameState.DebugPrintPower() -         TAG_CHANGE Entity=dymitrq#2316 tag=3143 value=2 
D 15:46:14.3986877 GameState.DebugPrintPower() -         TAG_CHANGE Entity=[entityName=Sparkhoarder Togwaggle id=85 zone=PLAY zonePos=0 cardId=BG23_HERO_305_SKIN_B player=6] tag=LAST_AFFECTED_BY value=694 
D 15:46:14.3986877 GameState.DebugPrintPower() -         TAG_CHANGE Entity=dymitrq#2316 tag=464 value=2 
D 15:46:14.3986877 GameState.DebugPrintPower() -         TAG_CHANGE Entity=dymitrq#2316 tag=1853 value=4 
D 15:46:14.3986877 GameState.DebugPrintPower() -         TAG_CHANGE Entity=dymitrq#2316 tag=DAMAGE_DEALT_TO_HERO_LAST_TURN value=2 
D 15:46:14.3986877 GameState.DebugPrintPower() -         TAG_CHANGE Entity=GameEntity tag=1710 value=1 
D 15:46:14.3986877 GameState.DebugPrintPower() -         TAG_CHANGE Entity=GameEntity tag=1710 value=0 
D 15:46:14.3986877 GameState.DebugPrintPower() -         TAG_CHANGE Entity=GameEntity tag=PROPOSED_ATTACKER value=0 
D 15:46:14.3986877 GameState.DebugPrintPower() -         TAG_CHANGE Entity=GameEntity tag=PROPOSED_DEFENDER value=0 
D 15:46:14.3986877 GameState.DebugPrintPower() -         TAG_CHANGE Entity=[entityName=Maiev Shadowsong id=694 zone=PLAY zonePos=0 cardId=TB_BaconShop_HERO_62 player=14] tag=ATTACKING value=0 
D 15:46:14.3986877 GameState.DebugPrintPower() -         TAG_CHANGE Entity=[entityName=Sparkhoarder Togwaggle id=85 zone=PLAY zonePos=0 cardId=BG23_HERO_305_SKIN_B player=6] tag=DEFENDING value=0 
D 15:46:14.3986877 GameState.DebugPrintPower() -     BLOCK_END
D 15:46:14.3986877 GameState.DebugPrintPower() -     META_DATA - Meta=ARTIFICIAL_PAUSE Data=1000 InfoCount=1
D 15:46:14.3986877 GameState.DebugPrintPower() -                 Info[0] = [entityName=BaconShop8PlayerEnchant id=63 zone=PLAY zonePos=0 cardId=TB_BaconShop_8P_PlayerE player=6]
D 15:46:14.3986877 GameState.DebugPrintPower() -     META_DATA - Meta=SLUSH_TIME Data=1000 InfoCount=1
D 15:46:14.3986877 GameState.DebugPrintPower() -                 Info[0] = [entityName=BaconShop8PlayerEnchant id=63 zone=PLAY zonePos=0 cardId=TB_BaconShop_8P_PlayerE player=6]
D 15:46:14.3986877 GameState.DebugPrintPower() -     META_DATA - Meta=SLUSH_TIME Data=500 InfoCount=1
D 15:46:14.3986877 GameState.DebugPrintPower() -                 Info[0] = [entityName=BaconShop8PlayerEnchant id=63 zone=PLAY zonePos=0 cardId=TB_BaconShop_8P_PlayerE player=6]
D 15:46:14.3986877 GameState.DebugPrintPower() -     TAG_CHANGE Entity=[entityName=Maiev Shadowsong id=694 zone=PLAY zonePos=0 cardId=TB_BaconShop_HERO_62 player=14] tag=ATK value=0 
D 15:46:14.3986877 GameState.DebugPrintPower() -     TAG_CHANGE Entity=GameEntity tag=HIGHLIGHT_ATTACKING_MINION_DURING_COMBAT value=1 
D 15:46:14.3986877 GameState.DebugPrintPower() - BLOCK_END
D 15:46:14.3986877 GameState.DebugPrintPower() - BLOCK_START BlockType=TRIGGER Entity=[entityName=BaconShop8PlayerEnchant id=63 zone=PLAY zonePos=0 cardId=TB_BaconShop_8P_PlayerE player=6] EffectCardId=System.Collections.Generic.List`1[System.String] EffectIndex=21 Target=0 SubOption=-1 TriggerKeyword=TAG_NOT_SET
D 15:46:14.3986877 GameState.DebugPrintPower() -     TAG_CHANGE Entity=dymitrq#2316 tag=1483 value=0 
D 15:46:14.3986877 GameState.DebugPrintPower() - BLOCK_END
D 15:46:14.3986877 GameState.DebugPrintPower() - BLOCK_START BlockType=TRIGGER Entity=[entityName=BaconShop8PlayerEnchant id=63 zone=PLAY zonePos=0 cardId=TB_BaconShop_8P_PlayerE player=6] EffectCardId=System.Collections.Generic.List`1[System.String] EffectIndex=28 Target=0 SubOption=-1 TriggerKeyword=TAG_NOT_SET
D 15:46:14.3986877 GameState.DebugPrintPower() -     TAG_CHANGE Entity=[entityName=Maiev Shadowsong id=694 zone=PLAY zonePos=0 cardId=TB_BaconShop_HERO_62 player=14] tag=479 value=0 
D 15:46:14.3986877 GameState.DebugPrintPower() - BLOCK_END
D 15:46:14.4147116 GameState.DebugPrintPowerList() - Count=1
D 15:46:14.4147116 GameState.DebugPrintPower() - TAG_CHANGE Entity=[entityName=Murloc Holmes id=146 zone=SETASIDE zonePos=0 cardId=BG23_HERO_303 player=14] tag=ARMOR value=7 
D 15:46:14.4488167 GameState.DebugPrintPowerList() - Count=387
D 15:46:14.4488167 GameState.DebugPrintPower() - BLOCK_START BlockType=TRIGGER Entity=[entityName=Buddy Meter id=356 zone=PLAY zonePos=0 cardId=BG22_BuddyMeter player=6] EffectCardId=System.Collections.Generic.List`1[System.String] EffectIndex=4 Target=0 SubOption=-1 TriggerKeyword=1724
D 15:46:14.4488167 GameState.DebugPrintPower() -     SUB_SPELL_START - SpellPrefabGUID=ReuseFX_Generic_Impact_GoldCoins_Super_Quick:87fe315354583b44790863c45c46615c Source=356 TargetCount=1
D 15:46:14.4488167 GameState.DebugPrintPower() -                       Source = [entityName=Buddy Meter id=356 zone=PLAY zonePos=0 cardId=BG22_BuddyMeter player=6]
D 15:46:14.4488167 GameState.DebugPrintPower() -                       Targets[0] = [entityName=Buddy Meter id=356 zone=PLAY zonePos=0 cardId=BG22_BuddyMeter player=6]
D 15:46:14.4488167 GameState.DebugPrintPower() -         TAG_CHANGE Entity=[entityName=Buddy Meter id=356 zone=PLAY zonePos=0 cardId=BG22_BuddyMeter player=6] tag=COST value=13 
D 15:46:14.4488167 GameState.DebugPrintPower() -     SUB_SPELL_END
D 15:46:14.4488167 GameState.DebugPrintPower() - BLOCK_END
D 15:46:14.4488167 GameState.DebugPrintPower() - BLOCK_START BlockType=TRIGGER Entity=[entityName=Buddy Meter id=660 zone=SETASIDE zonePos=0 cardId=BG22_BuddyMeter player=6] EffectCardId=System.Collections.Generic.List`1[System.String] EffectIndex=4 Target=0 SubOption=-1 TriggerKeyword=1724
D 15:46:14.4488167 GameState.DebugPrintPower() - BLOCK_END
D 15:46:14.4488167 GameState.DebugPrintPower() - BLOCK_START BlockType=TRIGGER Entity=[entityName=BaconShop8PlayerEnchant id=63 zone=PLAY zonePos=0 cardId=TB_BaconShop_8P_PlayerE player=6] EffectCardId=System.Collections.Generic.List`1[System.String] EffectIndex=-1 Target=0 SubOption=-1 TriggerKeyword=TAG_NOT_SET
D 15:46:14.4488167 GameState.DebugPrintPower() -     TAG_CHANGE Entity=GameEntity tag=1453 value=1 
D 15:46:14.4488167 GameState.DebugPrintPower() -     TAG_CHANGE Entity=Usutra tag=3245 value=0 
D 15:46:14.4488167 GameState.DebugPrintPower() -     TAG_CHANGE Entity=[entityName=Cord Puller id=698 zone=PLAY zonePos=2 cardId=BG29_611 player=14] tag=1068 value=5 
D 15:46:14.4488167 GameState.DebugPrintPower() -     TAG_CHANGE Entity=[entityName=Cord Puller id=698 zone=PLAY zonePos=2 cardId=BG29_611 player=14] tag=1068 value=0 
D 15:46:14.4488167 GameState.DebugPrintPower() -     TAG_CHANGE Entity=[entityName=Cord Puller id=698 zone=PLAY zonePos=2 cardId=BG29_611 player=14] tag=SUPPRESS_ALL_SUMMON_VO value=0 
D 15:46:14.4488167 GameState.DebugPrintPower() -     TAG_CHANGE Entity=[entityName=Cord Puller id=698 zone=PLAY zonePos=2 cardId=BG29_611 player=14] tag=1254 value=0 
D 15:46:14.4488167 GameState.DebugPrintPower() -     TAG_CHANGE Entity=[entityName=Cord Puller id=698 zone=PLAY zonePos=2 cardId=BG29_611 player=14] tag=ZONE_POSITION value=0 
D 15:46:14.4488167 GameState.DebugPrintPower() -     TAG_CHANGE Entity=[entityName=Cord Puller id=698 zone=PLAY zonePos=2 cardId=BG29_611 player=14] tag=ZONE value=REMOVEDFROMGAME 
D 15:46:14.4488167 GameState.DebugPrintPower() -     TAG_CHANGE Entity=[entityName=Cord Puller id=698 zone=PLAY zonePos=2 cardId=BG29_611 player=14] tag=HAS_ACTIVATE_POWER value=0 
D 15:46:14.4488167 GameState.DebugPrintPower() -     TAG_CHANGE Entity=[entityName=Cord Puller id=698 zone=PLAY zonePos=2 cardId=BG29_611 player=14] tag=COST value=0 
D 15:46:14.4488167 GameState.DebugPrintPower() -     TAG_CHANGE Entity=[entityName=Cord Puller id=698 zone=PLAY zonePos=2 cardId=BG29_611 player=14] tag=ATK value=0 
D 15:46:14.4488167 GameState.DebugPrintPower() -     TAG_CHANGE Entity=[entityName=Cord Puller id=698 zone=PLAY zonePos=2 cardId=BG29_611 player=14] tag=HEALTH value=0 
D 15:46:14.4488167 GameState.DebugPrintPower() -     TAG_CHANGE Entity=[entityName=Cord Puller id=698 zone=PLAY zonePos=2 cardId=BG29_611 player=14] tag=DIVINE_SHIELD value=0 
D 15:46:14.4488167 GameState.DebugPrintPower() -     TAG_CHANGE Entity=[entityName=Cord Puller id=698 zone=PLAY zonePos=2 cardId=BG29_611 player=14] tag=DEATHRATTLE value=0 
D 15:46:14.4488167 GameState.DebugPrintPower() -     TAG_CHANGE Entity=[entityName=Cord Puller id=698 zone=PLAY zonePos=2 cardId=BG29_611 player=14] tag=BACON_TRIPLE_UPGRADE_MINION_ID value=0 
D 15:46:14.4488167 GameState.DebugPrintPower() -     TAG_CHANGE Entity=[entityName=Cord Puller id=698 zone=PLAY zonePos=2 cardId=BG29_611 player=14] tag=TECH_LEVEL value=0 
D 15:46:14.4488167 GameState.DebugPrintPower() -     TAG_CHANGE Entity=[entityName=Cord Puller id=698 zone=PLAY zonePos=2 cardId=BG29_611 player=14] tag=IS_BACON_POOL_MINION value=0 
D 15:46:14.4488167 GameState.DebugPrintPower() -     TAG_CHANGE Entity=[entityName=Cord Puller id=698 zone=PLAY zonePos=2 cardId=BG29_611 player=14] tag=SPAWN_TIME_COUNT value=0 
D 15:46:14.4488167 GameState.DebugPrintPower() -     TAG_CHANGE Entity=[entityName=Cord Puller id=698 zone=PLAY zonePos=2 cardId=BG29_611 player=14] tag=COPIED_FROM_ENTITY_ID value=0 
D 15:46:14.4488167 GameState.DebugPrintPower() -     TAG_CHANGE Entity=[entityName=Cord Puller id=698 zone=PLAY zonePos=2 cardId=BG29_611 player=14] tag=1595 value=0 
D 15:46:14.4488167 GameState.DebugPrintPower() -     TAG_CHANGE Entity=[entityName=Cord Puller id=698 zone=PLAY zonePos=2 cardId=BG29_611 player=14] tag=COST value=1 
D 15:46:14.4488167 GameState.DebugPrintPower() -     TAG_CHANGE Entity=[entityName=Cord Puller id=698 zone=PLAY zonePos=2 cardId=BG29_611 player=14] tag=ATK value=1 
D 15:46:14.4488167 GameState.DebugPrintPower() -     TAG_CHANGE Entity=[entityName=Cord Puller id=698 zone=PLAY zonePos=2 cardId=BG29_611 player=14] tag=HEALTH value=1 
D 15:46:14.4488167 GameState.DebugPrintPower() -     TAG_CHANGE Entity=[entityName=Cord Puller id=698 zone=PLAY zonePos=2 cardId=BG29_611 player=14] tag=DIVINE_SHIELD value=1 
D 15:46:14.4488167 GameState.DebugPrintPower() -     TAG_CHANGE Entity=[entityName=Cord Puller id=698 zone=PLAY zonePos=2 cardId=BG29_611 player=14] tag=DEATHRATTLE value=1 
D 15:46:14.4488167 GameState.DebugPrintPower() -     TAG_CHANGE Entity=[entityName=Cord Puller id=698 zone=PLAY zonePos=2 cardId=BG29_611 player=14] tag=BACON_TRIPLE_UPGRADE_MINION_ID value=110102 
D 15:46:14.4488167 GameState.DebugPrintPower() -     TAG_CHANGE Entity=[entityName=Cord Puller id=698 zone=PLAY zonePos=2 cardId=BG29_611 player=14] tag=TECH_LEVEL value=1 
D 15:46:14.4488167 GameState.DebugPrintPower() -     TAG_CHANGE Entity=[entityName=Cord Puller id=698 zone=PLAY zonePos=2 cardId=BG29_611 player=14] tag=IS_BACON_POOL_MINION value=1 
D 15:46:14.4488167 GameState.DebugPrintPower() -     TAG_CHANGE Entity=[entityName=Cord Puller id=698 zone=PLAY zonePos=2 cardId=BG29_611 player=14] tag=1595 value=1 
D 15:46:14.4488167 GameState.DebugPrintPower() -     TAG_CHANGE Entity=[entityName=Cord Puller id=698 zone=PLAY zonePos=2 cardId=BG29_611 player=14] tag=HAS_ACTIVATE_POWER value=1 
D 15:46:14.4488167 GameState.DebugPrintPower() -     TAG_CHANGE Entity=[entityName=UNKNOWN ENTITY [cardType=INVALID] id=695 zone=PLAY zonePos=0 cardId= player=14] tag=1068 value=5 
D 15:46:14.4488167 GameState.DebugPrintPower() -     TAG_CHANGE Entity=[entityName=UNKNOWN ENTITY [cardType=INVALID] id=695 zone=PLAY zonePos=0 cardId= player=14] tag=1068 value=0 
D 15:46:14.4488167 GameState.DebugPrintPower() -     TAG_CHANGE Entity=[entityName=UNKNOWN ENTITY [cardType=INVALID] id=695 zone=PLAY zonePos=0 cardId= player=14] tag=SUPPRESS_ALL_SUMMON_VO value=0 
D 15:46:14.4488167 GameState.DebugPrintPower() -     TAG_CHANGE Entity=[entityName=UNKNOWN ENTITY [cardType=INVALID] id=695 zone=PLAY zonePos=0 cardId= player=14] tag=ZONE value=REMOVEDFROMGAME 
D 15:46:14.4488167 GameState.DebugPrintPower() -     TAG_CHANGE Entity=[entityName=UNKNOWN ENTITY [cardType=INVALID] id=695 zone=PLAY zonePos=0 cardId= player=14] tag=1234 value=18 
D 15:46:14.4488167 GameState.DebugPrintPower() -     HIDE_ENTITY - Entity=[entityName=UNKNOWN ENTITY [cardType=INVALID] id=695 zone=PLAY zonePos=0 cardId= player=14] tag=ZONE value=REMOVEDFROMGAME
D 15:46:14.4488167 GameState.DebugPrintPower() -     TAG_CHANGE Entity=[entityName=UNKNOWN ENTITY [cardType=INVALID] id=696 zone=PLAY zonePos=0 cardId= player=14] tag=1068 value=5 
D 15:46:14.4488167 GameState.DebugPrintPower() -     TAG_CHANGE Entity=[entityName=UNKNOWN ENTITY [cardType=INVALID] id=696 zone=PLAY zonePos=0 cardId= player=14] tag=1068 value=0 
D 15:46:14.4488167 GameState.DebugPrintPower() -     TAG_CHANGE Entity=[entityName=UNKNOWN ENTITY [cardType=INVALID] id=696 zone=PLAY zonePos=0 cardId= player=14] tag=SUPPRESS_ALL_SUMMON_VO value=0 
D 15:46:14.4488167 GameState.DebugPrintPower() -     TAG_CHANGE Entity=[entityName=UNKNOWN ENTITY [cardType=INVALID] id=696 zone=PLAY zonePos=0 cardId= player=14] tag=ZONE value=REMOVEDFROMGAME 
D 15:46:14.4488167 GameState.DebugPrintPower() -     TAG_CHANGE Entity=[entityName=UNKNOWN ENTITY [cardType=INVALID] id=696 zone=PLAY zonePos=0 cardId= player=14] tag=1234 value=18 
D 15:46:14.4488167 GameState.DebugPrintPower() -     HIDE_ENTITY - Entity=[entityName=UNKNOWN ENTITY [cardType=INVALID] id=696 zone=PLAY zonePos=0 cardId= player=14] tag=ZONE value=REMOVEDFROMGAME
D 15:46:14.4488167 GameState.DebugPrintPower() -     TAG_CHANGE Entity=[entityName=Buddy Meter id=660 zone=SETASIDE zonePos=0 cardId=BG22_BuddyMeter player=6] tag=1068 value=5 
D 15:46:14.4488167 GameState.DebugPrintPower() -     TAG_CHANGE Entity=[entityName=Buddy Meter id=660 zone=SETASIDE zonePos=0 cardId=BG22_BuddyMeter player=6] tag=1068 value=0 
D 15:46:14.4488167 GameState.DebugPrintPower() -     TAG_CHANGE Entity=[entityName=Buddy Meter id=660 zone=SETASIDE zonePos=0 cardId=BG22_BuddyMeter player=6] tag=SUPPRESS_ALL_SUMMON_VO value=0 
D 15:46:14.4488167 GameState.DebugPrintPower() -     TAG_CHANGE Entity=[entityName=Buddy Meter id=660 zone=SETASIDE zonePos=0 cardId=BG22_BuddyMeter player=6] tag=ZONE value=REMOVEDFROMGAME 
D 15:46:14.4488167 GameState.DebugPrintPower() -     TAG_CHANGE Entity=[entityName=Buddy Meter id=660 zone=SETASIDE zonePos=0 cardId=BG22_BuddyMeter player=6] tag=HAS_ACTIVATE_POWER value=0 
D 15:46:14.4488167 GameState.DebugPrintPower() -     TAG_CHANGE Entity=[entityName=Buddy Meter id=660 zone=SETASIDE zonePos=0 cardId=BG22_BuddyMeter player=6] tag=COST value=0 
D 15:46:14.4488167 GameState.DebugPrintPower() -     TAG_CHANGE Entity=[entityName=Buddy Meter id=660 zone=SETASIDE zonePos=0 cardId=BG22_BuddyMeter player=6] tag=LINKED_ENTITY value=0 
D 15:46:14.4488167 GameState.DebugPrintPower() -     TAG_CHANGE Entity=[entityName=Buddy Meter id=660 zone=SETASIDE zonePos=0 cardId=BG22_BuddyMeter player=6] tag=SPAWN_TIME_COUNT value=0 
D 15:46:14.4488167 GameState.DebugPrintPower() -     TAG_CHANGE Entity=[entityName=Buddy Meter id=660 zone=SETASIDE zonePos=0 cardId=BG22_BuddyMeter player=6] tag=1724 value=0 
D 15:46:14.4488167 GameState.DebugPrintPower() -     TAG_CHANGE Entity=[entityName=Buddy Meter id=660 zone=SETASIDE zonePos=0 cardId=BG22_BuddyMeter player=6] tag=BACON_COMPANION_ID value=0 
D 15:46:14.4488167 GameState.DebugPrintPower() -     TAG_CHANGE Entity=[entityName=Buddy Meter id=660 zone=SETASIDE zonePos=0 cardId=BG22_BuddyMeter player=6] tag=BACON_BUY_BUDDY value=0 
D 15:46:14.4488167 GameState.DebugPrintPower() -     TAG_CHANGE Entity=[entityName=Buddy Meter id=660 zone=SETASIDE zonePos=0 cardId=BG22_BuddyMeter player=6] tag=COST value=15 
D 15:46:14.4488167 GameState.DebugPrintPower() -     TAG_CHANGE Entity=[entityName=Buddy Meter id=660 zone=SETASIDE zonePos=0 cardId=BG22_BuddyMeter player=6] tag=HIDE_COST value=1 
D 15:46:14.4488167 GameState.DebugPrintPower() -     TAG_CHANGE Entity=[entityName=Buddy Meter id=660 zone=SETASIDE zonePos=0 cardId=BG22_BuddyMeter player=6] tag=1724 value=1 
D 15:46:14.4488167 GameState.DebugPrintPower() -     TAG_CHANGE Entity=[entityName=Buddy Meter id=660 zone=SETASIDE zonePos=0 cardId=BG22_BuddyMeter player=6] tag=BACON_BUY_BUDDY value=1 
D 15:46:14.4488167 GameState.DebugPrintPower() -     TAG_CHANGE Entity=[entityName=Buddy Meter id=660 zone=SETASIDE zonePos=0 cardId=BG22_BuddyMeter player=6] tag=HAS_ACTIVATE_POWER value=1 
D 15:46:14.4488167 GameState.DebugPrintPower() -     TAG_CHANGE Entity=[entityName=Annoy-o-Tron id=668 zone=SETASIDE zonePos=0 cardId=BG_GVG_085 player=6] tag=1254 value=63 
D 15:46:14.4488167 GameState.DebugPrintPower() -     TAG_CHANGE Entity=[entityName=Annoy-o-Tron id=668 zone=SETASIDE zonePos=0 cardId=BG_GVG_085 player=6] tag=1068 value=1 
D 15:46:14.4488167 GameState.DebugPrintPower() -     TAG_CHANGE Entity=[entityName=Annoy-o-Tron id=668 zone=SETASIDE zonePos=0 cardId=BG_GVG_085 player=6] tag=1068 value=0 
D 15:46:14.4488167 GameState.DebugPrintPower() -     TAG_CHANGE Entity=[entityName=Annoy-o-Tron id=668 zone=SETASIDE zonePos=0 cardId=BG_GVG_085 player=6] tag=ZONE value=PLAY 
D 15:46:14.4488167 GameState.DebugPrintPower() -     TAG_CHANGE Entity=[entityName=Annoy-o-Tron id=668 zone=SETASIDE zonePos=0 cardId=BG_GVG_085 player=6] tag=ZONE_POSITION value=1 
D 15:46:14.4488167 GameState.DebugPrintPower() -     TAG_CHANGE Entity=[entityName=Annoy-o-Tron id=668 zone=SETASIDE zonePos=0 cardId=BG_GVG_085 player=6] tag=1196 value=1 
D 15:46:14.4488167 GameState.DebugPrintPower() -     TAG_CHANGE Entity=[entityName=Annoy-o-Tron id=668 zone=SETASIDE zonePos=0 cardId=BG_GVG_085 player=6] tag=EXHAUSTED value=1 
D 15:46:14.4488167 GameState.DebugPrintPower() -     TAG_CHANGE Entity=[entityName=Maiev Shadowsong id=694 zone=PLAY zonePos=0 cardId=TB_BaconShop_HERO_62 player=14] tag=TRANSIENT_ENTITY value=1 
D 15:46:14.4488167 GameState.DebugPrintPower() -     TAG_CHANGE Entity=[entityName=Imprison id=659 zone=SETASIDE zonePos=0 cardId=TB_BaconShop_HP_068 player=6] tag=TRANSIENT_ENTITY value=1 
D 15:46:14.4488167 GameState.DebugPrintPower() -     TAG_CHANGE Entity=[entityName=Annoy-o-Tron id=724 zone=SETASIDE zonePos=0 cardId=BG_GVG_085 player=6] tag=1068 value=5 
D 15:46:14.4488167 GameState.DebugPrintPower() -     TAG_CHANGE Entity=[entityName=Annoy-o-Tron id=724 zone=SETASIDE zonePos=0 cardId=BG_GVG_085 player=6] tag=1068 value=0 
D 15:46:14.4488167 GameState.DebugPrintPower() -     TAG_CHANGE Entity=[entityName=Annoy-o-Tron id=724 zone=SETASIDE zonePos=0 cardId=BG_GVG_085 player=6] tag=ZONE value=REMOVEDFROMGAME 
D 15:46:14.4488167 GameState.DebugPrintPower() -     TAG_CHANGE Entity=[entityName=Annoy-o-Tron id=724 zone=SETASIDE zonePos=0 cardId=BG_GVG_085 player=6] tag=HAS_ACTIVATE_POWER value=0 
D 15:46:14.4488167 GameState.DebugPrintPower() -     TAG_CHANGE Entity=[entityName=Annoy-o-Tron id=724 zone=SETASIDE zonePos=0 cardId=BG_GVG_085 player=6] tag=ATK value=0 
D 15:46:14.4488167 GameState.DebugPrintPower() -     TAG_CHANGE Entity=[entityName=Annoy-o-Tron id=724 zone=SETASIDE zonePos=0 cardId=BG_GVG_085 player=6] tag=HEALTH value=0 
D 15:46:14.4488167 GameState.DebugPrintPower() -     TAG_CHANGE Entity=[entityName=Annoy-o-Tron id=724 zone=SETASIDE zonePos=0 cardId=BG_GVG_085 player=6] tag=EXHAUSTED value=0 
D 15:46:14.4488167 GameState.DebugPrintPower() -     TAG_CHANGE Entity=[entityName=Annoy-o-Tron id=724 zone=SETASIDE zonePos=0 cardId=BG_GVG_085 player=6] tag=TAUNT value=0 
D 15:46:14.4488167 GameState.DebugPrintPower() -     TAG_CHANGE Entity=[entityName=Annoy-o-Tron id=724 zone=SETASIDE zonePos=0 cardId=BG_GVG_085 player=6] tag=DIVINE_SHIELD value=0 
D 15:46:14.4488167 GameState.DebugPrintPower() -     TAG_CHANGE Entity=[entityName=Annoy-o-Tron id=724 zone=SETASIDE zonePos=0 cardId=BG_GVG_085 player=6] tag=BACON_TRIPLE_UPGRADE_MINION_ID value=0 
D 15:46:14.4488167 GameState.DebugPrintPower() -     TAG_CHANGE Entity=[entityName=Annoy-o-Tron id=724 zone=SETASIDE zonePos=0 cardId=BG_GVG_085 player=6] tag=TECH_LEVEL value=0 
D 15:46:14.4488167 GameState.DebugPrintPower() -     TAG_CHANGE Entity=[entityName=Annoy-o-Tron id=724 zone=SETASIDE zonePos=0 cardId=BG_GVG_085 player=6] tag=IS_BACON_POOL_MINION value=0 
D 15:46:14.4488167 GameState.DebugPrintPower() -     TAG_CHANGE Entity=[entityName=Annoy-o-Tron id=724 zone=SETASIDE zonePos=0 cardId=BG_GVG_085 player=6] tag=SUPPRESS_ALL_SUMMON_VO value=0 
D 15:46:14.4488167 GameState.DebugPrintPower() -     TAG_CHANGE Entity=[entityName=Annoy-o-Tron id=724 zone=SETASIDE zonePos=0 cardId=BG_GVG_085 player=6] tag=TRANSIENT_ENTITY value=0 
D 15:46:14.4488167 GameState.DebugPrintPower() -     TAG_CHANGE Entity=[entityName=Annoy-o-Tron id=724 zone=SETASIDE zonePos=0 cardId=BG_GVG_085 player=6] tag=SPAWN_TIME_COUNT value=0 
D 15:46:14.4488167 GameState.DebugPrintPower() -     TAG_CHANGE Entity=[entityName=Annoy-o-Tron id=724 zone=SETASIDE zonePos=0 cardId=BG_GVG_085 player=6] tag=COPIED_FROM_ENTITY_ID value=0 
D 15:46:14.4488167 GameState.DebugPrintPower() -     TAG_CHANGE Entity=[entityName=Annoy-o-Tron id=724 zone=SETASIDE zonePos=0 cardId=BG_GVG_085 player=6] tag=1595 value=0 
D 15:46:14.4488167 GameState.DebugPrintPower() -     TAG_CHANGE Entity=[entityName=Annoy-o-Tron id=724 zone=SETASIDE zonePos=0 cardId=BG_GVG_085 player=6] tag=2873 value=0 
D 15:46:14.4488167 GameState.DebugPrintPower() -     TAG_CHANGE Entity=[entityName=Annoy-o-Tron id=724 zone=SETASIDE zonePos=0 cardId=BG_GVG_085 player=6] tag=ATK value=1 
D 15:46:14.4488167 GameState.DebugPrintPower() -     TAG_CHANGE Entity=[entityName=Annoy-o-Tron id=724 zone=SETASIDE zonePos=0 cardId=BG_GVG_085 player=6] tag=HEALTH value=2 
D 15:46:14.4488167 GameState.DebugPrintPower() -     TAG_CHANGE Entity=[entityName=Annoy-o-Tron id=724 zone=SETASIDE zonePos=0 cardId=BG_GVG_085 player=6] tag=TAUNT value=1 
D 15:46:14.4488167 GameState.DebugPrintPower() -     TAG_CHANGE Entity=[entityName=Annoy-o-Tron id=724 zone=SETASIDE zonePos=0 cardId=BG_GVG_085 player=6] tag=DIVINE_SHIELD value=1 
D 15:46:14.4488167 GameState.DebugPrintPower() -     TAG_CHANGE Entity=[entityName=Annoy-o-Tron id=724 zone=SETASIDE zonePos=0 cardId=BG_GVG_085 player=6] tag=BACON_TRIPLE_UPGRADE_MINION_ID value=103653 
D 15:46:14.4488167 GameState.DebugPrintPower() -     TAG_CHANGE Entity=[entityName=Annoy-o-Tron id=724 zone=SETASIDE zonePos=0 cardId=BG_GVG_085 player=6] tag=TECH_LEVEL value=1 
D 15:46:14.4488167 GameState.DebugPrintPower() -     TAG_CHANGE Entity=[entityName=Annoy-o-Tron id=724 zone=SETASIDE zonePos=0 cardId=BG_GVG_085 player=6] tag=IS_BACON_POOL_MINION value=1 
D 15:46:14.4488167 GameState.DebugPrintPower() -     TAG_CHANGE Entity=[entityName=Annoy-o-Tron id=724 zone=SETASIDE zonePos=0 cardId=BG_GVG_085 player=6] tag=1595 value=1 
D 15:46:14.4488167 GameState.DebugPrintPower() -     TAG_CHANGE Entity=[entityName=Annoy-o-Tron id=724 zone=SETASIDE zonePos=0 cardId=BG_GVG_085 player=6] tag=HAS_ACTIVATE_POWER value=1 
D 15:46:14.4488167 GameState.DebugPrintPower() -     TAG_CHANGE Entity=[entityName=Update Damage Cap [DNT] id=556 zone=GRAVEYARD zonePos=0 cardId=TB_BaconShop_UpdateDmgCap player=6] tag=1068 value=5 
D 15:46:14.4488167 GameState.DebugPrintPower() -     TAG_CHANGE Entity=[entityName=Update Damage Cap [DNT] id=556 zone=GRAVEYARD zonePos=0 cardId=TB_BaconShop_UpdateDmgCap player=6] tag=1068 value=0 
D 15:46:14.4488167 GameState.DebugPrintPower() -     TAG_CHANGE Entity=[entityName=Update Damage Cap [DNT] id=556 zone=GRAVEYARD zonePos=0 cardId=TB_BaconShop_UpdateDmgCap player=6] tag=ZONE value=REMOVEDFROMGAME 
D 15:46:14.4488167 GameState.DebugPrintPower() -     TAG_CHANGE Entity=[entityName=Update Damage Cap [DNT] id=556 zone=GRAVEYARD zonePos=0 cardId=TB_BaconShop_UpdateDmgCap player=6] tag=SPAWN_TIME_COUNT value=0 
D 15:46:14.4488167 GameState.DebugPrintPower() -     TAG_CHANGE Entity=[entityName=Update Damage Cap [DNT] id=556 zone=GRAVEYARD zonePos=0 cardId=TB_BaconShop_UpdateDmgCap player=6] tag=1715 value=0 
D 15:46:14.4488167 GameState.DebugPrintPower() -     TAG_CHANGE Entity=[entityName=Check Triples id=602 zone=GRAVEYARD zonePos=0 cardId=TB_BaconShop_CheckTriples player=6] tag=1068 value=5 
D 15:46:14.4488167 GameState.DebugPrintPower() -     TAG_CHANGE Entity=[entityName=Check Triples id=602 zone=GRAVEYARD zonePos=0 cardId=TB_BaconShop_CheckTriples player=6] tag=1068 value=0 
D 15:46:14.4488167 GameState.DebugPrintPower() -     TAG_CHANGE Entity=[entityName=Check Triples id=602 zone=GRAVEYARD zonePos=0 cardId=TB_BaconShop_CheckTriples player=6] tag=ZONE value=REMOVEDFROMGAME 
D 15:46:14.4488167 GameState.DebugPrintPower() -     TAG_CHANGE Entity=[entityName=Check Triples id=602 zone=GRAVEYARD zonePos=0 cardId=TB_BaconShop_CheckTriples player=6] tag=1200 value=0 
D 15:46:14.4488167 GameState.DebugPrintPower() -     TAG_CHANGE Entity=[entityName=Check Triples id=602 zone=GRAVEYARD zonePos=0 cardId=TB_BaconShop_CheckTriples player=6] tag=SPAWN_TIME_COUNT value=0 
D 15:46:14.4488167 GameState.DebugPrintPower() -     TAG_CHANGE Entity=[entityName=Check Triples id=602 zone=GRAVEYARD zonePos=0 cardId=TB_BaconShop_CheckTriples player=6] tag=1715 value=0 
D 15:46:14.4488167 GameState.DebugPrintPower() -     TAG_CHANGE Entity=[entityName=Check Triples id=602 zone=GRAVEYARD zonePos=0 cardId=TB_BaconShop_CheckTriples player=6] tag=1200 value=1 
D 15:46:14.4488167 GameState.DebugPrintPower() -     TAG_CHANGE Entity=[entityName=3ofKindCheckPlayerEnchant id=557 zone=GRAVEYARD zonePos=0 cardId= player=6] tag=ZONE value=REMOVEDFROMGAME 
D 15:46:14.4488167 GameState.DebugPrintPower() -     TAG_CHANGE Entity=[entityName=Annoy-o-Tron id=435 zone=PLAY zonePos=1 cardId=BG_GVG_085 player=6] tag=1068 value=5 
D 15:46:14.4488167 GameState.DebugPrintPower() -     TAG_CHANGE Entity=[entityName=Annoy-o-Tron id=435 zone=PLAY zonePos=1 cardId=BG_GVG_085 player=6] tag=1068 value=0 
D 15:46:14.4488167 GameState.DebugPrintPower() -     TAG_CHANGE Entity=[entityName=Annoy-o-Tron id=435 zone=PLAY zonePos=1 cardId=BG_GVG_085 player=6] tag=1037 value=6 
D 15:46:14.4488167 GameState.DebugPrintPower() -     TAG_CHANGE Entity=[entityName=Annoy-o-Tron id=435 zone=PLAY zonePos=1 cardId=BG_GVG_085 player=6] tag=ZONE value=REMOVEDFROMGAME 
D 15:46:14.4488167 GameState.DebugPrintPower() -     TAG_CHANGE Entity=[entityName=Annoy-o-Tron id=435 zone=PLAY zonePos=1 cardId=BG_GVG_085 player=6] tag=HAS_ACTIVATE_POWER value=0 
D 15:46:14.4488167 GameState.DebugPrintPower() -     TAG_CHANGE Entity=[entityName=Annoy-o-Tron id=435 zone=PLAY zonePos=1 cardId=BG_GVG_085 player=6] tag=ATK value=0 
D 15:46:14.4488167 GameState.DebugPrintPower() -     TAG_CHANGE Entity=[entityName=Annoy-o-Tron id=435 zone=PLAY zonePos=1 cardId=BG_GVG_085 player=6] tag=HEALTH value=0 
D 15:46:14.4488167 GameState.DebugPrintPower() -     TAG_CHANGE Entity=[entityName=Annoy-o-Tron id=435 zone=PLAY zonePos=1 cardId=BG_GVG_085 player=6] tag=TAUNT value=0 
D 15:46:14.4488167 GameState.DebugPrintPower() -     TAG_CHANGE Entity=[entityName=Annoy-o-Tron id=435 zone=PLAY zonePos=1 cardId=BG_GVG_085 player=6] tag=CANT_ATTACK value=0 
D 15:46:14.4488167 GameState.DebugPrintPower() -     TAG_CHANGE Entity=[entityName=Annoy-o-Tron id=435 zone=PLAY zonePos=1 cardId=BG_GVG_085 player=6] tag=NUM_TURNS_IN_PLAY value=0 
D 15:46:14.4488167 GameState.DebugPrintPower() -     TAG_CHANGE Entity=[entityName=Annoy-o-Tron id=435 zone=PLAY zonePos=1 cardId=BG_GVG_085 player=6] tag=NUM_ATTACKS_THIS_TURN value=0 
D 15:46:14.4488167 GameState.DebugPrintPower() -     TAG_CHANGE Entity=[entityName=Annoy-o-Tron id=435 zone=PLAY zonePos=1 cardId=BG_GVG_085 player=6] tag=BACON_TRIPLE_UPGRADE_MINION_ID value=0 
D 15:46:14.4488167 GameState.DebugPrintPower() -     TAG_CHANGE Entity=[entityName=Annoy-o-Tron id=435 zone=PLAY zonePos=1 cardId=BG_GVG_085 player=6] tag=TECH_LEVEL value=0 
D 15:46:14.4488167 GameState.DebugPrintPower() -     TAG_CHANGE Entity=[entityName=Annoy-o-Tron id=435 zone=PLAY zonePos=1 cardId=BG_GVG_085 player=6] tag=IS_BACON_POOL_MINION value=0 
D 15:46:14.4488167 GameState.DebugPrintPower() -     TAG_CHANGE Entity=[entityName=Annoy-o-Tron id=435 zone=PLAY zonePos=1 cardId=BG_GVG_085 player=6] tag=SPAWN_TIME_COUNT value=0 
D 15:46:14.4488167 GameState.DebugPrintPower() -     TAG_CHANGE Entity=[entityName=Annoy-o-Tron id=435 zone=PLAY zonePos=1 cardId=BG_GVG_085 player=6] tag=COPIED_FROM_ENTITY_ID value=0 
D 15:46:14.4488167 GameState.DebugPrintPower() -     TAG_CHANGE Entity=[entityName=Annoy-o-Tron id=435 zone=PLAY zonePos=1 cardId=BG_GVG_085 player=6] tag=1595 value=0 
D 15:46:14.4488167 GameState.DebugPrintPower() -     TAG_CHANGE Entity=[entityName=Annoy-o-Tron id=435 zone=PLAY zonePos=1 cardId=BG_GVG_085 player=6] tag=2873 value=0 
D 15:46:14.4488167 GameState.DebugPrintPower() -     TAG_CHANGE Entity=[entityName=Annoy-o-Tron id=435 zone=PLAY zonePos=1 cardId=BG_GVG_085 player=6] tag=ATK value=1 
D 15:46:14.4488167 GameState.DebugPrintPower() -     TAG_CHANGE Entity=[entityName=Annoy-o-Tron id=435 zone=PLAY zonePos=1 cardId=BG_GVG_085 player=6] tag=HEALTH value=2 
D 15:46:14.4488167 GameState.DebugPrintPower() -     TAG_CHANGE Entity=[entityName=Annoy-o-Tron id=435 zone=PLAY zonePos=1 cardId=BG_GVG_085 player=6] tag=TAUNT value=1 
D 15:46:14.4488167 GameState.DebugPrintPower() -     TAG_CHANGE Entity=[entityName=Annoy-o-Tron id=435 zone=PLAY zonePos=1 cardId=BG_GVG_085 player=6] tag=DIVINE_SHIELD value=1 
D 15:46:14.4488167 GameState.DebugPrintPower() -     TAG_CHANGE Entity=[entityName=Annoy-o-Tron id=435 zone=PLAY zonePos=1 cardId=BG_GVG_085 player=6] tag=BACON_TRIPLE_UPGRADE_MINION_ID value=103653 
D 15:46:14.4488167 GameState.DebugPrintPower() -     TAG_CHANGE Entity=[entityName=Annoy-o-Tron id=435 zone=PLAY zonePos=1 cardId=BG_GVG_085 player=6] tag=TECH_LEVEL value=1 
D 15:46:14.4488167 GameState.DebugPrintPower() -     TAG_CHANGE Entity=[entityName=Annoy-o-Tron id=435 zone=PLAY zonePos=1 cardId=BG_GVG_085 player=6] tag=IS_BACON_POOL_MINION value=1 
D 15:46:14.4488167 GameState.DebugPrintPower() -     TAG_CHANGE Entity=[entityName=Annoy-o-Tron id=435 zone=PLAY zonePos=1 cardId=BG_GVG_085 player=6] tag=1595 value=1 
D 15:46:14.4488167 GameState.DebugPrintPower() -     TAG_CHANGE Entity=[entityName=Cord Puller id=697 zone=PLAY zonePos=1 cardId=BG29_611 player=14] tag=1068 value=5 
D 15:46:14.4488167 GameState.DebugPrintPower() -     TAG_CHANGE Entity=[entityName=Cord Puller id=697 zone=PLAY zonePos=1 cardId=BG29_611 player=14] tag=1068 value=0 
D 15:46:14.4488167 GameState.DebugPrintPower() -     TAG_CHANGE Entity=[entityName=Cord Puller id=697 zone=PLAY zonePos=1 cardId=BG29_611 player=14] tag=1037 value=6 
D 15:46:14.4488167 GameState.DebugPrintPower() -     TAG_CHANGE Entity=[entityName=Cord Puller id=697 zone=PLAY zonePos=1 cardId=BG29_611 player=14] tag=ZONE value=REMOVEDFROMGAME 
D 15:46:14.4488167 GameState.DebugPrintPower() -     TAG_CHANGE Entity=[entityName=Cord Puller id=697 zone=PLAY zonePos=1 cardId=BG29_611 player=14] tag=HAS_ACTIVATE_POWER value=0 
D 15:46:14.4488167 GameState.DebugPrintPower() -     TAG_CHANGE Entity=[entityName=Cord Puller id=697 zone=PLAY zonePos=1 cardId=BG29_611 player=14] tag=COST value=0 
D 15:46:14.4488167 GameState.DebugPrintPower() -     TAG_CHANGE Entity=[entityName=Cord Puller id=697 zone=PLAY zonePos=1 cardId=BG29_611 player=14] tag=ATK value=0 
D 15:46:14.4488167 GameState.DebugPrintPower() -     TAG_CHANGE Entity=[entityName=Cord Puller id=697 zone=PLAY zonePos=1 cardId=BG29_611 player=14] tag=HEALTH value=0 
D 15:46:14.4488167 GameState.DebugPrintPower() -     TAG_CHANGE Entity=[entityName=Cord Puller id=697 zone=PLAY zonePos=1 cardId=BG29_611 player=14] tag=DEATHRATTLE value=0 
D 15:46:14.4488167 GameState.DebugPrintPower() -     TAG_CHANGE Entity=[entityName=Cord Puller id=697 zone=PLAY zonePos=1 cardId=BG29_611 player=14] tag=NUM_ATTACKS_THIS_TURN value=0 
D 15:46:14.4488167 GameState.DebugPrintPower() -     TAG_CHANGE Entity=[entityName=Cord Puller id=697 zone=PLAY zonePos=1 cardId=BG29_611 player=14] tag=BACON_TRIPLE_UPGRADE_MINION_ID value=0 
D 15:46:14.4488167 GameState.DebugPrintPower() -     TAG_CHANGE Entity=[entityName=Cord Puller id=697 zone=PLAY zonePos=1 cardId=BG29_611 player=14] tag=TECH_LEVEL value=0 
D 15:46:14.4488167 GameState.DebugPrintPower() -     TAG_CHANGE Entity=[entityName=Cord Puller id=697 zone=PLAY zonePos=1 cardId=BG29_611 player=14] tag=IS_BACON_POOL_MINION value=0 
D 15:46:14.4488167 GameState.DebugPrintPower() -     TAG_CHANGE Entity=[entityName=Cord Puller id=697 zone=PLAY zonePos=1 cardId=BG29_611 player=14] tag=SPAWN_TIME_COUNT value=0 
D 15:46:14.4488167 GameState.DebugPrintPower() -     TAG_CHANGE Entity=[entityName=Cord Puller id=697 zone=PLAY zonePos=1 cardId=BG29_611 player=14] tag=COPIED_FROM_ENTITY_ID value=0 
D 15:46:14.4488167 GameState.DebugPrintPower() -     TAG_CHANGE Entity=[entityName=Cord Puller id=697 zone=PLAY zonePos=1 cardId=BG29_611 player=14] tag=1595 value=0 
D 15:46:14.4488167 GameState.DebugPrintPower() -     TAG_CHANGE Entity=[entityName=Cord Puller id=697 zone=PLAY zonePos=1 cardId=BG29_611 player=14] tag=2873 value=0 
D 15:46:14.4488167 GameState.DebugPrintPower() -     TAG_CHANGE Entity=[entityName=Cord Puller id=697 zone=PLAY zonePos=1 cardId=BG29_611 player=14] tag=COST value=1 
D 15:46:14.4488167 GameState.DebugPrintPower() -     TAG_CHANGE Entity=[entityName=Cord Puller id=697 zone=PLAY zonePos=1 cardId=BG29_611 player=14] tag=ATK value=1 
D 15:46:14.4488167 GameState.DebugPrintPower() -     TAG_CHANGE Entity=[entityName=Cord Puller id=697 zone=PLAY zonePos=1 cardId=BG29_611 player=14] tag=HEALTH value=1 
D 15:46:14.4488167 GameState.DebugPrintPower() -     TAG_CHANGE Entity=[entityName=Cord Puller id=697 zone=PLAY zonePos=1 cardId=BG29_611 player=14] tag=DIVINE_SHIELD value=1 
D 15:46:14.4488167 GameState.DebugPrintPower() -     TAG_CHANGE Entity=[entityName=Cord Puller id=697 zone=PLAY zonePos=1 cardId=BG29_611 player=14] tag=DEATHRATTLE value=1 
D 15:46:14.4488167 GameState.DebugPrintPower() -     TAG_CHANGE Entity=[entityName=Cord Puller id=697 zone=PLAY zonePos=1 cardId=BG29_611 player=14] tag=BACON_TRIPLE_UPGRADE_MINION_ID value=110102 
D 15:46:14.4488167 GameState.DebugPrintPower() -     TAG_CHANGE Entity=[entityName=Cord Puller id=697 zone=PLAY zonePos=1 cardId=BG29_611 player=14] tag=TECH_LEVEL value=1 
D 15:46:14.4488167 GameState.DebugPrintPower() -     TAG_CHANGE Entity=[entityName=Cord Puller id=697 zone=PLAY zonePos=1 cardId=BG29_611 player=14] tag=IS_BACON_POOL_MINION value=1 
D 15:46:14.4488167 GameState.DebugPrintPower() -     TAG_CHANGE Entity=[entityName=Cord Puller id=697 zone=PLAY zonePos=1 cardId=BG29_611 player=14] tag=1595 value=1 
D 15:46:14.4488167 GameState.DebugPrintPower() -     TAG_CHANGE Entity=[entityName=Microbot id=723 zone=PLAY zonePos=1 cardId=BG_BOT_312t player=14] tag=1068 value=5 
D 15:46:14.4488167 GameState.DebugPrintPower() -     TAG_CHANGE Entity=[entityName=Microbot id=723 zone=PLAY zonePos=1 cardId=BG_BOT_312t player=14] tag=1068 value=0 
D 15:46:14.4488167 GameState.DebugPrintPower() -     TAG_CHANGE Entity=[entityName=Microbot id=723 zone=PLAY zonePos=1 cardId=BG_BOT_312t player=14] tag=1037 value=6 
D 15:46:14.4488167 GameState.DebugPrintPower() -     TAG_CHANGE Entity=[entityName=Microbot id=723 zone=PLAY zonePos=1 cardId=BG_BOT_312t player=14] tag=ZONE value=REMOVEDFROMGAME 
D 15:46:14.4488167 GameState.DebugPrintPower() -     TAG_CHANGE Entity=[entityName=Microbot id=723 zone=PLAY zonePos=1 cardId=BG_BOT_312t player=14] tag=HAS_ACTIVATE_POWER value=0 
D 15:46:14.4488167 GameState.DebugPrintPower() -     TAG_CHANGE Entity=[entityName=Microbot id=723 zone=PLAY zonePos=1 cardId=BG_BOT_312t player=14] tag=COST value=0 
D 15:46:14.4488167 GameState.DebugPrintPower() -     TAG_CHANGE Entity=[entityName=Microbot id=723 zone=PLAY zonePos=1 cardId=BG_BOT_312t player=14] tag=ATK value=0 
D 15:46:14.4488167 GameState.DebugPrintPower() -     TAG_CHANGE Entity=[entityName=Microbot id=723 zone=PLAY zonePos=1 cardId=BG_BOT_312t player=14] tag=HEALTH value=0 
D 15:46:14.4488167 GameState.DebugPrintPower() -     TAG_CHANGE Entity=[entityName=Microbot id=723 zone=PLAY zonePos=1 cardId=BG_BOT_312t player=14] tag=NUM_ATTACKS_THIS_TURN value=0 
D 15:46:14.4488167 GameState.DebugPrintPower() -     TAG_CHANGE Entity=[entityName=Microbot id=723 zone=PLAY zonePos=1 cardId=BG_BOT_312t player=14] tag=BACON_TRIPLE_UPGRADE_MINION_ID value=0 
D 15:46:14.4488167 GameState.DebugPrintPower() -     TAG_CHANGE Entity=[entityName=Microbot id=723 zone=PLAY zonePos=1 cardId=BG_BOT_312t player=14] tag=TECH_LEVEL value=0 
D 15:46:14.4488167 GameState.DebugPrintPower() -     TAG_CHANGE Entity=[entityName=Microbot id=723 zone=PLAY zonePos=1 cardId=BG_BOT_312t player=14] tag=SPAWN_TIME_COUNT value=0 
D 15:46:14.4488167 GameState.DebugPrintPower() -     TAG_CHANGE Entity=[entityName=Microbot id=723 zone=PLAY zonePos=1 cardId=BG_BOT_312t player=14] tag=COST value=1 
D 15:46:14.4488167 GameState.DebugPrintPower() -     TAG_CHANGE Entity=[entityName=Microbot id=723 zone=PLAY zonePos=1 cardId=BG_BOT_312t player=14] tag=ATK value=1 
D 15:46:14.4488167 GameState.DebugPrintPower() -     TAG_CHANGE Entity=[entityName=Microbot id=723 zone=PLAY zonePos=1 cardId=BG_BOT_312t player=14] tag=HEALTH value=1 
D 15:46:14.4488167 GameState.DebugPrintPower() -     TAG_CHANGE Entity=[entityName=Microbot id=723 zone=PLAY zonePos=1 cardId=BG_BOT_312t player=14] tag=BACON_TRIPLE_UPGRADE_MINION_ID value=58377 
D 15:46:14.4488167 GameState.DebugPrintPower() -     TAG_CHANGE Entity=[entityName=Microbot id=723 zone=PLAY zonePos=1 cardId=BG_BOT_312t player=14] tag=TECH_LEVEL value=1 
D 15:46:14.4488167 GameState.DebugPrintPower() -     TAG_CHANGE Entity=[entityName=Maiev Shadowsong id=658 zone=SETASIDE zonePos=0 cardId=TB_BaconShop_HERO_62 player=6] tag=1068 value=5 
D 15:46:14.4488167 GameState.DebugPrintPower() -     TAG_CHANGE Entity=[entityName=Maiev Shadowsong id=658 zone=SETASIDE zonePos=0 cardId=TB_BaconShop_HERO_62 player=6] tag=1068 value=0 
D 15:46:14.4488167 GameState.DebugPrintPower() -     TAG_CHANGE Entity=[entityName=Maiev Shadowsong id=658 zone=SETASIDE zonePos=0 cardId=TB_BaconShop_HERO_62 player=6] tag=ZONE value=REMOVEDFROMGAME 
D 15:46:14.4488167 GameState.DebugPrintPower() -     TAG_CHANGE Entity=[entityName=Maiev Shadowsong id=658 zone=SETASIDE zonePos=0 cardId=TB_BaconShop_HERO_62 player=6] tag=HAS_ACTIVATE_POWER value=0 
D 15:46:14.4488167 GameState.DebugPrintPower() -     TAG_CHANGE Entity=[entityName=Maiev Shadowsong id=658 zone=SETASIDE zonePos=0 cardId=TB_BaconShop_HERO_62 player=6] tag=PLAYER_ID value=0 
D 15:46:14.4488167 GameState.DebugPrintPower() -     TAG_CHANGE Entity=[entityName=Maiev Shadowsong id=658 zone=SETASIDE zonePos=0 cardId=TB_BaconShop_HERO_62 player=6] tag=HEALTH value=0 
D 15:46:14.4488167 GameState.DebugPrintPower() -     TAG_CHANGE Entity=[entityName=Maiev Shadowsong id=658 zone=SETASIDE zonePos=0 cardId=TB_BaconShop_HERO_62 player=6] tag=FACTION value=INVALID 
D 15:46:14.4488167 GameState.DebugPrintPower() -     TAG_CHANGE Entity=[entityName=Maiev Shadowsong id=658 zone=SETASIDE zonePos=0 cardId=TB_BaconShop_HERO_62 player=6] tag=ARMOR value=0 
D 15:46:14.4488167 GameState.DebugPrintPower() -     TAG_CHANGE Entity=[entityName=Maiev Shadowsong id=658 zone=SETASIDE zonePos=0 cardId=TB_BaconShop_HERO_62 player=6] tag=HERO_POWER value=0 
D 15:46:14.4488167 GameState.DebugPrintPower() -     TAG_CHANGE Entity=[entityName=Maiev Shadowsong id=658 zone=SETASIDE zonePos=0 cardId=TB_BaconShop_HERO_62 player=6] tag=PLAYER_TECH_LEVEL value=0 
D 15:46:14.4488167 GameState.DebugPrintPower() -     TAG_CHANGE Entity=[entityName=Maiev Shadowsong id=658 zone=SETASIDE zonePos=0 cardId=TB_BaconShop_HERO_62 player=6] tag=SUPPRESS_ALL_SUMMON_VO value=0 
D 15:46:14.4488167 GameState.DebugPrintPower() -     TAG_CHANGE Entity=[entityName=Maiev Shadowsong id=658 zone=SETASIDE zonePos=0 cardId=TB_BaconShop_HERO_62 player=6] tag=BACON_HERO_CAN_BE_DRAFTED value=0 
D 15:46:14.4488167 GameState.DebugPrintPower() -     TAG_CHANGE Entity=[entityName=Maiev Shadowsong id=658 zone=SETASIDE zonePos=0 cardId=TB_BaconShop_HERO_62 player=6] tag=BACON_MAX_PLAYER_TECH_LEVEL value=0 
D 15:46:14.4488167 GameState.DebugPrintPower() -     TAG_CHANGE Entity=[entityName=Maiev Shadowsong id=658 zone=SETASIDE zonePos=0 cardId=TB_BaconShop_HERO_62 player=6] tag=SPAWN_TIME_COUNT value=0 
D 15:46:14.4488167 GameState.DebugPrintPower() -     TAG_CHANGE Entity=[entityName=Maiev Shadowsong id=658 zone=SETASIDE zonePos=0 cardId=TB_BaconShop_HERO_62 player=6] tag=BACON_COMPANION_ID value=0 
D 15:46:14.4488167 GameState.DebugPrintPower() -     TAG_CHANGE Entity=[entityName=Maiev Shadowsong id=658 zone=SETASIDE zonePos=0 cardId=TB_BaconShop_HERO_62 player=6] tag=2210 value=0 
D 15:46:14.4488167 GameState.DebugPrintPower() -     TAG_CHANGE Entity=[entityName=Maiev Shadowsong id=658 zone=SETASIDE zonePos=0 cardId=TB_BaconShop_HERO_62 player=6] tag=2263 value=0 
D 15:46:14.4488167 GameState.DebugPrintPower() -     TAG_CHANGE Entity=[entityName=Maiev Shadowsong id=658 zone=SETASIDE zonePos=0 cardId=TB_BaconShop_HERO_62 player=6] tag=BATTLEGROUNDS_FAVORITE_FINISHER value=0 
D 15:46:14.4488167 GameState.DebugPrintPower() -     TAG_CHANGE Entity=[entityName=Maiev Shadowsong id=658 zone=SETASIDE zonePos=0 cardId=TB_BaconShop_HERO_62 player=6] tag=2954 value=0 
D 15:46:14.4488167 GameState.DebugPrintPower() -     TAG_CHANGE Entity=[entityName=Maiev Shadowsong id=658 zone=SETASIDE zonePos=0 cardId=TB_BaconShop_HERO_62 player=6] tag=BACON_COMBAT_PHASE_HERO value=0 
D 15:46:14.4488167 GameState.DebugPrintPower() -     TAG_CHANGE Entity=[entityName=Maiev Shadowsong id=658 zone=SETASIDE zonePos=0 cardId=TB_BaconShop_HERO_62 player=6] tag=3206 value=0 
D 15:46:14.4488167 GameState.DebugPrintPower() -     TAG_CHANGE Entity=[entityName=Maiev Shadowsong id=658 zone=SETASIDE zonePos=0 cardId=TB_BaconShop_HERO_62 player=6] tag=HEALTH value=30 
D 15:46:14.4488167 GameState.DebugPrintPower() -     TAG_CHANGE Entity=[entityName=Maiev Shadowsong id=658 zone=SETASIDE zonePos=0 cardId=TB_BaconShop_HERO_62 player=6] tag=FACTION value=NEUTRAL 
D 15:46:14.4488167 GameState.DebugPrintPower() -     TAG_CHANGE Entity=[entityName=Maiev Shadowsong id=658 zone=SETASIDE zonePos=0 cardId=TB_BaconShop_HERO_62 player=6] tag=ARMOR value=10 
D 15:46:14.4488167 GameState.DebugPrintPower() -     TAG_CHANGE Entity=[entityName=Maiev Shadowsong id=658 zone=SETASIDE zonePos=0 cardId=TB_BaconShop_HERO_62 player=6] tag=HERO_POWER value=61919 
D 15:46:14.4488167 GameState.DebugPrintPower() -     TAG_CHANGE Entity=[entityName=Maiev Shadowsong id=658 zone=SETASIDE zonePos=0 cardId=TB_BaconShop_HERO_62 player=6] tag=BACON_HERO_CAN_BE_DRAFTED value=1 
D 15:46:14.4488167 GameState.DebugPrintPower() -     TAG_CHANGE Entity=[entityName=Maiev Shadowsong id=658 zone=SETASIDE zonePos=0 cardId=TB_BaconShop_HERO_62 player=6] tag=BACON_COMPANION_ID value=77800 
D 15:46:14.4488167 GameState.DebugPrintPower() -     TAG_CHANGE Entity=[entityName=Maiev Shadowsong id=658 zone=SETASIDE zonePos=0 cardId=TB_BaconShop_HERO_62 player=6] tag=2954 value=15 
D 15:46:14.4488167 GameState.DebugPrintPower() -     TAG_CHANGE Entity=[entityName=Maiev Shadowsong id=658 zone=SETASIDE zonePos=0 cardId=TB_BaconShop_HERO_62 player=6] tag=3206 value=7 
D 15:46:14.4488167 GameState.DebugPrintPower() -     TAG_CHANGE Entity=[entityName=Maiev Shadowsong id=658 zone=SETASIDE zonePos=0 cardId=TB_BaconShop_HERO_62 player=6] tag=HAS_ACTIVATE_POWER value=1 
D 15:46:14.4488167 GameState.DebugPrintPower() -     TAG_CHANGE Entity=[entityName=UNKNOWN ENTITY [cardType=INVALID] id=661 zone=SETASIDE zonePos=0 cardId= player=6] tag=ZONE value=REMOVEDFROMGAME 
D 15:46:14.4488167 GameState.DebugPrintPower() -     TAG_CHANGE Entity=[entityName=UNKNOWN ENTITY [cardType=INVALID] id=662 zone=SETASIDE zonePos=0 cardId= player=6] tag=ZONE value=REMOVEDFROMGAME 
D 15:46:14.4488167 GameState.DebugPrintPower() -     TAG_CHANGE Entity=[entityName=Cord Puller id=666 zone=SETASIDE zonePos=0 cardId=BG29_611 player=6] tag=1068 value=5 
D 15:46:14.4488167 GameState.DebugPrintPower() -     TAG_CHANGE Entity=[entityName=Cord Puller id=666 zone=SETASIDE zonePos=0 cardId=BG29_611 player=6] tag=1068 value=0 
D 15:46:14.4488167 GameState.DebugPrintPower() -     TAG_CHANGE Entity=[entityName=Cord Puller id=666 zone=SETASIDE zonePos=0 cardId=BG29_611 player=6] tag=ZONE value=REMOVEDFROMGAME 
D 15:46:14.4488167 GameState.DebugPrintPower() -     TAG_CHANGE Entity=[entityName=Cord Puller id=666 zone=SETASIDE zonePos=0 cardId=BG29_611 player=6] tag=HAS_ACTIVATE_POWER value=0 
D 15:46:14.4488167 GameState.DebugPrintPower() -     TAG_CHANGE Entity=[entityName=Cord Puller id=666 zone=SETASIDE zonePos=0 cardId=BG29_611 player=6] tag=COST value=0 
D 15:46:14.4488167 GameState.DebugPrintPower() -     TAG_CHANGE Entity=[entityName=Cord Puller id=666 zone=SETASIDE zonePos=0 cardId=BG29_611 player=6] tag=ATK value=0 
D 15:46:14.4488167 GameState.DebugPrintPower() -     TAG_CHANGE Entity=[entityName=Cord Puller id=666 zone=SETASIDE zonePos=0 cardId=BG29_611 player=6] tag=HEALTH value=0 
D 15:46:14.4488167 GameState.DebugPrintPower() -     TAG_CHANGE Entity=[entityName=Cord Puller id=666 zone=SETASIDE zonePos=0 cardId=BG29_611 player=6] tag=DIVINE_SHIELD value=0 
D 15:46:14.4488167 GameState.DebugPrintPower() -     TAG_CHANGE Entity=[entityName=Cord Puller id=666 zone=SETASIDE zonePos=0 cardId=BG29_611 player=6] tag=DEATHRATTLE value=0 
D 15:46:14.4488167 GameState.DebugPrintPower() -     TAG_CHANGE Entity=[entityName=Cord Puller id=666 zone=SETASIDE zonePos=0 cardId=BG29_611 player=6] tag=BACON_TRIPLE_UPGRADE_MINION_ID value=0 
D 15:46:14.4488167 GameState.DebugPrintPower() -     TAG_CHANGE Entity=[entityName=Cord Puller id=666 zone=SETASIDE zonePos=0 cardId=BG29_611 player=6] tag=TECH_LEVEL value=0 
D 15:46:14.4488167 GameState.DebugPrintPower() -     TAG_CHANGE Entity=[entityName=Cord Puller id=666 zone=SETASIDE zonePos=0 cardId=BG29_611 player=6] tag=IS_BACON_POOL_MINION value=0 
D 15:46:14.4488167 GameState.DebugPrintPower() -     TAG_CHANGE Entity=[entityName=Cord Puller id=666 zone=SETASIDE zonePos=0 cardId=BG29_611 player=6] tag=SUPPRESS_ALL_SUMMON_VO value=0 
D 15:46:14.4488167 GameState.DebugPrintPower() -     TAG_CHANGE Entity=[entityName=Cord Puller id=666 zone=SETASIDE zonePos=0 cardId=BG29_611 player=6] tag=SPAWN_TIME_COUNT value=0 
D 15:46:14.4488167 GameState.DebugPrintPower() -     TAG_CHANGE Entity=[entityName=Cord Puller id=666 zone=SETASIDE zonePos=0 cardId=BG29_611 player=6] tag=COPIED_FROM_ENTITY_ID value=0 
D 15:46:14.4488167 GameState.DebugPrintPower() -     TAG_CHANGE Entity=[entityName=Cord Puller id=666 zone=SETASIDE zonePos=0 cardId=BG29_611 player=6] tag=1595 value=0 
D 15:46:14.4488167 GameState.DebugPrintPower() -     TAG_CHANGE Entity=[entityName=Cord Puller id=666 zone=SETASIDE zonePos=0 cardId=BG29_611 player=6] tag=COST value=1 
D 15:46:14.4488167 GameState.DebugPrintPower() -     TAG_CHANGE Entity=[entityName=Cord Puller id=666 zone=SETASIDE zonePos=0 cardId=BG29_611 player=6] tag=ATK value=1 
D 15:46:14.4488167 GameState.DebugPrintPower() -     TAG_CHANGE Entity=[entityName=Cord Puller id=666 zone=SETASIDE zonePos=0 cardId=BG29_611 player=6] tag=HEALTH value=1 
D 15:46:14.4488167 GameState.DebugPrintPower() -     TAG_CHANGE Entity=[entityName=Cord Puller id=666 zone=SETASIDE zonePos=0 cardId=BG29_611 player=6] tag=DIVINE_SHIELD value=1 
D 15:46:14.4488167 GameState.DebugPrintPower() -     TAG_CHANGE Entity=[entityName=Cord Puller id=666 zone=SETASIDE zonePos=0 cardId=BG29_611 player=6] tag=DEATHRATTLE value=1 
D 15:46:14.4488167 GameState.DebugPrintPower() -     TAG_CHANGE Entity=[entityName=Cord Puller id=666 zone=SETASIDE zonePos=0 cardId=BG29_611 player=6] tag=BACON_TRIPLE_UPGRADE_MINION_ID value=110102 
D 15:46:14.4488167 GameState.DebugPrintPower() -     TAG_CHANGE Entity=[entityName=Cord Puller id=666 zone=SETASIDE zonePos=0 cardId=BG29_611 player=6] tag=TECH_LEVEL value=1 
D 15:46:14.4488167 GameState.DebugPrintPower() -     TAG_CHANGE Entity=[entityName=Cord Puller id=666 zone=SETASIDE zonePos=0 cardId=BG29_611 player=6] tag=IS_BACON_POOL_MINION value=1 
D 15:46:14.4488167 GameState.DebugPrintPower() -     TAG_CHANGE Entity=[entityName=Cord Puller id=666 zone=SETASIDE zonePos=0 cardId=BG29_611 player=6] tag=1595 value=1 
D 15:46:14.4488167 GameState.DebugPrintPower() -     TAG_CHANGE Entity=[entityName=Cord Puller id=666 zone=SETASIDE zonePos=0 cardId=BG29_611 player=6] tag=HAS_ACTIVATE_POWER value=1 
D 15:46:14.4488167 GameState.DebugPrintPower() -     TAG_CHANGE Entity=[entityName=Cord Puller id=667 zone=SETASIDE zonePos=0 cardId=BG29_611 player=6] tag=1068 value=5 
D 15:46:14.4488167 GameState.DebugPrintPower() -     TAG_CHANGE Entity=[entityName=Cord Puller id=667 zone=SETASIDE zonePos=0 cardId=BG29_611 player=6] tag=1068 value=0 
D 15:46:14.4488167 GameState.DebugPrintPower() -     TAG_CHANGE Entity=[entityName=Cord Puller id=667 zone=SETASIDE zonePos=0 cardId=BG29_611 player=6] tag=ZONE value=REMOVEDFROMGAME 
D 15:46:14.4488167 GameState.DebugPrintPower() -     TAG_CHANGE Entity=[entityName=Cord Puller id=667 zone=SETASIDE zonePos=0 cardId=BG29_611 player=6] tag=HAS_ACTIVATE_POWER value=0 
D 15:46:14.4488167 GameState.DebugPrintPower() -     TAG_CHANGE Entity=[entityName=Cord Puller id=667 zone=SETASIDE zonePos=0 cardId=BG29_611 player=6] tag=COST value=0 
D 15:46:14.4488167 GameState.DebugPrintPower() -     TAG_CHANGE Entity=[entityName=Cord Puller id=667 zone=SETASIDE zonePos=0 cardId=BG29_611 player=6] tag=ATK value=0 
D 15:46:14.4488167 GameState.DebugPrintPower() -     TAG_CHANGE Entity=[entityName=Cord Puller id=667 zone=SETASIDE zonePos=0 cardId=BG29_611 player=6] tag=HEALTH value=0 
D 15:46:14.4488167 GameState.DebugPrintPower() -     TAG_CHANGE Entity=[entityName=Cord Puller id=667 zone=SETASIDE zonePos=0 cardId=BG29_611 player=6] tag=DIVINE_SHIELD value=0 
D 15:46:14.4488167 GameState.DebugPrintPower() -     TAG_CHANGE Entity=[entityName=Cord Puller id=667 zone=SETASIDE zonePos=0 cardId=BG29_611 player=6] tag=DEATHRATTLE value=0 
D 15:46:14.4488167 GameState.DebugPrintPower() -     TAG_CHANGE Entity=[entityName=Cord Puller id=667 zone=SETASIDE zonePos=0 cardId=BG29_611 player=6] tag=BACON_TRIPLE_UPGRADE_MINION_ID value=0 
D 15:46:14.4488167 GameState.DebugPrintPower() -     TAG_CHANGE Entity=[entityName=Cord Puller id=667 zone=SETASIDE zonePos=0 cardId=BG29_611 player=6] tag=TECH_LEVEL value=0 
D 15:46:14.4488167 GameState.DebugPrintPower() -     TAG_CHANGE Entity=[entityName=Cord Puller id=667 zone=SETASIDE zonePos=0 cardId=BG29_611 player=6] tag=IS_BACON_POOL_MINION value=0 
D 15:46:14.4488167 GameState.DebugPrintPower() -     TAG_CHANGE Entity=[entityName=Cord Puller id=667 zone=SETASIDE zonePos=0 cardId=BG29_611 player=6] tag=SUPPRESS_ALL_SUMMON_VO value=0 
D 15:46:14.4488167 GameState.DebugPrintPower() -     TAG_CHANGE Entity=[entityName=Cord Puller id=667 zone=SETASIDE zonePos=0 cardId=BG29_611 player=6] tag=SPAWN_TIME_COUNT value=0 
D 15:46:14.4488167 GameState.DebugPrintPower() -     TAG_CHANGE Entity=[entityName=Cord Puller id=667 zone=SETASIDE zonePos=0 cardId=BG29_611 player=6] tag=COPIED_FROM_ENTITY_ID value=0 
D 15:46:14.4488167 GameState.DebugPrintPower() -     TAG_CHANGE Entity=[entityName=Cord Puller id=667 zone=SETASIDE zonePos=0 cardId=BG29_611 player=6] tag=1595 value=0 
D 15:46:14.4488167 GameState.DebugPrintPower() -     TAG_CHANGE Entity=[entityName=Cord Puller id=667 zone=SETASIDE zonePos=0 cardId=BG29_611 player=6] tag=COST value=1 
D 15:46:14.4488167 GameState.DebugPrintPower() -     TAG_CHANGE Entity=[entityName=Cord Puller id=667 zone=SETASIDE zonePos=0 cardId=BG29_611 player=6] tag=ATK value=1 
D 15:46:14.4488167 GameState.DebugPrintPower() -     TAG_CHANGE Entity=[entityName=Cord Puller id=667 zone=SETASIDE zonePos=0 cardId=BG29_611 player=6] tag=HEALTH value=1 
D 15:46:14.4488167 GameState.DebugPrintPower() -     TAG_CHANGE Entity=[entityName=Cord Puller id=667 zone=SETASIDE zonePos=0 cardId=BG29_611 player=6] tag=DIVINE_SHIELD value=1 
D 15:46:14.4488167 GameState.DebugPrintPower() -     TAG_CHANGE Entity=[entityName=Cord Puller id=667 zone=SETASIDE zonePos=0 cardId=BG29_611 player=6] tag=DEATHRATTLE value=1 
D 15:46:14.4488167 GameState.DebugPrintPower() -     TAG_CHANGE Entity=[entityName=Cord Puller id=667 zone=SETASIDE zonePos=0 cardId=BG29_611 player=6] tag=BACON_TRIPLE_UPGRADE_MINION_ID value=110102 
D 15:46:14.4488167 GameState.DebugPrintPower() -     TAG_CHANGE Entity=[entityName=Cord Puller id=667 zone=SETASIDE zonePos=0 cardId=BG29_611 player=6] tag=TECH_LEVEL value=1 
D 15:46:14.4488167 GameState.DebugPrintPower() -     TAG_CHANGE Entity=[entityName=Cord Puller id=667 zone=SETASIDE zonePos=0 cardId=BG29_611 player=6] tag=IS_BACON_POOL_MINION value=1 
D 15:46:14.4488167 GameState.DebugPrintPower() -     TAG_CHANGE Entity=[entityName=Cord Puller id=667 zone=SETASIDE zonePos=0 cardId=BG29_611 player=6] tag=1595 value=1 
D 15:46:14.4488167 GameState.DebugPrintPower() -     TAG_CHANGE Entity=[entityName=Cord Puller id=667 zone=SETASIDE zonePos=0 cardId=BG29_611 player=6] tag=HAS_ACTIVATE_POWER value=1 
D 15:46:14.4488167 GameState.DebugPrintPower() -     TAG_CHANGE Entity=GameEntity tag=BOARD_VISUAL_STATE value=1 
D 15:46:14.4488167 GameState.DebugPrintPower() -     TAG_CHANGE Entity=GameEntity tag=MISSION_EVENT value=1 
D 15:46:14.4488167 GameState.DebugPrintPower() -     TAG_CHANGE Entity=GameEntity tag=1488 value=1 
D 15:46:14.4488167 GameState.DebugPrintPower() -     TAG_CHANGE Entity=[entityName=Annoy-o-Tron id=663 zone=SETASIDE zonePos=0 cardId=BG_GVG_085 player=6] tag=ZONE_POSITION value=0 
D 15:46:14.4488167 GameState.DebugPrintPower() -     SHOW_ENTITY - Updating Entity=[entityName=Annoy-o-Tron id=663 zone=SETASIDE zonePos=0 cardId=BG_GVG_085 player=6] CardID=BG_GVG_085
D 15:46:14.4488167 GameState.DebugPrintPower() -         tag=CONTROLLER value=14
D 15:46:14.4488167 GameState.DebugPrintPower() -         tag=CARDTYPE value=MINION
D 15:46:14.4488167 GameState.DebugPrintPower() -         tag=479 value=1
D 15:46:14.4488167 GameState.DebugPrintPower() -         tag=COST value=0
D 15:46:14.4488167 GameState.DebugPrintPower() -         tag=ATK value=1
D 15:46:14.4488167 GameState.DebugPrintPower() -         tag=HEALTH value=2
D 15:46:14.4488167 GameState.DebugPrintPower() -         tag=TAG_SCRIPT_DATA_NUM_1 value=0
D 15:46:14.4488167 GameState.DebugPrintPower() -         tag=TAG_SCRIPT_DATA_NUM_2 value=0
D 15:46:14.4488167 GameState.DebugPrintPower() -         tag=TAG_SCRIPT_DATA_ENT_1 value=0
D 15:46:14.4488167 GameState.DebugPrintPower() -         tag=TAG_SCRIPT_DATA_ENT_2 value=0
D 15:46:14.4488167 GameState.DebugPrintPower() -         tag=PREMIUM value=0
D 15:46:14.4488167 GameState.DebugPrintPower() -         tag=LAST_AFFECTED_BY value=106
D 15:46:14.4488167 GameState.DebugPrintPower() -         tag=EXHAUSTED value=0
D 15:46:14.4488167 GameState.DebugPrintPower() -         tag=ZONE value=REMOVEDFROMGAME
D 15:46:14.4488167 GameState.DebugPrintPower() -         tag=ENTITY_ID value=663
D 15:46:14.4488167 GameState.DebugPrintPower() -         tag=TAUNT value=1
D 15:46:14.4488167 GameState.DebugPrintPower() -         tag=STEALTH value=0
D 15:46:14.4488167 GameState.DebugPrintPower() -         tag=DIVINE_SHIELD value=1
D 15:46:14.4488167 GameState.DebugPrintPower() -         tag=CARDRACE value=MECHANICAL
D 15:46:14.4488167 GameState.DebugPrintPower() -         tag=RARITY value=COMMON
D 15:46:14.4488167 GameState.DebugPrintPower() -         tag=FROZEN value=0
D 15:46:14.4488167 GameState.DebugPrintPower() -         tag=LINKED_ENTITY value=0
D 15:46:14.4488167 GameState.DebugPrintPower() -         tag=ZONE_POSITION value=0
D 15:46:14.4488167 GameState.DebugPrintPower() -         tag=NUM_TURNS_IN_HAND value=1
D 15:46:14.4488167 GameState.DebugPrintPower() -         tag=CREATOR value=63
D 15:46:14.4488167 GameState.DebugPrintPower() -         tag=CUSTOM_KEYWORD_EFFECT value=0
D 15:46:14.4488167 GameState.DebugPrintPower() -         tag=DEATHRATTLE_RETURN_ZONE value=0
D 15:46:14.4488167 GameState.DebugPrintPower() -         tag=ONE_SIDED_GHOSTLY value=0
D 15:46:14.4488167 GameState.DebugPrintPower() -         tag=LITERALLY_UNPLAYABLE value=1
D 15:46:14.4488167 GameState.DebugPrintPower() -         tag=1037 value=6
D 15:46:14.4488167 GameState.DebugPrintPower() -         tag=1068 value=0
D 15:46:14.4488167 GameState.DebugPrintPower() -         tag=REBORN value=0
D 15:46:14.4488167 GameState.DebugPrintPower() -         tag=CUSTOMTEXT1 value=0
D 15:46:14.4488167 GameState.DebugPrintPower() -         tag=CUSTOMTEXT2 value=0
D 15:46:14.4488167 GameState.DebugPrintPower() -         tag=CUSTOMTEXT3 value=0
D 15:46:14.4488167 GameState.DebugPrintPower() -         tag=CREATOR_DBID value=57980
D 15:46:14.4488167 GameState.DebugPrintPower() -         tag=BACON_TRIPLE_UPGRADE_MINION_ID value=103653
D 15:46:14.4488167 GameState.DebugPrintPower() -         tag=TECH_LEVEL value=1
D 15:46:14.4488167 GameState.DebugPrintPower() -         tag=1449 value=0
D 15:46:14.4488167 GameState.DebugPrintPower() -         tag=IS_BACON_POOL_MINION value=1
D 15:46:14.4488167 GameState.DebugPrintPower() -         tag=SUPPRESS_ALL_SUMMON_VO value=1
D 15:46:14.4488167 GameState.DebugPrintPower() -         tag=SPAWN_TIME_COUNT value=1
D 15:46:14.4488167 GameState.DebugPrintPower() -         tag=COPIED_FROM_ENTITY_ID value=510
D 15:46:14.4488167 GameState.DebugPrintPower() -         tag=1570 value=0
D 15:46:14.4488167 GameState.DebugPrintPower() -         tag=1595 value=1
D 15:46:14.4488167 GameState.DebugPrintPower() -         tag=OPPONENT_SIDE_GHOSTLY value=0
D 15:46:14.4488167 GameState.DebugPrintPower() -         tag=1627 value=0
D 15:46:14.4488167 GameState.DebugPrintPower() -         tag=FRENZY value=0
D 15:46:14.4488167 GameState.DebugPrintPower() -         tag=2471 value=1
D 15:46:14.4488167 GameState.DebugPrintPower() -         tag=2485 value=0
D 15:46:14.4488167 GameState.DebugPrintPower() -         tag=UNPLAYABLE_VISUALS value=1
D 15:46:14.4488167 GameState.DebugPrintPower() -         tag=HAS_ACTIVATE_POWER value=1
D 15:46:14.4488167 GameState.DebugPrintPower() -         tag=TAG_SCRIPT_DATA_NUM_3 value=0
D 15:46:14.4488167 GameState.DebugPrintPower() -         tag=TAG_SCRIPT_DATA_NUM_4 value=0
D 15:46:14.4488167 GameState.DebugPrintPower() -         tag=TAG_SCRIPT_DATA_NUM_5 value=0
D 15:46:14.4488167 GameState.DebugPrintPower() -         tag=TAG_SCRIPT_DATA_NUM_6 value=0
D 15:46:14.4488167 GameState.DebugPrintPower() -         tag=3085 value=2
D 15:46:14.4488167 GameState.DebugPrintPower() -         tag=TITAN_ABILITY_USED_1 value=0
D 15:46:14.4488167 GameState.DebugPrintPower() -         tag=TITAN_ABILITY_USED_2 value=0
D 15:46:14.4488167 GameState.DebugPrintPower() -         tag=TITAN_ABILITY_USED_3 value=0
D 15:46:14.4488167 GameState.DebugPrintPower() -         tag=3179 value=1
D 15:46:14.4488167 GameState.DebugPrintPower() -         tag=3669 value=0
D 15:46:14.4488167 GameState.DebugPrintPower() -     SHOW_ENTITY - Updating Entity=[entityName=Costs 0 id=664 zone=PLAY zonePos=0 cardId=TB_BaconShopBadsongE player=6] CardID=TB_BaconShopBadsongE
D 15:46:14.4488167 GameState.DebugPrintPower() -         tag=CONTROLLER value=6
D 15:46:14.4488167 GameState.DebugPrintPower() -         tag=CARDTYPE value=ENCHANTMENT
D 15:46:14.4488167 GameState.DebugPrintPower() -         tag=ATTACHED value=663
D 15:46:14.4488167 GameState.DebugPrintPower() -         tag=ZONE value=PLAY
D 15:46:14.4488167 GameState.DebugPrintPower() -         tag=ENTITY_ID value=664
D 15:46:14.4488167 GameState.DebugPrintPower() -         tag=CREATOR value=106
D 15:46:14.4488167 GameState.DebugPrintPower() -         tag=ENCHANTMENT_INVISIBLE value=1
D 15:46:14.4488167 GameState.DebugPrintPower() -         tag=1037 value=6
D 15:46:14.4488167 GameState.DebugPrintPower() -         tag=1068 value=0
D 15:46:14.4488167 GameState.DebugPrintPower() -         tag=CREATOR_DBID value=61919
D 15:46:14.4488167 GameState.DebugPrintPower() -         tag=SPAWN_TIME_COUNT value=1
D 15:46:14.4488167 GameState.DebugPrintPower() -         tag=COPIED_FROM_ENTITY_ID value=615
D 15:46:14.4488167 GameState.DebugPrintPower() -     SHOW_ENTITY - Updating Entity=[entityName=Unplayable id=665 zone=PLAY zonePos=0 cardId=TB_BaconShop_HP_068e3 player=6] CardID=TB_BaconShop_HP_068e3
D 15:46:14.4488167 GameState.DebugPrintPower() -         tag=CONTROLLER value=6
D 15:46:14.4488167 GameState.DebugPrintPower() -         tag=CARDTYPE value=ENCHANTMENT
D 15:46:14.4488167 GameState.DebugPrintPower() -         tag=TAG_SCRIPT_DATA_NUM_1 value=2
D 15:46:14.4488167 GameState.DebugPrintPower() -         tag=ATTACHED value=663
D 15:46:14.4488167 GameState.DebugPrintPower() -         tag=ZONE value=PLAY
D 15:46:14.4488167 GameState.DebugPrintPower() -         tag=ENTITY_ID value=665
D 15:46:14.4488167 GameState.DebugPrintPower() -         tag=CREATOR value=106
D 15:46:14.4488167 GameState.DebugPrintPower() -         tag=1037 value=6
D 15:46:14.4488167 GameState.DebugPrintPower() -         tag=1068 value=0
D 15:46:14.4488167 GameState.DebugPrintPower() -         tag=CREATOR_DBID value=61919
D 15:46:14.4488167 GameState.DebugPrintPower() -         tag=SPAWN_TIME_COUNT value=1
D 15:46:14.4488167 GameState.DebugPrintPower() -         tag=COPIED_FROM_ENTITY_ID value=616
D 15:46:14.4488167 GameState.DebugPrintPower() -     TAG_CHANGE Entity=[entityName=Costs 0 id=664 zone=PLAY zonePos=0 cardId=TB_BaconShopBadsongE player=6] tag=1234 value=663 
D 15:46:14.4488167 GameState.DebugPrintPower() -     HIDE_ENTITY - Entity=[entityName=Costs 0 id=664 zone=PLAY zonePos=0 cardId=TB_BaconShopBadsongE player=6] tag=ZONE value=PLAY
D 15:46:14.4488167 GameState.DebugPrintPower() -     TAG_CHANGE Entity=[entityName=Costs 0 id=664 zone=PLAY zonePos=0 cardId=TB_BaconShopBadsongE player=6] tag=ZONE value=REMOVEDFROMGAME 
D 15:46:14.4488167 GameState.DebugPrintPower() -     TAG_CHANGE Entity=[entityName=Unplayable id=665 zone=PLAY zonePos=0 cardId=TB_BaconShop_HP_068e3 player=6] tag=1234 value=663 
D 15:46:14.4488167 GameState.DebugPrintPower() -     HIDE_ENTITY - Entity=[entityName=Unplayable id=665 zone=PLAY zonePos=0 cardId=TB_BaconShop_HP_068e3 player=6] tag=ZONE value=PLAY
D 15:46:14.4488167 GameState.DebugPrintPower() -     TAG_CHANGE Entity=[entityName=Unplayable id=665 zone=PLAY zonePos=0 cardId=TB_BaconShop_HP_068e3 player=6] tag=ZONE value=REMOVEDFROMGAME 
D 15:46:14.4488167 GameState.DebugPrintPower() -     TAG_CHANGE Entity=[entityName=Annoy-o-Tron id=663 zone=SETASIDE zonePos=0 cardId=BG_GVG_085 player=6] tag=HAS_ACTIVATE_POWER value=0 
D 15:46:14.4488167 GameState.DebugPrintPower() -     TAG_CHANGE Entity=[entityName=Annoy-o-Tron id=663 zone=SETASIDE zonePos=0 cardId=BG_GVG_085 player=6] tag=ATK value=0 
D 15:46:14.4488167 GameState.DebugPrintPower() -     TAG_CHANGE Entity=[entityName=Annoy-o-Tron id=663 zone=SETASIDE zonePos=0 cardId=BG_GVG_085 player=6] tag=HEALTH value=0 
D 15:46:14.4488167 GameState.DebugPrintPower() -     TAG_CHANGE Entity=[entityName=Annoy-o-Tron id=663 zone=SETASIDE zonePos=0 cardId=BG_GVG_085 player=6] tag=TAUNT value=0 
D 15:46:14.4488167 GameState.DebugPrintPower() -     TAG_CHANGE Entity=[entityName=Annoy-o-Tron id=663 zone=SETASIDE zonePos=0 cardId=BG_GVG_085 player=6] tag=DIVINE_SHIELD value=0 
D 15:46:14.4488167 GameState.DebugPrintPower() -     TAG_CHANGE Entity=[entityName=Annoy-o-Tron id=663 zone=SETASIDE zonePos=0 cardId=BG_GVG_085 player=6] tag=NUM_TURNS_IN_HAND value=0 
D 15:46:14.4488167 GameState.DebugPrintPower() -     TAG_CHANGE Entity=[entityName=Annoy-o-Tron id=663 zone=SETASIDE zonePos=0 cardId=BG_GVG_085 player=6] tag=BACON_TRIPLE_UPGRADE_MINION_ID value=0 
D 15:46:14.4488167 GameState.DebugPrintPower() -     TAG_CHANGE Entity=[entityName=Annoy-o-Tron id=663 zone=SETASIDE zonePos=0 cardId=BG_GVG_085 player=6] tag=TECH_LEVEL value=0 
D 15:46:14.4488167 GameState.DebugPrintPower() -     TAG_CHANGE Entity=[entityName=Annoy-o-Tron id=663 zone=SETASIDE zonePos=0 cardId=BG_GVG_085 player=6] tag=IS_BACON_POOL_MINION value=0 
D 15:46:14.4488167 GameState.DebugPrintPower() -     TAG_CHANGE Entity=[entityName=Annoy-o-Tron id=663 zone=SETASIDE zonePos=0 cardId=BG_GVG_085 player=6] tag=SUPPRESS_ALL_SUMMON_VO value=0 
D 15:46:14.4488167 GameState.DebugPrintPower() -     TAG_CHANGE Entity=[entityName=Annoy-o-Tron id=663 zone=SETASIDE zonePos=0 cardId=BG_GVG_085 player=6] tag=SPAWN_TIME_COUNT value=0 
D 15:46:14.4488167 GameState.DebugPrintPower() -     TAG_CHANGE Entity=[entityName=Annoy-o-Tron id=663 zone=SETASIDE zonePos=0 cardId=BG_GVG_085 player=6] tag=COPIED_FROM_ENTITY_ID value=0 
D 15:46:14.4488167 GameState.DebugPrintPower() -     TAG_CHANGE Entity=[entityName=Annoy-o-Tron id=663 zone=SETASIDE zonePos=0 cardId=BG_GVG_085 player=6] tag=1595 value=0 
D 15:46:14.4488167 GameState.DebugPrintPower() -     TAG_CHANGE Entity=[entityName=Annoy-o-Tron id=663 zone=SETASIDE zonePos=0 cardId=BG_GVG_085 player=6] tag=ATK value=1 
D 15:46:14.4488167 GameState.DebugPrintPower() -     TAG_CHANGE Entity=[entityName=Annoy-o-Tron id=663 zone=SETASIDE zonePos=0 cardId=BG_GVG_085 player=6] tag=HEALTH value=2 
D 15:46:14.4488167 GameState.DebugPrintPower() -     TAG_CHANGE Entity=[entityName=Annoy-o-Tron id=663 zone=SETASIDE zonePos=0 cardId=BG_GVG_085 player=6] tag=TAUNT value=1 
D 15:46:14.4488167 GameState.DebugPrintPower() -     TAG_CHANGE Entity=[entityName=Annoy-o-Tron id=663 zone=SETASIDE zonePos=0 cardId=BG_GVG_085 player=6] tag=DIVINE_SHIELD value=1 
D 15:46:14.4488167 GameState.DebugPrintPower() -     TAG_CHANGE Entity=[entityName=Annoy-o-Tron id=663 zone=SETASIDE zonePos=0 cardId=BG_GVG_085 player=6] tag=BACON_TRIPLE_UPGRADE_MINION_ID value=103653 
D 15:46:14.4488167 GameState.DebugPrintPower() -     TAG_CHANGE Entity=[entityName=Annoy-o-Tron id=663 zone=SETASIDE zonePos=0 cardId=BG_GVG_085 player=6] tag=TECH_LEVEL value=1 
D 15:46:14.4488167 GameState.DebugPrintPower() -     TAG_CHANGE Entity=[entityName=Annoy-o-Tron id=663 zone=SETASIDE zonePos=0 cardId=BG_GVG_085 player=6] tag=IS_BACON_POOL_MINION value=1 
D 15:46:14.4488167 GameState.DebugPrintPower() -     TAG_CHANGE Entity=[entityName=Annoy-o-Tron id=663 zone=SETASIDE zonePos=0 cardId=BG_GVG_085 player=6] tag=1595 value=1 
D 15:46:14.4488167 GameState.DebugPrintPower() -     TAG_CHANGE Entity=[entityName=Annoy-o-Tron id=663 zone=SETASIDE zonePos=0 cardId=BG_GVG_085 player=6] tag=HAS_ACTIVATE_POWER value=1 
D 15:46:14.4488167 GameState.DebugPrintPower() -     TAG_CHANGE Entity=[entityName=Bartender Bob id=62 zone=PLAY zonePos=0 cardId=TB_BaconShopBob player=14] tag=1068 value=1 
D 15:46:14.4488167 GameState.DebugPrintPower() -     TAG_CHANGE Entity=[entityName=Bartender Bob id=62 zone=PLAY zonePos=0 cardId=TB_BaconShopBob player=14] tag=1068 value=0 
D 15:46:14.4488167 GameState.DebugPrintPower() -     TAG_CHANGE Entity=[entityName=Bartender Bob id=62 zone=PLAY zonePos=0 cardId=TB_BaconShopBob player=14] tag=ZONE value=PLAY 
D 15:46:14.4488167 GameState.DebugPrintPower() -     TAG_CHANGE Entity=[entityName=Bartender Bob id=62 zone=PLAY zonePos=0 cardId=TB_BaconShopBob player=14] tag=NUM_TURNS_IN_PLAY value=0 
D 15:46:14.4488167 GameState.DebugPrintPower() -     TAG_CHANGE Entity=[entityName=Bartender Bob id=62 zone=PLAY zonePos=0 cardId=TB_BaconShopBob player=14] tag=NUM_ATTACKS_THIS_TURN value=1 
D 15:46:14.4488167 GameState.DebugPrintPower() -     TAG_CHANGE Entity=[entityName=Bartender Bob id=62 zone=PLAY zonePos=0 cardId=TB_BaconShopBob player=14] tag=LINKED_ENTITY value=694 
D 15:46:14.4488167 GameState.DebugPrintPower() -     TAG_CHANGE Entity=[entityName=Maiev Shadowsong id=694 zone=PLAY zonePos=0 cardId=TB_BaconShop_HERO_62 player=14] tag=1068 value=6 
D 15:46:14.4488167 GameState.DebugPrintPower() -     TAG_CHANGE Entity=[entityName=Maiev Shadowsong id=694 zone=PLAY zonePos=0 cardId=TB_BaconShop_HERO_62 player=14] tag=1068 value=0 
D 15:46:14.4488167 GameState.DebugPrintPower() -     TAG_CHANGE Entity=[entityName=Maiev Shadowsong id=694 zone=PLAY zonePos=0 cardId=TB_BaconShop_HERO_62 player=14] tag=EXHAUSTED value=0 
D 15:46:14.4488167 GameState.DebugPrintPower() -     TAG_CHANGE Entity=[entityName=Maiev Shadowsong id=694 zone=PLAY zonePos=0 cardId=TB_BaconShop_HERO_62 player=14] tag=SUPPRESS_ALL_SUMMON_VO value=0 
D 15:46:14.4488167 GameState.DebugPrintPower() -     TAG_CHANGE Entity=[entityName=Maiev Shadowsong id=694 zone=PLAY zonePos=0 cardId=TB_BaconShop_HERO_62 player=14] tag=ZONE value=REMOVEDFROMGAME 
D 15:46:14.4488167 GameState.DebugPrintPower() -     TAG_CHANGE Entity=[entityName=Maiev Shadowsong id=694 zone=PLAY zonePos=0 cardId=TB_BaconShop_HERO_62 player=14] tag=HAS_ACTIVATE_POWER value=0 
D 15:46:14.4488167 GameState.DebugPrintPower() -     TAG_CHANGE Entity=[entityName=Maiev Shadowsong id=694 zone=PLAY zonePos=0 cardId=TB_BaconShop_HERO_62 player=14] tag=PLAYER_ID value=0 
D 15:46:14.4488167 GameState.DebugPrintPower() -     TAG_CHANGE Entity=[entityName=Maiev Shadowsong id=694 zone=PLAY zonePos=0 cardId=TB_BaconShop_HERO_62 player=14] tag=HEALTH value=0 
D 15:46:14.4488167 GameState.DebugPrintPower() -     TAG_CHANGE Entity=[entityName=Maiev Shadowsong id=694 zone=PLAY zonePos=0 cardId=TB_BaconShop_HERO_62 player=14] tag=FACTION value=INVALID 
D 15:46:14.4488167 GameState.DebugPrintPower() -     TAG_CHANGE Entity=[entityName=Maiev Shadowsong id=694 zone=PLAY zonePos=0 cardId=TB_BaconShop_HERO_62 player=14] tag=LINKED_ENTITY value=0 
D 15:46:14.4488167 GameState.DebugPrintPower() -     TAG_CHANGE Entity=[entityName=Maiev Shadowsong id=694 zone=PLAY zonePos=0 cardId=TB_BaconShop_HERO_62 player=14] tag=ARMOR value=0 
D 15:46:14.4488167 GameState.DebugPrintPower() -     TAG_CHANGE Entity=[entityName=Maiev Shadowsong id=694 zone=PLAY zonePos=0 cardId=TB_BaconShop_HERO_62 player=14] tag=NUM_ATTACKS_THIS_TURN value=0 
D 15:46:14.4488167 GameState.DebugPrintPower() -     TAG_CHANGE Entity=[entityName=Maiev Shadowsong id=694 zone=PLAY zonePos=0 cardId=TB_BaconShop_HERO_62 player=14] tag=HERO_POWER value=0 
D 15:46:14.4488167 GameState.DebugPrintPower() -     TAG_CHANGE Entity=[entityName=Maiev Shadowsong id=694 zone=PLAY zonePos=0 cardId=TB_BaconShop_HERO_62 player=14] tag=PLAYER_TECH_LEVEL value=0 
D 15:46:14.4488167 GameState.DebugPrintPower() -     TAG_CHANGE Entity=[entityName=Maiev Shadowsong id=694 zone=PLAY zonePos=0 cardId=TB_BaconShop_HERO_62 player=14] tag=BACON_HERO_CAN_BE_DRAFTED value=0 
D 15:46:14.4488167 GameState.DebugPrintPower() -     TAG_CHANGE Entity=[entityName=Maiev Shadowsong id=694 zone=PLAY zonePos=0 cardId=TB_BaconShop_HERO_62 player=14] tag=TRANSIENT_ENTITY value=0 
D 15:46:14.4488167 GameState.DebugPrintPower() -     TAG_CHANGE Entity=[entityName=Maiev Shadowsong id=694 zone=PLAY zonePos=0 cardId=TB_BaconShop_HERO_62 player=14] tag=BACON_MAX_PLAYER_TECH_LEVEL value=0 
D 15:46:14.4488167 GameState.DebugPrintPower() -     TAG_CHANGE Entity=[entityName=Maiev Shadowsong id=694 zone=PLAY zonePos=0 cardId=TB_BaconShop_HERO_62 player=14] tag=SPAWN_TIME_COUNT value=0 
D 15:46:14.4488167 GameState.DebugPrintPower() -     TAG_CHANGE Entity=[entityName=Maiev Shadowsong id=694 zone=PLAY zonePos=0 cardId=TB_BaconShop_HERO_62 player=14] tag=COPIED_FROM_ENTITY_ID value=0 
D 15:46:14.4488167 GameState.DebugPrintPower() -     TAG_CHANGE Entity=[entityName=Maiev Shadowsong id=694 zone=PLAY zonePos=0 cardId=TB_BaconShop_HERO_62 player=14] tag=1715 value=0 
D 15:46:14.4488167 GameState.DebugPrintPower() -     TAG_CHANGE Entity=[entityName=Maiev Shadowsong id=694 zone=PLAY zonePos=0 cardId=TB_BaconShop_HERO_62 player=14] tag=BACON_COMPANION_ID value=0 
D 15:46:14.4488167 GameState.DebugPrintPower() -     TAG_CHANGE Entity=[entityName=Maiev Shadowsong id=694 zone=PLAY zonePos=0 cardId=TB_BaconShop_HERO_62 player=14] tag=2210 value=0 
D 15:46:14.4488167 GameState.DebugPrintPower() -     TAG_CHANGE Entity=[entityName=Maiev Shadowsong id=694 zone=PLAY zonePos=0 cardId=TB_BaconShop_HERO_62 player=14] tag=2263 value=0 
D 15:46:14.4488167 GameState.DebugPrintPower() -     TAG_CHANGE Entity=[entityName=Maiev Shadowsong id=694 zone=PLAY zonePos=0 cardId=TB_BaconShop_HERO_62 player=14] tag=BATTLEGROUNDS_FAVORITE_FINISHER value=0 
D 15:46:14.4488167 GameState.DebugPrintPower() -     TAG_CHANGE Entity=[entityName=Maiev Shadowsong id=694 zone=PLAY zonePos=0 cardId=TB_BaconShop_HERO_62 player=14] tag=2954 value=0 
D 15:46:14.4488167 GameState.DebugPrintPower() -     TAG_CHANGE Entity=[entityName=Maiev Shadowsong id=694 zone=PLAY zonePos=0 cardId=TB_BaconShop_HERO_62 player=14] tag=BACON_COMBAT_PHASE_HERO value=0 
D 15:46:14.4488167 GameState.DebugPrintPower() -     TAG_CHANGE Entity=[entityName=Maiev Shadowsong id=694 zone=PLAY zonePos=0 cardId=TB_BaconShop_HERO_62 player=14] tag=3206 value=0 
D 15:46:14.4488167 GameState.DebugPrintPower() -     TAG_CHANGE Entity=[entityName=Maiev Shadowsong id=694 zone=PLAY zonePos=0 cardId=TB_BaconShop_HERO_62 player=14] tag=HEALTH value=30 
D 15:46:14.4488167 GameState.DebugPrintPower() -     TAG_CHANGE Entity=[entityName=Maiev Shadowsong id=694 zone=PLAY zonePos=0 cardId=TB_BaconShop_HERO_62 player=14] tag=FACTION value=NEUTRAL 
D 15:46:14.4488167 GameState.DebugPrintPower() -     TAG_CHANGE Entity=[entityName=Maiev Shadowsong id=694 zone=PLAY zonePos=0 cardId=TB_BaconShop_HERO_62 player=14] tag=ARMOR value=10 
D 15:46:14.4488167 GameState.DebugPrintPower() -     TAG_CHANGE Entity=[entityName=Maiev Shadowsong id=694 zone=PLAY zonePos=0 cardId=TB_BaconShop_HERO_62 player=14] tag=HERO_POWER value=61919 
D 15:46:14.4488167 GameState.DebugPrintPower() -     TAG_CHANGE Entity=[entityName=Maiev Shadowsong id=694 zone=PLAY zonePos=0 cardId=TB_BaconShop_HERO_62 player=14] tag=BACON_HERO_CAN_BE_DRAFTED value=1 
D 15:46:14.4488167 GameState.DebugPrintPower() -     TAG_CHANGE Entity=[entityName=Maiev Shadowsong id=694 zone=PLAY zonePos=0 cardId=TB_BaconShop_HERO_62 player=14] tag=BACON_COMPANION_ID value=77800 
D 15:46:14.4488167 GameState.DebugPrintPower() -     TAG_CHANGE Entity=[entityName=Maiev Shadowsong id=694 zone=PLAY zonePos=0 cardId=TB_BaconShop_HERO_62 player=14] tag=2954 value=15 
D 15:46:14.4488167 GameState.DebugPrintPower() -     TAG_CHANGE Entity=[entityName=Maiev Shadowsong id=694 zone=PLAY zonePos=0 cardId=TB_BaconShop_HERO_62 player=14] tag=3206 value=7 
D 15:46:14.4488167 GameState.DebugPrintPower() -     TAG_CHANGE Entity=[entityName=Maiev Shadowsong id=694 zone=PLAY zonePos=0 cardId=TB_BaconShop_HERO_62 player=14] tag=HAS_ACTIVATE_POWER value=1 
D 15:46:14.4488167 GameState.DebugPrintPower() -     TAG_CHANGE Entity=[entityName=Maiev Shadowsong id=694 zone=PLAY zonePos=0 cardId=TB_BaconShop_HERO_62 player=14] tag=REVEALED value=1 
D 15:46:14.4488167 GameState.DebugPrintPower() -     TAG_CHANGE Entity=Usutra tag=HERO_ENTITY value=62 
D 15:46:14.4488167 GameState.DebugPrintPower() -     TAG_CHANGE Entity=[entityName=Imprison id=659 zone=SETASIDE zonePos=0 cardId=TB_BaconShop_HP_068 player=6] tag=1068 value=6 
D 15:46:14.4488167 GameState.DebugPrintPower() -     TAG_CHANGE Entity=[entityName=Imprison id=659 zone=SETASIDE zonePos=0 cardId=TB_BaconShop_HP_068 player=6] tag=1068 value=0 
D 15:46:14.4488167 GameState.DebugPrintPower() -     TAG_CHANGE Entity=[entityName=Imprison id=659 zone=SETASIDE zonePos=0 cardId=TB_BaconShop_HP_068 player=6] tag=SUPPRESS_ALL_SUMMON_VO value=0 
D 15:46:14.4488167 GameState.DebugPrintPower() -     TAG_CHANGE Entity=[entityName=Imprison id=659 zone=SETASIDE zonePos=0 cardId=TB_BaconShop_HP_068 player=6] tag=ZONE value=REMOVEDFROMGAME 
D 15:46:14.4488167 GameState.DebugPrintPower() -     TAG_CHANGE Entity=[entityName=Imprison id=659 zone=SETASIDE zonePos=0 cardId=TB_BaconShop_HP_068 player=6] tag=HAS_ACTIVATE_POWER value=0 
D 15:46:14.4488167 GameState.DebugPrintPower() -     TAG_CHANGE Entity=[entityName=Imprison id=659 zone=SETASIDE zonePos=0 cardId=TB_BaconShop_HP_068 player=6] tag=COST value=0 
D 15:46:14.4488167 GameState.DebugPrintPower() -     TAG_CHANGE Entity=[entityName=Imprison id=659 zone=SETASIDE zonePos=0 cardId=TB_BaconShop_HP_068 player=6] tag=LINKED_ENTITY value=0 
D 15:46:14.4488167 GameState.DebugPrintPower() -     TAG_CHANGE Entity=[entityName=Imprison id=659 zone=SETASIDE zonePos=0 cardId=TB_BaconShop_HP_068 player=6] tag=TRANSIENT_ENTITY value=0 
D 15:46:14.4488167 GameState.DebugPrintPower() -     TAG_CHANGE Entity=[entityName=Imprison id=659 zone=SETASIDE zonePos=0 cardId=TB_BaconShop_HP_068 player=6] tag=SPAWN_TIME_COUNT value=0 
D 15:46:14.4488167 GameState.DebugPrintPower() -     TAG_CHANGE Entity=[entityName=Imprison id=659 zone=SETASIDE zonePos=0 cardId=TB_BaconShop_HP_068 player=6] tag=BACON_HEROPOWER_BASE_HERO_ID value=0 
D 15:46:14.4488167 GameState.DebugPrintPower() -     TAG_CHANGE Entity=[entityName=Imprison id=659 zone=SETASIDE zonePos=0 cardId=TB_BaconShop_HP_068 player=6] tag=COST value=1 
D 15:46:14.4488167 GameState.DebugPrintPower() -     TAG_CHANGE Entity=[entityName=Imprison id=659 zone=SETASIDE zonePos=0 cardId=TB_BaconShop_HP_068 player=6] tag=BACON_HEROPOWER_BASE_HERO_ID value=61914 
D 15:46:14.4488167 GameState.DebugPrintPower() -     TAG_CHANGE Entity=[entityName=Imprison id=659 zone=SETASIDE zonePos=0 cardId=TB_BaconShop_HP_068 player=6] tag=HAS_ACTIVATE_POWER value=1 
D 15:46:14.4488167 GameState.DebugPrintPower() -     TAG_CHANGE Entity=Usutra tag=3143 value=10 
D 15:46:14.4488167 GameState.DebugPrintPower() -     FULL_ENTITY - Creating ID=750 CardID=TB_BaconShop_8p_Reroll_Button
D 15:46:14.4488167 GameState.DebugPrintPower() -         tag=CONTROLLER value=6
D 15:46:14.4488167 GameState.DebugPrintPower() -         tag=CARDTYPE value=GAME_MODE_BUTTON
D 15:46:14.4488167 GameState.DebugPrintPower() -         tag=TAG_LAST_KNOWN_COST_IN_HAND value=1
D 15:46:14.4488167 GameState.DebugPrintPower() -         tag=COST value=1
D 15:46:14.4488167 GameState.DebugPrintPower() -         tag=ZONE value=PLAY
D 15:46:14.4488167 GameState.DebugPrintPower() -         tag=ENTITY_ID value=750
D 15:46:14.4488167 GameState.DebugPrintPower() -         tag=CREATOR value=63
D 15:46:14.4488167 GameState.DebugPrintPower() -         tag=1037 value=6
D 15:46:14.4488167 GameState.DebugPrintPower() -         tag=CREATOR_DBID value=57980
D 15:46:14.4488167 GameState.DebugPrintPower() -         tag=BACON_ACTION_CARD value=1
D 15:46:14.4488167 GameState.DebugPrintPower() -         tag=GAME_MODE_BUTTON_SLOT value=2
D 15:46:14.4488167 GameState.DebugPrintPower() -         tag=SUPPRESS_ALL_SUMMON_VO value=1
D 15:46:14.4488167 GameState.DebugPrintPower() -         tag=SPAWN_TIME_COUNT value=1
D 15:46:14.4488167 GameState.DebugPrintPower() -         tag=HAS_ACTIVATE_POWER value=1
D 15:46:14.4488167 GameState.DebugPrintPower() -     FULL_ENTITY - Creating ID=751 CardID=TB_BaconShopLockAll_Button
D 15:46:14.4488167 GameState.DebugPrintPower() -         tag=CONTROLLER value=6
D 15:46:14.4488167 GameState.DebugPrintPower() -         tag=CARDTYPE value=GAME_MODE_BUTTON
D 15:46:14.4488167 GameState.DebugPrintPower() -         tag=TAG_SCRIPT_DATA_NUM_2 value=10
D 15:46:14.4488167 GameState.DebugPrintPower() -         tag=ZONE value=PLAY
D 15:46:14.4488167 GameState.DebugPrintPower() -         tag=ENTITY_ID value=751
D 15:46:14.4488167 GameState.DebugPrintPower() -         tag=FACTION value=ALLIANCE
D 15:46:14.4488167 GameState.DebugPrintPower() -         tag=CREATOR value=63
D 15:46:14.4488167 GameState.DebugPrintPower() -         tag=1037 value=6
D 15:46:14.4488167 GameState.DebugPrintPower() -         tag=1270 value=1
D 15:46:14.4488167 GameState.DebugPrintPower() -         tag=CREATOR_DBID value=57980
D 15:46:14.4488167 GameState.DebugPrintPower() -         tag=BACON_ACTION_CARD value=1
D 15:46:14.4488167 GameState.DebugPrintPower() -         tag=GAME_MODE_BUTTON_SLOT value=1
D 15:46:14.4488167 GameState.DebugPrintPower() -         tag=SUPPRESS_ALL_SUMMON_VO value=1
D 15:46:14.4488167 GameState.DebugPrintPower() -         tag=SPAWN_TIME_COUNT value=1
D 15:46:14.4488167 GameState.DebugPrintPower() -         tag=HAS_ACTIVATE_POWER value=1
D 15:46:14.4488167 GameState.DebugPrintPower() -     FULL_ENTITY - Creating ID=752 CardID=TB_BaconShop_DragSell
D 15:46:14.4488167 GameState.DebugPrintPower() -         tag=CONTROLLER value=6
D 15:46:14.4488167 GameState.DebugPrintPower() -         tag=CARDTYPE value=MOVE_MINION_HOVER_TARGET
D 15:46:14.4488167 GameState.DebugPrintPower() -         tag=ZONE value=PLAY
D 15:46:14.4488167 GameState.DebugPrintPower() -         tag=ENTITY_ID value=752
D 15:46:14.4488167 GameState.DebugPrintPower() -         tag=CREATOR value=63
D 15:46:14.4488167 GameState.DebugPrintPower() -         tag=1037 value=6
D 15:46:14.4488167 GameState.DebugPrintPower() -         tag=CREATOR_DBID value=57980
D 15:46:14.4488167 GameState.DebugPrintPower() -         tag=BACON_ACTION_CARD value=1
D 15:46:14.4488167 GameState.DebugPrintPower() -         tag=SUPPRESS_ALL_SUMMON_VO value=1
D 15:46:14.4488167 GameState.DebugPrintPower() -         tag=MOVE_MINION_HOVER_TARGET_SLOT value=2
D 15:46:14.4488167 GameState.DebugPrintPower() -         tag=SPAWN_TIME_COUNT value=1
D 15:46:14.4488167 GameState.DebugPrintPower() -         tag=HAS_ACTIVATE_POWER value=1
D 15:46:14.4488167 GameState.DebugPrintPower() -     FULL_ENTITY - Creating ID=753 CardID=TB_BaconShopTechUp03_Button
D 15:46:14.4488167 GameState.DebugPrintPower() -         tag=CONTROLLER value=6
D 15:46:14.4488167 GameState.DebugPrintPower() -         tag=CARDTYPE value=GAME_MODE_BUTTON
D 15:46:14.4488167 GameState.DebugPrintPower() -         tag=TAG_LAST_KNOWN_COST_IN_HAND value=7
D 15:46:14.4488167 GameState.DebugPrintPower() -         tag=COST value=7
D 15:46:14.4488167 GameState.DebugPrintPower() -         tag=ZONE value=PLAY
D 15:46:14.4488167 GameState.DebugPrintPower() -         tag=ENTITY_ID value=753
D 15:46:14.4488167 GameState.DebugPrintPower() -         tag=CREATOR value=63
D 15:46:14.4488167 GameState.DebugPrintPower() -         tag=1037 value=6
D 15:46:14.4488167 GameState.DebugPrintPower() -         tag=CREATOR_DBID value=57980
D 15:46:14.4488167 GameState.DebugPrintPower() -         tag=BACON_ACTION_CARD value=1
D 15:46:14.4488167 GameState.DebugPrintPower() -         tag=GAME_MODE_BUTTON_SLOT value=3
D 15:46:14.4488167 GameState.DebugPrintPower() -         tag=TECH_LEVEL value=3
D 15:46:14.4488167 GameState.DebugPrintPower() -         tag=SUPPRESS_ALL_SUMMON_VO value=1
D 15:46:14.4488167 GameState.DebugPrintPower() -         tag=SPAWN_TIME_COUNT value=1
D 15:46:14.4488167 GameState.DebugPrintPower() -         tag=HAS_ACTIVATE_POWER value=1
D 15:46:14.4488167 GameState.DebugPrintPower() -     META_DATA - Meta=ARTIFICIAL_PAUSE Data=1500 InfoCount=1
D 15:46:14.4488167 GameState.DebugPrintPower() -                 Info[0] = [entityName=BaconShop8PlayerEnchant id=63 zone=PLAY zonePos=0 cardId=TB_BaconShop_8P_PlayerE player=6]
D 15:46:14.4488167 GameState.DebugPrintPower() -     TAG_CHANGE Entity=GameEntity tag=2374 value=1 
D 15:46:14.4488167 GameState.DebugPrintPower() -     TAG_CHANGE Entity=[entityName=Annoy-o-Tron id=668 zone=SETASIDE zonePos=0 cardId=BG_GVG_085 player=6] tag=NUM_TURNS_IN_PLAY value=3 
D 15:46:14.4488167 GameState.DebugPrintPower() -     TAG_CHANGE Entity=[entityName=Annoy-o-Tron id=668 zone=SETASIDE zonePos=0 cardId=BG_GVG_085 player=6] tag=EXHAUSTED value=0 
D 15:46:14.4488167 GameState.DebugPrintPower() -     TAG_CHANGE Entity=[entityName=Annoy-o-Tron id=668 zone=SETASIDE zonePos=0 cardId=BG_GVG_085 player=6] tag=CANT_ATTACK value=1 
D 15:46:14.4488167 GameState.DebugPrintPower() -     TAG_CHANGE Entity=[entityName=Annoy-o-Tron id=668 zone=SETASIDE zonePos=0 cardId=BG_GVG_085 player=6] tag=SUPPRESS_ALL_SUMMON_VO value=0 
D 15:46:14.4488167 GameState.DebugPrintPower() -     TAG_CHANGE Entity=GameEntity tag=1453 value=0 
D 15:46:14.4488167 GameState.DebugPrintPower() -     TAG_CHANGE Entity=GameEntity tag=STEP value=MAIN_END 
D 15:46:14.4488167 GameState.DebugPrintPower() - BLOCK_END